<html>
<body>
<pre>
<h1>µVision Build Log</h1>
<h2>Tool Versions:</h2>
IDE-Version: ¦ÌVision V5.27.1.0
Copyright (C) 2019 ARM Ltd and ARM Germany GmbH. All rights reserved.
License Information: zm HDYL-YF, zm, LIC=47GU5-GHHLT-TGJ7T-RAVT3-5FI8L-KGICC
 
Tool Versions:
Toolchain:       MDK-ARM Plus  Version: 5.26.2.0
Toolchain Path:  C:\Keil_v5\ARM\ARMCC\Bin
C Compiler:      Armcc.exe V5.06 update 6 (build 750)
Assembler:       Armasm.exe V5.06 update 6 (build 750)
Linker/Locator:  ArmLink.exe V5.06 update 6 (build 750)
Library Manager: ArmAr.exe V5.06 update 6 (build 750)
Hex Converter:   FromElf.exe V5.06 update 6 (build 750)
CPU DLL:         SARMCM3.DLL V5.26.2.0
Dialog DLL:      DCM.DLL V1.17.2.0
Target DLL:      Segger\JL2CM3.dll V2.99.31.0
Dialog DLL:      TCM.DLL V1.36.1.0
 
<h2>Project:</h2>
C:\Users\HDYL-YF\Desktop\work\hdyl\code\ele module\ele module_gd32\Projects\Keil5_project\Project.uvprojx
Project File Date:  11/26/2021

<h2>Output:</h2>
*** Using Compiler 'V5.06 update 6 (build 750)', folder: 'C:\Keil_v5\ARM\ARMCC\Bin'
Build target 'GD32F10X_CL'
compiling modbus.c...
..\..\src\modbus.c(54): warning:  #223-D: function "delay_ms" declared implicitly
      delay_ms(20);
..\..\src\modbus.c(72): warning:  #223-D: function "memcpy" declared implicitly
          memcpy(&modbus_usr.RS485_TX_BUFF[index],p->modbus_txdata,2);
..\..\src\modbus.c(83): warning:  #223-D: function "memcpy" declared implicitly
          memcpy(&modbus_usr.RS485_TX_BUFF[index],p->modbus_txdata,2);
..\..\src\modbus.c(119): warning:  #223-D: function "memcpy" declared implicitly
  			 memcpy(modbus_usr.RS485_RX_BUFF,modbus_usr.RS485_RX_BUFF_tmp,8);
..\..\src\modbus.c: 4 warnings, 0 errors
linking...
Program Size: Code=12756 RO-data=880 RW-data=108 ZI-data=8596  
FromELF: creating hex file...
".\output\Project.axf" - 0 Error(s), 4 Warning(s).

<h2>Software Packages used:</h2>

Package Vendor: GigaDevice
                http://www.keil.com/pack/GigaDevice.GD32F10x_DFP.2.0.1.pack
                GigaDevice.GD32F10x_DFP.2.0.1
                GigaDevice GD32F10x Series Device Support and Examples

<h2>Collection of Component include folders:</h2>
  .\RTE\_GD32F10X_CL
  C:\Keil_v5\ARM\PACK\GigaDevice\GD32F10x_DFP\2.0.1\Device\Include

<h2>Collection of Component Files used:</h2>
Build Time Elapsed:  00:00:01
</pre>
</body>
</html>
