<html>
<body>
<pre>
<h1>µVision Build Log</h1>
<h2>Tool Versions:</h2>
IDE-Version: ¦ÌVision V5.27.1.0
Copyright (C) 2019 ARM Ltd and ARM Germany GmbH. All rights reserved.
License Information: zm HDYL-YF, zm, LIC=47GU5-GHHLT-TGJ7T-RAVT3-5FI8L-KGICC
 
Tool Versions:
Toolchain:       MDK-ARM Plus  Version: 5.26.2.0
Toolchain Path:  C:\Keil_v5\ARM\ARMCC\Bin
C Compiler:      Armcc.exe V5.06 update 6 (build 750)
Assembler:       Armasm.exe V5.06 update 6 (build 750)
Linker/Locator:  ArmLink.exe V5.06 update 6 (build 750)
Library Manager: ArmAr.exe V5.06 update 6 (build 750)
Hex Converter:   FromElf.exe V5.06 update 6 (build 750)
CPU DLL:         SARMCM3.DLL V5.26.2.0
Dialog DLL:      DCM.DLL V1.17.2.0
Target DLL:      Segger\JL2CM3.dll V2.99.31.0
Dialog DLL:      TCM.DLL V1.36.1.0
 
<h2>Project:</h2>
D:\work\git\Hardware\hdyl\code\ele module\ele module_gd32\Projects\Keil5_project\Project.uvprojx
Project File Date:  12/02/2021

<h2>Output:</h2>
*** Using Compiler 'V5.06 update 6 (build 750)', folder: 'C:\Keil_v5\ARM\ARMCC\Bin'
Build target 'GD32F10X_CL'
compiling main.c...
..\..\inc\sensor.h(42): warning:  #47-D: incompatible redefinition of macro "WASH_TIME"  (declared at line 11)
  #define WASH_TIME   18000
..\main.c(64): warning:  #1295-D: Deprecated declaration wwdg_inint - give arg types
  void wwdg_inint();
..\main.c(767): warning:  #177-D: function "MX_GPIO_Init"  was declared but never referenced
  static void MX_GPIO_Init(void)
..\main.c(745): warning:  #177-D: function "MX_DMA_Init"  was declared but never referenced
  static void MX_DMA_Init(void)
..\main.c(557): warning:  #177-D: function "MX_ADC1_Init"  was declared but never referenced
  static void MX_ADC1_Init(void)
..\main.c(632): warning:  #177-D: function "MX_TIM3_Init"  was declared but never referenced
  static void MX_TIM3_Init(void)
..\main.c(681): warning:  #177-D: function "MX_USART1_UART_Init"  was declared but never referenced
  static void MX_USART1_UART_Init(void)
..\main.c(714): warning:  #177-D: function "MX_USART2_UART_Init"  was declared but never referenced
  static void MX_USART2_UART_Init(void)
..\main.c(604): warning:  #177-D: function "MX_IWDG_Init"  was declared but never referenced
  static void MX_IWDG_Init(void)
..\main.c: 9 warnings, 0 errors
compiling gd32f10x_it.c...
compiling gd32f10x_bkp.c...
compiling gd32f10x_crc.c...
compiling system_gd32f10x.c...
compiling gd32f10x_adc.c...
compiling gd32f10x_can.c...
compiling gd32f10x_dac.c...
compiling gd32f10x_dbg.c...
compiling gd32f10x_enet.c...
compiling gd32f10x_dma.c...
compiling gd32f10x_exti.c...
compiling gd32f10x_exmc.c...
compiling gd32f10x_fmc.c...
compiling gd32f10x_fwdgt.c...
compiling gd32f10x_gpio.c...
compiling gd32f10x_i2c.c...
compiling gd32f10x_misc.c...
compiling gd32f10x_pmu.c...
compiling gd32f10x_rtc.c...
compiling gd32f10x_rcu.c...
assembling startup_gd32f10x_cl.s...
compiling gd32f10x_sdio.c...
compiling gd32f10x_spi.c...
compiling gd32f10x_wwdgt.c...
compiling gd32f10x_usart.c...
compiling gd32f10x_eval.c...
compiling gd32f10x_timer.c...
compiling crc.c...
compiling sys.c...
..\..\src\sys.c(16): warning:  #550-D: variable "tmp"  was set but never used
      unsigned char tmp;
..\..\src\sys.c: 1 warning, 0 errors
compiling sensor.c...
..\..\inc\sensor.h(42): warning:  #47-D: incompatible redefinition of macro "WASH_TIME"  (declared at line 11)
  #define WASH_TIME   18000
..\..\src\sensor.c(143): warning:  #223-D: function "memcpy" declared implicitly
          memcpy(GetModbusPack()->modbus_txdata,buf,datcount);
..\..\src\sensor.c(424): warning:  #550-D: variable "timeout_tick"  was set but never used
      static uint32_t timeout_tick;
..\..\src\sensor.c(506): warning:  #1-D: last line of file ends without a newline
  }
..\..\src\sensor.c: 4 warnings, 0 errors
compiling bsp_cpu_flash.c...
..\..\src\bsp_cpu_flash.c(146): warning:  #177-D: variable "ucRet"  was declared but never referenced
  	uint8_t ucRet;
..\..\src\bsp_cpu_flash.c(147): warning:  #177-D: variable "usTemp"  was declared but never referenced
  	uint16_t usTemp;
..\..\src\bsp_cpu_flash.c: 2 warnings, 0 errors
compiling pid.c...
compiling modbus.c...
..\..\src\modbus.c(54): warning:  #223-D: function "delay_ms" declared implicitly
      delay_ms(20);
..\..\src\modbus.c(72): warning:  #223-D: function "memcpy" declared implicitly
          memcpy(&modbus_usr.RS485_TX_BUFF[index],p->modbus_txdata,2);
..\..\src\modbus.c(83): warning:  #223-D: function "memcpy" declared implicitly
          memcpy(&modbus_usr.RS485_TX_BUFF[index],p->modbus_txdata,2);
..\..\src\modbus.c(119): warning:  #223-D: function "memcpy" declared implicitly
  			 memcpy(modbus_usr.RS485_RX_BUFF,modbus_usr.RS485_RX_BUFF_tmp,8);
..\..\src\modbus.c: 4 warnings, 0 errors
compiling flash_operation.c...
linking...
Program Size: Code=12756 RO-data=880 RW-data=108 ZI-data=8596  
FromELF: creating hex file...
".\output\Project.axf" - 0 Error(s), 20 Warning(s).

<h2>Software Packages used:</h2>

Package Vendor: GigaDevice
                http://www.keil.com/pack/GigaDevice.GD32F10x_DFP.2.0.1.pack
                GigaDevice.GD32F10x_DFP.2.0.1
                GigaDevice GD32F10x Series Device Support and Examples

<h2>Collection of Component include folders:</h2>
  .\RTE\_GD32F10X_CL
  C:\Keil_v5\ARM\PACK\GigaDevice\GD32F10x_DFP\2.0.1\Device\Include

<h2>Collection of Component Files used:</h2>
Build Time Elapsed:  00:00:03
</pre>
</body>
</html>
