Component: ARM Compiler 5.06 update 6 (build 750) Tool: armlink [4d35ed]

==============================================================================

Section Cross References

    gd32f4xx_it.o(i.DMA1_Channel2_IRQHandler) refers to gd32f4xx_dma.o(i.dma_interrupt_flag_clear) for dma_interrupt_flag_clear
    gd32f4xx_it.o(i.DMA1_Channel2_IRQHandler) refers to gd32f4xx_dma.o(i.dma_interrupt_flag_get) for dma_interrupt_flag_get
    gd32f4xx_it.o(i.DMA1_Channel7_IRQHandler) refers to gd32f4xx_dma.o(i.dma_interrupt_flag_get) for dma_interrupt_flag_get
    gd32f4xx_it.o(i.DMA1_Channel7_IRQHandler) refers to gd32f4xx_dma.o(i.dma_interrupt_flag_clear) for dma_interrupt_flag_clear
    gd32f4xx_it.o(i.EXTI10_15_IRQHandler) refers to gd32f4xx_exti.o(i.exti_interrupt_flag_get) for exti_interrupt_flag_get
    gd32f4xx_it.o(i.EXTI10_15_IRQHandler) refers to gd32f4xx_exti.o(i.exti_interrupt_flag_clear) for exti_interrupt_flag_clear
    gd32f4xx_it.o(i.EXTI10_15_IRQHandler) refers to app_lcd.o(i.getuiCallback) for getuiCallback
    gd32f4xx_it.o(i.SysTick_Handler) refers to sys.o(i.TickPro) for TickPro
    gd32f4xx_it.o(i.SysTick_Handler) refers to gd32f4xx_it.o(.data) for sys_tick
    gd32f4xx_it.o(i.TIMER2_IRQHandler) refers to timer.o(i.HAL_TIM_IC_CaptureCallback) for HAL_TIM_IC_CaptureCallback
    gd32f4xx_it.o(i.TIMER2_IRQHandler) refers to gd32f4xx_it.o(.data) for count
    gd32f4xx_it.o(i.USART5_IRQHandler) refers to gd32f4xx_usart.o(i.usart_interrupt_flag_get) for usart_interrupt_flag_get
    gd32f4xx_it.o(i.USART5_IRQHandler) refers to gd32f4xx_usart.o(i.usart_interrupt_flag_clear) for usart_interrupt_flag_clear
    gd32f4xx_it.o(i.USART5_IRQHandler) refers to gd32f4xx_usart.o(i.usart_data_receive) for usart_data_receive
    gd32f4xx_it.o(i.USART5_IRQHandler) refers to modbus.o(i.RS485_RxCpltCallback) for RS485_RxCpltCallback
    main.o(i.MX_GPIO_Init) refers to gd32f4xx_rcu.o(i.rcu_periph_clock_enable) for rcu_periph_clock_enable
    main.o(i.MX_GPIO_Init) refers to gd32f4xx_gpio.o(i.gpio_bit_reset) for gpio_bit_reset
    main.o(i.MX_GPIO_Init) refers to gd32f4xx_gpio.o(i.gpio_bit_write) for gpio_bit_write
    main.o(i.MX_GPIO_Init) refers to gd32f4xx_gpio.o(i.gpio_mode_set) for gpio_mode_set
    main.o(i.MX_GPIO_Init) refers to gd32f4xx_gpio.o(i.gpio_output_options_set) for gpio_output_options_set
    main.o(i.MX_GPIO_Init) refers to gd32f4xx_misc.o(i.nvic_irq_enable) for nvic_irq_enable
    main.o(i.MX_GPIO_Init) refers to gd32f4xx_syscfg.o(i.syscfg_exti_line_config) for syscfg_exti_line_config
    main.o(i.MX_GPIO_Init) refers to gd32f4xx_exti.o(i.exti_init) for exti_init
    main.o(i.MX_GPIO_Init) refers to gd32f4xx_exti.o(i.exti_interrupt_flag_clear) for exti_interrupt_flag_clear
    main.o(i.MX_TIM1_Init) refers to gd32f4xx_rcu.o(i.rcu_periph_clock_enable) for rcu_periph_clock_enable
    main.o(i.MX_TIM1_Init) refers to gd32f4xx_rcu.o(i.rcu_timer_clock_prescaler_config) for rcu_timer_clock_prescaler_config
    main.o(i.MX_TIM1_Init) refers to gd32f4xx_timer.o(i.timer_deinit) for timer_deinit
    main.o(i.MX_TIM1_Init) refers to gd32f4xx_timer.o(i.timer_init) for timer_init
    main.o(i.MX_TIM1_Init) refers to gd32f4xx_timer.o(i.timer_channel_output_config) for timer_channel_output_config
    main.o(i.MX_TIM1_Init) refers to gd32f4xx_timer.o(i.timer_channel_output_pulse_value_config) for timer_channel_output_pulse_value_config
    main.o(i.MX_TIM1_Init) refers to gd32f4xx_timer.o(i.timer_channel_output_mode_config) for timer_channel_output_mode_config
    main.o(i.MX_TIM1_Init) refers to gd32f4xx_timer.o(i.timer_channel_output_shadow_config) for timer_channel_output_shadow_config
    main.o(i.MX_TIM1_Init) refers to gd32f4xx_timer.o(i.timer_primary_output_config) for timer_primary_output_config
    main.o(i.MX_TIM1_Init) refers to gd32f4xx_timer.o(i.timer_auto_reload_shadow_enable) for timer_auto_reload_shadow_enable
    main.o(i.MX_TIM1_Init) refers to gd32f4xx_timer.o(i.timer_enable) for timer_enable
    main.o(i.MX_TIM3_Init) refers to gd32f4xx_rcu.o(i.rcu_periph_clock_enable) for rcu_periph_clock_enable
    main.o(i.MX_TIM3_Init) refers to gd32f4xx_rcu.o(i.rcu_timer_clock_prescaler_config) for rcu_timer_clock_prescaler_config
    main.o(i.MX_TIM3_Init) refers to gd32f4xx_timer.o(i.timer_deinit) for timer_deinit
    main.o(i.MX_TIM3_Init) refers to gd32f4xx_timer.o(i.timer_init) for timer_init
    main.o(i.MX_TIM3_Init) refers to gd32f4xx_timer.o(i.timer_input_capture_config) for timer_input_capture_config
    main.o(i.MX_TIM3_Init) refers to gd32f4xx_timer.o(i.timer_auto_reload_shadow_enable) for timer_auto_reload_shadow_enable
    main.o(i.MX_TIM3_Init) refers to gd32f4xx_timer.o(i.timer_interrupt_flag_clear) for timer_interrupt_flag_clear
    main.o(i.MX_TIM3_Init) refers to gd32f4xx_timer.o(i.timer_interrupt_enable) for timer_interrupt_enable
    main.o(i.MX_TIM3_Init) refers to gd32f4xx_timer.o(i.timer_enable) for timer_enable
[...]
    .constdata                               0x08007fd8   Section       40  sin_i.o(.constdata)
    S                                        0x08007fd8   Data          40  sin_i.o(.constdata)
    .data                                    0x20000000   Section        8  gd32f4xx_it.o(.data)
    .data                                    0x20000008   Section        4  system_gd32f4xx.o(.data)
    .data                                    0x2000000c   Section        1  hmi_driver.o(.data)
    len                                      0x2000000c   Data           1  hmi_driver.o(.data)
    .data                                    0x2000000d   Section        1  i2c.o(.data)
    .data                                    0x20000010   Section       43  sensor.o(.data)
    result                                   0x20000014   Data           1  sensor.o(.data)
    result                                   0x20000018   Data           4  sensor.o(.data)
    averTds                                  0x2000001c   Data           4  sensor.o(.data)
    averTds2                                 0x20000020   Data           4  sensor.o(.data)
    init                                     0x20000024   Data           1  sensor.o(.data)
    flow_tmp                                 0x20000028   Data           4  sensor.o(.data)
    init_flag                                0x2000002c   Data           4  sensor.o(.data)
    flow_tick                                0x20000030   Data           4  sensor.o(.data)
    addr_tmp                                 0x20000034   Data           1  sensor.o(.data)
    state                                    0x20000035   Data           1  sensor.o(.data)
    status                                   0x20000036   Data           1  sensor.o(.data)
    tx_buf                                   0x20000037   Data           2  sensor.o(.data)
    addr_tmp                                 0x20000039   Data           1  sensor.o(.data)
    tx_count                                 0x2000003a   Data           1  sensor.o(.data)
    .data                                    0x2000003c   Section       26  timer.o(.data)
    .data                                    0x20000058   Section       19  app.o(.data)
    pwm1                                     0x20000060   Data           4  app.o(.data)
    pwm2                                     0x20000064   Data           4  app.o(.data)
    status                                   0x20000068   Data           1  app.o(.data)
    status_tmp                               0x20000069   Data           1  app.o(.data)
    i                                        0x2000006a   Data           1  app.o(.data)
    .data                                    0x2000006c   Section       19  app_lcd.o(.data)
    update_en                                0x20000074   Data           1  app_lcd.o(.data)
    page_Id_bk                               0x20000075   Data           1  app_lcd.o(.data)
    page_Id                                  0x20000076   Data           1  app_lcd.o(.data)
    targe_Id                                 0x20000077   Data           1  app_lcd.o(.data)
    value                                    0x2000007d   Data           1  app_lcd.o(.data)
    init_lcd                                 0x2000007e   Data           1  app_lcd.o(.data)
    .data                                    0x20000080   Section        5  cmd_queue.o(.data)
    cmd_pos                                  0x20000080   Data           2  cmd_queue.o(.data)
    _length                                  0x20000082   Data           1  cmd_queue.o(.data)
    cmd_backup                               0x20000083   Data           1  cmd_queue.o(.data)
    cmd_length                               0x20000084   Data           1  cmd_queue.o(.data)
    .data                                    0x20000085   Section       11  inout.o(.data)
    send_time                                0x2000008f   Data           1  inout.o(.data)
    .data                                    0x20000090   Section       13  modbus.o(.data)
    .data                                    0x200000a0   Section       24  pid.o(.data)
    last_result                              0x200000b0   Data           8  pid.o(.data)
    .data                                    0x200000b8   Section        8  sys.o(.data)
    .data                                    0x200000c0   Section        4  errno.o(.data)
    _errno                                   0x200000c0   Data           4  errno.o(.data)
    .bss                                     0x200000c4   Section       16  bsp_beep.o(.bss)
    g_tBeep                                  0x200000c4   Data          16  bsp_beep.o(.bss)
    .bss                                     0x200000d4   Section       64  hmi_driver.o(.bss)
    sendbuf                                  0x200000d4   Data          64  hmi_driver.o(.bss)
    .bss                                     0x20000114   Section      240  sensor.o(.bss)
    modbus_cali                              0x200001c8   Data          60  sensor.o(.bss)
    .bss                                     0x20000204   Section       65  app_lcd.o(.bss)
    .bss                                     0x20000246   Section      132  cmd_queue.o(.bss)
    que                                      0x20000246   Data         132  cmd_queue.o(.bss)
    .bss                                     0x200002cc   Section       60  inout.o(.bss)
    .bss                                     0x20000308   Section      284  modbus.o(.bss)
    .bss                                     0x20000428   Section       56  pid.o(.bss)
    .bss                                     0x20000460   Section      168  sys.o(.bss)
    STACK                                    0x20000508   Section     1024  startup_gd32f450.o(STACK)

    Global Symbols

    Symbol Name                              Value     Ov Type        Size  Object(Section)

    BuildAttributes$$THM_ISAv4$E$P$D$K$B$S$7EM$VFPi3$EXTD16$VFPS$VFMA$PE$A:L22UL41UL21$X:L11$S22US41US21$IEEE1$IW$USESV6$~STKCKD$USESV7$~SHL$OTIME$ROPI$IEEEX$EBA8$MICROLIB$REQ8$PRES8$EABIv2 0x00000000   Number         0  anon$$obj.o ABSOLUTE
    __ARM_use_no_argv                        0x00000000   Number         0  main.o ABSOLUTE
    _printf_a                                0x00000000   Number         0  stubs.o ABSOLUTE
    _printf_c                                0x00000000   Number         0  stubs.o ABSOLUTE
    _printf_charcount                        0x00000000   Number         0  stubs.o ABSOLUTE
    _printf_d                                0x00000000   Number         0  stubs.o ABSOLUTE
    _printf_e                                0x00000000   Number         0  stubs.o ABSOLUTE
    _printf_f                                0x00000000   Number         0  stubs.o ABSOLUTE
    _printf_flags                            0x00000000   Number         0  stubs.o ABSOLUTE
    _printf_fp_dec                           0x00000000   Number         0  stubs.o ABSOLUTE
    _printf_fp_hex                           0x00000000   Number         0  stubs.o ABSOLUTE
    _printf_g                                0x00000000   Number         0  stubs.o ABSOLUTE
    _printf_i                                0x00000000   Number         0  stubs.o ABSOLUTE
    _printf_int_dec                          0x00000000   Number         0  stubs.o ABSOLUTE
    _printf_l                                0x00000000   Number         0  stubs.o ABSOLUTE
    _printf_lc                               0x00000000   Number         0  stubs.o ABSOLUTE
    _printf_ll                               0x00000000   Number         0  stubs.o ABSOLUTE
    _printf_lld                              0x00000000   Number         0  stubs.o ABSOLUTE
    _printf_lli                              0x00000000   Number         0  stubs.o ABSOLUTE
    _printf_llo                              0x00000000   Number         0  stubs.o ABSOLUTE
    _printf_llu                              0x00000000   Number         0  stubs.o ABSOLUTE
    _printf_llx                              0x00000000   Number         0  stubs.o ABSOLUTE
    _printf_longlong_dec                     0x00000000   Number         0  stubs.o ABSOLUTE
    _printf_longlong_hex                     0x00000000   Number         0  stubs.o ABSOLUTE
    _printf_longlong_oct                     0x00000000   Number         0  stubs.o ABSOLUTE
    _printf_ls                               0x00000000   Number         0  stubs.o ABSOLUTE
    _printf_mbtowc                           0x00000000   Number         0  stubs.o ABSOLUTE
    _printf_n                                0x00000000   Number         0  stubs.o ABSOLUTE
    _printf_o                                0x00000000   Number         0  stubs.o ABSOLUTE
    _printf_p                                0x00000000   Number         0  stubs.o ABSOLUTE
    _printf_percent                          0x00000000   Number         0  stubs.o ABSOLUTE
    _printf_pre_padding                      0x00000000   Number         0  stubs.o ABSOLUTE
    _printf_return_value                     0x00000000   Number         0  stubs.o ABSOLUTE
    _printf_s                                0x00000000   Number         0  stubs.o ABSOLUTE
    _printf_sizespec                         0x00000000   Number         0  stubs.o ABSOLUTE
    _printf_str                              0x00000000   Number         0  stubs.o ABSOLUTE
    _printf_truncate_signed                  0x00000000   Number         0  stubs.o ABSOLUTE
    _printf_truncate_unsigned                0x00000000   Number         0  stubs.o ABSOLUTE
    _printf_u                                0x00000000   Number         0  stubs.o ABSOLUTE
    _printf_wc                               0x00000000   Number         0  stubs.o ABSOLUTE
    _printf_wctomb                           0x00000000   Number         0  stubs.o ABSOLUTE
    _printf_widthprec                        0x00000000   Number         0  stubs.o ABSOLUTE
    _printf_x                                0x00000000   Number         0  stubs.o ABSOLUTE
    __cpp_initialize__aeabi_                  - Undefined Weak Reference
    __cxa_finalize                            - Undefined Weak Reference
    __decompress                              - Undefined Weak Reference
    _clock_init                               - Undefined Weak Reference
    _microlib_exit                            - Undefined Weak Reference
    __Vectors_Size                           0x000001ac   Number         0  startup_gd32f450.o ABSOLUTE
    __Vectors                                0x08000000   Data           4  startup_gd32f450.o(RESET)
    __Vectors_End                            0x080001ac   Data           0  startup_gd32f450.o(RESET)
    __main                                   0x080001ad   Thumb Code     0  entry.o(.ARM.Collect$$$$00000000)
    _main_stk                                0x080001ad   Thumb Code     0  entry2.o(.ARM.Collect$$$$00000001)
    _main_scatterload                        0x080001b1   Thumb Code     0  entry5.o(.ARM.Collect$$$$00000004)
    __main_after_scatterload                 0x080001b5   Thumb Code     0  entry5.o(.ARM.Collect$$$$00000004)
    _main_clock                              0x080001b5   Thumb Code     0  entry7b.o(.ARM.Collect$$$$00000008)
    _main_cpp_init                           0x080001b5   Thumb Code     0  entry8b.o(.ARM.Collect$$$$0000000A)
    _main_init                               0x080001b5   Thumb Code     0  entry9a.o(.ARM.Collect$$$$0000000B)
    __rt_final_cpp                           0x080001bd   Thumb Code     0  entry10a.o(.ARM.Collect$$$$0000000D)
    __rt_final_exit                          0x080001bd   Thumb Code     0  entry11a.o(.ARM.Collect$$$$0000000F)
    Reset_Handler                            0x080001c1   Thumb Code     8  startup_gd32f450.o(.text)
    ADC_IRQHandler                           0x080001db   Thumb Code     0  startup_gd32f450.o(.text)
    CAN0_EWMC_IRQHandler                     0x080001db   Thumb Code     0  startup_gd32f450.o(.text)
    CAN0_RX0_IRQHandler                      0x080001db   Thumb Code     0  startup_gd32f450.o(.text)
    CAN0_RX1_IRQHandler                      0x080001db   Thumb Code     0  startup_gd32f450.o(.text)
    CAN0_TX_IRQHandler                       0x080001db   Thumb Code     0  startup_gd32f450.o(.text)
    CAN1_EWMC_IRQHandler                     0x080001db   Thumb Code     0  startup_gd32f450.o(.text)
    CAN1_RX0_IRQHandler                      0x080001db   Thumb Code     0  startup_gd32f450.o(.text)
    CAN1_RX1_IRQHandler                      0x080001db   Thumb Code     0  startup_gd32f450.o(.text)
    CAN1_TX_IRQHandler                       0x080001db   Thumb Code     0  startup_gd32f450.o(.text)
    DCI_IRQHandler                           0x080001db   Thumb Code     0  startup_gd32f450.o(.text)
    DMA0_Channel0_IRQHandler                 0x080001db   Thumb Code     0  startup_gd32f450.o(.text)
    DMA0_Channel1_IRQHandler                 0x080001db   Thumb Code     0  startup_gd32f450.o(.text)
    DMA0_Channel2_IRQHandler                 0x080001db   Thumb Code     0  startup_gd32f450.o(.text)
    DMA0_Channel3_IRQHandler                 0x080001db   Thumb Code     0  startup_gd32f450.o(.text)
    DMA0_Channel4_IRQHandler                 0x080001db   Thumb Code     0  startup_gd32f450.o(.text)
    DMA0_Channel5_IRQHandler                 0x080001db   Thumb Code     0  startup_gd32f450.o(.text)
    DMA0_Channel6_IRQHandler                 0x080001db   Thumb Code     0  startup_gd32f450.o(.text)
    DMA0_Channel7_IRQHandler                 0x080001db   Thumb Code     0  startup_gd32f450.o(.text)
    DMA1_Channel0_IRQHandler                 0x080001db   Thumb Code     0  startup_gd32f450.o(.text)
    DMA1_Channel1_IRQHandler                 0x080001db   Thumb Code     0  startup_gd32f450.o(.text)
    DMA1_Channel3_IRQHandler                 0x080001db   Thumb Code     0  startup_gd32f450.o(.text)
    DMA1_Channel4_IRQHandler                 0x080001db   Thumb Code     0  startup_gd32f450.o(.text)
    DMA1_Channel5_IRQHandler                 0x080001db   Thumb Code     0  startup_gd32f450.o(.text)
    DMA1_Channel6_IRQHandler                 0x080001db   Thumb Code     0  startup_gd32f450.o(.text)
    ENET_IRQHandler                          0x080001db   Thumb Code     0  startup_gd32f450.o(.text)
    ENET_WKUP_IRQHandler                     0x080001db   Thumb Code     0  startup_gd32f450.o(.text)
    EXMC_IRQHandler                          0x080001db   Thumb Code     0  startup_gd32f450.o(.text)
    EXTI0_IRQHandler                         0x080001db   Thumb Code     0  startup_gd32f450.o(.text)
    EXTI1_IRQHandler                         0x080001db   Thumb Code     0  startup_gd32f450.o(.text)
    EXTI2_IRQHandler                         0x080001db   Thumb Code     0  startup_gd32f450.o(.text)
    EXTI3_IRQHandler                         0x080001db   Thumb Code     0  startup_gd32f450.o(.text)
    EXTI4_IRQHandler                         0x080001db   Thumb Code     0  startup_gd32f450.o(.text)
    EXTI5_9_IRQHandler                       0x080001db   Thumb Code     0  startup_gd32f450.o(.text)
    FMC_IRQHandler                           0x080001db   Thumb Code     0  startup_gd32f450.o(.text)
    FPU_IRQHandler                           0x080001db   Thumb Code     0  startup_gd32f450.o(.text)
    I2C0_ER_IRQHandler                       0x080001db   Thumb Code     0  startup_gd32f450.o(.text)
    I2C0_EV_IRQHandler                       0x080001db   Thumb Code     0  startup_gd32f450.o(.text)
    I2C1_ER_IRQHandler                       0x080001db   Thumb Code     0  startup_gd32f450.o(.text)
    I2C1_EV_IRQHandler                       0x080001db   Thumb Code     0  startup_gd32f450.o(.text)
    I2C2_ER_IRQHandler                       0x080001db   Thumb Code     0  startup_gd32f450.o(.text)
    I2C2_EV_IRQHandler                       0x080001db   Thumb Code     0  startup_gd32f450.o(.text)
    IPA_IRQHandler                           0x080001db   Thumb Code     0  startup_gd32f450.o(.text)
    LVD_IRQHandler                           0x080001db   Thumb Code     0  startup_gd32f450.o(.text)
    RCU_CTC_IRQHandler                       0x080001db   Thumb Code     0  startup_gd32f450.o(.text)
    RTC_Alarm_IRQHandler                     0x080001db   Thumb Code     0  startup_gd32f450.o(.text)
    RTC_WKUP_IRQHandler                      0x080001db   Thumb Code     0  startup_gd32f450.o(.text)
    SDIO_IRQHandler                          0x080001db   Thumb Code     0  startup_gd32f450.o(.text)
    SPI0_IRQHandler                          0x080001db   Thumb Code     0  startup_gd32f450.o(.text)
    SPI1_IRQHandler                          0x080001db   Thumb Code     0  startup_gd32f450.o(.text)
    SPI2_IRQHandler                          0x080001db   Thumb Code     0  startup_gd32f450.o(.text)
    SPI3_IRQHandler                          0x080001db   Thumb Code     0  startup_gd32f450.o(.text)
    SPI4_IRQHandler                          0x080001db   Thumb Code     0  startup_gd32f450.o(.text)
    SPI5_IRQHandler                          0x080001db   Thumb Code     0  startup_gd32f450.o(.text)
    TAMPER_STAMP_IRQHandler                  0x080001db   Thumb Code     0  startup_gd32f450.o(.text)
    TIMER0_BRK_TIMER8_IRQHandler             0x080001db   Thumb Code     0  startup_gd32f450.o(.text)
    TIMER0_Channel_IRQHandler                0x080001db   Thumb Code     0  startup_gd32f450.o(.text)
    TIMER0_TRG_CMT_TIMER10_IRQHandler        0x080001db   Thumb Code     0  startup_gd32f450.o(.text)
    TIMER0_UP_TIMER9_IRQHandler              0x080001db   Thumb Code     0  startup_gd32f450.o(.text)
    TIMER1_IRQHandler                        0x080001db   Thumb Code     0  startup_gd32f450.o(.text)
    TIMER3_IRQHandler                        0x080001db   Thumb Code     0  startup_gd32f450.o(.text)
    TIMER4_IRQHandler                        0x080001db   Thumb Code     0  startup_gd32f450.o(.text)
    TIMER5_DAC_IRQHandler                    0x080001db   Thumb Code     0  startup_gd32f450.o(.text)
    TIMER6_IRQHandler                        0x080001db   Thumb Code     0  startup_gd32f450.o(.text)
    TIMER7_BRK_TIMER11_IRQHandler            0x080001db   Thumb Code     0  startup_gd32f450.o(.text)
    TIMER7_Channel_IRQHandler                0x080001db   Thumb Code     0  startup_gd32f450.o(.text)
    TIMER7_TRG_CMT_TIMER13_IRQHandler        0x080001db   Thumb Code     0  startup_gd32f450.o(.text)
    TIMER7_UP_TIMER12_IRQHandler             0x080001db   Thumb Code     0  startup_gd32f450.o(.text)
    TLI_ER_IRQHandler                        0x080001db   Thumb Code     0  startup_gd32f450.o(.text)
    TLI_IRQHandler                           0x080001db   Thumb Code     0  startup_gd32f450.o(.text)
    TRNG_IRQHandler                          0x080001db   Thumb Code     0  startup_gd32f450.o(.text)
    UART3_IRQHandler                         0x080001db   Thumb Code     0  startup_gd32f450.o(.text)
    UART4_IRQHandler                         0x080001db   Thumb Code     0  startup_gd32f450.o(.text)
    UART6_IRQHandler                         0x080001db   Thumb Code     0  startup_gd32f450.o(.text)
    UART7_IRQHandler                         0x080001db   Thumb Code     0  startup_gd32f450.o(.text)
    USART0_IRQHandler                        0x080001db   Thumb Code     0  startup_gd32f450.o(.text)
    USART1_IRQHandler                        0x080001db   Thumb Code     0  startup_gd32f450.o(.text)
    USART2_IRQHandler                        0x080001db   Thumb Code     0  startup_gd32f450.o(.text)
    USBFS_IRQHandler                         0x080001db   Thumb Code     0  startup_gd32f450.o(.text)
    USBFS_WKUP_IRQHandler                    0x080001db   Thumb Code     0  startup_gd32f450.o(.text)
    USBHS_EP1_In_IRQHandler                  0x080001db   Thumb Code     0  startup_gd32f450.o(.text)
    USBHS_EP1_Out_IRQHandler                 0x080001db   Thumb Code     0  startup_gd32f450.o(.text)
    USBHS_IRQHandler                         0x080001db   Thumb Code     0  startup_gd32f450.o(.text)
    USBHS_WKUP_IRQHandler                    0x080001db   Thumb Code     0  startup_gd32f450.o(.text)
    WWDGT_IRQHandler                         0x080001db   Thumb Code     0  startup_gd32f450.o(.text)
    __aeabi_memcpy                           0x080001e5   Thumb Code    36  memcpya.o(.text)
    __aeabi_memcpy4                          0x080001e5   Thumb Code     0  memcpya.o(.text)
    __aeabi_memcpy8                          0x080001e5   Thumb Code     0  memcpya.o(.text)
    __aeabi_memset                           0x08000209   Thumb Code    14  memseta.o(.text)
    __aeabi_memset4                          0x08000209   Thumb Code     0  memseta.o(.text)
    __aeabi_memset8                          0x08000209   Thumb Code     0  memseta.o(.text)
    __aeabi_memclr                           0x08000217   Thumb Code     4  memseta.o(.text)
    __aeabi_memclr4                          0x08000217   Thumb Code     0  memseta.o(.text)
    __aeabi_memclr8                          0x08000217   Thumb Code     0  memseta.o(.text)
    _memset$wrapper                          0x0800021b   Thumb Code    18  memseta.o(.text)
    strlen                                   0x0800022d   Thumb Code    14  strlen.o(.text)
    __aeabi_dadd                             0x0800023b   Thumb Code   322  dadd.o(.text)
    __aeabi_dsub                             0x0800037d   Thumb Code     6  dadd.o(.text)
    __aeabi_drsub                            0x08000383   Thumb Code     6  dadd.o(.text)
    __aeabi_dmul                             0x08000389   Thumb Code   228  dmul.o(.text)
    __aeabi_ddiv                             0x0800046d   Thumb Code   222  ddiv.o(.text)
    __aeabi_i2d                              0x0800054b   Thumb Code    34  dflti.o(.text)
    __aeabi_ui2d                             0x0800056d   Thumb Code    26  dfltui.o(.text)
    __aeabi_d2iz                             0x08000587   Thumb Code    62  dfixi.o(.text)
    __aeabi_d2uiz                            0x080005c5   Thumb Code    50  dfixui.o(.text)
    __aeabi_f2d                              0x080005f7   Thumb Code    38  f2d.o(.text)
    __aeabi_cdcmpeq                          0x0800061d   Thumb Code     0  cdcmple.o(.text)
    __aeabi_cdcmple                          0x0800061d   Thumb Code    48  cdcmple.o(.text)
    __aeabi_cdrcmple                         0x0800064d   Thumb Code    48  cdrcmple.o(.text)
    __aeabi_d2f                              0x0800067d   Thumb Code    56  d2f.o(.text)
    __aeabi_uidiv                            0x080006b5   Thumb Code     0  uidiv.o(.text)
    __aeabi_uidivmod                         0x080006b5   Thumb Code    44  uidiv.o(.text)
    __aeabi_uldivmod                         0x080006e1   Thumb Code    98  uldiv.o(.text)
    __aeabi_llsl                             0x08000743   Thumb Code    30  llshl.o(.text)
    _ll_shift_l                              0x08000743   Thumb Code     0  llshl.o(.text)
    __aeabi_llsr                             0x08000761   Thumb Code    32  llushr.o(.text)
    _ll_ushift_r                             0x08000761   Thumb Code     0  llushr.o(.text)
    __aeabi_lasr                             0x08000781   Thumb Code    36  llsshr.o(.text)
    _ll_sshift_r                             0x08000781   Thumb Code     0  llsshr.o(.text)
    __I$use$fp                               0x080007a5   Thumb Code     0  iusefp.o(.text)
    _float_round                             0x080007a5   Thumb Code    18  fepilogue.o(.text)
    _float_epilogue                          0x080007b7   Thumb Code    92  fepilogue.o(.text)
    _double_round                            0x08000813   Thumb Code    30  depilogue.o(.text)
    _double_epilogue                         0x08000831   Thumb Code   156  depilogue.o(.text)
    __aeabi_d2ulz                            0x080008cd   Thumb Code    48  dfixul.o(.text)
    __scatterload                            0x080008fd   Thumb Code    28  init.o(.text)
    __scatterload_rt2                        0x080008fd   Thumb Code     0  init.o(.text)
    ADD_DATA                                 0x08000921   Thumb Code    18  hmi_driver.o(i.ADD_DATA)
    Ack_I2c                                  0x0800093d   Thumb Code    94  i2c.o(i.Ack_I2c)
    BEEP_Start                               0x080009a1   Thumb Code    56  bsp_beep.o(i.BEEP_Start)
    BEGIN_CMD                                0x080009dd   Thumb Code     8  hmi_driver.o(i.BEGIN_CMD)
    BusFault_Handler                         0x080009e9   Thumb Code     4  gd32f4xx_it.o(i.BusFault_Handler)
    CRC_Compute                              0x080009ed   Thumb Code    46  crc.o(i.CRC_Compute)
    DMA1_Channel2_IRQHandler                 0x08000a25   Thumb Code    24  gd32f4xx_it.o(i.DMA1_Channel2_IRQHandler)
    DMA1_Channel7_IRQHandler                 0x08000a41   Thumb Code    26  gd32f4xx_it.o(i.DMA1_Channel7_IRQHandler)
    DcMotorCtrl                              0x08000a61   Thumb Code    92  devctrl.o(i.DcMotorCtrl)
    DebugMon_Handler                         0x08000ac1   Thumb Code     2  gd32f4xx_it.o(i.DebugMon_Handler)
    Display_Message                          0x08000ac3   Thumb Code    54  hmi_driver.o(i.Display_Message)
    Display_String                           0x08000af9   Thumb Code   128  hmi_driver.o(i.Display_String)
    END_CMD                                  0x08000b79   Thumb Code    16  hmi_driver.o(i.END_CMD)
    EXTI10_15_IRQHandler                     0x08000b91   Thumb Code    30  gd32f4xx_it.o(i.EXTI10_15_IRQHandler)
    EleSwCtrl                                0x08000bb1   Thumb Code   144  devctrl.o(i.EleSwCtrl)
    FlowCtrl                                 0x08000c49   Thumb Code    68  app.o(i.FlowCtrl)
    Flow_Init                                0x08000c95   Thumb Code    26  app.o(i.Flow_Init)
    GUI_RectangleFill                        0x08000cb5   Thumb Code    98  hmi_driver.o(i.GUI_RectangleFill)
    GetCapture                               0x08000d19   Thumb Code     4  timer.o(i.GetCapture)
    GetEditValue                             0x08000d21   Thumb Code    34  hmi_driver.o(i.GetEditValue)
    GetFlow                                  0x08000d45   Thumb Code   254  sensor.o(i.GetFlow)
    GetInOut                                 0x08000e59   Thumb Code     4  inout.o(i.GetInOut)
    GetModbusPack                            0x08000e61   Thumb Code     4  sensor.o(i.GetModbusPack)
    GetModbusSens                            0x08000e69   Thumb Code   226  sensor.o(i.GetModbusSens)
    GetPH_ORP                                0x08000f51   Thumb Code   486  sensor.o(i.GetPH_ORP)
    GetSensor                                0x08001141   Thumb Code     4  sensor.o(i.GetSensor)
    GetStrLen                                0x08001149   Thumb Code    20  hmi_driver.o(i.GetStrLen)
    GetTds_EleCurr                           0x0800115d   Thumb Code  1286  sensor.o(i.GetTds_EleCurr)
    GetTickResult                            0x080016a1   Thumb Code     8  sys.o(i.GetTickResult)
    GetTickStatus                            0x080016ad   Thumb Code     8  sys.o(i.GetTickStatus)
    GetTouchEditValue                        0x080016b9   Thumb Code    34  hmi_driver.o(i.GetTouchEditValue)
    GetWaterLevel                            0x080016dd   Thumb Code   224  sensor.o(i.GetWaterLevel)
    HAL_GetTick                              0x080017d1   Thumb Code     6  sys.o(i.HAL_GetTick)
    HAL_TIM_IC_CaptureCallback               0x080017dd   Thumb Code     8  timer.o(i.HAL_TIM_IC_CaptureCallback)
    HardFault_Handler                        0x080017e5   Thumb Code     4  gd32f4xx_it.o(i.HardFault_Handler)
    IRcvByte                                 0x080017e9   Thumb Code    46  i2c.o(i.IRcvByte)
    ISendByte                                0x0800181d   Thumb Code    70  i2c.o(i.ISendByte)
    MemManage_Handler                        0x08001f69   Thumb Code     4  gd32f4xx_it.o(i.MemManage_Handler)
    Modbus_03_Solve                          0x08001f6d   Thumb Code   108  modbus.o(i.Modbus_03_Solve)
    Modbus_06_Solve                          0x08001fdd   Thumb Code     4  modbus.o(i.Modbus_06_Solve)
    Modbus_16_Solve                          0x08001fe1   Thumb Code     4  modbus.o(i.Modbus_16_Solve)
    Modbus_Pack                              0x08001fe5   Thumb Code   382  modbus.o(i.Modbus_Pack)
    NMI_Handler                              0x0800216d   Thumb Code     2  gd32f4xx_it.o(i.NMI_Handler)
    NotifyGetCheckbox                        0x08002199   Thumb Code    16  app_lcd.o(i.NotifyGetCheckbox)
    NotifyGetEdit                            0x080021ad   Thumb Code    68  app_lcd.o(i.NotifyGetEdit)
    NotifyGetPage                            0x080021f9   Thumb Code    10  app_lcd.o(i.NotifyGetPage)
    NotifyGetSlider                          0x08002209   Thumb Code    12  app_lcd.o(i.NotifyGetSlider)
    NotifyGetTouchEdit                       0x08002219   Thumb Code    68  app_lcd.o(i.NotifyGetTouchEdit)
    NotifySetPage                            0x08002265   Thumb Code    14  app_lcd.o(i.NotifySetPage)
    NotifyTouchButton                        0x0800227d   Thumb Code    72  app_lcd.o(i.NotifyTouchButton)
    NotifyTouchCheckbox                      0x080022d1   Thumb Code    16  app_lcd.o(i.NotifyTouchCheckbox)
    NotifyTouchEdit                          0x080022e5   Thumb Code    36  app_lcd.o(i.NotifyTouchEdit)
    NotifyTouchSlider                        0x08002311   Thumb Code    38  app_lcd.o(i.NotifyTouchSlider)
    PIDCalc                                  0x08002341   Thumb Code   538  pid.o(i.PIDCalc)
    PIDInit                                  0x08002589   Thumb Code    14  pid.o(i.PIDInit)
    PendSV_Handler                           0x08002597   Thumb Code     2  gd32f4xx_it.o(i.PendSV_Handler)
    ProcessMessage                           0x08002599   Thumb Code   224  app_lcd.o(i.ProcessMessage)
    RS485_RxCpltCallback                     0x0800267d   Thumb Code   110  modbus.o(i.RS485_RxCpltCallback)
    RS485_SendData                           0x080026f9   Thumb Code    76  modbus.o(i.RS485_SendData)
    RS485_Service                            0x08002751   Thumb Code   188  modbus.o(i.RS485_Service)
    RcvByte                                  0x08002819   Thumb Code   132  i2c.o(i.RcvByte)
    SVC_Handler                              0x080028a1   Thumb Code     2  gd32f4xx_it.o(i.SVC_Handler)
    SendByte                                 0x080028a5   Thumb Code   192  i2c.o(i.SendByte)
    SendStrings                              0x0800296d   Thumb Code    22  hmi_driver.o(i.SendStrings)
    SetBackLight                             0x08002983   Thumb Code    26  hmi_driver.o(i.SetBackLight)
    SetBarGaugeValue                         0x0800299d   Thumb Code    48  hmi_driver.o(i.SetBarGaugeValue)
    SetBatteryValue                          0x080029cd   Thumb Code    48  hmi_driver.o(i.SetBatteryValue)
    SetCircleGaugeValue                      0x080029fd   Thumb Code    48  hmi_driver.o(i.SetCircleGaugeValue)
    SetLableValue                            0x08002a2d   Thumb Code    54  hmi_driver.o(i.SetLableValue)
    SetNumberValue                           0x08002a63   Thumb Code    48  hmi_driver.o(i.SetNumberValue)
    SetPage                                  0x08002a93   Thumb Code    26  hmi_driver.o(i.SetPage)
    SetProgressbarValue                      0x08002aad   Thumb Code    42  hmi_driver.o(i.SetProgressbarValue)
    SetReset                                 0x08002ad7   Thumb Code    48  hmi_driver.o(i.SetReset)
    SetThermometerValue                      0x08002b07   Thumb Code    48  hmi_driver.o(i.SetThermometerValue)
    SetWaterGaugeValue                       0x08002b37   Thumb Code    48  hmi_driver.o(i.SetWaterGaugeValue)
    SetWaveformValue                         0x08002b67   Thumb Code    54  hmi_driver.o(i.SetWaveformValue)
    Soft_Reset                               0x08002b9d   Thumb Code    42  inout.o(i.Soft_Reset)
    Start_I2c                                0x08002bd1   Thumb Code   100  i2c.o(i.Start_I2c)
    Stop_I2c                                 0x08002c39   Thumb Code    76  i2c.o(i.Stop_I2c)
    SysTick_Handler                          0x08002c89   Thumb Code    18  gd32f4xx_it.o(i.SysTick_Handler)
    SystemInit                               0x08002ca1   Thumb Code   168  system_gd32f4xx.o(i.SystemInit)
    TIM3CaptureChannel3Callback              0x08002d59   Thumb Code   176  timer.o(i.TIM3CaptureChannel3Callback)
    TIMER2_IRQHandler                        0x08002e29   Thumb Code    18  gd32f4xx_it.o(i.TIMER2_IRQHandler)
    TickPro                                  0x08002e41   Thumb Code    58  sys.o(i.TickPro)
    TickTimeoutAb                            0x08002e81   Thumb Code    70  app.o(i.TickTimeoutAb)
    TickTimeoutNor                           0x08002ec7   Thumb Code   104  app.o(i.TickTimeoutNor)
    USART5_IRQHandler                        0x08002f31   Thumb Code    32  gd32f4xx_it.o(i.USART5_IRQHandler)
    UpdateUI                                 0x08002f59   Thumb Code   614  app_lcd.o(i.UpdateUI)
    UsageFault_Handler                       0x080031d9   Thumb Code     4  gd32f4xx_it.o(i.UsageFault_Handler)
    _Nop                                     0x080031dd   Thumb Code    14  i2c.o(i._Nop)
    __0printf                                0x080031ed   Thumb Code    22  printfa.o(i.__0printf)
    __1printf                                0x080031ed   Thumb Code     0  printfa.o(i.__0printf)
    __2printf                                0x080031ed   Thumb Code     0  printfa.o(i.__0printf)
    __c89printf                              0x080031ed   Thumb Code     0  printfa.o(i.__0printf)
    printf                                   0x080031ed   Thumb Code     0  printfa.o(i.__0printf)
    __0sprintf                               0x0800320d   Thumb Code    34  printfa.o(i.__0sprintf)
    __1sprintf                               0x0800320d   Thumb Code     0  printfa.o(i.__0sprintf)
    __2sprintf                               0x0800320d   Thumb Code     0  printfa.o(i.__0sprintf)
    __c89sprintf                             0x0800320d   Thumb Code     0  printfa.o(i.__0sprintf)
    sprintf                                  0x0800320d   Thumb Code     0  printfa.o(i.__0sprintf)
    __ARM_fpclassify                         0x08003235   Thumb Code    48  fpclassify.o(i.__ARM_fpclassify)
    __hardfp_sin                             0x08003269   Thumb Code   180  sin.o(i.__hardfp_sin)
    __ieee754_rem_pio2                       0x08003331   Thumb Code   938  rred.o(i.__ieee754_rem_pio2)
    __kernel_cos                             0x08003769   Thumb Code   322  cos_i.o(i.__kernel_cos)
    __kernel_poly                            0x080038d9   Thumb Code   248  poly.o(i.__kernel_poly)
    __kernel_sin                             0x080039d1   Thumb Code   280  sin_i.o(i.__kernel_sin)
    __mathlib_dbl_infnan                     0x08003b01   Thumb Code    20  dunder.o(i.__mathlib_dbl_infnan)
    __mathlib_dbl_invalid                    0x08003b19   Thumb Code    24  dunder.o(i.__mathlib_dbl_invalid)
    __mathlib_dbl_underflow                  0x08003b39   Thumb Code    24  dunder.o(i.__mathlib_dbl_underflow)
    __scatterload_copy                       0x08003b59   Thumb Code    14  handlers.o(i.__scatterload_copy)
    __scatterload_null                       0x08003b67   Thumb Code     2  handlers.o(i.__scatterload_null)
    __scatterload_zeroinit                   0x08003b69   Thumb Code    14  handlers.o(i.__scatterload_zeroinit)
    __set_errno                              0x08003b79   Thumb Code     6  errno.o(i.__set_errno)
    abnormalDec                              0x08004441   Thumb Code   678  app.o(i.abnormalDec)
    adc_calibration_enable                   0x08004709   Thumb Code    42  gd32f4xx_adc.o(i.adc_calibration_enable)
    adc_channel_16_to_18                     0x08004735   Thumb Code    86  gd32f4xx_adc.o(i.adc_channel_16_to_18)
    adc_channel_length_config                0x08004795   Thumb Code    82  gd32f4xx_adc.o(i.adc_channel_length_config)
    adc_channel_sample                       0x080047e9   Thumb Code    54  sensor.o(i.adc_channel_sample)
    adc_clock_config                         0x08004825   Thumb Code    28  gd32f4xx_adc.o(i.adc_clock_config)
    adc_config                               0x08004849   Thumb Code   198  main.o(i.adc_config)
    adc_data_alignment_config                0x08004915   Thumb Code    22  gd32f4xx_adc.o(i.adc_data_alignment_config)
    adc_deinit                               0x0800492b   Thumb Code    20  gd32f4xx_adc.o(i.adc_deinit)
    adc_enable                               0x0800493f   Thumb Code    18  gd32f4xx_adc.o(i.adc_enable)
    adc_external_trigger_config              0x08004951   Thumb Code    52  gd32f4xx_adc.o(i.adc_external_trigger_config)
    adc_external_trigger_source_config       0x08004985   Thumb Code    48  gd32f4xx_adc.o(i.adc_external_trigger_source_config)
    adc_flag_clear                           0x080049b5   Thumb Code     8  gd32f4xx_adc.o(i.adc_flag_clear)
    adc_flag_get                             0x080049bd   Thumb Code    14  gd32f4xx_adc.o(i.adc_flag_get)
    adc_inserted_channel_config              0x080049cb   Thumb Code   124  gd32f4xx_adc.o(i.adc_inserted_channel_config)
    adc_inserted_data_read                   0x08004a47   Thumb Code    46  gd32f4xx_adc.o(i.adc_inserted_data_read)
    adc_regular_channel_config               0x08004a75   Thumb Code   172  gd32f4xx_adc.o(i.adc_regular_channel_config)
    adc_regular_data_read                    0x08004b21   Thumb Code     8  gd32f4xx_adc.o(i.adc_regular_data_read)
    adc_software_trigger_enable              0x08004b29   Thumb Code    36  gd32f4xx_adc.o(i.adc_software_trigger_enable)
    adc_special_function_config              0x08004b4d   Thumb Code    90  gd32f4xx_adc.o(i.adc_special_function_config)
    adc_sync_mode_config                     0x08004ba9   Thumb Code    28  gd32f4xx_adc.o(i.adc_sync_mode_config)
    app                                      0x08004bcd   Thumb Code     8  app.o(i.app)
    bsp_SetTIMOutPWM                         0x08004bd5   Thumb Code   352  bsp_beep.o(i.bsp_SetTIMOutPWM)
    calibration_sensors                      0x08004d41   Thumb Code   750  sensor.o(i.calibration_sensors)
    delay_ms                                 0x0800503d   Thumb Code    18  sys.o(i.delay_ms)
    delay_us                                 0x08005055   Thumb Code    24  sys.o(i.delay_us)
    dma_channel_enable                       0x0800506d   Thumb Code    32  gd32f4xx_dma.o(i.dma_channel_enable)
    dma_channel_subperipheral_select         0x0800508d   Thumb Code    38  gd32f4xx_dma.o(i.dma_channel_subperipheral_select)
    dma_circulation_disable                  0x080050b3   Thumb Code    32  gd32f4xx_dma.o(i.dma_circulation_disable)
    dma_config                               0x080050d5   Thumb Code   166  main.o(i.dma_config)
    dma_deinit                               0x0800518d   Thumb Code   164  gd32f4xx_dma.o(i.dma_deinit)
    dma_interrupt_enable                     0x08005231   Thumb Code    62  gd32f4xx_dma.o(i.dma_interrupt_enable)
    dma_interrupt_flag_clear                 0x0800526f   Thumb Code    62  gd32f4xx_dma.o(i.dma_interrupt_flag_clear)
    dma_interrupt_flag_get                   0x080052ad   Thumb Code   516  gd32f4xx_dma.o(i.dma_interrupt_flag_get)
    dma_single_data_mode_init                0x080054b1   Thumb Code   340  gd32f4xx_dma.o(i.dma_single_data_mode_init)
    ele_dev_proc                             0x08005609   Thumb Code   460  app.o(i.ele_dev_proc)
    ele_process                              0x080057dd   Thumb Code   142  app.o(i.ele_process)
    exti_init                                0x08005871   Thumb Code   184  gd32f4xx_exti.o(i.exti_init)
    exti_interrupt_flag_clear                0x0800592d   Thumb Code     6  gd32f4xx_exti.o(i.exti_interrupt_flag_clear)
    exti_interrupt_flag_get                  0x08005939   Thumb Code    32  gd32f4xx_exti.o(i.exti_interrupt_flag_get)
    fabs                                     0x0800595d   Thumb Code    24  fabs.o(i.fabs)
    fill_pro                                 0x08005975   Thumb Code    36  app.o(i.fill_pro)
    fputc                                    0x08005999   Thumb Code    40  sys.o(i.fputc)
    getQueue                                 0x080059c5   Thumb Code     4  cmd_queue.o(i.getQueue)
    getTouch                                 0x080059cd   Thumb Code     4  inout.o(i.getTouch)
    getuiCallback                            0x080059d5   Thumb Code     4  app_lcd.o(i.getuiCallback)
    gpio_af_set                              0x080059dd   Thumb Code    94  gd32f4xx_gpio.o(i.gpio_af_set)
    gpio_bit_reset                           0x08005a3b   Thumb Code     4  gd32f4xx_gpio.o(i.gpio_bit_reset)
    gpio_bit_set                             0x08005a3f   Thumb Code     4  gd32f4xx_gpio.o(i.gpio_bit_set)
    gpio_bit_write                           0x08005a43   Thumb Code    10  gd32f4xx_gpio.o(i.gpio_bit_write)
    gpio_config                              0x08005a4d   Thumb Code   102  main.o(i.gpio_config)
    gpio_input_bit_get                       0x08005ac1   Thumb Code    16  gd32f4xx_gpio.o(i.gpio_input_bit_get)
    gpio_mode_set                            0x08005ad1   Thumb Code    78  gd32f4xx_gpio.o(i.gpio_mode_set)
    gpio_output_options_set                  0x08005b1f   Thumb Code    66  gd32f4xx_gpio.o(i.gpio_output_options_set)
    lcd_boot                                 0x08005b61   Thumb Code   226  app_lcd.o(i.lcd_boot)
    lcd_init                                 0x08005c69   Thumb Code    50  app_lcd.o(i.lcd_init)
    lcd_proc                                 0x08005ca5   Thumb Code   976  app.o(i.lcd_proc)
    lcd_touch_interrupt                      0x0800611d   Thumb Code   558  app_lcd.o(i.lcd_touch_interrupt)
    main                                     0x08006361   Thumb Code   100  main.o(i.main)
    module_anlysis                           0x080063c9   Thumb Code   418  sensor.o(i.module_anlysis)
    module_dis_proc                          0x0800657d   Thumb Code   210  app.o(i.module_dis_proc)
    module_reset                             0x08006665   Thumb Code    78  app.o(i.module_reset)
    nvic_config                              0x080066b3   Thumb Code    60  main.o(i.nvic_config)
    nvic_irq_enable                          0x080066f1   Thumb Code   186  gd32f4xx_misc.o(i.nvic_irq_enable)
    nvic_priority_group_set                  0x080067b5   Thumb Code    10  gd32f4xx_misc.o(i.nvic_priority_group_set)
    orp_ph_process                           0x080067c9   Thumb Code   256  sensor.o(i.orp_ph_process)
    pid_init                                 0x080068d9   Thumb Code    86  pid.o(i.pid_init)
    pid_proc                                 0x08006955   Thumb Code    54  pid.o(i.pid_proc)
    queue_clear                              0x08006999   Thumb Code    26  cmd_queue.o(i.queue_clear)
    queue_find_cmd                           0x080069bd   Thumb Code   238  cmd_queue.o(i.queue_find_cmd)
    queue_push                               0x08006aed   Thumb Code    44  cmd_queue.o(i.queue_push)
    queue_reset                              0x08006b1d   Thumb Code    14  cmd_queue.o(i.queue_reset)
    rcu_clock_freq_get                       0x08006b55   Thumb Code   264  gd32f4xx_rcu.o(i.rcu_clock_freq_get)
    rcu_config                               0x08006c79   Thumb Code    52  main.o(i.rcu_config)
    rcu_periph_clock_enable                  0x08006cad   Thumb Code    32  gd32f4xx_rcu.o(i.rcu_periph_clock_enable)
    rcu_periph_reset_disable                 0x08006cd1   Thumb Code    32  gd32f4xx_rcu.o(i.rcu_periph_reset_disable)
    rcu_periph_reset_enable                  0x08006cf5   Thumb Code    32  gd32f4xx_rcu.o(i.rcu_periph_reset_enable)
    rcu_timer_clock_prescaler_config         0x08006d19   Thumb Code    32  gd32f4xx_rcu.o(i.rcu_timer_clock_prescaler_config)
    reboot_progress                          0x08006d3d   Thumb Code    22  app_lcd.o(i.reboot_progress)
    registerTick                             0x08006d55   Thumb Code   104  sys.o(i.registerTick)
    sensor_process                           0x08006dc1   Thumb Code    20  sensor.o(i.sensor_process)
    syscfg_exti_line_config                  0x08006dd5   Thumb Code   166  gd32f4xx_syscfg.o(i.syscfg_exti_line_config)
    systick_config                           0x08006f85   Thumb Code    74  sys.o(i.systick_config)
    timer_auto_reload_shadow_enable          0x08006fd5   Thumb Code    10  gd32f4xx_timer.o(i.timer_auto_reload_shadow_enable)
    timer_channel_capture_value_register_read 0x08006fdf   Thumb Code    42  gd32f4xx_timer.o(i.timer_channel_capture_value_register_read)
    timer_channel_input_capture_prescaler_config 0x08007009   Thumb Code    90  gd32f4xx_timer.o(i.timer_channel_input_capture_prescaler_config)
    timer_channel_output_config              0x08007065   Thumb Code   484  gd32f4xx_timer.o(i.timer_channel_output_config)
    timer_channel_output_mode_config         0x08007251   Thumb Code    90  gd32f4xx_timer.o(i.timer_channel_output_mode_config)
    timer_channel_output_pulse_value_config  0x080072ab   Thumb Code    38  gd32f4xx_timer.o(i.timer_channel_output_pulse_value_config)
    timer_channel_output_shadow_config       0x080072d1   Thumb Code    90  gd32f4xx_timer.o(i.timer_channel_output_shadow_config)
    timer_deinit                             0x0800732d   Thumb Code   374  gd32f4xx_timer.o(i.timer_deinit)
    timer_enable                             0x080074b1   Thumb Code    10  gd32f4xx_timer.o(i.timer_enable)
    timer_init                               0x080074bd   Thumb Code   122  gd32f4xx_timer.o(i.timer_init)
    timer_input_capture_config               0x08007555   Thumb Code   326  gd32f4xx_timer.o(i.timer_input_capture_config)
    timer_interrupt_enable                   0x0800769b   Thumb Code     8  gd32f4xx_timer.o(i.timer_interrupt_enable)
    timer_interrupt_flag_clear               0x080076a3   Thumb Code     6  gd32f4xx_timer.o(i.timer_interrupt_flag_clear)
    timer_interrupt_flag_get                 0x080076a9   Thumb Code    24  gd32f4xx_timer.o(i.timer_interrupt_flag_get)
    timer_primary_output_config              0x080076c1   Thumb Code    24  gd32f4xx_timer.o(i.timer_primary_output_config)
    touch_pro                                0x080076d9   Thumb Code   296  inout.o(i.touch_pro)
    usart_baudrate_set                       0x08007809   Thumb Code   224  gd32f4xx_usart.o(i.usart_baudrate_set)
    usart_data_receive                       0x080078f1   Thumb Code    10  gd32f4xx_usart.o(i.usart_data_receive)
    usart_data_transmit                      0x080078fb   Thumb Code     8  gd32f4xx_usart.o(i.usart_data_transmit)
    usart_deinit                             0x08007905   Thumb Code   210  gd32f4xx_usart.o(i.usart_deinit)
    usart_dma_receive_config                 0x080079e1   Thumb Code    16  gd32f4xx_usart.o(i.usart_dma_receive_config)
    usart_dma_transmit_config                0x080079f1   Thumb Code    16  gd32f4xx_usart.o(i.usart_dma_transmit_config)
    usart_enable                             0x08007a01   Thumb Code    10  gd32f4xx_usart.o(i.usart_enable)
    usart_flag_get                           0x08007a0b   Thumb Code    30  gd32f4xx_usart.o(i.usart_flag_get)
    usart_interrupt_enable                   0x08007a29   Thumb Code    26  gd32f4xx_usart.o(i.usart_interrupt_enable)
    usart_interrupt_flag_clear               0x08007a43   Thumb Code    26  gd32f4xx_usart.o(i.usart_interrupt_flag_clear)
    usart_interrupt_flag_get                 0x08007a5d   Thumb Code    56  gd32f4xx_usart.o(i.usart_interrupt_flag_get)
    usart_receive_config                     0x08007a95   Thumb Code    16  gd32f4xx_usart.o(i.usart_receive_config)
    usart_transmit_config                    0x08007aa5   Thumb Code    16  gd32f4xx_usart.o(i.usart_transmit_config)
    work_process                             0x08007ab5   Thumb Code    32  app.o(i.work_process)
    TDS_Test_Vaule                           0x08007ad8   Data         224  sensor.o(.constdata)
    TDS_Vaule                                0x08007bb8   Data         224  sensor.o(.constdata)
    String01                                 0x08007c98   Data          14  app_lcd.o(.constdata)
    String02                                 0x08007ca6   Data          14  app_lcd.o(.constdata)
    String03                                 0x08007cb4   Data          16  app_lcd.o(.constdata)
    String04                                 0x08007cc4   Data          14  app_lcd.o(.constdata)
    String05                                 0x08007cd2   Data          14  app_lcd.o(.constdata)
    auchCRCHi                                0x08007ce0   Data         256  crc.o(.constdata)
    auchCRCLo                                0x08007de0   Data         256  crc.o(.constdata)
    Region$$Table$$Base                      0x08008000   Number         0  anon$$obj.o(Region$$Table)
    Region$$Table$$Limit                     0x08008020   Number         0  anon$$obj.o(Region$$Table)
    sys_tick                                 0x20000000   Data           4  gd32f4xx_it.o(.data)
    count                                    0x20000004   Data           4  gd32f4xx_it.o(.data)
    SystemCoreClock                          0x20000008   Data           4  system_gd32f4xx.o(.data)
    ack                                      0x2000000d   Data           1  i2c.o(.data)
    tt                                       0x20000010   Data           4  sensor.o(.data)
    TIM3CH3_CAPTURE_STA                      0x2000003c   Data           1  timer.o(.data)
    TIM3CH3_CAPTURE_VAL                      0x20000040   Data           4  timer.o(.data)
    timecount                                0x20000044   Data           4  timer.o(.data)
    test                                     0x20000048   Data           4  timer.o(.data)
    timecount1                               0x2000004c   Data           4  timer.o(.data)
    fq                                       0x20000050   Data           4  timer.o(.data)
    state                                    0x20000054   Data           1  timer.o(.data)
    fq_flag                                  0x20000055   Data           1  timer.o(.data)
    work_params                              0x20000058   Data           2  app.o(.data)
    dstTds                                   0x2000005c   Data           4  app.o(.data)
    timer_tick_count                         0x2000006c   Data           4  app_lcd.o(.data)
    ui_usr                                   0x20000070   Data           4  app_lcd.o(.data)
    identifier                               0x20000078   Data           1  app_lcd.o(.data)
    cnt                                      0x20000079   Data           1  app_lcd.o(.data)
    command_cmd                              0x2000007a   Data           1  app_lcd.o(.data)
    command_statu                            0x2000007b   Data           1  app_lcd.o(.data)
    command_length                           0x2000007c   Data           1  app_lcd.o(.data)
    LED_Pilot                                0x20000085   Data           1  inout.o(.data)
    LED_Aper                                 0x20000086   Data           1  inout.o(.data)
    Speak_Flag                               0x20000087   Data           1  inout.o(.data)
    touch_usr                                0x20000088   Data           7  inout.o(.data)
    startRegAddr                             0x20000090   Data           4  modbus.o(.data)
    RegNum                                   0x20000094   Data           4  modbus.o(.data)
    calCRC                                   0x20000098   Data           4  modbus.o(.data)
    rxb                                      0x2000009c   Data           1  modbus.o(.data)
    rOut                                     0x200000a0   Data           8  pid.o(.data)
    rIn_PID                                  0x200000a8   Data           8  pid.o(.data)
    __stdout                                 0x200000b8   Data           4  sys.o(.data)
    delay                                    0x200000bc   Data           4  sys.o(.data)
    sensor                                   0x20000114   Data         108  sensor.o(.bss)
    adc1_val_buf                             0x20000180   Data          10  sensor.o(.bss)
    modbus_pack_usr                          0x2000018c   Data          60  sensor.o(.bss)
    cmd_buffer                               0x20000204   Data          65  app_lcd.o(.bss)
    LED_Ram                                  0x200002cc   Data          16  inout.o(.bss)
    inout_usr                                0x200002dc   Data          44  inout.o(.bss)
    modbus_usr                               0x20000308   Data         284  modbus.o(.bss)
    sPID                                     0x20000428   Data          56  pid.o(.bss)
    tick_usr                                 0x20000460   Data         168  sys.o(.bss)
    __initial_sp                             0x20000908   Data           0  startup_gd32f450.o(STACK)



==============================================================================

Memory Map of the image

  Image Entry point : 0x080001ad

  Load Region LR_IROM1 (Base: 0x08000000, Size: 0x000080e4, Max: 0x00100000, ABSOLUTE)

    Execution Region ER_IROM1 (Exec base: 0x08000000, Load base: 0x08000000, Size: 0x00008020, Max: 0x00100000, ABSOLUTE)

    Exec Addr    Load Addr    Size         Type   Attr      Idx    E Section Name        Object

    0x08000000   0x08000000   0x000001ac   Data   RO         5955    RESET               startup_gd32f450.o
    0x080001ac   0x080001ac   0x00000000   Code   RO         7452  * .ARM.Collect$$$$00000000  mc_w.l(entry.o)
    0x080001ac   0x080001ac   0x00000004   Code   RO         7774    .ARM.Collect$$$$00000001  mc_w.l(entry2.o)
    0x080001b0   0x080001b0   0x00000004   Code   RO         7777    .ARM.Collect$$$$00000004  mc_w.l(entry5.o)
    0x080001b4   0x080001b4   0x00000000   Code   RO         7779    .ARM.Collect$$$$00000008  mc_w.l(entry7b.o)
    0x080001b4   0x080001b4   0x00000000   Code   RO         7781    .ARM.Collect$$$$0000000A  mc_w.l(entry8b.o)
    0x080001b4   0x080001b4   0x00000008   Code   RO         7782    .ARM.Collect$$$$0000000B  mc_w.l(entry9a.o)
    0x080001bc   0x080001bc   0x00000000   Code   RO         7784    .ARM.Collect$$$$0000000D  mc_w.l(entry10a.o)
    0x080001bc   0x080001bc   0x00000000   Code   RO         7786    .ARM.Collect$$$$0000000F  mc_w.l(entry11a.o)
    0x080001bc   0x080001bc   0x00000004   Code   RO         7775    .ARM.Collect$$$$00002712  mc_w.l(entry2.o)
    0x080001c0   0x080001c0   0x00000024   Code   RO         5956    .text               startup_gd32f450.o
    0x080001e4   0x080001e4   0x00000024   Code   RO         7455    .text               mc_w.l(memcpya.o)
    0x08000208   0x08000208   0x00000024   Code   RO         7457    .text               mc_w.l(memseta.o)
    0x0800022c   0x0800022c   0x0000000e   Code   RO         7459    .text               mc_w.l(strlen.o)
    0x0800023a   0x0800023a   0x0000014e   Code   RO         7724    .text               mf_w.l(dadd.o)
    0x08000388   0x08000388   0x000000e4   Code   RO         7726    .text               mf_w.l(dmul.o)
    0x0800046c   0x0800046c   0x000000de   Code   RO         7728    .text               mf_w.l(ddiv.o)
    0x0800054a   0x0800054a   0x00000022   Code   RO         7730    .text               mf_w.l(dflti.o)
    0x0800056c   0x0800056c   0x0000001a   Code   RO         7732    .text               mf_w.l(dfltui.o)
    0x08000586   0x08000586   0x0000003e   Code   RO         7734    .text               mf_w.l(dfixi.o)
    0x080005c4   0x080005c4   0x00000032   Code   RO         7736    .text               mf_w.l(dfixui.o)
    0x080005f6   0x080005f6   0x00000026   Code   RO         7738    .text               mf_w.l(f2d.o)
    0x0800061c   0x0800061c   0x00000030   Code   RO         7740    .text               mf_w.l(cdcmple.o)
    0x0800064c   0x0800064c   0x00000030   Code   RO         7742    .text               mf_w.l(cdrcmple.o)
    0x0800067c   0x0800067c   0x00000038   Code   RO         7744    .text               mf_w.l(d2f.o)
    0x080006b4   0x080006b4   0x0000002c   Code   RO         7788    .text               mc_w.l(uidiv.o)
    0x080006e0   0x080006e0   0x00000062   Code   RO         7790    .text               mc_w.l(uldiv.o)
    0x08000742   0x08000742   0x0000001e   Code   RO         7792    .text               mc_w.l(llshl.o)
    0x08000760   0x08000760   0x00000020   Code   RO         7794    .text               mc_w.l(llushr.o)
    0x08000780   0x08000780   0x00000024   Code   RO         7796    .text               mc_w.l(llsshr.o)
    0x080007a4   0x080007a4   0x00000000   Code   RO         7805    .text               mc_w.l(iusefp.o)
    0x080007a4   0x080007a4   0x0000006e   Code   RO         7806    .text               mf_w.l(fepilogue.o)
    0x08000812   0x08000812   0x000000ba   Code   RO         7808    .text               mf_w.l(depilogue.o)
    0x080008cc   0x080008cc   0x00000030   Code   RO         7812    .text               mf_w.l(dfixul.o)
    0x080008fc   0x080008fc   0x00000024   Code   RO         7824    .text               mc_w.l(init.o)
    0x08000920   0x08000920   0x0000001c   Code   RO         6171    i.ADD_DATA          hmi_driver.o
    0x0800093c   0x0800093c   0x00000064   Code   RO         6440    i.Ack_I2c           i2c.o
    0x080009a0   0x080009a0   0x0000003c   Code   RO         6026    i.BEEP_Start        bsp_beep.o
    0x080009dc   0x080009dc   0x0000000c   Code   RO         6172    i.BEGIN_CMD         hmi_driver.o
    0x080009e8   0x080009e8   0x00000004   Code   RO            3    i.BusFault_Handler  gd32f4xx_it.o
    0x080009ec   0x080009ec   0x00000038   Code   RO         7115    i.CRC_Compute       crc.o
    0x08000a24   0x08000a24   0x0000001c   Code   RO            4    i.DMA1_Channel2_IRQHandler  gd32f4xx_it.o
    0x08000a40   0x08000a40   0x00000020   Code   RO            5    i.DMA1_Channel7_IRQHandler  gd32f4xx_it.o
    0x08000a60   0x08000a60   0x00000060   Code   RO         6130    i.DcMotorCtrl       devctrl.o
    0x08000ac0   0x08000ac0   0x00000002   Code   RO            6    i.DebugMon_Handler  gd32f4xx_it.o
    0x08000ac2   0x08000ac2   0x00000036   Code   RO         6176    i.Display_Message   hmi_driver.o
    0x08000af8   0x08000af8   0x00000080   Code   RO         6177    i.Display_String    hmi_driver.o
    0x08000b78   0x08000b78   0x00000018   Code   RO         6178    i.END_CMD           hmi_driver.o
    0x08000b90   0x08000b90   0x0000001e   Code   RO            7    i.EXTI10_15_IRQHandler  gd32f4xx_it.o
    0x08000bae   0x08000bae   0x00000002   PAD
    0x08000bb0   0x08000bb0   0x00000098   Code   RO         6132    i.EleSwCtrl         devctrl.o
    0x08000c48   0x08000c48   0x0000004c   Code   RO         6740    i.FlowCtrl          app.o
    0x08000c94   0x08000c94   0x00000020   Code   RO         6741    i.Flow_Init         app.o
    0x08000cb4   0x08000cb4   0x00000062   Code   RO         6182    i.GUI_RectangleFill  hmi_driver.o
    0x08000d16   0x08000d16   0x00000002   PAD
    0x08000d18   0x08000d18   0x00000008   Code   RO         6627    i.GetCapture        timer.o
    0x08000d20   0x08000d20   0x00000022   Code   RO         6184    i.GetEditValue      hmi_driver.o
    0x08000d42   0x08000d42   0x00000002   PAD
    0x08000d44   0x08000d44   0x00000114   Code   RO         6508    i.GetFlow           sensor.o
    0x08000e58   0x08000e58   0x00000008   Code   RO         7169    i.GetInOut          inout.o
    0x08000e60   0x08000e60   0x00000008   Code   RO         6509    i.GetModbusPack     sensor.o
    0x08000e68   0x08000e68   0x000000e8   Code   RO         6510    i.GetModbusSens     sensor.o
    0x08000f50   0x08000f50   0x000001f0   Code   RO         6511    i.GetPH_ORP         sensor.o
    0x08001140   0x08001140   0x00000008   Code   RO         6512    i.GetSensor         sensor.o
    0x08001148   0x08001148   0x00000014   Code   RO         6187    i.GetStrLen         hmi_driver.o
    0x0800115c   0x0800115c   0x00000544   Code   RO         6513    i.GetTds_EleCurr    sensor.o
    0x080016a0   0x080016a0   0x0000000c   Code   RO         7356    i.GetTickResult     sys.o
    0x080016ac   0x080016ac   0x0000000c   Code   RO         7357    i.GetTickStatus     sys.o
    0x080016b8   0x080016b8   0x00000022   Code   RO         6188    i.GetTouchEditValue  hmi_driver.o
    0x080016da   0x080016da   0x00000002   PAD
    0x080016dc   0x080016dc   0x000000f4   Code   RO         6514    i.GetWaterLevel     sensor.o
    0x080017d0   0x080017d0   0x0000000c   Code   RO         7358    i.HAL_GetTick       sys.o
    0x080017dc   0x080017dc   0x00000008   Code   RO         6628    i.HAL_TIM_IC_CaptureCallback  timer.o
    0x080017e4   0x080017e4   0x00000004   Code   RO            8    i.HardFault_Handler  gd32f4xx_it.o
    0x080017e8   0x080017e8   0x00000034   Code   RO         6441    i.IRcvByte          i2c.o
    0x0800181c   0x0800181c   0x0000004c   Code   RO         6442    i.ISendByte         i2c.o
    0x08001868   0x08001868   0x000001ac   Code   RO          247    i.MX_GPIO_Init      main.o
    0x08001a14   0x08001a14   0x000000a4   Code   RO          248    i.MX_TIM1_Init      main.o
    0x08001ab8   0x08001ab8   0x00000088   Code   RO          249    i.MX_TIM3_Init      main.o
    0x08001b40   0x08001b40   0x00000164   Code   RO          250    i.MX_TIM4_Init      main.o
    0x08001ca4   0x08001ca4   0x00000080   Code   RO          251    i.MX_UART4_Init     main.o
    0x08001d24   0x08001d24   0x0000008c   Code   RO          252    i.MX_USART1_UART_Init  main.o
    0x08001db0   0x08001db0   0x00000088   Code   RO          253    i.MX_USART2_UART_Init  main.o
    0x08001e38   0x08001e38   0x0000008c   Code   RO          254    i.MX_USART3_UART_Init  main.o
    0x08001ec4   0x08001ec4   0x000000a4   Code   RO          255    i.MX_USART6_UART_Init  main.o
    0x08001f68   0x08001f68   0x00000004   Code   RO            9    i.MemManage_Handler  gd32f4xx_it.o
    0x08001f6c   0x08001f6c   0x00000070   Code   RO         7236    i.Modbus_03_Solve   modbus.o
    0x08001fdc   0x08001fdc   0x00000004   Code   RO         7237    i.Modbus_06_Solve   modbus.o
    0x08001fe0   0x08001fe0   0x00000004   Code   RO         7238    i.Modbus_16_Solve   modbus.o
    0x08001fe4   0x08001fe4   0x00000188   Code   RO         7239    i.Modbus_Pack       modbus.o
    0x0800216c   0x0800216c   0x00000002   Code   RO           10    i.NMI_Handler       gd32f4xx_it.o
    0x0800216e   0x0800216e   0x00000002   PAD
    0x08002170   0x08002170   0x00000028   Code   RO         7359    i.NVIC_SetPriority  sys.o
    0x08002198   0x08002198   0x00000014   Code   RO         6877    i.NotifyGetCheckbox  app_lcd.o
    0x080021ac   0x080021ac   0x0000004c   Code   RO         6878    i.NotifyGetEdit     app_lcd.o
    0x080021f8   0x080021f8   0x00000010   Code   RO         6879    i.NotifyGetPage     app_lcd.o
    0x08002208   0x08002208   0x00000010   Code   RO         6880    i.NotifyGetSlider   app_lcd.o
    0x08002218   0x08002218   0x0000004c   Code   RO         6881    i.NotifyGetTouchEdit  app_lcd.o
    0x08002264   0x08002264   0x00000018   Code   RO         6885    i.NotifySetPage     app_lcd.o
    0x0800227c   0x0800227c   0x00000054   Code   RO         6888    i.NotifyTouchButton  app_lcd.o
    0x080022d0   0x080022d0   0x00000014   Code   RO         6889    i.NotifyTouchCheckbox  app_lcd.o
    0x080022e4   0x080022e4   0x0000002c   Code   RO         6890    i.NotifyTouchEdit   app_lcd.o
    0x08002310   0x08002310   0x00000030   Code   RO         6891    i.NotifyTouchSlider  app_lcd.o
    0x08002340   0x08002340   0x00000248   Code   RO         7308    i.PIDCalc           pid.o
    0x08002588   0x08002588   0x0000000e   Code   RO         7309    i.PIDInit           pid.o
    0x08002596   0x08002596   0x00000002   Code   RO           11    i.PendSV_Handler    gd32f4xx_it.o
    0x08002598   0x08002598   0x000000e4   Code   RO         6894    i.ProcessMessage    app_lcd.o
    0x0800267c   0x0800267c   0x0000007c   Code   RO         7241    i.RS485_RxCpltCallback  modbus.o
    0x080026f8   0x080026f8   0x00000058   Code   RO         7242    i.RS485_SendData    modbus.o
    0x08002750   0x08002750   0x000000c8   Code   RO         7243    i.RS485_Service     modbus.o
    0x08002818   0x08002818   0x00000088   Code   RO         6443    i.RcvByte           i2c.o
    0x080028a0   0x080028a0   0x00000002   Code   RO           12    i.SVC_Handler       gd32f4xx_it.o
    0x080028a2   0x080028a2   0x00000002   PAD
    0x080028a4   0x080028a4   0x000000c8   Code   RO         6444    i.SendByte          i2c.o
    0x0800296c   0x0800296c   0x00000016   Code   RO         6189    i.SendStrings       hmi_driver.o
    0x08002982   0x08002982   0x0000001a   Code   RO         6190    i.SetBackLight      hmi_driver.o
    0x0800299c   0x0800299c   0x00000030   Code   RO         6191    i.SetBarGaugeValue  hmi_driver.o
    0x080029cc   0x080029cc   0x00000030   Code   RO         6192    i.SetBatteryValue   hmi_driver.o
    0x080029fc   0x080029fc   0x00000030   Code   RO         6194    i.SetCircleGaugeValue  hmi_driver.o
    0x08002a2c   0x08002a2c   0x00000036   Code   RO         6197    i.SetLableValue     hmi_driver.o
    0x08002a62   0x08002a62   0x00000030   Code   RO         6198    i.SetNumberValue    hmi_driver.o
    0x08002a92   0x08002a92   0x0000001a   Code   RO         6199    i.SetPage           hmi_driver.o
    0x08002aac   0x08002aac   0x0000002a   Code   RO         6200    i.SetProgressbarValue  hmi_driver.o
    0x08002ad6   0x08002ad6   0x00000030   Code   RO         6201    i.SetReset          hmi_driver.o
    0x08002b06   0x08002b06   0x00000030   Code   RO         6203    i.SetThermometerValue  hmi_driver.o
    0x08002b36   0x08002b36   0x00000030   Code   RO         6205    i.SetWaterGaugeValue  hmi_driver.o
    0x08002b66   0x08002b66   0x00000036   Code   RO         6206    i.SetWaveformValue  hmi_driver.o
    0x08002b9c   0x08002b9c   0x00000034   Code   RO         7171    i.Soft_Reset        inout.o
    0x08002bd0   0x08002bd0   0x00000068   Code   RO         6445    i.Start_I2c         i2c.o
    0x08002c38   0x08002c38   0x00000050   Code   RO         6446    i.Stop_I2c          i2c.o
    0x08002c88   0x08002c88   0x00000018   Code   RO           13    i.SysTick_Handler   gd32f4xx_it.o
    0x08002ca0   0x08002ca0   0x000000b8   Code   RO          431    i.SystemInit        system_gd32f4xx.o
    0x08002d58   0x08002d58   0x000000d0   Code   RO         6629    i.TIM3CaptureChannel3Callback  timer.o
    0x08002e28   0x08002e28   0x00000018   Code   RO           14    i.TIMER2_IRQHandler  gd32f4xx_it.o
    0x08002e40   0x08002e40   0x00000040   Code   RO         7360    i.TickPro           sys.o
    0x08002e80   0x08002e80   0x00000046   Code   RO         6744    i.TickTimeoutAb     app.o
    0x08002ec6   0x08002ec6   0x00000068   Code   RO         6745    i.TickTimeoutNor    app.o
    0x08002f2e   0x08002f2e   0x00000002   PAD
    0x08002f30   0x08002f30   0x00000028   Code   RO           15    i.USART5_IRQHandler  gd32f4xx_it.o
    0x08002f58   0x08002f58   0x00000280   Code   RO         6895    i.UpdateUI          app_lcd.o
    0x080031d8   0x080031d8   0x00000004   Code   RO           16    i.UsageFault_Handler  gd32f4xx_it.o
    0x080031dc   0x080031dc   0x0000000e   Code   RO         6447    i._Nop              i2c.o
    0x080031ea   0x080031ea   0x00000002   PAD
    0x080031ec   0x080031ec   0x00000020   Code   RO         7696    i.__0printf         mc_w.l(printfa.o)
    0x0800320c   0x0800320c   0x00000028   Code   RO         7698    i.__0sprintf        mc_w.l(printfa.o)
    0x08003234   0x08003234   0x00000030   Code   RO         7820    i.__ARM_fpclassify  m_wm.l(fpclassify.o)
    0x08003264   0x08003264   0x00000004   PAD
    0x08003268   0x08003268   0x000000c8   Code   RO         7440    i.__hardfp_sin      m_wm.l(sin.o)
    0x08003330   0x08003330   0x00000438   Code   RO         7763    i.__ieee754_rem_pio2  m_wm.l(rred.o)
    0x08003768   0x08003768   0x00000170   Code   RO         7746    i.__kernel_cos      m_wm.l(cos_i.o)
    0x080038d8   0x080038d8   0x000000f8   Code   RO         7822    i.__kernel_poly     m_wm.l(poly.o)
    0x080039d0   0x080039d0   0x00000130   Code   RO         7768    i.__kernel_sin      m_wm.l(sin_i.o)
    0x08003b00   0x08003b00   0x00000014   Code   RO         7750    i.__mathlib_dbl_infnan  m_wm.l(dunder.o)
    0x08003b14   0x08003b14   0x00000004   PAD
    0x08003b18   0x08003b18   0x00000020   Code   RO         7752    i.__mathlib_dbl_invalid  m_wm.l(dunder.o)
    0x08003b38   0x08003b38   0x00000020   Code   RO         7755    i.__mathlib_dbl_underflow  m_wm.l(dunder.o)
    0x08003b58   0x08003b58   0x0000000e   Code   RO         7828    i.__scatterload_copy  mc_w.l(handlers.o)
    0x08003b66   0x08003b66   0x00000002   Code   RO         7829    i.__scatterload_null  mc_w.l(handlers.o)
    0x08003b68   0x08003b68   0x0000000e   Code   RO         7830    i.__scatterload_zeroinit  mc_w.l(handlers.o)
    0x08003b76   0x08003b76   0x00000002   PAD
    0x08003b78   0x08003b78   0x0000000c   Code   RO         7800    i.__set_errno       mc_w.l(errno.o)
    0x08003b84   0x08003b84   0x00000184   Code   RO         7703    i._fp_digits        mc_w.l(printfa.o)
    0x08003d08   0x08003d08   0x000006dc   Code   RO         7704    i._printf_core      mc_w.l(printfa.o)
    0x080043e4   0x080043e4   0x00000024   Code   RO         7705    i._printf_post_padding  mc_w.l(printfa.o)
    0x08004408   0x08004408   0x0000002e   Code   RO         7706    i._printf_pre_padding  mc_w.l(printfa.o)
    0x08004436   0x08004436   0x0000000a   Code   RO         7708    i._sputc            mc_w.l(printfa.o)
    0x08004440   0x08004440   0x000002c8   Code   RO         6746    i.abnormalDec       app.o
    0x08004708   0x08004708   0x0000002a   Code   RO         1712    i.adc_calibration_enable  gd32f4xx_adc.o
    0x08004732   0x08004732   0x00000002   PAD
    0x08004734   0x08004734   0x00000060   Code   RO         1713    i.adc_channel_16_to_18  gd32f4xx_adc.o
    0x08004794   0x08004794   0x00000052   Code   RO         1714    i.adc_channel_length_config  gd32f4xx_adc.o
    0x080047e6   0x080047e6   0x00000002   PAD
    0x080047e8   0x080047e8   0x0000003c   Code   RO         6517    i.adc_channel_sample  sensor.o
    0x08004824   0x08004824   0x00000024   Code   RO         1715    i.adc_clock_config  gd32f4xx_adc.o
    0x08004848   0x08004848   0x000000cc   Code   RO          257    i.adc_config        main.o
    0x08004914   0x08004914   0x00000016   Code   RO         1716    i.adc_data_alignment_config  gd32f4xx_adc.o
    0x0800492a   0x0800492a   0x00000014   Code   RO         1717    i.adc_deinit        gd32f4xx_adc.o
    0x0800493e   0x0800493e   0x00000012   Code   RO         1724    i.adc_enable        gd32f4xx_adc.o
    0x08004950   0x08004950   0x00000034   Code   RO         1726    i.adc_external_trigger_config  gd32f4xx_adc.o
    0x08004984   0x08004984   0x00000030   Code   RO         1727    i.adc_external_trigger_source_config  gd32f4xx_adc.o
    0x080049b4   0x080049b4   0x00000008   Code   RO         1728    i.adc_flag_clear    gd32f4xx_adc.o
    0x080049bc   0x080049bc   0x0000000e   Code   RO         1729    i.adc_flag_get      gd32f4xx_adc.o
    0x080049ca   0x080049ca   0x0000007c   Code   RO         1730    i.adc_inserted_channel_config  gd32f4xx_adc.o
    0x08004a46   0x08004a46   0x0000002e   Code   RO         1732    i.adc_inserted_data_read  gd32f4xx_adc.o
    0x08004a74   0x08004a74   0x000000ac   Code   RO         1741    i.adc_regular_channel_config  gd32f4xx_adc.o
    0x08004b20   0x08004b20   0x00000008   Code   RO         1742    i.adc_regular_data_read  gd32f4xx_adc.o
    0x08004b28   0x08004b28   0x00000024   Code   RO         1745    i.adc_software_trigger_enable  gd32f4xx_adc.o
    0x08004b4c   0x08004b4c   0x0000005a   Code   RO         1746    i.adc_special_function_config  gd32f4xx_adc.o
    0x08004ba6   0x08004ba6   0x00000002   PAD
    0x08004ba8   0x08004ba8   0x00000024   Code   RO         1751    i.adc_sync_mode_config  gd32f4xx_adc.o
    0x08004bcc   0x08004bcc   0x00000008   Code   RO         6747    i.app               app.o
    0x08004bd4   0x08004bd4   0x0000016c   Code   RO         6028    i.bsp_SetTIMOutPWM  bsp_beep.o
    0x08004d40   0x08004d40   0x000002fc   Code   RO         6518    i.calibration_sensors  sensor.o
    0x0800503c   0x0800503c   0x00000018   Code   RO         7361    i.delay_ms          sys.o
    0x08005054   0x08005054   0x00000018   Code   RO         7362    i.delay_us          sys.o
    0x0800506c   0x0800506c   0x00000020   Code   RO         1051    i.dma_channel_enable  gd32f4xx_dma.o
    0x0800508c   0x0800508c   0x00000026   Code   RO         1052    i.dma_channel_subperipheral_select  gd32f4xx_dma.o
    0x080050b2   0x080050b2   0x00000020   Code   RO         1053    i.dma_circulation_disable  gd32f4xx_dma.o
    0x080050d2   0x080050d2   0x00000002   PAD
    0x080050d4   0x080050d4   0x000000b8   Code   RO          258    i.dma_config        main.o
    0x0800518c   0x0800518c   0x000000a4   Code   RO         1055    i.dma_deinit        gd32f4xx_dma.o
    0x08005230   0x08005230   0x0000003e   Code   RO         1061    i.dma_interrupt_enable  gd32f4xx_dma.o
    0x0800526e   0x0800526e   0x0000003e   Code   RO         1062    i.dma_interrupt_flag_clear  gd32f4xx_dma.o
    0x080052ac   0x080052ac   0x00000204   Code   RO         1063    i.dma_interrupt_flag_get  gd32f4xx_dma.o
    0x080054b0   0x080054b0   0x00000158   Code   RO         1075    i.dma_single_data_mode_init  gd32f4xx_dma.o
    0x08005608   0x08005608   0x000001d4   Code   RO         6750    i.ele_dev_proc      app.o
    0x080057dc   0x080057dc   0x00000094   Code   RO         6751    i.ele_process       app.o
    0x08005870   0x08005870   0x000000bc   Code   RO         1267    i.exti_init         gd32f4xx_exti.o
    0x0800592c   0x0800592c   0x0000000c   Code   RO         1270    i.exti_interrupt_flag_clear  gd32f4xx_exti.o
    0x08005938   0x08005938   0x00000024   Code   RO         1271    i.exti_interrupt_flag_get  gd32f4xx_exti.o
    0x0800595c   0x0800595c   0x00000018   Code   RO         7816    i.fabs              m_wm.l(fabs.o)
    0x08005974   0x08005974   0x00000024   Code   RO         6752    i.fill_pro          app.o
    0x08005998   0x08005998   0x0000002c   Code   RO         7363    i.fputc             sys.o
    0x080059c4   0x080059c4   0x00000008   Code   RO         7058    i.getQueue          cmd_queue.o
    0x080059cc   0x080059cc   0x00000008   Code   RO         7172    i.getTouch          inout.o
    0x080059d4   0x080059d4   0x00000008   Code   RO         6896    i.getuiCallback     app_lcd.o
    0x080059dc   0x080059dc   0x0000005e   Code   RO          946    i.gpio_af_set       gd32f4xx_gpio.o
    0x08005a3a   0x08005a3a   0x00000004   Code   RO          947    i.gpio_bit_reset    gd32f4xx_gpio.o
    0x08005a3e   0x08005a3e   0x00000004   Code   RO          948    i.gpio_bit_set      gd32f4xx_gpio.o
    0x08005a42   0x08005a42   0x0000000a   Code   RO          950    i.gpio_bit_write    gd32f4xx_gpio.o
    0x08005a4c   0x08005a4c   0x00000074   Code   RO          259    i.gpio_config       main.o
    0x08005ac0   0x08005ac0   0x00000010   Code   RO          952    i.gpio_input_bit_get  gd32f4xx_gpio.o
    0x08005ad0   0x08005ad0   0x0000004e   Code   RO          954    i.gpio_mode_set     gd32f4xx_gpio.o
    0x08005b1e   0x08005b1e   0x00000042   Code   RO          956    i.gpio_output_options_set  gd32f4xx_gpio.o
    0x08005b60   0x08005b60   0x00000108   Code   RO         6897    i.lcd_boot          app_lcd.o
    0x08005c68   0x08005c68   0x0000003c   Code   RO         6898    i.lcd_init          app_lcd.o
    0x08005ca4   0x08005ca4   0x00000478   Code   RO         6753    i.lcd_proc          app.o
    0x0800611c   0x0800611c   0x00000244   Code   RO         6899    i.lcd_touch_interrupt  app_lcd.o
    0x08006360   0x08006360   0x00000068   Code   RO          260    i.main              main.o
    0x080063c8   0x080063c8   0x000001b4   Code   RO         6520    i.module_anlysis    sensor.o
    0x0800657c   0x0800657c   0x000000e8   Code   RO         6754    i.module_dis_proc   app.o
    0x08006664   0x08006664   0x0000004e   Code   RO         6755    i.module_reset      app.o
    0x080066b2   0x080066b2   0x0000003c   Code   RO          261    i.nvic_config       main.o
    0x080066ee   0x080066ee   0x00000002   PAD
    0x080066f0   0x080066f0   0x000000c4   Code   RO         4146    i.nvic_irq_enable   gd32f4xx_misc.o
    0x080067b4   0x080067b4   0x00000014   Code   RO         4147    i.nvic_priority_group_set  gd32f4xx_misc.o
    0x080067c8   0x080067c8   0x00000110   Code   RO         6521    i.orp_ph_process    sensor.o
    0x080068d8   0x080068d8   0x0000007c   Code   RO         7311    i.pid_init          pid.o
    0x08006954   0x08006954   0x00000044   Code   RO         7312    i.pid_proc          pid.o
    0x08006998   0x08006998   0x00000024   Code   RO         7059    i.queue_clear       cmd_queue.o
    0x080069bc   0x080069bc   0x000000fc   Code   RO         7060    i.queue_find_cmd    cmd_queue.o
    0x08006ab8   0x08006ab8   0x00000034   Code   RO         7061    i.queue_pop         cmd_queue.o
    0x08006aec   0x08006aec   0x00000030   Code   RO         7062    i.queue_push        cmd_queue.o
    0x08006b1c   0x08006b1c   0x00000018   Code   RO         7063    i.queue_reset       cmd_queue.o
    0x08006b34   0x08006b34   0x00000020   Code   RO         7064    i.queue_size        cmd_queue.o
    0x08006b54   0x08006b54   0x00000124   Code   RO         1357    i.rcu_clock_freq_get  gd32f4xx_rcu.o
    0x08006c78   0x08006c78   0x00000034   Code   RO          262    i.rcu_config        main.o
    0x08006cac   0x08006cac   0x00000024   Code   RO         1376    i.rcu_periph_clock_enable  gd32f4xx_rcu.o
    0x08006cd0   0x08006cd0   0x00000024   Code   RO         1379    i.rcu_periph_reset_disable  gd32f4xx_rcu.o
    0x08006cf4   0x08006cf4   0x00000024   Code   RO         1380    i.rcu_periph_reset_enable  gd32f4xx_rcu.o
    0x08006d18   0x08006d18   0x00000024   Code   RO         1392    i.rcu_timer_clock_prescaler_config  gd32f4xx_rcu.o
    0x08006d3c   0x08006d3c   0x00000016   Code   RO         6900    i.reboot_progress   app_lcd.o
    0x08006d52   0x08006d52   0x00000002   PAD
    0x08006d54   0x08006d54   0x0000006c   Code   RO         7364    i.registerTick      sys.o
    0x08006dc0   0x08006dc0   0x00000014   Code   RO         6522    i.sensor_process    sensor.o
    0x08006dd4   0x08006dd4   0x000000ac   Code   RO         4879    i.syscfg_exti_line_config  gd32f4xx_syscfg.o
    0x08006e80   0x08006e80   0x000000fc   Code   RO          432    i.system_clock_120m_irc16m  system_gd32f4xx.o
    0x08006f7c   0x08006f7c   0x00000008   Code   RO          433    i.system_clock_config  system_gd32f4xx.o
    0x08006f84   0x08006f84   0x00000050   Code   RO         7365    i.systick_config    sys.o
    0x08006fd4   0x08006fd4   0x0000000a   Code   RO         4937    i.timer_auto_reload_shadow_enable  gd32f4xx_timer.o
    0x08006fde   0x08006fde   0x0000002a   Code   RO         4945    i.timer_channel_capture_value_register_read  gd32f4xx_timer.o
    0x08007008   0x08007008   0x0000005a   Code   RO         4951    i.timer_channel_input_capture_prescaler_config  gd32f4xx_timer.o
    0x08007062   0x08007062   0x00000002   PAD
    0x08007064   0x08007064   0x000001ec   Code   RO         4954    i.timer_channel_output_config  gd32f4xx_timer.o
    0x08007250   0x08007250   0x0000005a   Code   RO         4956    i.timer_channel_output_mode_config  gd32f4xx_timer.o
    0x080072aa   0x080072aa   0x00000026   Code   RO         4958    i.timer_channel_output_pulse_value_config  gd32f4xx_timer.o
    0x080072d0   0x080072d0   0x0000005a   Code   RO         4959    i.timer_channel_output_shadow_config  gd32f4xx_timer.o
    0x0800732a   0x0800732a   0x00000002   PAD
    0x0800732c   0x0800732c   0x00000184   Code   RO         4968    i.timer_deinit      gd32f4xx_timer.o
    0x080074b0   0x080074b0   0x0000000a   Code   RO         4973    i.timer_enable      gd32f4xx_timer.o
    0x080074ba   0x080074ba   0x00000002   PAD
    0x080074bc   0x080074bc   0x00000098   Code   RO         4983    i.timer_init        gd32f4xx_timer.o
    0x08007554   0x08007554   0x00000146   Code   RO         4984    i.timer_input_capture_config  gd32f4xx_timer.o
    0x0800769a   0x0800769a   0x00000008   Code   RO         4990    i.timer_interrupt_enable  gd32f4xx_timer.o
    0x080076a2   0x080076a2   0x00000006   Code   RO         4991    i.timer_interrupt_flag_clear  gd32f4xx_timer.o
    0x080076a8   0x080076a8   0x00000018   Code   RO         4992    i.timer_interrupt_flag_get  gd32f4xx_timer.o
    0x080076c0   0x080076c0   0x00000018   Code   RO         4998    i.timer_primary_output_config  gd32f4xx_timer.o
    0x080076d8   0x080076d8   0x00000130   Code   RO         7175    i.touch_pro         inout.o
    0x08007808   0x08007808   0x000000e8   Code   RO         5556    i.usart_baudrate_set  gd32f4xx_usart.o
    0x080078f0   0x080078f0   0x0000000a   Code   RO         5560    i.usart_data_receive  gd32f4xx_usart.o
    0x080078fa   0x080078fa   0x00000008   Code   RO         5561    i.usart_data_transmit  gd32f4xx_usart.o
    0x08007902   0x08007902   0x00000002   PAD
    0x08007904   0x08007904   0x000000dc   Code   RO         5562    i.usart_deinit      gd32f4xx_usart.o
    0x080079e0   0x080079e0   0x00000010   Code   RO         5564    i.usart_dma_receive_config  gd32f4xx_usart.o
    0x080079f0   0x080079f0   0x00000010   Code   RO         5565    i.usart_dma_transmit_config  gd32f4xx_usart.o
    0x08007a00   0x08007a00   0x0000000a   Code   RO         5566    i.usart_enable      gd32f4xx_usart.o
    0x08007a0a   0x08007a0a   0x0000001e   Code   RO         5568    i.usart_flag_get    gd32f4xx_usart.o
    0x08007a28   0x08007a28   0x0000001a   Code   RO         5576    i.usart_interrupt_enable  gd32f4xx_usart.o
    0x08007a42   0x08007a42   0x0000001a   Code   RO         5577    i.usart_interrupt_flag_clear  gd32f4xx_usart.o
    0x08007a5c   0x08007a5c   0x00000038   Code   RO         5578    i.usart_interrupt_flag_get  gd32f4xx_usart.o
    0x08007a94   0x08007a94   0x00000010   Code   RO         5593    i.usart_receive_config  gd32f4xx_usart.o
    0x08007aa4   0x08007aa4   0x00000010   Code   RO         5608    i.usart_transmit_config  gd32f4xx_usart.o
    0x08007ab4   0x08007ab4   0x00000024   Code   RO         6756    i.work_process      app.o
    0x08007ad8   0x08007ad8   0x000001c0   Data   RO         6524    .constdata          sensor.o
    0x08007c98   0x08007c98   0x00000048   Data   RO         6902    .constdata          app_lcd.o
    0x08007ce0   0x08007ce0   0x00000200   Data   RO         7116    .constdata          crc.o
    0x08007ee0   0x08007ee0   0x00000030   Data   RO         7747    .constdata          m_wm.l(cos_i.o)
    0x08007f10   0x08007f10   0x000000c8   Data   RO         7765    .constdata          m_wm.l(rred.o)
    0x08007fd8   0x08007fd8   0x00000028   Data   RO         7769    .constdata          m_wm.l(sin_i.o)
    0x08008000   0x08008000   0x00000020   Data   RO         7826    Region$$Table       anon$$obj.o


    Execution Region RW_IRAM1 (Exec base: 0x20000000, Load base: 0x08008020, Size: 0x00000908, Max: 0x00020000, ABSOLUTE)

    Exec Addr    Load Addr    Size         Type   Attr      Idx    E Section Name        Object

    0x20000000   0x08008020   0x00000008   Data   RW           17    .data               gd32f4xx_it.o
    0x20000008   0x08008028   0x00000004   Data   RW          434    .data               system_gd32f4xx.o
    0x2000000c   0x0800802c   0x00000001   Data   RW         6212    .data               hmi_driver.o
    0x2000000d   0x0800802d   0x00000001   Data   RW         6448    .data               i2c.o
    0x2000000e   0x0800802e   0x00000002   PAD
    0x20000010   0x08008030   0x0000002b   Data   RW         6525    .data               sensor.o
    0x2000003b   0x0800805b   0x00000001   PAD
    0x2000003c   0x0800805c   0x0000001a   Data   RW         6631    .data               timer.o
    0x20000056   0x08008076   0x00000002   PAD
    0x20000058   0x08008078   0x00000013   Data   RW         6757    .data               app.o
    0x2000006b   0x0800808b   0x00000001   PAD
    0x2000006c   0x0800808c   0x00000013   Data   RW         6903    .data               app_lcd.o
    0x2000007f   0x0800809f   0x00000001   PAD
    0x20000080   0x080080a0   0x00000005   Data   RW         7066    .data               cmd_queue.o
    0x20000085   0x080080a5   0x0000000b   Data   RW         7177    .data               inout.o
    0x20000090   0x080080b0   0x0000000d   Data   RW         7246    .data               modbus.o
    0x2000009d   0x080080bd   0x00000003   PAD
    0x200000a0   0x080080c0   0x00000018   Data   RW         7314    .data               pid.o
    0x200000b8   0x080080d8   0x00000008   Data   RW         7367    .data               sys.o
    0x200000c0   0x080080e0   0x00000004   Data   RW         7801    .data               mc_w.l(errno.o)
    0x200000c4        -       0x00000010   Zero   RW         6029    .bss                bsp_beep.o
    0x200000d4        -       0x00000040   Zero   RW         6211    .bss                hmi_driver.o
    0x20000114        -       0x000000f0   Zero   RW         6523    .bss                sensor.o
    0x20000204        -       0x00000041   Zero   RW         6901    .bss                app_lcd.o
    0x20000245   0x080080e4   0x00000001   PAD
    0x20000246        -       0x00000084   Zero   RW         7065    .bss                cmd_queue.o
    0x200002ca   0x080080e4   0x00000002   PAD
    0x200002cc        -       0x0000003c   Zero   RW         7176    .bss                inout.o
    0x20000308        -       0x0000011c   Zero   RW         7245    .bss                modbus.o
    0x20000424   0x080080e4   0x00000004   PAD
    0x20000428        -       0x00000038   Zero   RW         7313    .bss                pid.o
    0x20000460        -       0x000000a8   Zero   RW         7366    .bss                sys.o
    0x20000508        -       0x00000400   Zero   RW         5953    STACK               startup_gd32f450.o


==============================================================================

Image component sizes


      Code (inc. data)   RO Data    RW Data    ZI Data      Debug   Object Name

      3144        256          0         19          0      12200   app.o
      2226        188         72         19         65      13799   app_lcd.o
       424         16          0          0         16       1988   bsp_beep.o
       452         50          0          5        132       4481   cmd_queue.o
        56         10        512          0          0       1260   crc.o
       248         18          0          0          0       1322   devctrl.o
       950         26          0          0          0      12955   gd32f4xx_adc.o
      1250          4          0          0          0       6734   gd32f4xx_dma.o
       236         14          0          0          0       2182   gd32f4xx_exti.o
       272          0          0          0          0       5278   gd32f4xx_gpio.o
       202         30          0          8          0      11608   gd32f4xx_it.o
       216         20          0          0          0       1560   gd32f4xx_misc.o
       436         44          0          0          0       4419   gd32f4xx_rcu.o
       172          6          0          0          0        818   gd32f4xx_syscfg.o
      1790         52          0          0          0      11884   gd32f4xx_timer.o
       682         18          0          0          0       9434   gd32f4xx_usart.o
       992         22          0          1         64      14857   hmi_driver.o
       762         38          0          1          0       5138   i2c.o
       372         26          0         11         60      31738   inout.o
      2512        130          0          0          0      88398   main.o
       924         52          0         13        284       5088   modbus.o
       790         98          0         24         56       3330   pid.o
      4164        316        448         43        240      10323   sensor.o
        36          8        428          0       1024        912   startup_gd32f450.o
       420         48          0          8        168      34041   sys.o
       444         30          0          4          0       2891   system_gd32f4xx.o
       224         36          0         26          0       2165   timer.o

    ----------------------------------------------------------------------
     24432       1556       1492        192       2116     300803   Object Totals
         0          0         32          0          0          0   (incl. Generated)
        36          0          0         10          7          0   (incl. Padding)

    ----------------------------------------------------------------------

      Code (inc. data)   RO Data    RW Data    ZI Data      Debug   Library Member Name

       368         46         48          0          0        200   cos_i.o
        84         16          0          0          0        372   dunder.o
        24          0          0          0          0        124   fabs.o
        48          0          0          0          0        124   fpclassify.o
       248          0          0          0          0        152   poly.o
      1080        142        200          0          0        188   rred.o
       200         20          0          0          0        164   sin.o
       304         24         40          0          0        208   sin_i.o
         0          0          0          0          0          0   entry.o
         0          0          0          0          0          0   entry10a.o
         0          0          0          0          0          0   entry11a.o
         8          4          0          0          0          0   entry2.o
         4          0          0          0          0          0   entry5.o
         0          0          0          0          0          0   entry7b.o
         0          0          0          0          0          0   entry8b.o
         8          4          0          0          0          0   entry9a.o
        12          6          0          4          0         68   errno.o
        30          0          0          0          0          0   handlers.o
        36          8          0          0          0         68   init.o
         0          0          0          0          0          0   iusefp.o
        30          0          0          0          0         68   llshl.o
        36          0          0          0          0         68   llsshr.o
        32          0          0          0          0         68   llushr.o
        36          0          0          0          0         68   memcpya.o
        36          0          0          0          0        108   memseta.o
      2308         96          0          0          0        604   printfa.o
        14          0          0          0          0         68   strlen.o
        44          0          0          0          0         80   uidiv.o
        98          0          0          0          0         92   uldiv.o
        48          0          0          0          0         68   cdcmple.o
        48          0          0          0          0         68   cdrcmple.o
        56          0          0          0          0         88   d2f.o
       334          0          0          0          0        148   dadd.o
       222          0          0          0          0        100   ddiv.o
       186          0          0          0          0        176   depilogue.o
        62          0          0          0          0         80   dfixi.o
        50          0          0          0          0         76   dfixui.o
        48          0          0          0          0         68   dfixul.o
        34          0          0          0          0         76   dflti.o
        26          0          0          0          0         76   dfltui.o
       228          0          0          0          0         96   dmul.o
        38          0          0          0          0         68   f2d.o
       110          0          0          0          0        168   fepilogue.o

    ----------------------------------------------------------------------
      6588        366        288          4          0       4248   Library Totals
        10          0          0          0          0          0   (incl. Padding)

    ----------------------------------------------------------------------

      Code (inc. data)   RO Data    RW Data    ZI Data      Debug   Library Name

      2356        248        288          0          0       1532   m_wm.l
      2732        118          0          4          0       1360   mc_w.l
      1490          0          0          0          0       1356   mf_w.l

    ----------------------------------------------------------------------
      6588        366        288          4          0       4248   Library Totals

    ----------------------------------------------------------------------

==============================================================================


      Code (inc. data)   RO Data    RW Data    ZI Data      Debug   

     31020       1922       1780        196       2116     281799   Grand Totals
     31020       1922       1780        196       2116     281799   ELF Image Totals
     31020       1922       1780        196          0          0   ROM Totals

==============================================================================

    Total RO  Size (Code + RO Data)                32800 (  32.03kB)
    Total RW  Size (RW Data + ZI Data)              2312 (   2.26kB)
    Total ROM Size (Code + RO Data + RW Data)      32996 (  32.22kB)

==============================================================================

