Component: ARM Compiler 5.06 update 6 (build 750) Tool: armlink [4d35ed]

==============================================================================

Section Cross References

    main.o(i.adc_config) refers to gd32f10x_adc.o(i.adc_deinit) for adc_deinit
    main.o(i.adc_config) refers to gd32f10x_adc.o(i.adc_mode_config) for adc_mode_config
    main.o(i.adc_config) refers to gd32f10x_adc.o(i.adc_special_function_config) for adc_special_function_config
    main.o(i.adc_config) refers to gd32f10x_adc.o(i.adc_data_alignment_config) for adc_data_alignment_config
    main.o(i.adc_config) refers to gd32f10x_adc.o(i.adc_tempsensor_vrefint_enable) for adc_tempsensor_vrefint_enable
    main.o(i.adc_config) refers to gd32f10x_adc.o(i.adc_channel_length_config) for adc_channel_length_config
    main.o(i.adc_config) refers to gd32f10x_adc.o(i.adc_inserted_channel_config) for adc_inserted_channel_config
    main.o(i.adc_config) refers to gd32f10x_adc.o(i.adc_external_trigger_source_config) for adc_external_trigger_source_config
    main.o(i.adc_config) refers to gd32f10x_adc.o(i.adc_regular_channel_config) for adc_regular_channel_config
    main.o(i.adc_config) refers to gd32f10x_adc.o(i.adc_external_trigger_config) for adc_external_trigger_config
    main.o(i.adc_config) refers to gd32f10x_adc.o(i.adc_enable) for adc_enable
    main.o(i.adc_config) refers to sys.o(i.delay_ms) for delay_ms
    main.o(i.adc_config) refers to gd32f10x_adc.o(i.adc_calibration_enable) for adc_calibration_enable
    main.o(i.adc_config) refers to gd32f10x_adc.o(i.adc_dma_mode_enable) for adc_dma_mode_enable
    main.o(i.adc_config) refers to gd32f10x_adc.o(i.adc_software_trigger_enable) for adc_software_trigger_enable
    main.o(i.gd_dma_init) refers to gd32f10x_rcu.o(i.rcu_periph_clock_enable) for rcu_periph_clock_enable
    main.o(i.gd_dma_init) refers to gd32f10x_dma.o(i.dma_deinit) for dma_deinit
    main.o(i.gd_dma_init) refers to gd32f10x_dma.o(i.dma_init) for dma_init
    main.o(i.gd_dma_init) refers to gd32f10x_dma.o(i.dma_circulation_enable) for dma_circulation_enable
    main.o(i.gd_dma_init) refers to gd32f10x_dma.o(i.dma_channel_enable) for dma_channel_enable
    main.o(i.gd_dma_init) refers to gd32f10x_dma.o(i.dma_circulation_disable) for dma_circulation_disable
    main.o(i.gd_dma_init) refers to sensor.o(.data) for adc1_val_buf
    main.o(i.gd_dma_init) refers to modbus.o(.bss) for modbus_usr
    main.o(i.gd_uart_init) refers to gd32f10x_rcu.o(i.rcu_periph_clock_enable) for rcu_periph_clock_enable
    main.o(i.gd_uart_init) refers to gd32f10x_gpio.o(i.gpio_init) for gpio_init
    main.o(i.gd_uart_init) refers to gd32f10x_usart.o(i.usart_deinit) for usart_deinit
    main.o(i.gd_uart_init) refers to gd32f10x_usart.o(i.usart_baudrate_set) for usart_baudrate_set
    main.o(i.gd_uart_init) refers to gd32f10x_usart.o(i.usart_word_length_set) for usart_word_length_set
    main.o(i.gd_uart_init) refers to gd32f10x_usart.o(i.usart_stop_bit_set) for usart_stop_bit_set
    main.o(i.gd_uart_init) refers to gd32f10x_usart.o(i.usart_parity_config) for usart_parity_config
    main.o(i.gd_uart_init) refers to gd32f10x_usart.o(i.usart_hardware_flow_rts_config) for usart_hardware_flow_rts_config
    main.o(i.gd_uart_init) refers to gd32f10x_usart.o(i.usart_hardware_flow_cts_config) for usart_hardware_flow_cts_config
    main.o(i.gd_uart_init) refers to gd32f10x_usart.o(i.usart_receive_config) for usart_receive_config
    main.o(i.gd_uart_init) refers to gd32f10x_usart.o(i.usart_transmit_config) for usart_transmit_config
    main.o(i.gd_uart_init) refers to gd32f10x_misc.o(i.nvic_irq_enable) for nvic_irq_enable
    main.o(i.gd_uart_init) refers to gd32f10x_usart.o(i.usart_interrupt_enable) for usart_interrupt_enable
    main.o(i.gd_uart_init) refers to gd32f10x_usart.o(i.usart_enable) for usart_enable
    main.o(i.gd_uart_init) refers to gd32f10x_usart.o(i.usart_dma_receive_config) for usart_dma_receive_config
    main.o(i.gpio_config) refers to gd32f10x_gpio.o(i.gpio_init) for gpio_init
    main.o(i.gpio_config) refers to gd32f10x_gpio.o(i.gpio_bit_write) for gpio_bit_write
    main.o(i.main) refers to main.o(i.rcu_config) for rcu_config
    main.o(i.main) refers to sys.o(i.systick_config) for systick_config
    main.o(i.main) refers to main.o(i.gpio_config) for gpio_config
    main.o(i.main) refers to main.o(i.timer_config) for timer_config
    main.o(i.main) refers to main.o(i.adc_config) for adc_config
    main.o(i.main) refers to main.o(i.gd_uart_init) for gd_uart_init
    main.o(i.main) refers to main.o(i.gd_dma_init) for gd_dma_init
    main.o(i.main) refers to main.o(i.nvic_config) for nvic_config
    main.o(i.main) refers to sensor.o(i.params_Init) for params_Init
    main.o(i.main) refers to gd32f10x_gpio.o(i.gpio_bit_write) for gpio_bit_write
    main.o(i.main) refers to gd32f10x_timer.o(i.timer_channel_output_pulse_value_config) for timer_channel_output_pulse_value_config
[...]
    Removing gd32f10x_i2c.o(i.i2c_software_reset_config), (16 bytes).
    Removing gd32f10x_i2c.o(i.i2c_start_on_bus), (10 bytes).
    Removing gd32f10x_i2c.o(i.i2c_stop_on_bus), (10 bytes).
    Removing gd32f10x_i2c.o(i.i2c_stretch_scl_low_config), (16 bytes).
    Removing gd32f10x_misc.o(.rev16_text), (4 bytes).
    Removing gd32f10x_misc.o(.revsh_text), (4 bytes).
    Removing gd32f10x_misc.o(i.nvic_irq_disable), (24 bytes).
    Removing gd32f10x_misc.o(i.system_lowpower_reset), (16 bytes).
    Removing gd32f10x_misc.o(i.system_lowpower_set), (16 bytes).
    Removing gd32f10x_misc.o(i.systick_clksource_set), (40 bytes).
    Removing gd32f10x_pmu.o(.rev16_text), (4 bytes).
    Removing gd32f10x_pmu.o(.revsh_text), (4 bytes).
    Removing gd32f10x_pmu.o(i.pmu_backup_write_disable), (20 bytes).
    Removing gd32f10x_pmu.o(i.pmu_backup_write_enable), (20 bytes).
    Removing gd32f10x_pmu.o(i.pmu_deinit), (20 bytes).
    Removing gd32f10x_pmu.o(i.pmu_flag_clear), (48 bytes).
    Removing gd32f10x_pmu.o(i.pmu_flag_get), (24 bytes).
    Removing gd32f10x_pmu.o(i.pmu_lvd_disable), (20 bytes).
    Removing gd32f10x_pmu.o(i.pmu_lvd_select), (48 bytes).
    Removing gd32f10x_pmu.o(i.pmu_to_deepsleepmode), (196 bytes).
    Removing gd32f10x_pmu.o(i.pmu_to_sleepmode), (28 bytes).
    Removing gd32f10x_pmu.o(i.pmu_to_standbymode), (52 bytes).
    Removing gd32f10x_pmu.o(i.pmu_wakeup_pin_disable), (20 bytes).
    Removing gd32f10x_pmu.o(i.pmu_wakeup_pin_enable), (20 bytes).
    Removing gd32f10x_pmu.o(.bss), (16 bytes).
    Removing gd32f10x_rcu.o(.rev16_text), (4 bytes).
    Removing gd32f10x_rcu.o(.revsh_text), (4 bytes).
    Removing gd32f10x_rcu.o(i.rcu_ahb_clock_config), (24 bytes).
    Removing gd32f10x_rcu.o(i.rcu_all_reset_flag_clear), (20 bytes).
    Removing gd32f10x_rcu.o(i.rcu_apb1_clock_config), (24 bytes).
    Removing gd32f10x_rcu.o(i.rcu_apb2_clock_config), (24 bytes).
    Removing gd32f10x_rcu.o(i.rcu_bkp_reset_disable), (20 bytes).
    Removing gd32f10x_rcu.o(i.rcu_bkp_reset_enable), (20 bytes).
    Removing gd32f10x_rcu.o(i.rcu_ckout0_config), (24 bytes).
    Removing gd32f10x_rcu.o(i.rcu_deepsleep_voltage_set), (16 bytes).
    Removing gd32f10x_rcu.o(i.rcu_deinit), (88 bytes).
    Removing gd32f10x_rcu.o(i.rcu_flag_get), (36 bytes).
    Removing gd32f10x_rcu.o(i.rcu_hxtal_clock_monitor_disable), (20 bytes).
    Removing gd32f10x_rcu.o(i.rcu_hxtal_clock_monitor_enable), (20 bytes).
    Removing gd32f10x_rcu.o(i.rcu_interrupt_disable), (32 bytes).
    Removing gd32f10x_rcu.o(i.rcu_interrupt_enable), (32 bytes).
    Removing gd32f10x_rcu.o(i.rcu_interrupt_flag_clear), (32 bytes).
    Removing gd32f10x_rcu.o(i.rcu_interrupt_flag_get), (36 bytes).
    Removing gd32f10x_rcu.o(i.rcu_irc8m_adjust_value_set), (28 bytes).
    Removing gd32f10x_rcu.o(i.rcu_osci_bypass_mode_disable), (92 bytes).
    Removing gd32f10x_rcu.o(i.rcu_osci_bypass_mode_enable), (92 bytes).
    Removing gd32f10x_rcu.o(i.rcu_osci_off), (32 bytes).
    Removing gd32f10x_rcu.o(i.rcu_osci_on), (32 bytes).
    Removing gd32f10x_rcu.o(i.rcu_osci_stab_wait), (224 bytes).
    Removing gd32f10x_rcu.o(i.rcu_periph_clock_disable), (32 bytes).
    Removing gd32f10x_rcu.o(i.rcu_periph_clock_sleep_disable), (32 bytes).
    Removing gd32f10x_rcu.o(i.rcu_periph_clock_sleep_enable), (32 bytes).
    Removing gd32f10x_rcu.o(i.rcu_pll_config), (32 bytes).
    Removing gd32f10x_rcu.o(i.rcu_predv0_config), (32 bytes).
    Removing gd32f10x_rcu.o(i.rcu_rtc_clock_config), (24 bytes).
    Removing gd32f10x_rcu.o(i.rcu_system_clock_source_config), (24 bytes).
    Removing gd32f10x_rcu.o(i.rcu_system_clock_source_get), (16 bytes).
    Removing gd32f10x_rcu.o(i.rcu_usb_clock_config), (24 bytes).
    Removing gd32f10x_rtc.o(.rev16_text), (4 bytes).
    Removing gd32f10x_rtc.o(.revsh_text), (4 bytes).
    Removing gd32f10x_rtc.o(i.rtc_alarm_config), (32 bytes).
    Removing gd32f10x_rtc.o(i.rtc_configuration_mode_enter), (20 bytes).
    Removing gd32f10x_rtc.o(i.rtc_configuration_mode_exit), (20 bytes).
    Removing gd32f10x_rtc.o(i.rtc_counter_get), (20 bytes).
    Removing gd32f10x_rtc.o(i.rtc_counter_set), (32 bytes).
    Removing gd32f10x_rtc.o(i.rtc_divider_get), (24 bytes).
    Removing gd32f10x_rtc.o(i.rtc_flag_clear), (16 bytes).
    Removing gd32f10x_rtc.o(i.rtc_flag_get), (24 bytes).
    Removing gd32f10x_rtc.o(i.rtc_interrupt_disable), (16 bytes).
    Removing gd32f10x_rtc.o(i.rtc_interrupt_enable), (16 bytes).
    Removing gd32f10x_rtc.o(i.rtc_interrupt_flag_clear), (16 bytes).
    Removing gd32f10x_rtc.o(i.rtc_interrupt_flag_get), (24 bytes).
    Removing gd32f10x_rtc.o(i.rtc_lwoff_wait), (20 bytes).
    Removing gd32f10x_rtc.o(i.rtc_prescaler_set), (32 bytes).
    Removing gd32f10x_rtc.o(i.rtc_register_sync_wait), (32 bytes).
    Removing gd32f10x_sdio.o(.rev16_text), (4 bytes).
    Removing gd32f10x_sdio.o(.revsh_text), (4 bytes).
    Removing gd32f10x_sdio.o(i.sdio_bus_mode_set), (28 bytes).
    Removing gd32f10x_sdio.o(i.sdio_ceata_command_completion_disable), (20 bytes).
    Removing gd32f10x_sdio.o(i.sdio_ceata_command_completion_enable), (20 bytes).
    Removing gd32f10x_sdio.o(i.sdio_ceata_command_disable), (20 bytes).
    Removing gd32f10x_sdio.o(i.sdio_ceata_command_enable), (20 bytes).
    Removing gd32f10x_sdio.o(i.sdio_ceata_interrupt_disable), (20 bytes).
    Removing gd32f10x_sdio.o(i.sdio_ceata_interrupt_enable), (20 bytes).
    Removing gd32f10x_sdio.o(i.sdio_clock_config), (36 bytes).
    Removing gd32f10x_sdio.o(i.sdio_clock_disable), (20 bytes).
    Removing gd32f10x_sdio.o(i.sdio_clock_enable), (20 bytes).
    Removing gd32f10x_sdio.o(i.sdio_command_index_get), (12 bytes).
    Removing gd32f10x_sdio.o(i.sdio_command_response_config), (44 bytes).
    Removing gd32f10x_sdio.o(i.sdio_csm_disable), (20 bytes).
    Removing gd32f10x_sdio.o(i.sdio_csm_enable), (20 bytes).
    Removing gd32f10x_sdio.o(i.sdio_data_config), (52 bytes).
    Removing gd32f10x_sdio.o(i.sdio_data_counter_get), (12 bytes).
    Removing gd32f10x_sdio.o(i.sdio_data_read), (12 bytes).
    Removing gd32f10x_sdio.o(i.sdio_data_transfer_config), (28 bytes).
    Removing gd32f10x_sdio.o(i.sdio_data_write), (12 bytes).
    Removing gd32f10x_sdio.o(i.sdio_deinit), (28 bytes).
    Removing gd32f10x_sdio.o(i.sdio_dma_disable), (20 bytes).
    Removing gd32f10x_sdio.o(i.sdio_dma_enable), (20 bytes).
    Removing gd32f10x_sdio.o(i.sdio_dsm_disable), (20 bytes).
    Removing gd32f10x_sdio.o(i.sdio_dsm_enable), (20 bytes).
    Removing gd32f10x_sdio.o(i.sdio_fifo_counter_get), (12 bytes).
    Removing gd32f10x_sdio.o(i.sdio_flag_clear), (12 bytes).
    Removing gd32f10x_sdio.o(i.sdio_flag_get), (20 bytes).
    Removing gd32f10x_sdio.o(i.sdio_hardware_clock_disable), (20 bytes).
    Removing gd32f10x_sdio.o(i.sdio_hardware_clock_enable), (20 bytes).
    Removing gd32f10x_sdio.o(i.sdio_interrupt_disable), (16 bytes).
    Removing gd32f10x_sdio.o(i.sdio_interrupt_enable), (16 bytes).
    Removing gd32f10x_sdio.o(i.sdio_interrupt_flag_clear), (12 bytes).
    Removing gd32f10x_sdio.o(i.sdio_interrupt_flag_get), (24 bytes).
    Removing gd32f10x_sdio.o(i.sdio_operation_disable), (20 bytes).
    Removing gd32f10x_sdio.o(i.sdio_operation_enable), (20 bytes).
    Removing gd32f10x_sdio.o(i.sdio_power_state_get), (12 bytes).
    Removing gd32f10x_sdio.o(i.sdio_power_state_set), (12 bytes).
    Removing gd32f10x_sdio.o(i.sdio_readwait_disable), (20 bytes).
    Removing gd32f10x_sdio.o(i.sdio_readwait_enable), (20 bytes).
    Removing gd32f10x_sdio.o(i.sdio_readwait_type_set), (40 bytes).
    Removing gd32f10x_sdio.o(i.sdio_response_get), (56 bytes).
    Removing gd32f10x_sdio.o(i.sdio_stop_readwait_disable), (20 bytes).
    Removing gd32f10x_sdio.o(i.sdio_stop_readwait_enable), (20 bytes).
    Removing gd32f10x_sdio.o(i.sdio_suspend_disable), (20 bytes).
    Removing gd32f10x_sdio.o(i.sdio_suspend_enable), (20 bytes).
    Removing gd32f10x_sdio.o(i.sdio_wait_type_set), (28 bytes).
    Removing gd32f10x_spi.o(.rev16_text), (4 bytes).
    Removing gd32f10x_spi.o(.revsh_text), (4 bytes).
    Removing gd32f10x_spi.o(i.i2s_disable), (10 bytes).
    Removing gd32f10x_spi.o(i.i2s_enable), (10 bytes).
    Removing gd32f10x_spi.o(i.i2s_init), (28 bytes).
    Removing gd32f10x_spi.o(i.i2s_psc_config), (164 bytes).
    Removing gd32f10x_spi.o(i.spi_bidirectional_transfer_config), (26 bytes).
    Removing gd32f10x_spi.o(i.spi_crc_error_clear), (10 bytes).
    Removing gd32f10x_spi.o(i.spi_crc_get), (16 bytes).
    Removing gd32f10x_spi.o(i.spi_crc_next), (10 bytes).
    Removing gd32f10x_spi.o(i.spi_crc_off), (10 bytes).
    Removing gd32f10x_spi.o(i.spi_crc_on), (10 bytes).
    Removing gd32f10x_spi.o(i.spi_crc_polynomial_get), (8 bytes).
    Removing gd32f10x_spi.o(i.spi_crc_polynomial_set), (12 bytes).
    Removing gd32f10x_spi.o(i.spi_disable), (10 bytes).
    Removing gd32f10x_spi.o(i.spi_dma_disable), (22 bytes).
    Removing gd32f10x_spi.o(i.spi_dma_enable), (22 bytes).
    Removing gd32f10x_spi.o(i.spi_enable), (10 bytes).
    Removing gd32f10x_spi.o(i.spi_i2s_data_frame_format_config), (16 bytes).
    Removing gd32f10x_spi.o(i.spi_i2s_data_receive), (8 bytes).
    Removing gd32f10x_spi.o(i.spi_i2s_data_transmit), (4 bytes).
    Removing gd32f10x_spi.o(i.spi_i2s_deinit), (88 bytes).
    Removing gd32f10x_spi.o(i.spi_i2s_flag_get), (16 bytes).
    Removing gd32f10x_spi.o(i.spi_i2s_interrupt_disable), (48 bytes).
    Removing gd32f10x_spi.o(i.spi_i2s_interrupt_enable), (48 bytes).
    Removing gd32f10x_spi.o(i.spi_i2s_interrupt_flag_get), (100 bytes).
    Removing gd32f10x_spi.o(i.spi_init), (50 bytes).
    Removing gd32f10x_spi.o(i.spi_nss_internal_high), (10 bytes).
    Removing gd32f10x_spi.o(i.spi_nss_internal_low), (10 bytes).
    Removing gd32f10x_spi.o(i.spi_nss_output_disable), (10 bytes).
    Removing gd32f10x_spi.o(i.spi_nss_output_enable), (10 bytes).
    Removing gd32f10x_spi.o(i.spi_struct_para_init), (16 bytes).
    Removing gd32f10x_timer.o(.rev16_text), (4 bytes).
    Removing gd32f10x_timer.o(.revsh_text), (4 bytes).
    Removing gd32f10x_timer.o(i.timer_auto_reload_shadow_disable), (10 bytes).
    Removing gd32f10x_timer.o(i.timer_automatic_output_disable), (10 bytes).
    Removing gd32f10x_timer.o(i.timer_automatic_output_enable), (10 bytes).
    Removing gd32f10x_timer.o(i.timer_autoreload_value_config), (4 bytes).
    Removing gd32f10x_timer.o(i.timer_break_config), (30 bytes).
    Removing gd32f10x_timer.o(i.timer_break_disable), (10 bytes).
    Removing gd32f10x_timer.o(i.timer_break_enable), (10 bytes).
    Removing gd32f10x_timer.o(i.timer_break_struct_para_init), (18 bytes).
    Removing gd32f10x_timer.o(i.timer_channel_capture_value_register_read), (42 bytes).
    Removing gd32f10x_timer.o(i.timer_channel_complementary_output_polarity_config), (70 bytes).
    Removing gd32f10x_timer.o(i.timer_channel_complementary_output_state_config), (70 bytes).
    Removing gd32f10x_timer.o(i.timer_channel_control_shadow_config), (24 bytes).
    Removing gd32f10x_timer.o(i.timer_channel_control_shadow_update_config), (26 bytes).
    Removing gd32f10x_timer.o(i.timer_channel_dma_request_source_select), (26 bytes).
    Removing gd32f10x_timer.o(i.timer_channel_input_capture_prescaler_config), (90 bytes).
    Removing gd32f10x_timer.o(i.timer_channel_input_struct_para_init), (16 bytes).
    Removing gd32f10x_timer.o(i.timer_channel_output_clear_config), (90 bytes).
    Removing gd32f10x_timer.o(i.timer_channel_output_fast_config), (90 bytes).
    Removing gd32f10x_timer.o(i.timer_channel_output_polarity_config), (92 bytes).
    Removing gd32f10x_timer.o(i.timer_channel_output_state_config), (92 bytes).
    Removing gd32f10x_timer.o(i.timer_channel_output_struct_para_init), (16 bytes).
    Removing gd32f10x_timer.o(i.timer_counter_alignment), (16 bytes).
    Removing gd32f10x_timer.o(i.timer_counter_down_direction), (10 bytes).
    Removing gd32f10x_timer.o(i.timer_counter_read), (8 bytes).
    Removing gd32f10x_timer.o(i.timer_counter_up_direction), (10 bytes).
    Removing gd32f10x_timer.o(i.timer_counter_value_config), (4 bytes).
    Removing gd32f10x_timer.o(i.timer_disable), (10 bytes).
    Removing gd32f10x_timer.o(i.timer_dma_disable), (8 bytes).
    Removing gd32f10x_timer.o(i.timer_dma_enable), (8 bytes).
    Removing gd32f10x_timer.o(i.timer_dma_transfer_config), (24 bytes).
    Removing gd32f10x_timer.o(i.timer_event_software_generate), (8 bytes).
    Removing gd32f10x_timer.o(i.timer_external_clock_mode0_config), (40 bytes).
    Removing gd32f10x_timer.o(i.timer_external_clock_mode1_config), (32 bytes).
    Removing gd32f10x_timer.o(i.timer_external_clock_mode1_disable), (10 bytes).
    Removing gd32f10x_timer.o(i.timer_external_trigger_as_external_clock_config), (166 bytes).
    Removing gd32f10x_timer.o(i.timer_external_trigger_config), (30 bytes).
    Removing gd32f10x_timer.o(i.timer_flag_clear), (6 bytes).
    Removing gd32f10x_timer.o(i.timer_flag_get), (16 bytes).
    Removing gd32f10x_timer.o(i.timer_hall_mode_config), (26 bytes).
    Removing gd32f10x_timer.o(i.timer_input_capture_config), (326 bytes).
    Removing gd32f10x_timer.o(i.timer_input_pwm_capture_config), (356 bytes).
    Removing gd32f10x_timer.o(i.timer_input_trigger_source_select), (16 bytes).
    Removing gd32f10x_timer.o(i.timer_internal_clock_config), (10 bytes).
    Removing gd32f10x_timer.o(i.timer_internal_trigger_as_external_clock_config), (32 bytes).
    Removing gd32f10x_timer.o(i.timer_interrupt_disable), (8 bytes).
    Removing gd32f10x_timer.o(i.timer_interrupt_enable), (8 bytes).
    Removing gd32f10x_timer.o(i.timer_interrupt_flag_clear), (6 bytes).
    Removing gd32f10x_timer.o(i.timer_interrupt_flag_get), (24 bytes).
    Removing gd32f10x_timer.o(i.timer_master_output_trigger_source_select), (16 bytes).
    Removing gd32f10x_timer.o(i.timer_master_slave_mode_config), (26 bytes).
    Removing gd32f10x_timer.o(i.timer_prescaler_config), (16 bytes).
    Removing gd32f10x_timer.o(i.timer_prescaler_read), (10 bytes).
    Removing gd32f10x_timer.o(i.timer_primary_output_config), (24 bytes).
    Removing gd32f10x_timer.o(i.timer_quadrature_decoder_mode_config), (64 bytes).
    Removing gd32f10x_timer.o(i.timer_repetition_value_config), (4 bytes).
    Removing gd32f10x_timer.o(i.timer_single_pulse_mode_config), (26 bytes).
    Removing gd32f10x_timer.o(i.timer_slave_mode_select), (16 bytes).
    Removing gd32f10x_timer.o(i.timer_struct_para_init), (22 bytes).
    Removing gd32f10x_timer.o(i.timer_update_event_disable), (10 bytes).
    Removing gd32f10x_timer.o(i.timer_update_event_enable), (10 bytes).
    Removing gd32f10x_timer.o(i.timer_update_source_config), (26 bytes).
    Removing gd32f10x_usart.o(.rev16_text), (4 bytes).
    Removing gd32f10x_usart.o(.revsh_text), (4 bytes).
    Removing gd32f10x_usart.o(i.usart_address_config), (20 bytes).
    Removing gd32f10x_usart.o(i.usart_data_transmit), (8 bytes).
    Removing gd32f10x_usart.o(i.usart_disable), (10 bytes).
    Removing gd32f10x_usart.o(i.usart_dma_transmit_config), (16 bytes).
    Removing gd32f10x_usart.o(i.usart_flag_clear), (26 bytes).
    Removing gd32f10x_usart.o(i.usart_flag_get), (30 bytes).
    Removing gd32f10x_usart.o(i.usart_guard_time_config), (24 bytes).
    Removing gd32f10x_usart.o(i.usart_halfduplex_disable), (10 bytes).
    Removing gd32f10x_usart.o(i.usart_halfduplex_enable), (10 bytes).
    Removing gd32f10x_usart.o(i.usart_interrupt_disable), (26 bytes).
    Removing gd32f10x_usart.o(i.usart_irda_lowpower_config), (20 bytes).
    Removing gd32f10x_usart.o(i.usart_irda_mode_disable), (10 bytes).
    Removing gd32f10x_usart.o(i.usart_irda_mode_enable), (10 bytes).
    Removing gd32f10x_usart.o(i.usart_lin_break_detection_length_config), (20 bytes).
    Removing gd32f10x_usart.o(i.usart_lin_mode_disable), (10 bytes).
    Removing gd32f10x_usart.o(i.usart_lin_mode_enable), (10 bytes).
    Removing gd32f10x_usart.o(i.usart_mute_mode_disable), (10 bytes).
    Removing gd32f10x_usart.o(i.usart_mute_mode_enable), (10 bytes).
    Removing gd32f10x_usart.o(i.usart_mute_mode_wakeup_config), (16 bytes).
    Removing gd32f10x_usart.o(i.usart_prescaler_config), (16 bytes).
    Removing gd32f10x_usart.o(i.usart_send_break), (10 bytes).
    Removing gd32f10x_usart.o(i.usart_smartcard_mode_disable), (10 bytes).
    Removing gd32f10x_usart.o(i.usart_smartcard_mode_enable), (10 bytes).
    Removing gd32f10x_usart.o(i.usart_smartcard_mode_nack_disable), (10 bytes).
    Removing gd32f10x_usart.o(i.usart_smartcard_mode_nack_enable), (10 bytes).
    Removing gd32f10x_usart.o(i.usart_synchronous_clock_config), (34 bytes).
    Removing gd32f10x_usart.o(i.usart_synchronous_clock_disable), (10 bytes).
    Removing gd32f10x_usart.o(i.usart_synchronous_clock_enable), (10 bytes).
    Removing gd32f10x_wwdgt.o(.rev16_text), (4 bytes).
    Removing gd32f10x_wwdgt.o(.revsh_text), (4 bytes).
    Removing gd32f10x_wwdgt.o(i.wwdgt_config), (56 bytes).
    Removing gd32f10x_wwdgt.o(i.wwdgt_counter_update), (28 bytes).
    Removing gd32f10x_wwdgt.o(i.wwdgt_deinit), (20 bytes).
    Removing gd32f10x_wwdgt.o(i.wwdgt_enable), (20 bytes).
    Removing gd32f10x_wwdgt.o(i.wwdgt_flag_clear), (20 bytes).
    Removing gd32f10x_wwdgt.o(i.wwdgt_flag_get), (24 bytes).
    Removing gd32f10x_wwdgt.o(i.wwdgt_interrupt_enable), (20 bytes).
    Removing startup_gd32f10x_cl.o(HEAP), (8192 bytes).
    Removing gd32f10x_eval.o(.rev16_text), (4 bytes).
    Removing gd32f10x_eval.o(.revsh_text), (4 bytes).
    Removing gd32f10x_eval.o(i.gd_eval_com_init), (192 bytes).
    Removing gd32f10x_eval.o(i.gd_eval_key_init), (128 bytes).
    Removing gd32f10x_eval.o(i.gd_eval_key_state_get), (32 bytes).
    Removing gd32f10x_eval.o(i.gd_eval_led_init), (64 bytes).
    Removing gd32f10x_eval.o(i.gd_eval_led_off), (24 bytes).
    Removing gd32f10x_eval.o(i.gd_eval_led_on), (24 bytes).
    Removing gd32f10x_eval.o(i.gd_eval_led_toggle), (56 bytes).
    Removing gd32f10x_eval.o(.data), (125 bytes).
    Removing crc.o(.rev16_text), (4 bytes).
    Removing crc.o(.revsh_text), (4 bytes).
    Removing crc.o(i.CRC_Compute), (56 bytes).
    Removing crc.o(.constdata), (512 bytes).
    Removing sensor.o(.rev16_text), (4 bytes).
    Removing sensor.o(.revsh_text), (4 bytes).
    Removing sensor.o(i.GetEle_EleCurr), (380 bytes).
    Removing sensor.o(i.GetModbusSens), (112 bytes).
    Removing sensor.o(i.NVIC_SystemReset), (40 bytes).
    Removing sensor.o(i.Soft_Reset), (10 bytes).
    Removing sensor.o(i.__set_FAULTMASK), (10 bytes).
    Removing sensor.o(i.adcInit), (2 bytes).
    Removing sensor.o(i.analysis_process), (500 bytes).
    Removing sensor.o(i.ele_ctrl), (96 bytes).
    Removing sensor.o(i.get_adc_buf), (8 bytes).
    Removing sensor.o(i.pwmCtrl), (164 bytes).
    Removing sensor.o(i.sensor_process), (12 bytes).
    Removing sensor.o(i.setCurrent), (44 bytes).
    Removing sensor.o(i.test2), (16 bytes).
    Removing sensor.o(i.work_process), (308 bytes).
    Removing sys.o(.rev16_text), (4 bytes).
    Removing sys.o(.revsh_text), (4 bytes).
    Removing sys.o(i.GetTickResult), (12 bytes).
    Removing sys.o(i.GetTickStatus), (12 bytes).
    Removing sys.o(i.fputc), (6 bytes).
    Removing sys.o(i.registerTick), (104 bytes).
    Removing sys.o(.data), (8 bytes).
    Removing pid.o(.rev16_text), (4 bytes).
    Removing pid.o(.revsh_text), (4 bytes).
    Removing pid.o(i.PIDCalc), (360 bytes).
    Removing pid.o(i.actuator), (2 bytes).
    Removing pid.o(i.pid_proc), (48 bytes).
    Removing pid.o(.data), (24 bytes).
    Removing bsp_cpu_flash.o(.rev16_text), (4 bytes).
    Removing bsp_cpu_flash.o(.revsh_text), (4 bytes).
    Removing bsp_cpu_flash.o(i.bsp_CmpCpuFlash), (72 bytes).
    Removing bsp_cpu_flash.o(i.bsp_GetSector), (10 bytes).
    Removing modbus.o(.rev16_text), (4 bytes).
    Removing modbus.o(.revsh_text), (4 bytes).
    Removing modbus.o(i.Modbus_03_Solve), (52 bytes).
    Removing modbus.o(i.Modbus_06_Solve), (44 bytes).
    Removing modbus.o(i.Modbus_16_Solve), (4 bytes).
    Removing modbus.o(i.Modbus_Pack), (184 bytes).
    Removing modbus.o(i.RS485_SendData), (88 bytes).
    Removing modbus.o(i.RS485_Service), (364 bytes).
    Removing modbus.o(i.buffer_reset), (2 bytes).
    Removing modbus.o(.data), (12 bytes).
    Removing flash_operation.o(.rev16_text), (4 bytes).
    Removing flash_operation.o(.revsh_text), (4 bytes).
    Removing flash_operation.o(i.test), (4 bytes).
    Removing fadd.o(.text), (176 bytes).
    Removing fmul.o(.text), (100 bytes).
    Removing fdiv.o(.text), (124 bytes).
    Removing dadd.o(.text), (334 bytes).
    Removing dmul.o(.text), (228 bytes).
    Removing ddiv.o(.text), (222 bytes).
    Removing ffltui.o(.text), (10 bytes).
    Removing dflti.o(.text), (34 bytes).
    Removing ffixi.o(.text), (50 bytes).
    Removing ffixui.o(.text), (40 bytes).
    Removing dfixui.o(.text), (50 bytes).
    Removing cdcmple.o(.text), (48 bytes).
    Removing cdrcmple.o(.text), (48 bytes).
    Removing d2f.o(.text), (56 bytes).
    Removing cfcmple.o(.text), (20 bytes).
    Removing cfrcmple.o(.text), (20 bytes).
    Removing fepilogue.o(.text), (110 bytes).
    Removing depilogue.o(.text), (186 bytes).

610 unused section(s) (total 32345 bytes) removed from the image.

==============================================================================

Image Symbol Table

    Local Symbols

    Symbol Name                              Value     Ov Type        Size  Object(Section)

    ../clib/microlib/init/entry.s            0x00000000   Number         0  entry8b.o ABSOLUTE
    ../clib/microlib/init/entry.s            0x00000000   Number         0  entry11b.o ABSOLUTE
    ../clib/microlib/init/entry.s            0x00000000   Number         0  entry11a.o ABSOLUTE
    ../clib/microlib/init/entry.s            0x00000000   Number         0  entry10a.o ABSOLUTE
    ../clib/microlib/init/entry.s            0x00000000   Number         0  entry9b.o ABSOLUTE
    ../clib/microlib/init/entry.s            0x00000000   Number         0  entry8a.o ABSOLUTE
    ../clib/microlib/init/entry.s            0x00000000   Number         0  entry9a.o ABSOLUTE
    ../clib/microlib/init/entry.s            0x00000000   Number         0  entry7b.o ABSOLUTE
    ../clib/microlib/init/entry.s            0x00000000   Number         0  entry.o ABSOLUTE
    ../clib/microlib/init/entry.s            0x00000000   Number         0  entry7a.o ABSOLUTE
    ../clib/microlib/init/entry.s            0x00000000   Number         0  entry5.o ABSOLUTE
    ../clib/microlib/init/entry.s            0x00000000   Number         0  entry2.o ABSOLUTE
    ../clib/microlib/init/entry.s            0x00000000   Number         0  entry10b.o ABSOLUTE
    ../clib/microlib/longlong.c              0x00000000   Number         0  llsshr.o ABSOLUTE
    ../clib/microlib/longlong.c              0x00000000   Number         0  llushr.o ABSOLUTE
    ../clib/microlib/longlong.c              0x00000000   Number         0  llshl.o ABSOLUTE
    ../clib/microlib/string/memcpy.c         0x00000000   Number         0  memcpyb.o ABSOLUTE
    ../clib/microlib/string/memcpy.c         0x00000000   Number         0  memcpya.o ABSOLUTE
    ../clib/microlib/string/memset.c         0x00000000   Number         0  memseta.o ABSOLUTE
    ../clib/microlib/stubs.s                 0x00000000   Number         0  iusefp.o ABSOLUTE
    ../fplib/microlib/d2f.c                  0x00000000   Number         0  d2f.o ABSOLUTE
    ../fplib/microlib/f2d.c                  0x00000000   Number         0  f2d.o ABSOLUTE
    ../fplib/microlib/fpadd.c                0x00000000   Number         0  fadd.o ABSOLUTE
    ../fplib/microlib/fpadd.c                0x00000000   Number         0  dadd.o ABSOLUTE
    ../fplib/microlib/fpdiv.c                0x00000000   Number         0  fdiv.o ABSOLUTE
    ../fplib/microlib/fpdiv.c                0x00000000   Number         0  ddiv.o ABSOLUTE
    ../fplib/microlib/fpepilogue.c           0x00000000   Number         0  depilogue.o ABSOLUTE
    ../fplib/microlib/fpepilogue.c           0x00000000   Number         0  fepilogue.o ABSOLUTE
    ../fplib/microlib/fpfix.c                0x00000000   Number         0  dfixui.o ABSOLUTE
    ../fplib/microlib/fpfix.c                0x00000000   Number         0  ffixi.o ABSOLUTE
    ../fplib/microlib/fpfix.c                0x00000000   Number         0  ffixui.o ABSOLUTE
    ../fplib/microlib/fpflt.c                0x00000000   Number         0  dflti.o ABSOLUTE
    ../fplib/microlib/fpflt.c                0x00000000   Number         0  ffltui.o ABSOLUTE
    ../fplib/microlib/fpmul.c                0x00000000   Number         0  dmul.o ABSOLUTE
    ../fplib/microlib/fpmul.c                0x00000000   Number         0  fmul.o ABSOLUTE
    ..\..\Firmware\CMSIS\GD\GD32F10x\Source\ARM\startup_gd32f10x_cl.s 0x00000000   Number         0  startup_gd32f10x_cl.o ABSOLUTE
    ..\..\Firmware\CMSIS\GD\GD32F10x\Source\system_gd32f10x.c 0x00000000   Number         0  system_gd32f10x.o ABSOLUTE
    ..\..\Firmware\GD32F10x_standard_peripheral\Source\gd32f10x_adc.c 0x00000000   Number         0  gd32f10x_adc.o ABSOLUTE
    ..\..\Firmware\GD32F10x_standard_peripheral\Source\gd32f10x_bkp.c 0x00000000   Number         0  gd32f10x_bkp.o ABSOLUTE
    ..\..\Firmware\GD32F10x_standard_peripheral\Source\gd32f10x_can.c 0x00000000   Number         0  gd32f10x_can.o ABSOLUTE
    ..\..\Firmware\GD32F10x_standard_peripheral\Source\gd32f10x_crc.c 0x00000000   Number         0  gd32f10x_crc.o ABSOLUTE
    ..\..\Firmware\GD32F10x_standard_peripheral\Source\gd32f10x_dac.c 0x00000000   Number         0  gd32f10x_dac.o ABSOLUTE
    ..\..\Firmware\GD32F10x_standard_peripheral\Source\gd32f10x_dbg.c 0x00000000   Number         0  gd32f10x_dbg.o ABSOLUTE
    ..\..\Firmware\GD32F10x_standard_peripheral\Source\gd32f10x_dma.c 0x00000000   Number         0  gd32f10x_dma.o ABSOLUTE
    ..\..\Firmware\GD32F10x_standard_peripheral\Source\gd32f10x_enet.c 0x00000000   Number         0  gd32f10x_enet.o ABSOLUTE
    ..\..\Firmware\GD32F10x_standard_peripheral\Source\gd32f10x_exmc.c 0x00000000   Number         0  gd32f10x_exmc.o ABSOLUTE
    ..\..\Firmware\GD32F10x_standard_peripheral\Source\gd32f10x_exti.c 0x00000000   Number         0  gd32f10x_exti.o ABSOLUTE
    ..\..\Firmware\GD32F10x_standard_peripheral\Source\gd32f10x_fmc.c 0x00000000   Number         0  gd32f10x_fmc.o ABSOLUTE
    ..\..\Firmware\GD32F10x_standard_peripheral\Source\gd32f10x_fwdgt.c 0x00000000   Number         0  gd32f10x_fwdgt.o ABSOLUTE
    ..\..\Firmware\GD32F10x_standard_peripheral\Source\gd32f10x_gpio.c 0x00000000   Number         0  gd32f10x_gpio.o ABSOLUTE
    ..\..\Firmware\GD32F10x_standard_peripheral\Source\gd32f10x_i2c.c 0x00000000   Number         0  gd32f10x_i2c.o ABSOLUTE
    ..\..\Firmware\GD32F10x_standard_peripheral\Source\gd32f10x_misc.c 0x00000000   Number         0  gd32f10x_misc.o ABSOLUTE
    ..\..\Firmware\GD32F10x_standard_peripheral\Source\gd32f10x_pmu.c 0x00000000   Number         0  gd32f10x_pmu.o ABSOLUTE
    ..\..\Firmware\GD32F10x_standard_peripheral\Source\gd32f10x_rcu.c 0x00000000   Number         0  gd32f10x_rcu.o ABSOLUTE
    ..\..\Firmware\GD32F10x_standard_peripheral\Source\gd32f10x_rtc.c 0x00000000   Number         0  gd32f10x_rtc.o ABSOLUTE
    ..\..\Firmware\GD32F10x_standard_peripheral\Source\gd32f10x_sdio.c 0x00000000   Number         0  gd32f10x_sdio.o ABSOLUTE
    ..\..\Firmware\GD32F10x_standard_peripheral\Source\gd32f10x_spi.c 0x00000000   Number         0  gd32f10x_spi.o ABSOLUTE
    ..\..\Firmware\GD32F10x_standard_peripheral\Source\gd32f10x_timer.c 0x00000000   Number         0  gd32f10x_timer.o ABSOLUTE
    ..\..\Firmware\GD32F10x_standard_peripheral\Source\gd32f10x_usart.c 0x00000000   Number         0  gd32f10x_usart.o ABSOLUTE
    ..\..\Firmware\GD32F10x_standard_peripheral\Source\gd32f10x_wwdgt.c 0x00000000   Number         0  gd32f10x_wwdgt.o ABSOLUTE
    ..\..\Utilities\gd32f10x_eval.c          0x00000000   Number         0  gd32f10x_eval.o ABSOLUTE
    ..\..\src\bsp_cpu_flash.c                0x00000000   Number         0  bsp_cpu_flash.o ABSOLUTE
    ..\..\src\crc.c                          0x00000000   Number         0  crc.o ABSOLUTE
    ..\..\src\flash_operation.c              0x00000000   Number         0  flash_operation.o ABSOLUTE
    ..\..\src\modbus.c                       0x00000000   Number         0  modbus.o ABSOLUTE
    ..\..\src\pid.c                          0x00000000   Number         0  pid.o ABSOLUTE
    ..\..\src\sensor.c                       0x00000000   Number         0  sensor.o ABSOLUTE
    ..\..\src\sys.c                          0x00000000   Number         0  sys.o ABSOLUTE
    ..\\..\\Firmware\\CMSIS\\GD\\GD32F10x\\Source\\system_gd32f10x.c 0x00000000   Number         0  system_gd32f10x.o ABSOLUTE
    ..\\..\\Firmware\\GD32F10x_standard_peripheral\\Source\\gd32f10x_adc.c 0x00000000   Number         0  gd32f10x_adc.o ABSOLUTE
    ..\\..\\Firmware\\GD32F10x_standard_peripheral\\Source\\gd32f10x_bkp.c 0x00000000   Number         0  gd32f10x_bkp.o ABSOLUTE
    ..\\..\\Firmware\\GD32F10x_standard_peripheral\\Source\\gd32f10x_can.c 0x00000000   Number         0  gd32f10x_can.o ABSOLUTE
    ..\\..\\Firmware\\GD32F10x_standard_peripheral\\Source\\gd32f10x_crc.c 0x00000000   Number         0  gd32f10x_crc.o ABSOLUTE
    ..\\..\\Firmware\\GD32F10x_standard_peripheral\\Source\\gd32f10x_dac.c 0x00000000   Number         0  gd32f10x_dac.o ABSOLUTE
    ..\\..\\Firmware\\GD32F10x_standard_peripheral\\Source\\gd32f10x_dbg.c 0x00000000   Number         0  gd32f10x_dbg.o ABSOLUTE
    ..\\..\\Firmware\\GD32F10x_standard_peripheral\\Source\\gd32f10x_dma.c 0x00000000   Number         0  gd32f10x_dma.o ABSOLUTE
    ..\\..\\Firmware\\GD32F10x_standard_peripheral\\Source\\gd32f10x_enet.c 0x00000000   Number         0  gd32f10x_enet.o ABSOLUTE
    ..\\..\\Firmware\\GD32F10x_standard_peripheral\\Source\\gd32f10x_exmc.c 0x00000000   Number         0  gd32f10x_exmc.o ABSOLUTE
    ..\\..\\Firmware\\GD32F10x_standard_peripheral\\Source\\gd32f10x_exti.c 0x00000000   Number         0  gd32f10x_exti.o ABSOLUTE
    ..\\..\\Firmware\\GD32F10x_standard_peripheral\\Source\\gd32f10x_fmc.c 0x00000000   Number         0  gd32f10x_fmc.o ABSOLUTE
    ..\\..\\Firmware\\GD32F10x_standard_peripheral\\Source\\gd32f10x_fwdgt.c 0x00000000   Number         0  gd32f10x_fwdgt.o ABSOLUTE
    ..\\..\\Firmware\\GD32F10x_standard_peripheral\\Source\\gd32f10x_gpio.c 0x00000000   Number         0  gd32f10x_gpio.o ABSOLUTE
    ..\\..\\Firmware\\GD32F10x_standard_peripheral\\Source\\gd32f10x_i2c.c 0x00000000   Number         0  gd32f10x_i2c.o ABSOLUTE
    ..\\..\\Firmware\\GD32F10x_standard_peripheral\\Source\\gd32f10x_misc.c 0x00000000   Number         0  gd32f10x_misc.o ABSOLUTE
    ..\\..\\Firmware\\GD32F10x_standard_peripheral\\Source\\gd32f10x_pmu.c 0x00000000   Number         0  gd32f10x_pmu.o ABSOLUTE
    ..\\..\\Firmware\\GD32F10x_standard_peripheral\\Source\\gd32f10x_rcu.c 0x00000000   Number         0  gd32f10x_rcu.o ABSOLUTE
    ..\\..\\Firmware\\GD32F10x_standard_peripheral\\Source\\gd32f10x_rtc.c 0x00000000   Number         0  gd32f10x_rtc.o ABSOLUTE
    ..\\..\\Firmware\\GD32F10x_standard_peripheral\\Source\\gd32f10x_sdio.c 0x00000000   Number         0  gd32f10x_sdio.o ABSOLUTE
    ..\\..\\Firmware\\GD32F10x_standard_peripheral\\Source\\gd32f10x_spi.c 0x00000000   Number         0  gd32f10x_spi.o ABSOLUTE
    ..\\..\\Firmware\\GD32F10x_standard_peripheral\\Source\\gd32f10x_timer.c 0x00000000   Number         0  gd32f10x_timer.o ABSOLUTE
    ..\\..\\Firmware\\GD32F10x_standard_peripheral\\Source\\gd32f10x_usart.c 0x00000000   Number         0  gd32f10x_usart.o ABSOLUTE
    ..\\..\\Firmware\\GD32F10x_standard_peripheral\\Source\\gd32f10x_wwdgt.c 0x00000000   Number         0  gd32f10x_wwdgt.o ABSOLUTE
    ..\\..\\Utilities\\gd32f10x_eval.c       0x00000000   Number         0  gd32f10x_eval.o ABSOLUTE
    ..\\..\\src\\bsp_cpu_flash.c             0x00000000   Number         0  bsp_cpu_flash.o ABSOLUTE
    ..\\..\\src\\crc.c                       0x00000000   Number         0  crc.o ABSOLUTE
    ..\\..\\src\\flash_operation.c           0x00000000   Number         0  flash_operation.o ABSOLUTE
    ..\\..\\src\\modbus.c                    0x00000000   Number         0  modbus.o ABSOLUTE
    ..\\..\\src\\pid.c                       0x00000000   Number         0  pid.o ABSOLUTE
    ..\\..\\src\\sensor.c                    0x00000000   Number         0  sensor.o ABSOLUTE
    ..\\..\\src\\sys.c                       0x00000000   Number         0  sys.o ABSOLUTE
    ..\\gd32f10x_it.c                        0x00000000   Number         0  gd32f10x_it.o ABSOLUTE
    ..\\main.c                               0x00000000   Number         0  main.o ABSOLUTE
    ..\gd32f10x_it.c                         0x00000000   Number         0  gd32f10x_it.o ABSOLUTE
    ..\main.c                                0x00000000   Number         0  main.o ABSOLUTE
    cdcmple.s                                0x00000000   Number         0  cdcmple.o ABSOLUTE
    cdrcmple.s                               0x00000000   Number         0  cdrcmple.o ABSOLUTE
    cfcmple.s                                0x00000000   Number         0  cfcmple.o ABSOLUTE
    cfrcmple.s                               0x00000000   Number         0  cfrcmple.o ABSOLUTE
    dc.s                                     0x00000000   Number         0  dc.o ABSOLUTE
    handlers.s                               0x00000000   Number         0  handlers.o ABSOLUTE
    init.s                                   0x00000000   Number         0  init.o ABSOLUTE
    RESET                                    0x08000000   Section      336  startup_gd32f10x_cl.o(RESET)
    .ARM.Collect$$$$00000000                 0x08000150   Section        0  entry.o(.ARM.Collect$$$$00000000)
    .ARM.Collect$$$$00000001                 0x08000150   Section        4  entry2.o(.ARM.Collect$$$$00000001)
    .ARM.Collect$$$$00000004                 0x08000154   Section        4  entry5.o(.ARM.Collect$$$$00000004)
    .ARM.Collect$$$$00000008                 0x08000158   Section        0  entry7b.o(.ARM.Collect$$$$00000008)
    .ARM.Collect$$$$0000000A                 0x08000158   Section        0  entry8b.o(.ARM.Collect$$$$0000000A)
    .ARM.Collect$$$$0000000B                 0x08000158   Section        8  entry9a.o(.ARM.Collect$$$$0000000B)
    .ARM.Collect$$$$0000000D                 0x08000160   Section        0  entry10a.o(.ARM.Collect$$$$0000000D)
    .ARM.Collect$$$$0000000F                 0x08000160   Section        0  entry11a.o(.ARM.Collect$$$$0000000F)
    .ARM.Collect$$$$00002712                 0x08000160   Section        4  entry2.o(.ARM.Collect$$$$00002712)
    __lit__00000000                          0x08000160   Data           4  entry2.o(.ARM.Collect$$$$00002712)
    .text                                    0x08000164   Section       36  startup_gd32f10x_cl.o(.text)
    .text                                    0x08000188   Section        0  memseta.o(.text)
    .text                                    0x080001ac   Section        0  f2d.o(.text)
    .text                                    0x080001d2   Section        0  iusefp.o(.text)
    .text                                    0x080001d4   Section       36  init.o(.text)
    i.BusFault_Handler                       0x080001f8   Section        0  gd32f10x_it.o(i.BusFault_Handler)
    i.DMA0_Channel4_IRQHandler               0x080001fc   Section        0  gd32f10x_it.o(i.DMA0_Channel4_IRQHandler)
    i.DebugMon_Handler                       0x0800021c   Section        0  gd32f10x_it.o(i.DebugMon_Handler)
    i.FlashEease                             0x0800021e   Section        0  bsp_cpu_flash.o(i.FlashEease)
    i.GetModbusPack                          0x0800022c   Section        0  modbus.o(i.GetModbusPack)
    i.GetModbusPayLoad                       0x08000234   Section        0  modbus.o(i.GetModbusPayLoad)
    i.GetSensor                              0x0800023c   Section        0  sensor.o(i.GetSensor)
    i.HAL_GetTick                            0x08000244   Section        0  sys.o(i.HAL_GetTick)
    i.HardFault_Handler                      0x08000250   Section        0  gd32f10x_it.o(i.HardFault_Handler)
    i.MemManage_Handler                      0x08000254   Section        0  gd32f10x_it.o(i.MemManage_Handler)
    i.NMI_Handler                            0x08000258   Section        0  gd32f10x_it.o(i.NMI_Handler)
    i.NVIC_SetPriority                       0x0800025c   Section        0  sys.o(i.NVIC_SetPriority)
    NVIC_SetPriority                         0x0800025d   Thumb Code    32  sys.o(i.NVIC_SetPriority)
    i.PIDInit                                0x08000284   Section        0  pid.o(i.PIDInit)
    i.PendSV_Handler                         0x08000292   Section        0  gd32f10x_it.o(i.PendSV_Handler)
    i.RS485_Init                             0x08000294   Section        0  modbus.o(i.RS485_Init)
    i.RS485_RxCpltCallback                   0x080002a0   Section        0  modbus.o(i.RS485_RxCpltCallback)
    i.RelayCtrl                              0x0800031c   Section        0  sensor.o(i.RelayCtrl)
    i.SVC_Handler                            0x08000390   Section        0  gd32f10x_it.o(i.SVC_Handler)
    i.SysTick_Handler                        0x08000394   Section        0  gd32f10x_it.o(i.SysTick_Handler)
    i.SystemInit                             0x080003ac   Section        0  system_gd32f10x.o(i.SystemInit)
    i.SystemParamsRead                       0x08000430   Section        0  sensor.o(i.SystemParamsRead)
    i.SystemParamsSave                       0x08000482   Section        0  sensor.o(i.SystemParamsSave)
    i.TickPro                                0x080004bc   Section        0  sys.o(i.TickPro)
    i.USART0_IRQHandler                      0x080004fc   Section        0  gd32f10x_it.o(i.USART0_IRQHandler)
    i.UsageFault_Handler                     0x08000524   Section        0  gd32f10x_it.o(i.UsageFault_Handler)
    i.__scatterload_copy                     0x08000528   Section       14  handlers.o(i.__scatterload_copy)
    i.__scatterload_null                     0x08000536   Section        2  handlers.o(i.__scatterload_null)
    i.__scatterload_zeroinit                 0x08000538   Section       14  handlers.o(i.__scatterload_zeroinit)
    i.adc_calibration_enable                 0x08000546   Section        0  gd32f10x_adc.o(i.adc_calibration_enable)
    i.adc_channel_length_config              0x08000570   Section        0  gd32f10x_adc.o(i.adc_channel_length_config)
    i.adc_config                             0x080005b8   Section        0  main.o(i.adc_config)
    i.adc_data_alignment_config              0x08000670   Section        0  gd32f10x_adc.o(i.adc_data_alignment_config)
    i.adc_deinit                             0x08000688   Section        0  gd32f10x_adc.o(i.adc_deinit)
    i.adc_dma_mode_enable                    0x080006e0   Section        0  gd32f10x_adc.o(i.adc_dma_mode_enable)
    i.adc_enable                             0x080006ea   Section        0  gd32f10x_adc.o(i.adc_enable)
    i.adc_external_trigger_config            0x080006fc   Section        0  gd32f10x_adc.o(i.adc_external_trigger_config)
    i.adc_external_trigger_source_config     0x0800073a   Section        0  gd32f10x_adc.o(i.adc_external_trigger_source_config)
    i.adc_inserted_channel_config            0x0800076a   Section        0  gd32f10x_adc.o(i.adc_inserted_channel_config)
    i.adc_mode_config                        0x080007e4   Section        0  gd32f10x_adc.o(i.adc_mode_config)
    i.adc_regular_channel_config             0x08000800   Section        0  gd32f10x_adc.o(i.adc_regular_channel_config)
    i.adc_software_trigger_enable            0x080008ac   Section        0  gd32f10x_adc.o(i.adc_software_trigger_enable)
    i.adc_special_function_config            0x080008ca   Section        0  gd32f10x_adc.o(i.adc_special_function_config)
    i.adc_tempsensor_vrefint_enable          0x08000924   Section        0  gd32f10x_adc.o(i.adc_tempsensor_vrefint_enable)
    i.bsp_ReadCpuFlash                       0x08000938   Section        0  bsp_cpu_flash.o(i.bsp_ReadCpuFlash)
    i.bsp_WriteCpuFlash                      0x08000970   Section        0  bsp_cpu_flash.o(i.bsp_WriteCpuFlash)
    i.delay_ms                               0x080009b0   Section        0  sys.o(i.delay_ms)
    i.dma_channel_disable                    0x080009c8   Section        0  gd32f10x_dma.o(i.dma_channel_disable)
    i.dma_channel_enable                     0x080009fa   Section        0  gd32f10x_dma.o(i.dma_channel_enable)
    i.dma_circulation_disable                0x08000a2c   Section        0  gd32f10x_dma.o(i.dma_circulation_disable)
    i.dma_circulation_enable                 0x08000a5e   Section        0  gd32f10x_dma.o(i.dma_circulation_enable)
    i.dma_deinit                             0x08000a90   Section        0  gd32f10x_dma.o(i.dma_deinit)
    i.dma_init                               0x08000b00   Section        0  gd32f10x_dma.o(i.dma_init)
    i.dma_interrupt_flag_clear               0x08000c2e   Section        0  gd32f10x_dma.o(i.dma_interrupt_flag_clear)
    i.dma_interrupt_flag_get                 0x08000c3e   Section        0  gd32f10x_dma.o(i.dma_interrupt_flag_get)
    i.dma_periph_and_channel_check           0x08000cc0   Section        0  gd32f10x_dma.o(i.dma_periph_and_channel_check)
    dma_periph_and_channel_check             0x08000cc1   Thumb Code    18  gd32f10x_dma.o(i.dma_periph_and_channel_check)
    i.dma_transfer_number_config             0x08000cd8   Section        0  gd32f10x_dma.o(i.dma_transfer_number_config)
    i.dma_transfer_number_get                0x08000cfe   Section        0  gd32f10x_dma.o(i.dma_transfer_number_get)
    i.fmc_bank0_ready_wait                   0x08000d20   Section        0  gd32f10x_fmc.o(i.fmc_bank0_ready_wait)
    i.fmc_bank0_state_get                    0x08000d44   Section        0  gd32f10x_fmc.o(i.fmc_bank0_state_get)
    i.fmc_bank1_ready_wait                   0x08000d74   Section        0  gd32f10x_fmc.o(i.fmc_bank1_ready_wait)
    i.fmc_bank1_state_get                    0x08000d98   Section        0  gd32f10x_fmc.o(i.fmc_bank1_state_get)
    i.fmc_erase_pages                        0x08000dc8   Section        0  flash_operation.o(i.fmc_erase_pages)
    i.fmc_flag_clear                         0x08000e2c   Section        0  gd32f10x_fmc.o(i.fmc_flag_clear)
    i.fmc_halfword_program                   0x08000e4c   Section        0  gd32f10x_fmc.o(i.fmc_halfword_program)
    i.fmc_lock                               0x08000f0c   Section        0  gd32f10x_fmc.o(i.fmc_lock)
    i.fmc_page_erase                         0x08000f38   Section        0  gd32f10x_fmc.o(i.fmc_page_erase)
    i.fmc_program                            0x08001024   Section        0  flash_operation.o(i.fmc_program)
    i.fmc_unlock                             0x08001060   Section        0  gd32f10x_fmc.o(i.fmc_unlock)
    i.gd_dma_init                            0x080010a4   Section        0  main.o(i.gd_dma_init)
    i.gd_uart_init                           0x08001160   Section        0  main.o(i.gd_uart_init)
    i.gpio_bit_write                         0x08001258   Section        0  gd32f10x_gpio.o(i.gpio_bit_write)
    i.gpio_config                            0x08001264   Section        0  main.o(i.gpio_config)
    i.gpio_init                              0x080012e0   Section        0  gd32f10x_gpio.o(i.gpio_init)
    i.main                                   0x0800138c   Section        0  main.o(i.main)
    i.nvic_config                            0x080014a0   Section        0  main.o(i.nvic_config)
    i.nvic_irq_enable                        0x080014a4   Section        0  gd32f10x_misc.o(i.nvic_irq_enable)
    i.nvic_priority_group_set                0x08001550   Section        0  gd32f10x_misc.o(i.nvic_priority_group_set)
    i.nvic_vector_table_set                  0x08001564   Section        0  gd32f10x_misc.o(i.nvic_vector_table_set)
    i.params_Init                            0x08001578   Section        0  sensor.o(i.params_Init)
    i.pid_init                               0x08001590   Section        0  pid.o(i.pid_init)
    i.rcu_adc_clock_config                   0x080015e0   Section        0  gd32f10x_rcu.o(i.rcu_adc_clock_config)
    i.rcu_clock_freq_get                     0x08001628   Section        0  gd32f10x_rcu.o(i.rcu_clock_freq_get)
    i.rcu_config                             0x0800174c   Section        0  main.o(i.rcu_config)
    i.rcu_periph_clock_enable                0x08001788   Section        0  gd32f10x_rcu.o(i.rcu_periph_clock_enable)
    i.rcu_periph_reset_disable               0x080017a8   Section        0  gd32f10x_rcu.o(i.rcu_periph_reset_disable)
    i.rcu_periph_reset_enable                0x080017c8   Section        0  gd32f10x_rcu.o(i.rcu_periph_reset_enable)
    i.system_clock_108m_irc8m                0x080017e8   Section        0  system_gd32f10x.o(i.system_clock_108m_irc8m)
    system_clock_108m_irc8m                  0x080017e9   Thumb Code   160  system_gd32f10x.o(i.system_clock_108m_irc8m)
    i.system_clock_config                    0x08001894   Section        0  system_gd32f10x.o(i.system_clock_config)
    system_clock_config                      0x08001895   Thumb Code     8  system_gd32f10x.o(i.system_clock_config)
    i.systick_config                         0x0800189c   Section        0  sys.o(i.systick_config)
    i.timer_auto_reload_shadow_enable        0x080018ec   Section        0  gd32f10x_timer.o(i.timer_auto_reload_shadow_enable)
    i.timer_channel_output_config            0x080018f8   Section        0  gd32f10x_timer.o(i.timer_channel_output_config)
    i.timer_channel_output_mode_config       0x08001ae4   Section        0  gd32f10x_timer.o(i.timer_channel_output_mode_config)
    i.timer_channel_output_pulse_value_config 0x08001b3e   Section        0  gd32f10x_timer.o(i.timer_channel_output_pulse_value_config)
    i.timer_channel_output_shadow_config     0x08001b64   Section        0  gd32f10x_timer.o(i.timer_channel_output_shadow_config)
    i.timer_config                           0x08001bc0   Section        0  main.o(i.timer_config)
    i.timer_deinit                           0x08001c54   Section        0  gd32f10x_timer.o(i.timer_deinit)
    i.timer_enable                           0x08001d30   Section        0  gd32f10x_timer.o(i.timer_enable)
    i.timer_init                             0x08001d3c   Section        0  gd32f10x_timer.o(i.timer_init)
    i.usart_baudrate_set                     0x08001e1c   Section        0  gd32f10x_usart.o(i.usart_baudrate_set)
    i.usart_data_receive                     0x08001eac   Section        0  gd32f10x_usart.o(i.usart_data_receive)
    i.usart_deinit                           0x08001eb8   Section        0  gd32f10x_usart.o(i.usart_deinit)
    i.usart_dma_receive_config               0x08001f48   Section        0  gd32f10x_usart.o(i.usart_dma_receive_config)
    i.usart_enable                           0x08001f58   Section        0  gd32f10x_usart.o(i.usart_enable)
    i.usart_hardware_flow_cts_config         0x08001f62   Section        0  gd32f10x_usart.o(i.usart_hardware_flow_cts_config)
    i.usart_hardware_flow_rts_config         0x08001f72   Section        0  gd32f10x_usart.o(i.usart_hardware_flow_rts_config)
    i.usart_interrupt_enable                 0x08001f82   Section        0  gd32f10x_usart.o(i.usart_interrupt_enable)
    i.usart_interrupt_flag_clear             0x08001f9c   Section        0  gd32f10x_usart.o(i.usart_interrupt_flag_clear)
    i.usart_interrupt_flag_get               0x08001fb6   Section        0  gd32f10x_usart.o(i.usart_interrupt_flag_get)
    i.usart_parity_config                    0x08001fee   Section        0  gd32f10x_usart.o(i.usart_parity_config)
    i.usart_receive_config                   0x08001ffe   Section        0  gd32f10x_usart.o(i.usart_receive_config)
    i.usart_stop_bit_set                     0x0800200e   Section        0  gd32f10x_usart.o(i.usart_stop_bit_set)
    i.usart_transmit_config                  0x0800201e   Section        0  gd32f10x_usart.o(i.usart_transmit_config)
    i.usart_word_length_set                  0x0800202e   Section        0  gd32f10x_usart.o(i.usart_word_length_set)
    .data                                    0x20000000   Section        9  main.o(.data)
    flag                                     0x20000008   Data           1  main.o(.data)
    .data                                    0x2000000c   Section        4  gd32f10x_it.o(.data)
    .data                                    0x20000010   Section        4  system_gd32f10x.o(.data)
    .data                                    0x20000014   Section       44  sensor.o(.data)
    curr_v                                   0x20000020   Data           4  sensor.o(.data)
    curr_I                                   0x20000024   Data           4  sensor.o(.data)
    curr_1000_I                              0x20000028   Data           4  sensor.o(.data)
    init                                     0x2000002c   Data           1  sensor.o(.data)
    timeout                                  0x20000030   Data           4  sensor.o(.data)
    pwm1                                     0x20000034   Data           4  sensor.o(.data)
    dstCurr                                  0x20000038   Data           4  sensor.o(.data)
    timeout_tick                             0x2000003c   Data           4  sensor.o(.data)
    .data                                    0x20000040   Section        8  flash_operation.o(.data)
    .bss                                     0x20000048   Section       28  sensor.o(.bss)
    .bss                                     0x20000064   Section      108  sys.o(.bss)
    .bss                                     0x200000d0   Section       64  pid.o(.bss)
    .bss                                     0x20000110   Section      198  modbus.o(.bss)
    STACK                                    0x200001d8   Section     8192  startup_gd32f10x_cl.o(STACK)

    Global Symbols

    Symbol Name                              Value     Ov Type        Size  Object(Section)

    BuildAttributes$$THM_ISAv4$P$D$K$B$S$PE$A:L22UL41UL21$X:L11$S22US41US21$IEEE1$IW$USESV6$~STKCKD$USESV7$~SHL$OTIME$ROPI$EBA8$MICROLIB$REQ8$PRES8$EABIv2 0x00000000   Number         0  anon$$obj.o ABSOLUTE
    __ARM_use_no_argv                        0x00000000   Number         0  main.o ABSOLUTE
    __cpp_initialize__aeabi_                  - Undefined Weak Reference
    __cxa_finalize                            - Undefined Weak Reference
    __decompress                              - Undefined Weak Reference
    _clock_init                               - Undefined Weak Reference
    _microlib_exit                            - Undefined Weak Reference
    __Vectors_Size                           0x00000150   Number         0  startup_gd32f10x_cl.o ABSOLUTE
    __Vectors                                0x08000000   Data           4  startup_gd32f10x_cl.o(RESET)
    __Vectors_End                            0x08000150   Data           0  startup_gd32f10x_cl.o(RESET)
    __main                                   0x08000151   Thumb Code     0  entry.o(.ARM.Collect$$$$00000000)
    _main_stk                                0x08000151   Thumb Code     0  entry2.o(.ARM.Collect$$$$00000001)
    _main_scatterload                        0x08000155   Thumb Code     0  entry5.o(.ARM.Collect$$$$00000004)
    __main_after_scatterload                 0x08000159   Thumb Code     0  entry5.o(.ARM.Collect$$$$00000004)
    _main_clock                              0x08000159   Thumb Code     0  entry7b.o(.ARM.Collect$$$$00000008)
    _main_cpp_init                           0x08000159   Thumb Code     0  entry8b.o(.ARM.Collect$$$$0000000A)
    _main_init                               0x08000159   Thumb Code     0  entry9a.o(.ARM.Collect$$$$0000000B)
    __rt_final_cpp                           0x08000161   Thumb Code     0  entry10a.o(.ARM.Collect$$$$0000000D)
    __rt_final_exit                          0x08000161   Thumb Code     0  entry11a.o(.ARM.Collect$$$$0000000F)
    Reset_Handler                            0x08000165   Thumb Code     8  startup_gd32f10x_cl.o(.text)
    ADC0_1_IRQHandler                        0x0800017f   Thumb Code     0  startup_gd32f10x_cl.o(.text)
    CAN0_EWMC_IRQHandler                     0x0800017f   Thumb Code     0  startup_gd32f10x_cl.o(.text)
    CAN0_RX0_IRQHandler                      0x0800017f   Thumb Code     0  startup_gd32f10x_cl.o(.text)
    CAN0_RX1_IRQHandler                      0x0800017f   Thumb Code     0  startup_gd32f10x_cl.o(.text)
    CAN0_TX_IRQHandler                       0x0800017f   Thumb Code     0  startup_gd32f10x_cl.o(.text)
    CAN1_EWMC_IRQHandler                     0x0800017f   Thumb Code     0  startup_gd32f10x_cl.o(.text)
    CAN1_RX0_IRQHandler                      0x0800017f   Thumb Code     0  startup_gd32f10x_cl.o(.text)
    CAN1_RX1_IRQHandler                      0x0800017f   Thumb Code     0  startup_gd32f10x_cl.o(.text)
    CAN1_TX_IRQHandler                       0x0800017f   Thumb Code     0  startup_gd32f10x_cl.o(.text)
    DMA0_Channel0_IRQHandler                 0x0800017f   Thumb Code     0  startup_gd32f10x_cl.o(.text)
    DMA0_Channel1_IRQHandler                 0x0800017f   Thumb Code     0  startup_gd32f10x_cl.o(.text)
    DMA0_Channel2_IRQHandler                 0x0800017f   Thumb Code     0  startup_gd32f10x_cl.o(.text)
    DMA0_Channel3_IRQHandler                 0x0800017f   Thumb Code     0  startup_gd32f10x_cl.o(.text)
    DMA0_Channel5_IRQHandler                 0x0800017f   Thumb Code     0  startup_gd32f10x_cl.o(.text)
    DMA0_Channel6_IRQHandler                 0x0800017f   Thumb Code     0  startup_gd32f10x_cl.o(.text)
    DMA1_Channel0_IRQHandler                 0x0800017f   Thumb Code     0  startup_gd32f10x_cl.o(.text)
    DMA1_Channel1_IRQHandler                 0x0800017f   Thumb Code     0  startup_gd32f10x_cl.o(.text)
    DMA1_Channel2_IRQHandler                 0x0800017f   Thumb Code     0  startup_gd32f10x_cl.o(.text)
    DMA1_Channel3_IRQHandler                 0x0800017f   Thumb Code     0  startup_gd32f10x_cl.o(.text)
    DMA1_Channel4_IRQHandler                 0x0800017f   Thumb Code     0  startup_gd32f10x_cl.o(.text)
    ENET_IRQHandler                          0x0800017f   Thumb Code     0  startup_gd32f10x_cl.o(.text)
    ENET_WKUP_IRQHandler                     0x0800017f   Thumb Code     0  startup_gd32f10x_cl.o(.text)
    EXMC_IRQHandler                          0x0800017f   Thumb Code     0  startup_gd32f10x_cl.o(.text)
    EXTI0_IRQHandler                         0x0800017f   Thumb Code     0  startup_gd32f10x_cl.o(.text)
    EXTI10_15_IRQHandler                     0x0800017f   Thumb Code     0  startup_gd32f10x_cl.o(.text)
    EXTI1_IRQHandler                         0x0800017f   Thumb Code     0  startup_gd32f10x_cl.o(.text)
    EXTI2_IRQHandler                         0x0800017f   Thumb Code     0  startup_gd32f10x_cl.o(.text)
    EXTI3_IRQHandler                         0x0800017f   Thumb Code     0  startup_gd32f10x_cl.o(.text)
    EXTI4_IRQHandler                         0x0800017f   Thumb Code     0  startup_gd32f10x_cl.o(.text)
    EXTI5_9_IRQHandler                       0x0800017f   Thumb Code     0  startup_gd32f10x_cl.o(.text)
    FMC_IRQHandler                           0x0800017f   Thumb Code     0  startup_gd32f10x_cl.o(.text)
    I2C0_ER_IRQHandler                       0x0800017f   Thumb Code     0  startup_gd32f10x_cl.o(.text)
    I2C0_EV_IRQHandler                       0x0800017f   Thumb Code     0  startup_gd32f10x_cl.o(.text)
    I2C1_ER_IRQHandler                       0x0800017f   Thumb Code     0  startup_gd32f10x_cl.o(.text)
    I2C1_EV_IRQHandler                       0x0800017f   Thumb Code     0  startup_gd32f10x_cl.o(.text)
    LVD_IRQHandler                           0x0800017f   Thumb Code     0  startup_gd32f10x_cl.o(.text)
    RCU_IRQHandler                           0x0800017f   Thumb Code     0  startup_gd32f10x_cl.o(.text)
    RTC_Alarm_IRQHandler                     0x0800017f   Thumb Code     0  startup_gd32f10x_cl.o(.text)
    RTC_IRQHandler                           0x0800017f   Thumb Code     0  startup_gd32f10x_cl.o(.text)
    SPI0_IRQHandler                          0x0800017f   Thumb Code     0  startup_gd32f10x_cl.o(.text)
    SPI1_IRQHandler                          0x0800017f   Thumb Code     0  startup_gd32f10x_cl.o(.text)
    SPI2_IRQHandler                          0x0800017f   Thumb Code     0  startup_gd32f10x_cl.o(.text)
    TAMPER_IRQHandler                        0x0800017f   Thumb Code     0  startup_gd32f10x_cl.o(.text)
    TIMER0_BRK_IRQHandler                    0x0800017f   Thumb Code     0  startup_gd32f10x_cl.o(.text)
    TIMER0_Channel_IRQHandler                0x0800017f   Thumb Code     0  startup_gd32f10x_cl.o(.text)
    TIMER0_TRG_CMT_IRQHandler                0x0800017f   Thumb Code     0  startup_gd32f10x_cl.o(.text)
    TIMER0_UP_IRQHandler                     0x0800017f   Thumb Code     0  startup_gd32f10x_cl.o(.text)
    TIMER1_IRQHandler                        0x0800017f   Thumb Code     0  startup_gd32f10x_cl.o(.text)
    TIMER2_IRQHandler                        0x0800017f   Thumb Code     0  startup_gd32f10x_cl.o(.text)
    TIMER3_IRQHandler                        0x0800017f   Thumb Code     0  startup_gd32f10x_cl.o(.text)
    TIMER4_IRQHandler                        0x0800017f   Thumb Code     0  startup_gd32f10x_cl.o(.text)
    TIMER5_IRQHandler                        0x0800017f   Thumb Code     0  startup_gd32f10x_cl.o(.text)
    TIMER6_IRQHandler                        0x0800017f   Thumb Code     0  startup_gd32f10x_cl.o(.text)
    TIMER7_BRK_IRQHandler                    0x0800017f   Thumb Code     0  startup_gd32f10x_cl.o(.text)
    TIMER7_Channel_IRQHandler                0x0800017f   Thumb Code     0  startup_gd32f10x_cl.o(.text)
    TIMER7_TRG_CMT_IRQHandler                0x0800017f   Thumb Code     0  startup_gd32f10x_cl.o(.text)
    TIMER7_UP_IRQHandler                     0x0800017f   Thumb Code     0  startup_gd32f10x_cl.o(.text)
    UART3_IRQHandler                         0x0800017f   Thumb Code     0  startup_gd32f10x_cl.o(.text)
    UART4_IRQHandler                         0x0800017f   Thumb Code     0  startup_gd32f10x_cl.o(.text)
    USART1_IRQHandler                        0x0800017f   Thumb Code     0  startup_gd32f10x_cl.o(.text)
    USART2_IRQHandler                        0x0800017f   Thumb Code     0  startup_gd32f10x_cl.o(.text)
    USBFS_IRQHandler                         0x0800017f   Thumb Code     0  startup_gd32f10x_cl.o(.text)
    USBFS_WKUP_IRQHandler                    0x0800017f   Thumb Code     0  startup_gd32f10x_cl.o(.text)
    WWDGT_IRQHandler                         0x0800017f   Thumb Code     0  startup_gd32f10x_cl.o(.text)
    __aeabi_memset                           0x08000189   Thumb Code    14  memseta.o(.text)
    __aeabi_memset4                          0x08000189   Thumb Code     0  memseta.o(.text)
    __aeabi_memset8                          0x08000189   Thumb Code     0  memseta.o(.text)
    __aeabi_memclr                           0x08000197   Thumb Code     4  memseta.o(.text)
    __aeabi_memclr4                          0x08000197   Thumb Code     0  memseta.o(.text)
    __aeabi_memclr8                          0x08000197   Thumb Code     0  memseta.o(.text)
    _memset$wrapper                          0x0800019b   Thumb Code    18  memseta.o(.text)
    __aeabi_f2d                              0x080001ad   Thumb Code    38  f2d.o(.text)
    __I$use$fp                               0x080001d3   Thumb Code     0  iusefp.o(.text)
    __scatterload                            0x080001d5   Thumb Code    28  init.o(.text)
    __scatterload_rt2                        0x080001d5   Thumb Code     0  init.o(.text)
    BusFault_Handler                         0x080001f9   Thumb Code     4  gd32f10x_it.o(i.BusFault_Handler)
    DMA0_Channel4_IRQHandler                 0x080001fd   Thumb Code    26  gd32f10x_it.o(i.DMA0_Channel4_IRQHandler)
    DebugMon_Handler                         0x0800021d   Thumb Code     2  gd32f10x_it.o(i.DebugMon_Handler)
    FlashEease                               0x0800021f   Thumb Code    12  bsp_cpu_flash.o(i.FlashEease)
    GetModbusPack                            0x0800022d   Thumb Code     4  modbus.o(i.GetModbusPack)
    GetModbusPayLoad                         0x08000235   Thumb Code     4  modbus.o(i.GetModbusPayLoad)
    GetSensor                                0x0800023d   Thumb Code     4  sensor.o(i.GetSensor)
    HAL_GetTick                              0x08000245   Thumb Code     6  sys.o(i.HAL_GetTick)
    HardFault_Handler                        0x08000251   Thumb Code     4  gd32f10x_it.o(i.HardFault_Handler)
    MemManage_Handler                        0x08000255   Thumb Code     4  gd32f10x_it.o(i.MemManage_Handler)
    NMI_Handler                              0x08000259   Thumb Code     2  gd32f10x_it.o(i.NMI_Handler)
    PIDInit                                  0x08000285   Thumb Code    14  pid.o(i.PIDInit)
    PendSV_Handler                           0x08000293   Thumb Code     2  gd32f10x_it.o(i.PendSV_Handler)
    RS485_Init                               0x08000295   Thumb Code     8  modbus.o(i.RS485_Init)
    RS485_RxCpltCallback                     0x080002a1   Thumb Code   114  modbus.o(i.RS485_RxCpltCallback)
    RelayCtrl                                0x0800031d   Thumb Code   112  sensor.o(i.RelayCtrl)
    SVC_Handler                              0x08000391   Thumb Code     2  gd32f10x_it.o(i.SVC_Handler)
    SysTick_Handler                          0x08000395   Thumb Code    18  gd32f10x_it.o(i.SysTick_Handler)
    SystemInit                               0x080003ad   Thumb Code   116  system_gd32f10x.o(i.SystemInit)
    SystemParamsRead                         0x08000431   Thumb Code    82  sensor.o(i.SystemParamsRead)
    SystemParamsSave                         0x08000483   Thumb Code    56  sensor.o(i.SystemParamsSave)
    TickPro                                  0x080004bd   Thumb Code    58  sys.o(i.TickPro)
    USART0_IRQHandler                        0x080004fd   Thumb Code    32  gd32f10x_it.o(i.USART0_IRQHandler)
    UsageFault_Handler                       0x08000525   Thumb Code     4  gd32f10x_it.o(i.UsageFault_Handler)
    __scatterload_copy                       0x08000529   Thumb Code    14  handlers.o(i.__scatterload_copy)
    __scatterload_null                       0x08000537   Thumb Code     2  handlers.o(i.__scatterload_null)
    __scatterload_zeroinit                   0x08000539   Thumb Code    14  handlers.o(i.__scatterload_zeroinit)
    adc_calibration_enable                   0x08000547   Thumb Code    42  gd32f10x_adc.o(i.adc_calibration_enable)
    adc_channel_length_config                0x08000571   Thumb Code    70  gd32f10x_adc.o(i.adc_channel_length_config)
    adc_config                               0x080005b9   Thumb Code   180  main.o(i.adc_config)
    adc_data_alignment_config                0x08000671   Thumb Code    22  gd32f10x_adc.o(i.adc_data_alignment_config)
    adc_deinit                               0x08000689   Thumb Code    84  gd32f10x_adc.o(i.adc_deinit)
    adc_dma_mode_enable                      0x080006e1   Thumb Code    10  gd32f10x_adc.o(i.adc_dma_mode_enable)
    adc_enable                               0x080006eb   Thumb Code    18  gd32f10x_adc.o(i.adc_enable)
    adc_external_trigger_config              0x080006fd   Thumb Code    62  gd32f10x_adc.o(i.adc_external_trigger_config)
    adc_external_trigger_source_config       0x0800073b   Thumb Code    48  gd32f10x_adc.o(i.adc_external_trigger_source_config)
    adc_inserted_channel_config              0x0800076b   Thumb Code   120  gd32f10x_adc.o(i.adc_inserted_channel_config)
    adc_mode_config                          0x080007e5   Thumb Code    22  gd32f10x_adc.o(i.adc_mode_config)
    adc_regular_channel_config               0x08000801   Thumb Code   172  gd32f10x_adc.o(i.adc_regular_channel_config)
    adc_software_trigger_enable              0x080008ad   Thumb Code    30  gd32f10x_adc.o(i.adc_software_trigger_enable)
    adc_special_function_config              0x080008cb   Thumb Code    90  gd32f10x_adc.o(i.adc_special_function_config)
    adc_tempsensor_vrefint_enable            0x08000925   Thumb Code    14  gd32f10x_adc.o(i.adc_tempsensor_vrefint_enable)
    bsp_ReadCpuFlash                         0x08000939   Thumb Code    48  bsp_cpu_flash.o(i.bsp_ReadCpuFlash)
    bsp_WriteCpuFlash                        0x08000971   Thumb Code    60  bsp_cpu_flash.o(i.bsp_WriteCpuFlash)
    delay_ms                                 0x080009b1   Thumb Code    18  sys.o(i.delay_ms)
    dma_channel_disable                      0x080009c9   Thumb Code    50  gd32f10x_dma.o(i.dma_channel_disable)
    dma_channel_enable                       0x080009fb   Thumb Code    50  gd32f10x_dma.o(i.dma_channel_enable)
    dma_circulation_disable                  0x08000a2d   Thumb Code    50  gd32f10x_dma.o(i.dma_circulation_disable)
    dma_circulation_enable                   0x08000a5f   Thumb Code    50  gd32f10x_dma.o(i.dma_circulation_enable)
    dma_deinit                               0x08000a91   Thumb Code   112  gd32f10x_dma.o(i.dma_deinit)
    dma_init                                 0x08000b01   Thumb Code   302  gd32f10x_dma.o(i.dma_init)
    dma_interrupt_flag_clear                 0x08000c2f   Thumb Code    16  gd32f10x_dma.o(i.dma_interrupt_flag_clear)
    dma_interrupt_flag_get                   0x08000c3f   Thumb Code   130  gd32f10x_dma.o(i.dma_interrupt_flag_get)
    dma_transfer_number_config               0x08000cd9   Thumb Code    38  gd32f10x_dma.o(i.dma_transfer_number_config)
    dma_transfer_number_get                  0x08000cff   Thumb Code    34  gd32f10x_dma.o(i.dma_transfer_number_get)
    fmc_bank0_ready_wait                     0x08000d21   Thumb Code    34  gd32f10x_fmc.o(i.fmc_bank0_ready_wait)
    fmc_bank0_state_get                      0x08000d45   Thumb Code    44  gd32f10x_fmc.o(i.fmc_bank0_state_get)
    fmc_bank1_ready_wait                     0x08000d75   Thumb Code    34  gd32f10x_fmc.o(i.fmc_bank1_ready_wait)
    fmc_bank1_state_get                      0x08000d99   Thumb Code    44  gd32f10x_fmc.o(i.fmc_bank1_state_get)
    fmc_erase_pages                          0x08000dc9   Thumb Code    92  flash_operation.o(i.fmc_erase_pages)
    fmc_flag_clear                           0x08000e2d   Thumb Code    28  gd32f10x_fmc.o(i.fmc_flag_clear)
    fmc_halfword_program                     0x08000e4d   Thumb Code   178  gd32f10x_fmc.o(i.fmc_halfword_program)
    fmc_lock                                 0x08000f0d   Thumb Code    34  gd32f10x_fmc.o(i.fmc_lock)
    fmc_page_erase                           0x08000f39   Thumb Code   222  gd32f10x_fmc.o(i.fmc_page_erase)
    fmc_program                              0x08001025   Thumb Code    52  flash_operation.o(i.fmc_program)
    fmc_unlock                               0x08001061   Thumb Code    52  gd32f10x_fmc.o(i.fmc_unlock)
    gd_dma_init                              0x080010a5   Thumb Code   168  main.o(i.gd_dma_init)
    gd_uart_init                             0x08001161   Thumb Code   236  main.o(i.gd_uart_init)
    gpio_bit_write                           0x08001259   Thumb Code    10  gd32f10x_gpio.o(i.gpio_bit_write)
    gpio_config                              0x08001265   Thumb Code   110  main.o(i.gpio_config)
    gpio_init                                0x080012e1   Thumb Code   172  gd32f10x_gpio.o(i.gpio_init)
    main                                     0x0800138d   Thumb Code   250  main.o(i.main)
    nvic_config                              0x080014a1   Thumb Code     2  main.o(i.nvic_config)
    nvic_irq_enable                          0x080014a5   Thumb Code   162  gd32f10x_misc.o(i.nvic_irq_enable)
    nvic_priority_group_set                  0x08001551   Thumb Code    10  gd32f10x_misc.o(i.nvic_priority_group_set)
    nvic_vector_table_set                    0x08001565   Thumb Code    12  gd32f10x_misc.o(i.nvic_vector_table_set)
    params_Init                              0x08001579   Thumb Code    18  sensor.o(i.params_Init)
    pid_init                                 0x08001591   Thumb Code    64  pid.o(i.pid_init)
    rcu_adc_clock_config                     0x080015e1   Thumb Code    64  gd32f10x_rcu.o(i.rcu_adc_clock_config)
    rcu_clock_freq_get                       0x08001629   Thumb Code   264  gd32f10x_rcu.o(i.rcu_clock_freq_get)
    rcu_config                               0x0800174d   Thumb Code    58  main.o(i.rcu_config)
    rcu_periph_clock_enable                  0x08001789   Thumb Code    28  gd32f10x_rcu.o(i.rcu_periph_clock_enable)
    rcu_periph_reset_disable                 0x080017a9   Thumb Code    28  gd32f10x_rcu.o(i.rcu_periph_reset_disable)
    rcu_periph_reset_enable                  0x080017c9   Thumb Code    28  gd32f10x_rcu.o(i.rcu_periph_reset_enable)
    systick_config                           0x0800189d   Thumb Code    74  sys.o(i.systick_config)
    timer_auto_reload_shadow_enable          0x080018ed   Thumb Code    10  gd32f10x_timer.o(i.timer_auto_reload_shadow_enable)
    timer_channel_output_config              0x080018f9   Thumb Code   484  gd32f10x_timer.o(i.timer_channel_output_config)
    timer_channel_output_mode_config         0x08001ae5   Thumb Code    90  gd32f10x_timer.o(i.timer_channel_output_mode_config)
    timer_channel_output_pulse_value_config  0x08001b3f   Thumb Code    38  gd32f10x_timer.o(i.timer_channel_output_pulse_value_config)
    timer_channel_output_shadow_config       0x08001b65   Thumb Code    90  gd32f10x_timer.o(i.timer_channel_output_shadow_config)
    timer_config                             0x08001bc1   Thumb Code   144  main.o(i.timer_config)
    timer_deinit                             0x08001c55   Thumb Code   210  gd32f10x_timer.o(i.timer_deinit)
    timer_enable                             0x08001d31   Thumb Code    10  gd32f10x_timer.o(i.timer_enable)
    timer_init                               0x08001d3d   Thumb Code   170  gd32f10x_timer.o(i.timer_init)
    usart_baudrate_set                       0x08001e1d   Thumb Code   136  gd32f10x_usart.o(i.usart_baudrate_set)
    usart_data_receive                       0x08001ead   Thumb Code    10  gd32f10x_usart.o(i.usart_data_receive)
    usart_deinit                             0x08001eb9   Thumb Code   136  gd32f10x_usart.o(i.usart_deinit)
    usart_dma_receive_config                 0x08001f49   Thumb Code    16  gd32f10x_usart.o(i.usart_dma_receive_config)
    usart_enable                             0x08001f59   Thumb Code    10  gd32f10x_usart.o(i.usart_enable)
    usart_hardware_flow_cts_config           0x08001f63   Thumb Code    16  gd32f10x_usart.o(i.usart_hardware_flow_cts_config)
    usart_hardware_flow_rts_config           0x08001f73   Thumb Code    16  gd32f10x_usart.o(i.usart_hardware_flow_rts_config)
    usart_interrupt_enable                   0x08001f83   Thumb Code    26  gd32f10x_usart.o(i.usart_interrupt_enable)
    usart_interrupt_flag_clear               0x08001f9d   Thumb Code    26  gd32f10x_usart.o(i.usart_interrupt_flag_clear)
    usart_interrupt_flag_get                 0x08001fb7   Thumb Code    56  gd32f10x_usart.o(i.usart_interrupt_flag_get)
    usart_parity_config                      0x08001fef   Thumb Code    16  gd32f10x_usart.o(i.usart_parity_config)
    usart_receive_config                     0x08001fff   Thumb Code    16  gd32f10x_usart.o(i.usart_receive_config)
    usart_stop_bit_set                       0x0800200f   Thumb Code    16  gd32f10x_usart.o(i.usart_stop_bit_set)
    usart_transmit_config                    0x0800201f   Thumb Code    16  gd32f10x_usart.o(i.usart_transmit_config)
    usart_word_length_set                    0x0800202f   Thumb Code    16  gd32f10x_usart.o(i.usart_word_length_set)
    Region$$Table$$Base                      0x08002040   Number         0  anon$$obj.o(Region$$Table)
    Region$$Table$$Limit                     0x08002060   Number         0  anon$$obj.o(Region$$Table)
    tick_usr1                                0x20000000   Data           4  main.o(.data)
    led_tick                                 0x20000004   Data           4  main.o(.data)
    sys_tick                                 0x2000000c   Data           4  gd32f10x_it.o(.data)
    SystemCoreClock                          0x20000010   Data           4  system_gd32f10x.o(.data)
    adc1_val_buf                             0x20000014   Data           8  sensor.o(.data)
    vcc                                      0x2000001c   Data           4  sensor.o(.data)
    address                                  0x20000040   Data           4  flash_operation.o(.data)
    page_num                                 0x20000044   Data           4  flash_operation.o(.data)
    sensor                                   0x20000048   Data          28  sensor.o(.bss)
    tick_usr                                 0x20000064   Data         108  sys.o(.bss)
    sPID                                     0x200000d0   Data          64  pid.o(.bss)
    modbus_usr                               0x20000110   Data         148  modbus.o(.bss)
    modbus_pack_usr                          0x200001a4   Data          50  modbus.o(.bss)
    __initial_sp                             0x200021d8   Data           0  startup_gd32f10x_cl.o(STACK)



==============================================================================

Memory Map of the image

  Image Entry point : 0x08000151

  Load Region LR_IROM1 (Base: 0x08000000, Size: 0x000020a8, Max: 0x00010000, ABSOLUTE)

    Execution Region ER_IROM1 (Exec base: 0x08000000, Load base: 0x08000000, Size: 0x00002060, Max: 0x00010000, ABSOLUTE)

    Exec Addr    Load Addr    Size         Type   Attr      Idx    E Section Name        Object

    0x08000000   0x08000000   0x00000150   Data   RO         4019    RESET               startup_gd32f10x_cl.o
    0x08000150   0x08000150   0x00000000   Code   RO         4574  * .ARM.Collect$$$$00000000  mc_w.l(entry.o)
    0x08000150   0x08000150   0x00000004   Code   RO         4617    .ARM.Collect$$$$00000001  mc_w.l(entry2.o)
    0x08000154   0x08000154   0x00000004   Code   RO         4620    .ARM.Collect$$$$00000004  mc_w.l(entry5.o)
    0x08000158   0x08000158   0x00000000   Code   RO         4622    .ARM.Collect$$$$00000008  mc_w.l(entry7b.o)
    0x08000158   0x08000158   0x00000000   Code   RO         4624    .ARM.Collect$$$$0000000A  mc_w.l(entry8b.o)
    0x08000158   0x08000158   0x00000008   Code   RO         4625    .ARM.Collect$$$$0000000B  mc_w.l(entry9a.o)
    0x08000160   0x08000160   0x00000000   Code   RO         4627    .ARM.Collect$$$$0000000D  mc_w.l(entry10a.o)
    0x08000160   0x08000160   0x00000000   Code   RO         4629    .ARM.Collect$$$$0000000F  mc_w.l(entry11a.o)
    0x08000160   0x08000160   0x00000004   Code   RO         4618    .ARM.Collect$$$$00002712  mc_w.l(entry2.o)
    0x08000164   0x08000164   0x00000024   Code   RO         4020    .text               startup_gd32f10x_cl.o
    0x08000188   0x08000188   0x00000024   Code   RO         4579    .text               mc_w.l(memseta.o)
    0x080001ac   0x080001ac   0x00000026   Code   RO         4605    .text               mf_w.l(f2d.o)
    0x080001d2   0x080001d2   0x00000000   Code   RO         4637    .text               mc_w.l(iusefp.o)
    0x080001d2   0x080001d2   0x00000002   PAD
    0x080001d4   0x080001d4   0x00000024   Code   RO         4642    .text               mc_w.l(init.o)
    0x080001f8   0x080001f8   0x00000004   Code   RO          232    i.BusFault_Handler  gd32f10x_it.o
    0x080001fc   0x080001fc   0x00000020   Code   RO          233    i.DMA0_Channel4_IRQHandler  gd32f10x_it.o
    0x0800021c   0x0800021c   0x00000002   Code   RO          234    i.DebugMon_Handler  gd32f10x_it.o
    0x0800021e   0x0800021e   0x0000000c   Code   RO         4401    i.FlashEease        bsp_cpu_flash.o
    0x0800022a   0x0800022a   0x00000002   PAD
    0x0800022c   0x0800022c   0x00000008   Code   RO         4448    i.GetModbusPack     modbus.o
    0x08000234   0x08000234   0x00000008   Code   RO         4449    i.GetModbusPayLoad  modbus.o
    0x0800023c   0x0800023c   0x00000008   Code   RO         4115    i.GetSensor         sensor.o
    0x08000244   0x08000244   0x0000000c   Code   RO         4262    i.HAL_GetTick       sys.o
    0x08000250   0x08000250   0x00000004   Code   RO          235    i.HardFault_Handler  gd32f10x_it.o
    0x08000254   0x08000254   0x00000004   Code   RO          236    i.MemManage_Handler  gd32f10x_it.o
    0x08000258   0x08000258   0x00000002   Code   RO          237    i.NMI_Handler       gd32f10x_it.o
    0x0800025a   0x0800025a   0x00000002   PAD
    0x0800025c   0x0800025c   0x00000028   Code   RO         4263    i.NVIC_SetPriority  sys.o
    0x08000284   0x08000284   0x0000000e   Code   RO         4344    i.PIDInit           pid.o
    0x08000292   0x08000292   0x00000002   Code   RO          238    i.PendSV_Handler    gd32f10x_it.o
    0x08000294   0x08000294   0x0000000c   Code   RO         4454    i.RS485_Init        modbus.o
    0x080002a0   0x080002a0   0x0000007c   Code   RO         4455    i.RS485_RxCpltCallback  modbus.o
    0x0800031c   0x0800031c   0x00000074   Code   RO         4117    i.RelayCtrl         sensor.o
    0x08000390   0x08000390   0x00000002   Code   RO          239    i.SVC_Handler       gd32f10x_it.o
    0x08000392   0x08000392   0x00000002   PAD
    0x08000394   0x08000394   0x00000018   Code   RO          240    i.SysTick_Handler   gd32f10x_it.o
    0x080003ac   0x080003ac   0x00000084   Code   RO          341    i.SystemInit        system_gd32f10x.o
    0x08000430   0x08000430   0x00000052   Code   RO         4119    i.SystemParamsRead  sensor.o
    0x08000482   0x08000482   0x00000038   Code   RO         4120    i.SystemParamsSave  sensor.o
    0x080004ba   0x080004ba   0x00000002   PAD
    0x080004bc   0x080004bc   0x00000040   Code   RO         4264    i.TickPro           sys.o
    0x080004fc   0x080004fc   0x00000028   Code   RO          241    i.USART0_IRQHandler  gd32f10x_it.o
    0x08000524   0x08000524   0x00000004   Code   RO          242    i.UsageFault_Handler  gd32f10x_it.o
    0x08000528   0x08000528   0x0000000e   Code   RO         4646    i.__scatterload_copy  mc_w.l(handlers.o)
    0x08000536   0x08000536   0x00000002   Code   RO         4647    i.__scatterload_null  mc_w.l(handlers.o)
    0x08000538   0x08000538   0x0000000e   Code   RO         4648    i.__scatterload_zeroinit  mc_w.l(handlers.o)
    0x08000546   0x08000546   0x0000002a   Code   RO          382    i.adc_calibration_enable  gd32f10x_adc.o
    0x08000570   0x08000570   0x00000046   Code   RO          383    i.adc_channel_length_config  gd32f10x_adc.o
    0x080005b6   0x080005b6   0x00000002   PAD
    0x080005b8   0x080005b8   0x000000b8   Code   RO           12    i.adc_config        main.o
    0x08000670   0x08000670   0x00000016   Code   RO          384    i.adc_data_alignment_config  gd32f10x_adc.o
    0x08000686   0x08000686   0x00000002   PAD
    0x08000688   0x08000688   0x00000058   Code   RO          385    i.adc_deinit        gd32f10x_adc.o
    0x080006e0   0x080006e0   0x0000000a   Code   RO          389    i.adc_dma_mode_enable  gd32f10x_adc.o
    0x080006ea   0x080006ea   0x00000012   Code   RO          390    i.adc_enable        gd32f10x_adc.o
    0x080006fc   0x080006fc   0x0000003e   Code   RO          391    i.adc_external_trigger_config  gd32f10x_adc.o
    0x0800073a   0x0800073a   0x00000030   Code   RO          392    i.adc_external_trigger_source_config  gd32f10x_adc.o
    0x0800076a   0x0800076a   0x00000078   Code   RO          395    i.adc_inserted_channel_config  gd32f10x_adc.o
    0x080007e2   0x080007e2   0x00000002   PAD
    0x080007e4   0x080007e4   0x0000001c   Code   RO          403    i.adc_mode_config   gd32f10x_adc.o
    0x08000800   0x08000800   0x000000ac   Code   RO          404    i.adc_regular_channel_config  gd32f10x_adc.o
    0x080008ac   0x080008ac   0x0000001e   Code   RO          407    i.adc_software_trigger_enable  gd32f10x_adc.o
    0x080008ca   0x080008ca   0x0000005a   Code   RO          408    i.adc_special_function_config  gd32f10x_adc.o
    0x08000924   0x08000924   0x00000014   Code   RO          411    i.adc_tempsensor_vrefint_enable  gd32f10x_adc.o
    0x08000938   0x08000938   0x00000038   Code   RO         4404    i.bsp_ReadCpuFlash  bsp_cpu_flash.o
    0x08000970   0x08000970   0x00000040   Code   RO         4405    i.bsp_WriteCpuFlash  bsp_cpu_flash.o
    0x080009b0   0x080009b0   0x00000018   Code   RO         4265    i.delay_ms          sys.o
    0x080009c8   0x080009c8   0x00000032   Code   RO         1252    i.dma_channel_disable  gd32f10x_dma.o
    0x080009fa   0x080009fa   0x00000032   Code   RO         1253    i.dma_channel_enable  gd32f10x_dma.o
    0x08000a2c   0x08000a2c   0x00000032   Code   RO         1254    i.dma_circulation_disable  gd32f10x_dma.o
    0x08000a5e   0x08000a5e   0x00000032   Code   RO         1255    i.dma_circulation_enable  gd32f10x_dma.o
    0x08000a90   0x08000a90   0x00000070   Code   RO         1256    i.dma_deinit        gd32f10x_dma.o
    0x08000b00   0x08000b00   0x0000012e   Code   RO         1259    i.dma_init          gd32f10x_dma.o
    0x08000c2e   0x08000c2e   0x00000010   Code   RO         1262    i.dma_interrupt_flag_clear  gd32f10x_dma.o
    0x08000c3e   0x08000c3e   0x00000082   Code   RO         1263    i.dma_interrupt_flag_get  gd32f10x_dma.o
    0x08000cc0   0x08000cc0   0x00000018   Code   RO         1271    i.dma_periph_and_channel_check  gd32f10x_dma.o
    0x08000cd8   0x08000cd8   0x00000026   Code   RO         1278    i.dma_transfer_number_config  gd32f10x_dma.o
    0x08000cfe   0x08000cfe   0x00000022   Code   RO         1279    i.dma_transfer_number_get  gd32f10x_dma.o
    0x08000d20   0x08000d20   0x00000022   Code   RO         1699    i.fmc_bank0_ready_wait  gd32f10x_fmc.o
    0x08000d42   0x08000d42   0x00000002   PAD
    0x08000d44   0x08000d44   0x00000030   Code   RO         1700    i.fmc_bank0_state_get  gd32f10x_fmc.o
    0x08000d74   0x08000d74   0x00000022   Code   RO         1704    i.fmc_bank1_ready_wait  gd32f10x_fmc.o
    0x08000d96   0x08000d96   0x00000002   PAD
    0x08000d98   0x08000d98   0x00000030   Code   RO         1705    i.fmc_bank1_state_get  gd32f10x_fmc.o
    0x08000dc8   0x08000dc8   0x00000064   Code   RO         4538    i.fmc_erase_pages   flash_operation.o
    0x08000e2c   0x08000e2c   0x00000020   Code   RO         1707    i.fmc_flag_clear    gd32f10x_fmc.o
    0x08000e4c   0x08000e4c   0x000000c0   Code   RO         1709    i.fmc_halfword_program  gd32f10x_fmc.o
    0x08000f0c   0x08000f0c   0x0000002c   Code   RO         1714    i.fmc_lock          gd32f10x_fmc.o
    0x08000f38   0x08000f38   0x000000ec   Code   RO         1716    i.fmc_page_erase    gd32f10x_fmc.o
    0x08001024   0x08001024   0x0000003c   Code   RO         4539    i.fmc_program       flash_operation.o
    0x08001060   0x08001060   0x00000044   Code   RO         1717    i.fmc_unlock        gd32f10x_fmc.o
    0x080010a4   0x080010a4   0x000000bc   Code   RO           13    i.gd_dma_init       main.o
    0x08001160   0x08001160   0x000000f8   Code   RO           14    i.gd_uart_init      main.o
    0x08001258   0x08001258   0x0000000a   Code   RO         1971    i.gpio_bit_write    gd32f10x_gpio.o
    0x08001262   0x08001262   0x00000002   PAD
    0x08001264   0x08001264   0x0000007c   Code   RO           15    i.gpio_config       main.o
    0x080012e0   0x080012e0   0x000000ac   Code   RO         1977    i.gpio_init         gd32f10x_gpio.o
    0x0800138c   0x0800138c   0x00000114   Code   RO           16    i.main              main.o
    0x080014a0   0x080014a0   0x00000002   Code   RO           17    i.nvic_config       main.o
    0x080014a2   0x080014a2   0x00000002   PAD
    0x080014a4   0x080014a4   0x000000ac   Code   RO         2291    i.nvic_irq_enable   gd32f10x_misc.o
    0x08001550   0x08001550   0x00000014   Code   RO         2292    i.nvic_priority_group_set  gd32f10x_misc.o
    0x08001564   0x08001564   0x00000014   Code   RO         2293    i.nvic_vector_table_set  gd32f10x_misc.o
    0x08001578   0x08001578   0x00000018   Code   RO         4126    i.params_Init       sensor.o
    0x08001590   0x08001590   0x00000050   Code   RO         4346    i.pid_init          pid.o
    0x080015e0   0x080015e0   0x00000048   Code   RO         2433    i.rcu_adc_clock_config  gd32f10x_rcu.o
    0x08001628   0x08001628   0x00000124   Code   RO         2441    i.rcu_clock_freq_get  gd32f10x_rcu.o
    0x0800174c   0x0800174c   0x0000003a   Code   RO           18    i.rcu_config        main.o
    0x08001786   0x08001786   0x00000002   PAD
    0x08001788   0x08001788   0x00000020   Code   RO         2458    i.rcu_periph_clock_enable  gd32f10x_rcu.o
    0x080017a8   0x080017a8   0x00000020   Code   RO         2461    i.rcu_periph_reset_disable  gd32f10x_rcu.o
    0x080017c8   0x080017c8   0x00000020   Code   RO         2462    i.rcu_periph_reset_enable  gd32f10x_rcu.o
    0x080017e8   0x080017e8   0x000000ac   Code   RO          342    i.system_clock_108m_irc8m  system_gd32f10x.o
    0x08001894   0x08001894   0x00000008   Code   RO          343    i.system_clock_config  system_gd32f10x.o
    0x0800189c   0x0800189c   0x00000050   Code   RO         4268    i.systick_config    sys.o
    0x080018ec   0x080018ec   0x0000000a   Code   RO         3258    i.timer_auto_reload_shadow_enable  gd32f10x_timer.o
    0x080018f6   0x080018f6   0x00000002   PAD
    0x080018f8   0x080018f8   0x000001ec   Code   RO         3275    i.timer_channel_output_config  gd32f10x_timer.o
    0x08001ae4   0x08001ae4   0x0000005a   Code   RO         3277    i.timer_channel_output_mode_config  gd32f10x_timer.o
    0x08001b3e   0x08001b3e   0x00000026   Code   RO         3279    i.timer_channel_output_pulse_value_config  gd32f10x_timer.o
    0x08001b64   0x08001b64   0x0000005a   Code   RO         3280    i.timer_channel_output_shadow_config  gd32f10x_timer.o
    0x08001bbe   0x08001bbe   0x00000002   PAD
    0x08001bc0   0x08001bc0   0x00000094   Code   RO           19    i.timer_config      main.o
    0x08001c54   0x08001c54   0x000000dc   Code   RO         3288    i.timer_deinit      gd32f10x_timer.o
    0x08001d30   0x08001d30   0x0000000a   Code   RO         3293    i.timer_enable      gd32f10x_timer.o
    0x08001d3a   0x08001d3a   0x00000002   PAD
    0x08001d3c   0x08001d3c   0x000000e0   Code   RO         3303    i.timer_init        gd32f10x_timer.o
    0x08001e1c   0x08001e1c   0x00000090   Code   RO         3689    i.usart_baudrate_set  gd32f10x_usart.o
    0x08001eac   0x08001eac   0x0000000a   Code   RO         3690    i.usart_data_receive  gd32f10x_usart.o
    0x08001eb6   0x08001eb6   0x00000002   PAD
    0x08001eb8   0x08001eb8   0x00000090   Code   RO         3692    i.usart_deinit      gd32f10x_usart.o
    0x08001f48   0x08001f48   0x00000010   Code   RO         3694    i.usart_dma_receive_config  gd32f10x_usart.o
    0x08001f58   0x08001f58   0x0000000a   Code   RO         3696    i.usart_enable      gd32f10x_usart.o
    0x08001f62   0x08001f62   0x00000010   Code   RO         3702    i.usart_hardware_flow_cts_config  gd32f10x_usart.o
    0x08001f72   0x08001f72   0x00000010   Code   RO         3703    i.usart_hardware_flow_rts_config  gd32f10x_usart.o
    0x08001f82   0x08001f82   0x0000001a   Code   RO         3705    i.usart_interrupt_enable  gd32f10x_usart.o
    0x08001f9c   0x08001f9c   0x0000001a   Code   RO         3706    i.usart_interrupt_flag_clear  gd32f10x_usart.o
    0x08001fb6   0x08001fb6   0x00000038   Code   RO         3707    i.usart_interrupt_flag_get  gd32f10x_usart.o
    0x08001fee   0x08001fee   0x00000010   Code   RO         3717    i.usart_parity_config  gd32f10x_usart.o
    0x08001ffe   0x08001ffe   0x00000010   Code   RO         3719    i.usart_receive_config  gd32f10x_usart.o
    0x0800200e   0x0800200e   0x00000010   Code   RO         3725    i.usart_stop_bit_set  gd32f10x_usart.o
    0x0800201e   0x0800201e   0x00000010   Code   RO         3729    i.usart_transmit_config  gd32f10x_usart.o
    0x0800202e   0x0800202e   0x00000010   Code   RO         3730    i.usart_word_length_set  gd32f10x_usart.o
    0x0800203e   0x0800203e   0x00000002   PAD
    0x08002040   0x08002040   0x00000020   Data   RO         4644    Region$$Table       anon$$obj.o


    Execution Region RW_IRAM1 (Exec base: 0x20000000, Load base: 0x08002060, Size: 0x000021d8, Max: 0x00005000, ABSOLUTE)

    Exec Addr    Load Addr    Size         Type   Attr      Idx    E Section Name        Object

    0x20000000   0x08002060   0x00000009   Data   RW           21    .data               main.o
    0x20000009   0x08002069   0x00000003   PAD
    0x2000000c   0x0800206c   0x00000004   Data   RW          243    .data               gd32f10x_it.o
    0x20000010   0x08002070   0x00000004   Data   RW          344    .data               system_gd32f10x.o
    0x20000014   0x08002074   0x0000002c   Data   RW         4133    .data               sensor.o
    0x20000040   0x080020a0   0x00000008   Data   RW         4541    .data               flash_operation.o
    0x20000048        -       0x0000001c   Zero   RW         4132    .bss                sensor.o
    0x20000064        -       0x0000006c   Zero   RW         4269    .bss                sys.o
    0x200000d0        -       0x00000040   Zero   RW         4348    .bss                pid.o
    0x20000110        -       0x000000c6   Zero   RW         4459    .bss                modbus.o
    0x200001d6   0x080020a8   0x00000002   PAD
    0x200001d8        -       0x00002000   Zero   RW         4017    STACK               startup_gd32f10x_cl.o


==============================================================================

Image component sizes


      Code (inc. data)   RO Data    RW Data    ZI Data      Debug   Object Name

       132         12          0          0          0       2448   bsp_cpu_flash.o
       160         16          0          8          0       1515   flash_operation.o
       820         16          0          0          0       9777   gd32f10x_adc.o
       856          6          0          0          0      13429   gd32f10x_dma.o
       736         66          0          0          0      11643   gd32f10x_fmc.o
       182          0          0          0          0      11369   gd32f10x_gpio.o
       120         20          0          4          0       5220   gd32f10x_it.o
       212         28          0          0          0       2124   gd32f10x_misc.o
       460         56          0          0          0      16995   gd32f10x_rcu.o
      1174         72          0          0          0      21449   gd32f10x_timer.o
       544         16          0          0          0      10224   gd32f10x_usart.o
      1228         80          0          9          0      32938   main.o
       152         22          0          0        198       3763   modbus.o
        94         16          0          0         64       2221   pid.o
       286         14          0         44         28       7395   sensor.o
        36          8        336          0       8192        892   startup_gd32f10x_cl.o
       220         32          0          0        108      27099   sys.o
       312         28          0          4          0       2031   system_gd32f10x.o

    ----------------------------------------------------------------------
      7758        508        368         72       8592     182532   Object Totals
         0          0         32          0          0          0   (incl. Generated)
        34          0          0          3          2          0   (incl. Padding)

    ----------------------------------------------------------------------

      Code (inc. data)   RO Data    RW Data    ZI Data      Debug   Library Member Name

         0          0          0          0          0          0   entry.o
         0          0          0          0          0          0   entry10a.o
         0          0          0          0          0          0   entry11a.o
         8          4          0          0          0          0   entry2.o
         4          0          0          0          0          0   entry5.o
         0          0          0          0          0          0   entry7b.o
         0          0          0          0          0          0   entry8b.o
         8          4          0          0          0          0   entry9a.o
        30          0          0          0          0          0   handlers.o
        36          8          0          0          0         68   init.o
         0          0          0          0          0          0   iusefp.o
        36          0          0          0          0        108   memseta.o
        38          0          0          0          0         68   f2d.o

    ----------------------------------------------------------------------
       162         16          0          0          0        244   Library Totals
         2          0          0          0          0          0   (incl. Padding)

    ----------------------------------------------------------------------

      Code (inc. data)   RO Data    RW Data    ZI Data      Debug   Library Name

       122         16          0          0          0        176   mc_w.l
        38          0          0          0          0         68   mf_w.l

    ----------------------------------------------------------------------
       162         16          0          0          0        244   Library Totals

    ----------------------------------------------------------------------

==============================================================================


      Code (inc. data)   RO Data    RW Data    ZI Data      Debug   

      7920        524        368         72       8592     177468   Grand Totals
      7920        524        368         72       8592     177468   ELF Image Totals
      7920        524        368         72          0          0   ROM Totals

==============================================================================

    Total RO  Size (Code + RO Data)                 8288 (   8.09kB)
    Total RW  Size (RW Data + ZI Data)              8664 (   8.46kB)
    Total ROM Size (Code + RO Data + RW Data)       8360 (   8.16kB)

==============================================================================

