Component: ARM Compiler 5.06 update 6 (build 750) Tool: armlink [4d35ed]

==============================================================================

Section Cross References

    gd32f4xx_it.o(i.DMA1_Channel2_IRQHandler) refers to gd32f4xx_dma.o(i.dma_interrupt_flag_clear) for dma_interrupt_flag_clear
    gd32f4xx_it.o(i.DMA1_Channel2_IRQHandler) refers to gd32f4xx_dma.o(i.dma_interrupt_flag_get) for dma_interrupt_flag_get
    gd32f4xx_it.o(i.DMA1_Channel7_IRQHandler) refers to gd32f4xx_dma.o(i.dma_interrupt_flag_get) for dma_interrupt_flag_get
    gd32f4xx_it.o(i.DMA1_Channel7_IRQHandler) refers to gd32f4xx_dma.o(i.dma_interrupt_flag_clear) for dma_interrupt_flag_clear
    gd32f4xx_it.o(i.EXTI10_15_IRQHandler) refers to gd32f4xx_exti.o(i.exti_interrupt_flag_get) for exti_interrupt_flag_get
    gd32f4xx_it.o(i.EXTI10_15_IRQHandler) refers to gd32f4xx_exti.o(i.exti_interrupt_flag_clear) for exti_interrupt_flag_clear
    gd32f4xx_it.o(i.EXTI10_15_IRQHandler) refers to app_lcd.o(i.getuiCallback) for getuiCallback
    gd32f4xx_it.o(i.SysTick_Handler) refers to sys.o(i.TickPro) for TickPro
    gd32f4xx_it.o(i.SysTick_Handler) refers to sensor.o(i.GetFlow) for GetFlow
    gd32f4xx_it.o(i.SysTick_Handler) refers to bsp_beep.o(i.Speak_value) for Speak_value
    gd32f4xx_it.o(i.SysTick_Handler) refers to gd32f4xx_it.o(.data) for sys_tick
    gd32f4xx_it.o(i.TIMER2_IRQHandler) refers to timer.o(i.HAL_TIM_IC_CaptureCallback) for HAL_TIM_IC_CaptureCallback
    gd32f4xx_it.o(i.TIMER2_IRQHandler) refers to gd32f4xx_it.o(.data) for count
    gd32f4xx_it.o(i.USART2_IRQHandler) refers to gd32f4xx_usart.o(i.usart_interrupt_flag_get) for usart_interrupt_flag_get
    gd32f4xx_it.o(i.USART2_IRQHandler) refers to gd32f4xx_usart.o(i.usart_interrupt_flag_clear) for usart_interrupt_flag_clear
    gd32f4xx_it.o(i.USART2_IRQHandler) refers to gd32f4xx_usart.o(i.usart_data_receive) for usart_data_receive
    gd32f4xx_it.o(i.USART2_IRQHandler) refers to app_lcd.o(i.lcd_touch_interrupt) for lcd_touch_interrupt
    gd32f4xx_it.o(i.USART2_IRQHandler) refers to gd32f4xx_it.o(.data) for data
    gd32f4xx_it.o(i.USART2_IRQHandler) refers to app_lcd.o(.data) for ui_usr
    gd32f4xx_it.o(i.USART2_IRQHandler) refers to gd32f4xx_it.o(.bss) for buf_cmd
    gd32f4xx_it.o(i.USART5_IRQHandler) refers to gd32f4xx_usart.o(i.usart_interrupt_flag_get) for usart_interrupt_flag_get
    gd32f4xx_it.o(i.USART5_IRQHandler) refers to gd32f4xx_usart.o(i.usart_interrupt_flag_clear) for usart_interrupt_flag_clear
    gd32f4xx_it.o(i.USART5_IRQHandler) refers to gd32f4xx_usart.o(i.usart_data_receive) for usart_data_receive
    gd32f4xx_it.o(i.USART5_IRQHandler) refers to modbus.o(i.RS485_RxCpltCallback) for RS485_RxCpltCallback
    gd32f4xx_it.o(i.USART5_IRQHandler) refers to gd32f4xx_it.o(.data) for res
    main.o(i.MX_GPIO_Init) refers to gd32f4xx_rcu.o(i.rcu_periph_clock_enable) for rcu_periph_clock_enable
    main.o(i.MX_GPIO_Init) refers to gd32f4xx_gpio.o(i.gpio_bit_reset) for gpio_bit_reset
    main.o(i.MX_GPIO_Init) refers to gd32f4xx_gpio.o(i.gpio_bit_write) for gpio_bit_write
    main.o(i.MX_GPIO_Init) refers to gd32f4xx_gpio.o(i.gpio_mode_set) for gpio_mode_set
    main.o(i.MX_GPIO_Init) refers to gd32f4xx_gpio.o(i.gpio_output_options_set) for gpio_output_options_set
    main.o(i.MX_GPIO_Init) refers to gd32f4xx_misc.o(i.nvic_irq_enable) for nvic_irq_enable
    main.o(i.MX_GPIO_Init) refers to gd32f4xx_syscfg.o(i.syscfg_exti_line_config) for syscfg_exti_line_config
    main.o(i.MX_GPIO_Init) refers to gd32f4xx_exti.o(i.exti_init) for exti_init
    main.o(i.MX_GPIO_Init) refers to gd32f4xx_exti.o(i.exti_interrupt_flag_clear) for exti_interrupt_flag_clear
    main.o(i.MX_TIM1_Init) refers to gd32f4xx_rcu.o(i.rcu_periph_clock_enable) for rcu_periph_clock_enable
    main.o(i.MX_TIM1_Init) refers to gd32f4xx_rcu.o(i.rcu_timer_clock_prescaler_config) for rcu_timer_clock_prescaler_config
    main.o(i.MX_TIM1_Init) refers to gd32f4xx_timer.o(i.timer_deinit) for timer_deinit
    main.o(i.MX_TIM1_Init) refers to gd32f4xx_timer.o(i.timer_init) for timer_init
    main.o(i.MX_TIM1_Init) refers to gd32f4xx_timer.o(i.timer_channel_output_config) for timer_channel_output_config
    main.o(i.MX_TIM1_Init) refers to gd32f4xx_timer.o(i.timer_channel_output_pulse_value_config) for timer_channel_output_pulse_value_config
    main.o(i.MX_TIM1_Init) refers to gd32f4xx_timer.o(i.timer_channel_output_mode_config) for timer_channel_output_mode_config
    main.o(i.MX_TIM1_Init) refers to gd32f4xx_timer.o(i.timer_channel_output_shadow_config) for timer_channel_output_shadow_config
    main.o(i.MX_TIM1_Init) refers to gd32f4xx_timer.o(i.timer_primary_output_config) for timer_primary_output_config
    main.o(i.MX_TIM1_Init) refers to gd32f4xx_timer.o(i.timer_auto_reload_shadow_enable) for timer_auto_reload_shadow_enable
    main.o(i.MX_TIM1_Init) refers to gd32f4xx_timer.o(i.timer_enable) for timer_enable
[...]
    status_tmp                               0x200000b4   Data           1  app.o(.data)
    i                                        0x200000b5   Data           1  app.o(.data)
    polling_count                            0x200000b6   Data           1  app.o(.data)
    buf                                      0x200000b7   Data           2  app.o(.data)
    pump_flag                                0x200000b9   Data           1  app.o(.data)
    init_flag                                0x200000ba   Data           1  app.o(.data)
    delay_cnt                                0x200000bc   Data           4  app.o(.data)
    result                                   0x200000c0   Data           1  app.o(.data)
    retry_flag                               0x200000c1   Data           1  app.o(.data)
    params_tick                              0x200000c4   Data           4  app.o(.data)
    flag                                     0x200000c8   Data           1  app.o(.data)
    flag                                     0x200000c9   Data           1  app.o(.data)
    .data                                    0x200000cc   Section       20  app_lcd.o(.data)
    update_en                                0x200000d4   Data           1  app_lcd.o(.data)
    init_lcd                                 0x200000d5   Data           1  app_lcd.o(.data)
    page_Id_bk                               0x200000d6   Data           1  app_lcd.o(.data)
    page_Id                                  0x200000d7   Data           1  app_lcd.o(.data)
    targe_Id                                 0x200000d8   Data           1  app_lcd.o(.data)
    value                                    0x200000df   Data           1  app_lcd.o(.data)
    .data                                    0x200000e0   Section       13  modbus.o(.data)
    .data                                    0x200000f0   Section       32  pid.o(.data)
    last_result                              0x20000108   Data           8  pid.o(.data)
    .data                                    0x20000110   Section        8  sys.o(.data)
    .data                                    0x20000118   Section        3  cmd_queue.o(.data)
    cmd_pos                                  0x20000118   Data           2  cmd_queue.o(.data)
    _length                                  0x2000011a   Data           1  cmd_queue.o(.data)
    .data                                    0x2000011c   Section        4  mvars.o(.data)
    .data                                    0x20000120   Section        4  mvars.o(.data)
    .data                                    0x20000124   Section        4  errno.o(.data)
    _errno                                   0x20000124   Data           4  errno.o(.data)
    .bss                                     0x20000128   Section       32  gd32f4xx_it.o(.bss)
    .bss                                     0x20000148   Section       16  bsp_beep.o(.bss)
    g_tBeep                                  0x20000148   Data          16  bsp_beep.o(.bss)
    .bss                                     0x20000158   Section      308  sensor.o(.bss)
    modbus_cali                              0x20000250   Data          60  sensor.o(.bss)
    .bss                                     0x2000028c   Section       91  inout.o(.bss)
    .bss                                     0x200002e8   Section      284  modbus.o(.bss)
    .bss                                     0x20000408   Section      120  pid.o(.bss)
    .bss                                     0x20000480   Section      284  sys.o(.bss)
    tick_usr                                 0x20000480   Data         284  sys.o(.bss)
    .bss                                     0x2000059c   Section      132  cmd_queue.o(.bss)
    que                                      0x2000059c   Data         132  cmd_queue.o(.bss)
    HEAP                                     0x20000620   Section     2048  startup_gd32f450.o(HEAP)
    STACK                                    0x20000e20   Section     1536  startup_gd32f450.o(STACK)

    Global Symbols

    Symbol Name                              Value     Ov Type        Size  Object(Section)

    BuildAttributes$$THM_ISAv4$E$P$D$K$B$S$7EM$VFPi3$EXTD16$VFPS$VFMA$PE$A:L22UL41UL21$X:L11$S22US41US21$IEEE1$IW$USESV6$~STKCKD$USESV7$~SHL$OTIME$ROPI$IEEEX$EBA8$MICROLIB$REQ8$PRES8$EABIv2 0x00000000   Number         0  anon$$obj.o ABSOLUTE
    __ARM_use_no_argv                        0x00000000   Number         0  main.o ABSOLUTE
    _printf_a                                0x00000000   Number         0  stubs.o ABSOLUTE
    _printf_c                                0x00000000   Number         0  stubs.o ABSOLUTE
    _printf_charcount                        0x00000000   Number         0  stubs.o ABSOLUTE
    _printf_d                                0x00000000   Number         0  stubs.o ABSOLUTE
    _printf_e                                0x00000000   Number         0  stubs.o ABSOLUTE
    _printf_f                                0x00000000   Number         0  stubs.o ABSOLUTE
    _printf_flags                            0x00000000   Number         0  stubs.o ABSOLUTE
    _printf_fp_dec                           0x00000000   Number         0  stubs.o ABSOLUTE
    _printf_fp_hex                           0x00000000   Number         0  stubs.o ABSOLUTE
    _printf_g                                0x00000000   Number         0  stubs.o ABSOLUTE
    _printf_i                                0x00000000   Number         0  stubs.o ABSOLUTE
    _printf_int_dec                          0x00000000   Number         0  stubs.o ABSOLUTE
    _printf_l                                0x00000000   Number         0  stubs.o ABSOLUTE
    _printf_lc                               0x00000000   Number         0  stubs.o ABSOLUTE
    _printf_ll                               0x00000000   Number         0  stubs.o ABSOLUTE
    _printf_lld                              0x00000000   Number         0  stubs.o ABSOLUTE
    _printf_lli                              0x00000000   Number         0  stubs.o ABSOLUTE
    _printf_llo                              0x00000000   Number         0  stubs.o ABSOLUTE
    _printf_llu                              0x00000000   Number         0  stubs.o ABSOLUTE
    _printf_llx                              0x00000000   Number         0  stubs.o ABSOLUTE
    _printf_longlong_dec                     0x00000000   Number         0  stubs.o ABSOLUTE
    _printf_longlong_hex                     0x00000000   Number         0  stubs.o ABSOLUTE
    _printf_longlong_oct                     0x00000000   Number         0  stubs.o ABSOLUTE
    _printf_ls                               0x00000000   Number         0  stubs.o ABSOLUTE
    _printf_mbtowc                           0x00000000   Number         0  stubs.o ABSOLUTE
    _printf_n                                0x00000000   Number         0  stubs.o ABSOLUTE
    _printf_o                                0x00000000   Number         0  stubs.o ABSOLUTE
    _printf_p                                0x00000000   Number         0  stubs.o ABSOLUTE
    _printf_percent                          0x00000000   Number         0  stubs.o ABSOLUTE
    _printf_pre_padding                      0x00000000   Number         0  stubs.o ABSOLUTE
    _printf_return_value                     0x00000000   Number         0  stubs.o ABSOLUTE
    _printf_s                                0x00000000   Number         0  stubs.o ABSOLUTE
    _printf_sizespec                         0x00000000   Number         0  stubs.o ABSOLUTE
    _printf_str                              0x00000000   Number         0  stubs.o ABSOLUTE
    _printf_truncate_signed                  0x00000000   Number         0  stubs.o ABSOLUTE
    _printf_truncate_unsigned                0x00000000   Number         0  stubs.o ABSOLUTE
    _printf_u                                0x00000000   Number         0  stubs.o ABSOLUTE
    _printf_wc                               0x00000000   Number         0  stubs.o ABSOLUTE
    _printf_wctomb                           0x00000000   Number         0  stubs.o ABSOLUTE
    _printf_widthprec                        0x00000000   Number         0  stubs.o ABSOLUTE
    _printf_x                                0x00000000   Number         0  stubs.o ABSOLUTE
    __cpp_initialize__aeabi_                  - Undefined Weak Reference
    __cxa_finalize                            - Undefined Weak Reference
    __decompress                              - Undefined Weak Reference
    _clock_init                               - Undefined Weak Reference
    _microlib_exit                            - Undefined Weak Reference
    __Vectors_Size                           0x000001ac   Number         0  startup_gd32f450.o ABSOLUTE
    __Vectors                                0x08000000   Data           4  startup_gd32f450.o(RESET)
    __Vectors_End                            0x080001ac   Data           0  startup_gd32f450.o(RESET)
    __main                                   0x080001ad   Thumb Code     0  entry.o(.ARM.Collect$$$$00000000)
    _main_stk                                0x080001ad   Thumb Code     0  entry2.o(.ARM.Collect$$$$00000001)
    _main_scatterload                        0x080001b1   Thumb Code     0  entry5.o(.ARM.Collect$$$$00000004)
    __main_after_scatterload                 0x080001b5   Thumb Code     0  entry5.o(.ARM.Collect$$$$00000004)
    _main_clock                              0x080001b5   Thumb Code     0  entry7b.o(.ARM.Collect$$$$00000008)
    _main_cpp_init                           0x080001b5   Thumb Code     0  entry8b.o(.ARM.Collect$$$$0000000A)
    _main_init                               0x080001b5   Thumb Code     0  entry9a.o(.ARM.Collect$$$$0000000B)
    __rt_final_cpp                           0x080001bd   Thumb Code     0  entry10a.o(.ARM.Collect$$$$0000000D)
    __rt_final_exit                          0x080001bd   Thumb Code     0  entry11a.o(.ARM.Collect$$$$0000000F)
    Reset_Handler                            0x080001c1   Thumb Code     8  startup_gd32f450.o(.text)
    ADC_IRQHandler                           0x080001db   Thumb Code     0  startup_gd32f450.o(.text)
    CAN0_EWMC_IRQHandler                     0x080001db   Thumb Code     0  startup_gd32f450.o(.text)
    CAN0_RX0_IRQHandler                      0x080001db   Thumb Code     0  startup_gd32f450.o(.text)
    CAN0_RX1_IRQHandler                      0x080001db   Thumb Code     0  startup_gd32f450.o(.text)
    CAN0_TX_IRQHandler                       0x080001db   Thumb Code     0  startup_gd32f450.o(.text)
    CAN1_EWMC_IRQHandler                     0x080001db   Thumb Code     0  startup_gd32f450.o(.text)
    CAN1_RX0_IRQHandler                      0x080001db   Thumb Code     0  startup_gd32f450.o(.text)
    CAN1_RX1_IRQHandler                      0x080001db   Thumb Code     0  startup_gd32f450.o(.text)
    CAN1_TX_IRQHandler                       0x080001db   Thumb Code     0  startup_gd32f450.o(.text)
    DCI_IRQHandler                           0x080001db   Thumb Code     0  startup_gd32f450.o(.text)
    DMA0_Channel0_IRQHandler                 0x080001db   Thumb Code     0  startup_gd32f450.o(.text)
    DMA0_Channel1_IRQHandler                 0x080001db   Thumb Code     0  startup_gd32f450.o(.text)
    DMA0_Channel2_IRQHandler                 0x080001db   Thumb Code     0  startup_gd32f450.o(.text)
    DMA0_Channel3_IRQHandler                 0x080001db   Thumb Code     0  startup_gd32f450.o(.text)
    DMA0_Channel4_IRQHandler                 0x080001db   Thumb Code     0  startup_gd32f450.o(.text)
    DMA0_Channel5_IRQHandler                 0x080001db   Thumb Code     0  startup_gd32f450.o(.text)
    DMA0_Channel6_IRQHandler                 0x080001db   Thumb Code     0  startup_gd32f450.o(.text)
    DMA0_Channel7_IRQHandler                 0x080001db   Thumb Code     0  startup_gd32f450.o(.text)
    DMA1_Channel0_IRQHandler                 0x080001db   Thumb Code     0  startup_gd32f450.o(.text)
    DMA1_Channel1_IRQHandler                 0x080001db   Thumb Code     0  startup_gd32f450.o(.text)
    DMA1_Channel3_IRQHandler                 0x080001db   Thumb Code     0  startup_gd32f450.o(.text)
    DMA1_Channel4_IRQHandler                 0x080001db   Thumb Code     0  startup_gd32f450.o(.text)
    DMA1_Channel5_IRQHandler                 0x080001db   Thumb Code     0  startup_gd32f450.o(.text)
    DMA1_Channel6_IRQHandler                 0x080001db   Thumb Code     0  startup_gd32f450.o(.text)
    ENET_IRQHandler                          0x080001db   Thumb Code     0  startup_gd32f450.o(.text)
    ENET_WKUP_IRQHandler                     0x080001db   Thumb Code     0  startup_gd32f450.o(.text)
    EXMC_IRQHandler                          0x080001db   Thumb Code     0  startup_gd32f450.o(.text)
    EXTI0_IRQHandler                         0x080001db   Thumb Code     0  startup_gd32f450.o(.text)
    EXTI1_IRQHandler                         0x080001db   Thumb Code     0  startup_gd32f450.o(.text)
    EXTI2_IRQHandler                         0x080001db   Thumb Code     0  startup_gd32f450.o(.text)
    EXTI3_IRQHandler                         0x080001db   Thumb Code     0  startup_gd32f450.o(.text)
    EXTI4_IRQHandler                         0x080001db   Thumb Code     0  startup_gd32f450.o(.text)
    EXTI5_9_IRQHandler                       0x080001db   Thumb Code     0  startup_gd32f450.o(.text)
    FMC_IRQHandler                           0x080001db   Thumb Code     0  startup_gd32f450.o(.text)
    FPU_IRQHandler                           0x080001db   Thumb Code     0  startup_gd32f450.o(.text)
    I2C0_ER_IRQHandler                       0x080001db   Thumb Code     0  startup_gd32f450.o(.text)
    I2C0_EV_IRQHandler                       0x080001db   Thumb Code     0  startup_gd32f450.o(.text)
    I2C1_ER_IRQHandler                       0x080001db   Thumb Code     0  startup_gd32f450.o(.text)
    I2C1_EV_IRQHandler                       0x080001db   Thumb Code     0  startup_gd32f450.o(.text)
    I2C2_ER_IRQHandler                       0x080001db   Thumb Code     0  startup_gd32f450.o(.text)
    I2C2_EV_IRQHandler                       0x080001db   Thumb Code     0  startup_gd32f450.o(.text)
    IPA_IRQHandler                           0x080001db   Thumb Code     0  startup_gd32f450.o(.text)
    LVD_IRQHandler                           0x080001db   Thumb Code     0  startup_gd32f450.o(.text)
    RCU_CTC_IRQHandler                       0x080001db   Thumb Code     0  startup_gd32f450.o(.text)
    RTC_Alarm_IRQHandler                     0x080001db   Thumb Code     0  startup_gd32f450.o(.text)
    RTC_WKUP_IRQHandler                      0x080001db   Thumb Code     0  startup_gd32f450.o(.text)
    SDIO_IRQHandler                          0x080001db   Thumb Code     0  startup_gd32f450.o(.text)
    SPI0_IRQHandler                          0x080001db   Thumb Code     0  startup_gd32f450.o(.text)
    SPI1_IRQHandler                          0x080001db   Thumb Code     0  startup_gd32f450.o(.text)
    SPI2_IRQHandler                          0x080001db   Thumb Code     0  startup_gd32f450.o(.text)
    SPI3_IRQHandler                          0x080001db   Thumb Code     0  startup_gd32f450.o(.text)
    SPI4_IRQHandler                          0x080001db   Thumb Code     0  startup_gd32f450.o(.text)
    SPI5_IRQHandler                          0x080001db   Thumb Code     0  startup_gd32f450.o(.text)
    TAMPER_STAMP_IRQHandler                  0x080001db   Thumb Code     0  startup_gd32f450.o(.text)
    TIMER0_BRK_TIMER8_IRQHandler             0x080001db   Thumb Code     0  startup_gd32f450.o(.text)
    TIMER0_Channel_IRQHandler                0x080001db   Thumb Code     0  startup_gd32f450.o(.text)
    TIMER0_TRG_CMT_TIMER10_IRQHandler        0x080001db   Thumb Code     0  startup_gd32f450.o(.text)
    TIMER0_UP_TIMER9_IRQHandler              0x080001db   Thumb Code     0  startup_gd32f450.o(.text)
    TIMER1_IRQHandler                        0x080001db   Thumb Code     0  startup_gd32f450.o(.text)
    TIMER3_IRQHandler                        0x080001db   Thumb Code     0  startup_gd32f450.o(.text)
    TIMER4_IRQHandler                        0x080001db   Thumb Code     0  startup_gd32f450.o(.text)
    TIMER5_DAC_IRQHandler                    0x080001db   Thumb Code     0  startup_gd32f450.o(.text)
    TIMER6_IRQHandler                        0x080001db   Thumb Code     0  startup_gd32f450.o(.text)
    TIMER7_BRK_TIMER11_IRQHandler            0x080001db   Thumb Code     0  startup_gd32f450.o(.text)
    TIMER7_Channel_IRQHandler                0x080001db   Thumb Code     0  startup_gd32f450.o(.text)
    TIMER7_TRG_CMT_TIMER13_IRQHandler        0x080001db   Thumb Code     0  startup_gd32f450.o(.text)
    TIMER7_UP_TIMER12_IRQHandler             0x080001db   Thumb Code     0  startup_gd32f450.o(.text)
    TLI_ER_IRQHandler                        0x080001db   Thumb Code     0  startup_gd32f450.o(.text)
    TLI_IRQHandler                           0x080001db   Thumb Code     0  startup_gd32f450.o(.text)
    TRNG_IRQHandler                          0x080001db   Thumb Code     0  startup_gd32f450.o(.text)
    UART3_IRQHandler                         0x080001db   Thumb Code     0  startup_gd32f450.o(.text)
    UART4_IRQHandler                         0x080001db   Thumb Code     0  startup_gd32f450.o(.text)
    UART6_IRQHandler                         0x080001db   Thumb Code     0  startup_gd32f450.o(.text)
    UART7_IRQHandler                         0x080001db   Thumb Code     0  startup_gd32f450.o(.text)
    USART0_IRQHandler                        0x080001db   Thumb Code     0  startup_gd32f450.o(.text)
    USART1_IRQHandler                        0x080001db   Thumb Code     0  startup_gd32f450.o(.text)
    USBFS_IRQHandler                         0x080001db   Thumb Code     0  startup_gd32f450.o(.text)
    USBFS_WKUP_IRQHandler                    0x080001db   Thumb Code     0  startup_gd32f450.o(.text)
    USBHS_EP1_In_IRQHandler                  0x080001db   Thumb Code     0  startup_gd32f450.o(.text)
    USBHS_EP1_Out_IRQHandler                 0x080001db   Thumb Code     0  startup_gd32f450.o(.text)
    USBHS_IRQHandler                         0x080001db   Thumb Code     0  startup_gd32f450.o(.text)
    USBHS_WKUP_IRQHandler                    0x080001db   Thumb Code     0  startup_gd32f450.o(.text)
    WWDGT_IRQHandler                         0x080001db   Thumb Code     0  startup_gd32f450.o(.text)
    __aeabi_memcpy                           0x080001e5   Thumb Code    36  memcpya.o(.text)
    __aeabi_memcpy4                          0x080001e5   Thumb Code     0  memcpya.o(.text)
    __aeabi_memcpy8                          0x080001e5   Thumb Code     0  memcpya.o(.text)
    __aeabi_memset                           0x08000209   Thumb Code    14  memseta.o(.text)
    __aeabi_memset4                          0x08000209   Thumb Code     0  memseta.o(.text)
    __aeabi_memset8                          0x08000209   Thumb Code     0  memseta.o(.text)
    __aeabi_memclr                           0x08000217   Thumb Code     4  memseta.o(.text)
    __aeabi_memclr4                          0x08000217   Thumb Code     0  memseta.o(.text)
    __aeabi_memclr8                          0x08000217   Thumb Code     0  memseta.o(.text)
    _memset$wrapper                          0x0800021b   Thumb Code    18  memseta.o(.text)
    strlen                                   0x0800022d   Thumb Code    14  strlen.o(.text)
    strcpy                                   0x0800023b   Thumb Code    18  strcpy.o(.text)
    atoi                                     0x0800024d   Thumb Code    26  atoi.o(.text)
    __aeabi_dadd                             0x08000267   Thumb Code   322  dadd.o(.text)
    __aeabi_dsub                             0x080003a9   Thumb Code     6  dadd.o(.text)
    __aeabi_drsub                            0x080003af   Thumb Code     6  dadd.o(.text)
    __aeabi_dmul                             0x080003b5   Thumb Code   228  dmul.o(.text)
    __aeabi_ddiv                             0x08000499   Thumb Code   222  ddiv.o(.text)
    __aeabi_ui2d                             0x08000577   Thumb Code    26  dfltui.o(.text)
    __aeabi_d2uiz                            0x08000591   Thumb Code    50  dfixui.o(.text)
    __aeabi_f2d                              0x080005c3   Thumb Code    38  f2d.o(.text)
    __aeabi_cdcmpeq                          0x080005e9   Thumb Code     0  cdcmple.o(.text)
    __aeabi_cdcmple                          0x080005e9   Thumb Code    48  cdcmple.o(.text)
    __aeabi_cdrcmple                         0x08000619   Thumb Code    48  cdrcmple.o(.text)
    __aeabi_d2f                              0x08000649   Thumb Code    56  d2f.o(.text)
    __aeabi_uidiv                            0x08000681   Thumb Code     0  uidiv.o(.text)
    __aeabi_uidivmod                         0x08000681   Thumb Code    44  uidiv.o(.text)
    __aeabi_uldivmod                         0x080006ad   Thumb Code    98  uldiv.o(.text)
    __aeabi_llsl                             0x0800070f   Thumb Code    30  llshl.o(.text)
    _ll_shift_l                              0x0800070f   Thumb Code     0  llshl.o(.text)
    __aeabi_llsr                             0x0800072d   Thumb Code    32  llushr.o(.text)
    _ll_ushift_r                             0x0800072d   Thumb Code     0  llushr.o(.text)
    __aeabi_lasr                             0x0800074d   Thumb Code    36  llsshr.o(.text)
    _ll_sshift_r                             0x0800074d   Thumb Code     0  llsshr.o(.text)
    strtol                                   0x08000771   Thumb Code   112  strtol.o(.text)
    __I$use$fp                               0x080007e1   Thumb Code     0  iusefp.o(.text)
    _float_round                             0x080007e1   Thumb Code    18  fepilogue.o(.text)
    _float_epilogue                          0x080007f3   Thumb Code    92  fepilogue.o(.text)
    _double_round                            0x0800084f   Thumb Code    30  depilogue.o(.text)
    _double_epilogue                         0x0800086d   Thumb Code   156  depilogue.o(.text)
    __aeabi_d2ulz                            0x08000909   Thumb Code    48  dfixul.o(.text)
    __scatterload                            0x08000939   Thumb Code    28  init.o(.text)
    __scatterload_rt2                        0x08000939   Thumb Code     0  init.o(.text)
    __rt_ctype_table                         0x0800095d   Thumb Code     4  ctype_o.o(.text)
    _strtoul                                 0x08000965   Thumb Code   158  _strtoul.o(.text)
    _chval                                   0x08000a03   Thumb Code    28  _chval.o(.text)
    BEEP_Start                               0x08000a21   Thumb Code    70  bsp_beep.o(i.BEEP_Start)
    BEGIN_CMD                                0x08000a6d   Thumb Code    16  hmi_driver.o(i.BEGIN_CMD)
    BusFault_Handler                         0x08000a81   Thumb Code     4  gd32f4xx_it.o(i.BusFault_Handler)
    CRC_Compute                              0x08000a85   Thumb Code    46  crc.o(i.CRC_Compute)
    DMA1_Channel2_IRQHandler                 0x08000abd   Thumb Code    24  gd32f4xx_it.o(i.DMA1_Channel2_IRQHandler)
    DMA1_Channel7_IRQHandler                 0x08000ad9   Thumb Code    26  gd32f4xx_it.o(i.DMA1_Channel7_IRQHandler)
    DcMotorCtrl                              0x08000af9   Thumb Code    92  devctrl.o(i.DcMotorCtrl)
    DebugMon_Handler                         0x08000b59   Thumb Code     2  gd32f4xx_it.o(i.DebugMon_Handler)
    END_CMD                                  0x08000b5d   Thumb Code    12  hmi_driver.o(i.END_CMD)
    EXTI10_15_IRQHandler                     0x08000b6d   Thumb Code    30  gd32f4xx_it.o(i.EXTI10_15_IRQHandler)
    EleSwCtrl                                0x08000b8d   Thumb Code   152  devctrl.o(i.EleSwCtrl)
    FlashEease                               0x08000c2d   Thumb Code    14  bsp_cpu_flash.o(i.FlashEease)
    FlowCtrl                                 0x08000c41   Thumb Code    74  app.o(i.FlowCtrl)
    Flow_Init                                0x08000c95   Thumb Code   788  app.o(i.Flow_Init)
    GetCapture                               0x08001025   Thumb Code     4  timer.o(i.GetCapture)
    GetCapture_cnt                           0x0800102d   Thumb Code     4  timer.o(i.GetCapture_cnt)
    GetFlow                                  0x08001035   Thumb Code   892  sensor.o(i.GetFlow)
    GetInOut                                 0x080013f1   Thumb Code     4  inout.o(i.GetInOut)
    GetModbusPack                            0x080013f9   Thumb Code     4  sensor.o(i.GetModbusPack)
    GetModbusSens                            0x08001401   Thumb Code   246  sensor.o(i.GetModbusSens)
    GetPH_ORP                                0x080014fd   Thumb Code   964  sensor.o(i.GetPH_ORP)
    GetSensor                                0x080018dd   Thumb Code     4  sensor.o(i.GetSensor)
    GetStrLen                                0x080018e5   Thumb Code    20  hmi_driver.o(i.GetStrLen)
    GetTds_EleCurr                           0x080018f9   Thumb Code  1660  sensor.o(i.GetTds_EleCurr)
    GetTickNum                               0x08001f95   Thumb Code     8  sys.o(i.GetTickNum)
    GetTickResult                            0x08001fa1   Thumb Code     8  sys.o(i.GetTickResult)
    GetTickStatus                            0x08001fad   Thumb Code     8  sys.o(i.GetTickStatus)
    GetTouchEditValue                        0x08001fb9   Thumb Code    40  hmi_driver.o(i.GetTouchEditValue)
    GetTouchInOut                            0x08001fe1   Thumb Code     4  inout.o(i.GetTouchInOut)
    GetWaterLevel                            0x08001fe9   Thumb Code   224  sensor.o(i.GetWaterLevel)
    HAL_GetTick                              0x080020dd   Thumb Code     6  sys.o(i.HAL_GetTick)
    HAL_TIM_IC_CaptureCallback               0x080020e9   Thumb Code     8  timer.o(i.HAL_TIM_IC_CaptureCallback)
    HardFault_Handler                        0x080020f1   Thumb Code     4  gd32f4xx_it.o(i.HardFault_Handler)
    MemManage_Handler                        0x080027f9   Thumb Code     4  gd32f4xx_it.o(i.MemManage_Handler)
    Modbus_03_Solve                          0x080027fd   Thumb Code   118  modbus.o(i.Modbus_03_Solve)
    Modbus_06_Solve                          0x08002879   Thumb Code    16  modbus.o(i.Modbus_06_Solve)
    Modbus_16_Solve                          0x0800288d   Thumb Code    16  modbus.o(i.Modbus_16_Solve)
    Modbus_Pack                              0x080028a1   Thumb Code   392  modbus.o(i.Modbus_Pack)
    Modbus_Pack_cali                         0x08002a31   Thumb Code   362  modbus.o(i.Modbus_Pack_cali)
    Mode_dis_proc                            0x08002ba5   Thumb Code   342  app.o(i.Mode_dis_proc)
    NMI_Handler                              0x08002d5d   Thumb Code     2  gd32f4xx_it.o(i.NMI_Handler)
    PIDCalc                                  0x08002d89   Thumb Code  1188  pid.o(i.PIDCalc)
    PendSV_Handler                           0x0800322d   Thumb Code     2  gd32f4xx_it.o(i.PendSV_Handler)
    RS485_RxCpltCallback                     0x08003231   Thumb Code   110  modbus.o(i.RS485_RxCpltCallback)
    RS485_SendData                           0x080032ad   Thumb Code    88  modbus.o(i.RS485_SendData)
    RS485_Service                            0x08003311   Thumb Code   188  modbus.o(i.RS485_Service)
    SEND_DATA                                0x080033d9   Thumb Code    22  hmi_driver.o(i.SEND_DATA)
    SVC_Handler                              0x080033f5   Thumb Code     2  gd32f4xx_it.o(i.SVC_Handler)
    SendChar                                 0x080033f9   Thumb Code    28  hmi_user_uart.o(i.SendChar)
    SendStrings                              0x08003419   Thumb Code    22  hmi_driver.o(i.SendStrings)
    SetBackLight                             0x0800342f   Thumb Code    32  hmi_driver.o(i.SetBackLight)
    SetEditValue                             0x0800344f   Thumb Code    62  hmi_driver.o(i.SetEditValue)
    SetLableValue                            0x0800348d   Thumb Code    62  hmi_driver.o(i.SetLableValue)
    SetLableValueColor                       0x080034cb   Thumb Code    94  hmi_driver.o(i.SetLableValueColor)
    SetPage                                  0x08003529   Thumb Code    32  hmi_driver.o(i.SetPage)
    SetProgressbarValue                      0x08003549   Thumb Code    48  hmi_driver.o(i.SetProgressbarValue)
    SetReset                                 0x08003579   Thumb Code    54  hmi_driver.o(i.SetReset)
    Soft_Reset                               0x080035b1   Thumb Code    42  inout.o(i.Soft_Reset)
    Speak_value                              0x080035e5   Thumb Code   550  bsp_beep.o(i.Speak_value)
    SysTick_Handler                          0x08003831   Thumb Code    58  gd32f4xx_it.o(i.SysTick_Handler)
    SystemInit                               0x08003871   Thumb Code   168  system_gd32f4xx.o(i.SystemInit)
    SystemParamsRead                         0x08003929   Thumb Code    74  app.o(i.SystemParamsRead)
    SystemParamsSave                         0x08003975   Thumb Code   142  app.o(i.SystemParamsSave)
    TIM3CaptureChannel3Callback              0x08003a11   Thumb Code   190  timer.o(i.TIM3CaptureChannel3Callback)
    TIMER2_IRQHandler                        0x08003af5   Thumb Code    18  gd32f4xx_it.o(i.TIMER2_IRQHandler)
    TickPro                                  0x08003b0d   Thumb Code    58  sys.o(i.TickPro)
    TickTimeoutAb                            0x08003b4d   Thumb Code   136  app.o(i.TickTimeoutAb)
    TickTimeoutNor                           0x08003bd5   Thumb Code   146  app.o(i.TickTimeoutNor)
    USART2_IRQHandler                        0x08003c69   Thumb Code   162  gd32f4xx_it.o(i.USART2_IRQHandler)
    USART5_IRQHandler                        0x08003d29   Thumb Code    36  gd32f4xx_it.o(i.USART5_IRQHandler)
    UsageFault_Handler                       0x08003d59   Thumb Code     4  gd32f4xx_it.o(i.UsageFault_Handler)
    __0printf                                0x08003d5d   Thumb Code    22  printfa.o(i.__0printf)
    __1printf                                0x08003d5d   Thumb Code     0  printfa.o(i.__0printf)
    __2printf                                0x08003d5d   Thumb Code     0  printfa.o(i.__0printf)
    __c89printf                              0x08003d5d   Thumb Code     0  printfa.o(i.__0printf)
    printf                                   0x08003d5d   Thumb Code     0  printfa.o(i.__0printf)
    __0sprintf                               0x08003d7d   Thumb Code    34  printfa.o(i.__0sprintf)
    __1sprintf                               0x08003d7d   Thumb Code     0  printfa.o(i.__0sprintf)
    __2sprintf                               0x08003d7d   Thumb Code     0  printfa.o(i.__0sprintf)
    __c89sprintf                             0x08003d7d   Thumb Code     0  printfa.o(i.__0sprintf)
    sprintf                                  0x08003d7d   Thumb Code     0  printfa.o(i.__0sprintf)
    __aeabi_errno_addr                       0x08003da5   Thumb Code     4  errno.o(i.__aeabi_errno_addr)
    __rt_errno_addr                          0x08003da5   Thumb Code     0  errno.o(i.__aeabi_errno_addr)
    __hardfp_fabs                            0x08003dad   Thumb Code    20  fabs.o(i.__hardfp_fabs)
    __scatterload_copy                       0x08003dc1   Thumb Code    14  handlers.o(i.__scatterload_copy)
    __scatterload_null                       0x08003dcf   Thumb Code     2  handlers.o(i.__scatterload_null)
    __scatterload_zeroinit                   0x08003dd1   Thumb Code    14  handlers.o(i.__scatterload_zeroinit)
    abnormalDec                              0x0800469d   Thumb Code   950  app.o(i.abnormalDec)
    adc_calibration_enable                   0x08004a95   Thumb Code    42  gd32f4xx_adc.o(i.adc_calibration_enable)
    adc_channel_length_config                0x08004abf   Thumb Code    82  gd32f4xx_adc.o(i.adc_channel_length_config)
    adc_channel_sample                       0x08004b11   Thumb Code    54  sensor.o(i.adc_channel_sample)
    adc_clock_config                         0x08004b4d   Thumb Code    28  gd32f4xx_adc.o(i.adc_clock_config)
    adc_config                               0x08004b71   Thumb Code    86  main.o(i.adc_config)
    adc_data_alignment_config                0x08004bcd   Thumb Code    22  gd32f4xx_adc.o(i.adc_data_alignment_config)
    adc_deinit                               0x08004be3   Thumb Code    20  gd32f4xx_adc.o(i.adc_deinit)
    adc_enable                               0x08004bf7   Thumb Code    18  gd32f4xx_adc.o(i.adc_enable)
    adc_external_trigger_config              0x08004c09   Thumb Code    52  gd32f4xx_adc.o(i.adc_external_trigger_config)
    adc_external_trigger_source_config       0x08004c3d   Thumb Code    48  gd32f4xx_adc.o(i.adc_external_trigger_source_config)
    adc_flag_clear                           0x08004c6d   Thumb Code     8  gd32f4xx_adc.o(i.adc_flag_clear)
    adc_flag_get                             0x08004c75   Thumb Code    14  gd32f4xx_adc.o(i.adc_flag_get)
    adc_regular_channel_config               0x08004c83   Thumb Code   172  gd32f4xx_adc.o(i.adc_regular_channel_config)
    adc_regular_data_read                    0x08004d2f   Thumb Code     8  gd32f4xx_adc.o(i.adc_regular_data_read)
    adc_software_trigger_enable              0x08004d37   Thumb Code    36  gd32f4xx_adc.o(i.adc_software_trigger_enable)
    adc_special_function_config              0x08004d5b   Thumb Code    90  gd32f4xx_adc.o(i.adc_special_function_config)
    adc_sync_mode_config                     0x08004db5   Thumb Code    28  gd32f4xx_adc.o(i.adc_sync_mode_config)
    app                                      0x08004dd9   Thumb Code    48  app.o(i.app)
    beep_pro                                 0x08004e15   Thumb Code    58  bsp_beep.o(i.beep_pro)
    bsp_ReadCpuFlash                         0x08004e55   Thumb Code    42  bsp_cpu_flash.o(i.bsp_ReadCpuFlash)
    bsp_SetTIMOutPWM                         0x08004e89   Thumb Code   266  bsp_tim_pwm.o(i.bsp_SetTIMOutPWM)
    bsp_WriteCpuFlash                        0x08004f9d   Thumb Code    42  bsp_cpu_flash.o(i.bsp_WriteCpuFlash)
    calibration_sensors                      0x08004fd1   Thumb Code  1068  sensor.o(i.calibration_sensors)
    delay_ms                                 0x080053fd   Thumb Code    18  sys.o(i.delay_ms)
    delay_us                                 0x08005415   Thumb Code    24  sys.o(i.delay_us)
    dev_flow_Abnormal_ctrl                   0x0800542d   Thumb Code    64  app.o(i.dev_flow_Abnormal_ctrl)
    dev_init_ctrl                            0x0800546d   Thumb Code    28  app.o(i.dev_init_ctrl)
    dev_normal_ctrl                          0x08005489   Thumb Code    56  app.o(i.dev_normal_ctrl)
    dev_wash_ctrl                            0x080054c1   Thumb Code   132  app.o(i.dev_wash_ctrl)
    dma_channel_enable                       0x08005545   Thumb Code    32  gd32f4xx_dma.o(i.dma_channel_enable)
    dma_channel_subperipheral_select         0x08005565   Thumb Code    38  gd32f4xx_dma.o(i.dma_channel_subperipheral_select)
    dma_circulation_disable                  0x0800558b   Thumb Code    32  gd32f4xx_dma.o(i.dma_circulation_disable)
    dma_config                               0x080055ad   Thumb Code   262  main.o(i.dma_config)
    dma_deinit                               0x080056cd   Thumb Code   164  gd32f4xx_dma.o(i.dma_deinit)
    dma_interrupt_enable                     0x08005771   Thumb Code    62  gd32f4xx_dma.o(i.dma_interrupt_enable)
    dma_interrupt_flag_clear                 0x080057af   Thumb Code    62  gd32f4xx_dma.o(i.dma_interrupt_flag_clear)
    dma_interrupt_flag_get                   0x080057ed   Thumb Code   516  gd32f4xx_dma.o(i.dma_interrupt_flag_get)
    dma_single_data_mode_init                0x080059f1   Thumb Code   340  gd32f4xx_dma.o(i.dma_single_data_mode_init)
    ele_dev_proc                             0x08005b49   Thumb Code   496  app.o(i.ele_dev_proc)
    ele_process                              0x08005d59   Thumb Code   766  app.o(i.ele_process)
    exti_init                                0x08006079   Thumb Code   184  gd32f4xx_exti.o(i.exti_init)
    exti_interrupt_flag_clear                0x08006135   Thumb Code     6  gd32f4xx_exti.o(i.exti_interrupt_flag_clear)
    exti_interrupt_flag_get                  0x08006141   Thumb Code    32  gd32f4xx_exti.o(i.exti_interrupt_flag_get)
    factory_mode                             0x08006165   Thumb Code    82  app.o(i.factory_mode)
    flow_proc                                0x080061bd   Thumb Code   188  app.o(i.flow_proc)
    fmc_erase_sector_by_address              0x08006295   Thumb Code    66  fmc_operation.o(i.fmc_erase_sector_by_address)
    fmc_flag_clear                           0x080062d9   Thumb Code     6  gd32f4xx_fmc.o(i.fmc_flag_clear)
    fmc_lock                                 0x080062e5   Thumb Code    14  gd32f4xx_fmc.o(i.fmc_lock)
    fmc_read_32bit_data                      0x080062f9   Thumb Code    26  fmc_operation.o(i.fmc_read_32bit_data)
    fmc_ready_wait                           0x08006313   Thumb Code    34  gd32f4xx_fmc.o(i.fmc_ready_wait)
    fmc_sector_erase                         0x08006335   Thumb Code    88  gd32f4xx_fmc.o(i.fmc_sector_erase)
    fmc_sector_info_get                      0x08006391   Thumb Code   366  fmc_operation.o(i.fmc_sector_info_get)
    fmc_state_get                            0x08006515   Thumb Code    80  gd32f4xx_fmc.o(i.fmc_state_get)
    fmc_unlock                               0x08006569   Thumb Code    24  gd32f4xx_fmc.o(i.fmc_unlock)
    fmc_word_program                         0x0800658d   Thumb Code    78  gd32f4xx_fmc.o(i.fmc_word_program)
    fmc_write_32bit_data                     0x080065e1   Thumb Code    98  fmc_operation.o(i.fmc_write_32bit_data)
    fputc                                    0x08006645   Thumb Code    34  sys.o(i.fputc)
    getModbusPayload                         0x0800666d   Thumb Code     4  modbus.o(i.getModbusPayload)
    getTouch                                 0x08006675   Thumb Code     4  inout.o(i.getTouch)
    get_reset_status                         0x0800667d   Thumb Code     6  app.o(i.get_reset_status)
    getuiCallback                            0x08006689   Thumb Code     4  app_lcd.o(i.getuiCallback)
    gpio_af_set                              0x08006691   Thumb Code    94  gd32f4xx_gpio.o(i.gpio_af_set)
    gpio_bit_reset                           0x080066ef   Thumb Code     4  gd32f4xx_gpio.o(i.gpio_bit_reset)
    gpio_bit_set                             0x080066f3   Thumb Code     4  gd32f4xx_gpio.o(i.gpio_bit_set)
    gpio_bit_write                           0x080066f7   Thumb Code    10  gd32f4xx_gpio.o(i.gpio_bit_write)
    gpio_config                              0x08006701   Thumb Code   114  main.o(i.gpio_config)
    gpio_input_bit_get                       0x08006781   Thumb Code    16  gd32f4xx_gpio.o(i.gpio_input_bit_get)
    gpio_mode_set                            0x08006791   Thumb Code    78  gd32f4xx_gpio.o(i.gpio_mode_set)
    gpio_output_options_set                  0x080067df   Thumb Code    66  gd32f4xx_gpio.o(i.gpio_output_options_set)
    hsw_proc                                 0x08006821   Thumb Code   450  app.o(i.hsw_proc)
    lcd_boot                                 0x080069fd   Thumb Code   110  app_lcd.o(i.lcd_boot)
    lcd_init                                 0x08006a7d   Thumb Code    56  app_lcd.o(i.lcd_init)
    lcd_proc                                 0x08006ac1   Thumb Code   642  app.o(i.lcd_proc)
    lcd_touch_interrupt                      0x08006d91   Thumb Code   630  app_lcd.o(i.lcd_touch_interrupt)
    main                                     0x08007011   Thumb Code   108  main.o(i.main)
    malloc                                   0x08007085   Thumb Code    92  malloc.o(i.malloc)
    module_anlysis                           0x080070f1   Thumb Code  1060  sensor.o(i.module_anlysis)
    module_dis_proc                          0x08007515   Thumb Code   188  app.o(i.module_dis_proc)
    module_reset                             0x080075e5   Thumb Code   174  app.o(i.module_reset)
    module_stop_ele                          0x080076a1   Thumb Code   132  sensor.o(i.module_stop_ele)
    normal_proc                              0x08007731   Thumb Code   922  app.o(i.normal_proc)
    nvic_config                              0x08007ae5   Thumb Code    60  main.o(i.nvic_config)
    nvic_irq_enable                          0x08007b21   Thumb Code   186  gd32f4xx_misc.o(i.nvic_irq_enable)
    nvic_priority_group_set                  0x08007be5   Thumb Code    10  gd32f4xx_misc.o(i.nvic_priority_group_set)
    orp_ph_process                           0x08007bf9   Thumb Code   338  sensor.o(i.orp_ph_process)
    pid_init                                 0x08007d51   Thumb Code    56  pid.o(i.pid_init)
    pid_init2                                0x08007da5   Thumb Code    82  pid.o(i.pid_init2)
    pid_init_flow                            0x08007e1d   Thumb Code    24  pid.o(i.pid_init_flow)
    pid_proc                                 0x08007e35   Thumb Code    54  pid.o(i.pid_proc)
    power_off                                0x08007e79   Thumb Code    52  app.o(i.power_off)
    pump_ctrl                                0x08007ead   Thumb Code   220  app.o(i.pump_ctrl)
    queue_reset                              0x08007f9d   Thumb Code    14  cmd_queue.o(i.queue_reset)
    rcu_clock_freq_get                       0x08007fb5   Thumb Code   264  gd32f4xx_rcu.o(i.rcu_clock_freq_get)
    rcu_config                               0x080080d9   Thumb Code    60  main.o(i.rcu_config)
    rcu_periph_clock_enable                  0x08008115   Thumb Code    32  gd32f4xx_rcu.o(i.rcu_periph_clock_enable)
    rcu_periph_reset_disable                 0x08008139   Thumb Code    32  gd32f4xx_rcu.o(i.rcu_periph_reset_disable)
    rcu_periph_reset_enable                  0x0800815d   Thumb Code    32  gd32f4xx_rcu.o(i.rcu_periph_reset_enable)
    rcu_timer_clock_prescaler_config         0x08008181   Thumb Code    32  gd32f4xx_rcu.o(i.rcu_timer_clock_prescaler_config)
    reboot_progress                          0x080081a5   Thumb Code    22  app_lcd.o(i.reboot_progress)
    registerTick                             0x080081bd   Thumb Code   166  sys.o(i.registerTick)
    sensor_process                           0x08008269   Thumb Code    16  sensor.o(i.sensor_process)
    setState                                 0x08008279   Thumb Code    18  sensor.o(i.setState)
    setTickResult                            0x08008295   Thumb Code     8  sys.o(i.setTickResult)
    syscfg_exti_line_config                  0x080082a1   Thumb Code   166  gd32f4xx_syscfg.o(i.syscfg_exti_line_config)
    systick_config                           0x08008451   Thumb Code    74  sys.o(i.systick_config)
    tds_proc                                 0x080084a1   Thumb Code    96  app.o(i.tds_proc)
    timer_auto_reload_shadow_enable          0x08008501   Thumb Code    10  gd32f4xx_timer.o(i.timer_auto_reload_shadow_enable)
    timer_channel_capture_value_register_read 0x0800850b   Thumb Code    42  gd32f4xx_timer.o(i.timer_channel_capture_value_register_read)
    timer_channel_input_capture_prescaler_config 0x08008535   Thumb Code    90  gd32f4xx_timer.o(i.timer_channel_input_capture_prescaler_config)
    timer_channel_output_config              0x08008591   Thumb Code   484  gd32f4xx_timer.o(i.timer_channel_output_config)
    timer_channel_output_mode_config         0x0800877d   Thumb Code    90  gd32f4xx_timer.o(i.timer_channel_output_mode_config)
    timer_channel_output_pulse_value_config  0x080087d7   Thumb Code    38  gd32f4xx_timer.o(i.timer_channel_output_pulse_value_config)
    timer_channel_output_shadow_config       0x080087fd   Thumb Code    90  gd32f4xx_timer.o(i.timer_channel_output_shadow_config)
    timer_deinit                             0x08008859   Thumb Code   374  gd32f4xx_timer.o(i.timer_deinit)
    timer_enable                             0x080089dd   Thumb Code    10  gd32f4xx_timer.o(i.timer_enable)
    timer_init                               0x080089e9   Thumb Code   122  gd32f4xx_timer.o(i.timer_init)
    timer_input_capture_config               0x08008a81   Thumb Code   326  gd32f4xx_timer.o(i.timer_input_capture_config)
    timer_interrupt_enable                   0x08008bc7   Thumb Code     8  gd32f4xx_timer.o(i.timer_interrupt_enable)
    timer_interrupt_flag_clear               0x08008bcf   Thumb Code     6  gd32f4xx_timer.o(i.timer_interrupt_flag_clear)
    timer_interrupt_flag_get                 0x08008bd5   Thumb Code    24  gd32f4xx_timer.o(i.timer_interrupt_flag_get)
    timer_primary_output_config              0x08008bed   Thumb Code    24  gd32f4xx_timer.o(i.timer_primary_output_config)
    touch_pro                                0x08008c05   Thumb Code   584  inout.o(i.touch_pro)
    usart_baudrate_set                       0x08008e59   Thumb Code   224  gd32f4xx_usart.o(i.usart_baudrate_set)
    usart_data_receive                       0x08008f41   Thumb Code    10  gd32f4xx_usart.o(i.usart_data_receive)
    usart_data_transmit                      0x08008f4b   Thumb Code     8  gd32f4xx_usart.o(i.usart_data_transmit)
    usart_deinit                             0x08008f55   Thumb Code   210  gd32f4xx_usart.o(i.usart_deinit)
    usart_dma_receive_config                 0x08009031   Thumb Code    16  gd32f4xx_usart.o(i.usart_dma_receive_config)
    usart_dma_transmit_config                0x08009041   Thumb Code    16  gd32f4xx_usart.o(i.usart_dma_transmit_config)
    usart_enable                             0x08009051   Thumb Code    10  gd32f4xx_usart.o(i.usart_enable)
    usart_flag_get                           0x0800905b   Thumb Code    30  gd32f4xx_usart.o(i.usart_flag_get)
    usart_interrupt_enable                   0x08009079   Thumb Code    26  gd32f4xx_usart.o(i.usart_interrupt_enable)
    usart_interrupt_flag_clear               0x08009093   Thumb Code    26  gd32f4xx_usart.o(i.usart_interrupt_flag_clear)
    usart_interrupt_flag_get                 0x080090ad   Thumb Code    56  gd32f4xx_usart.o(i.usart_interrupt_flag_get)
    usart_receive_config                     0x080090e5   Thumb Code    16  gd32f4xx_usart.o(i.usart_receive_config)
    usart_transmit_config                    0x080090f5   Thumb Code    16  gd32f4xx_usart.o(i.usart_transmit_config)
    water_levelAbnormal_proc                 0x08009105   Thumb Code    30  app.o(i.water_levelAbnormal_proc)
    Music_Code_1                             0x08009122   Data           6  bsp_beep.o(.constdata)
    Music_Code_2                             0x08009128   Data           6  bsp_beep.o(.constdata)
    Music_Code_3                             0x0800912e   Data          10  bsp_beep.o(.constdata)
    Music_Code_4                             0x08009138   Data          14  bsp_beep.o(.constdata)
    Music_Code_5                             0x08009146   Data          10  bsp_beep.o(.constdata)
    Music_Code_6                             0x08009150   Data          10  bsp_beep.o(.constdata)
    TDS_Test_Vaule                           0x0800915a   Data         198  sensor.o(.constdata)
    TDS_Vaule                                0x08009220   Data         198  sensor.o(.constdata)
    String01                                 0x080092e6   Data          10  app_lcd.o(.constdata)
    String02                                 0x080092f0   Data          10  app_lcd.o(.constdata)
    String03                                 0x080092fa   Data          11  app_lcd.o(.constdata)
    String04                                 0x08009305   Data          10  app_lcd.o(.constdata)
    String05                                 0x0800930f   Data          10  app_lcd.o(.constdata)
    auchCRCHi                                0x08009319   Data         256  crc.o(.constdata)
    auchCRCLo                                0x08009419   Data         256  crc.o(.constdata)
    __ctype_table                            0x08009519   Data         129  ctype_o.o(.constdata)
    Region$$Table$$Base                      0x080095a0   Number         0  anon$$obj.o(Region$$Table)
    Region$$Table$$Limit                     0x080095c0   Number         0  anon$$obj.o(Region$$Table)
    sys_tick                                 0x20000000   Data           4  gd32f4xx_it.o(.data)
    res                                      0x20000004   Data           1  gd32f4xx_it.o(.data)
    count                                    0x20000008   Data           4  gd32f4xx_it.o(.data)
    SystemCoreClock                          0x20000010   Data           4  system_gd32f4xx.o(.data)
    Speak_Flage                              0x20000014   Data           1  bsp_beep.o(.data)
    current_setting                          0x20000018   Data           1  sensor.o(.data)
    tt                                       0x2000001c   Data           4  sensor.o(.data)
    tds_flag                                 0x20000020   Data           1  sensor.o(.data)
    flow_cnt                                 0x20000024   Data           4  sensor.o(.data)
    TIM3CH3_CAPTURE_STA                      0x20000058   Data           1  timer.o(.data)
    TIM3CH3_CAPTURE_VAL                      0x2000005c   Data           4  timer.o(.data)
    timecount                                0x20000060   Data           4  timer.o(.data)
    test                                     0x20000064   Data           4  timer.o(.data)
    timecount1                               0x20000068   Data           4  timer.o(.data)
    edge_cnt                                 0x2000006c   Data           4  timer.o(.data)
    fq                                       0x20000070   Data           4  timer.o(.data)
    state                                    0x20000074   Data           1  timer.o(.data)
    fq_flag                                  0x20000075   Data           1  timer.o(.data)
    result                                   0x20000078   Data           4  timer.o(.data)
    dstTds                                   0x20000080   Data           4  app.o(.data)
    work_params                              0x20000084   Data           2  app.o(.data)
    pid_cnt                                  0x20000090   Data           1  app.o(.data)
    repeat_flag                              0x20000091   Data           1  app.o(.data)
    tmp3                                     0x2000009c   Data           4  app.o(.data)
    timer_tick_count                         0x200000cc   Data           4  app_lcd.o(.data)
    ui_usr                                   0x200000d0   Data           4  app_lcd.o(.data)
    identifier                               0x200000d9   Data           1  app_lcd.o(.data)
    cnt                                      0x200000da   Data           1  app_lcd.o(.data)
    command_cmd                              0x200000db   Data           1  app_lcd.o(.data)
    command_statu                            0x200000dc   Data           1  app_lcd.o(.data)
    command_length                           0x200000dd   Data           1  app_lcd.o(.data)
    step                                     0x200000de   Data           1  app_lcd.o(.data)
    startRegAddr                             0x200000e0   Data           4  modbus.o(.data)
    RegNum                                   0x200000e4   Data           4  modbus.o(.data)
    calCRC                                   0x200000e8   Data           4  modbus.o(.data)
    rxb                                      0x200000ec   Data           1  modbus.o(.data)
    rOut                                     0x200000f0   Data           8  pid.o(.data)
    rIn_PID                                  0x200000f8   Data           8  pid.o(.data)
    tmp                                      0x20000100   Data           4  pid.o(.data)
    __stdout                                 0x20000110   Data           4  sys.o(.data)
    delay                                    0x20000114   Data           4  sys.o(.data)
    __microlib_freelist                      0x2000011c   Data           4  mvars.o(.data)
    __microlib_freelist_initialised          0x20000120   Data           4  mvars.o(.data)
    buf_cmd                                  0x20000128   Data          32  gd32f4xx_it.o(.bss)
    sensor                                   0x20000158   Data         176  sensor.o(.bss)
    adc1_val_buf                             0x20000208   Data          12  sensor.o(.bss)
    modbus_pack_usr                          0x20000214   Data          60  sensor.o(.bss)
    LED_Ram                                  0x2000028c   Data          16  inout.o(.bss)
    inout_usr                                0x2000029c   Data          44  inout.o(.bss)
    touch_usr                                0x200002c8   Data          31  inout.o(.bss)
    modbus_usr                               0x200002e8   Data         284  modbus.o(.bss)
    sPID                                     0x20000408   Data         120  pid.o(.bss)
    __heap_base                              0x20000620   Data           0  startup_gd32f450.o(HEAP)
    __heap_limit                             0x20000e20   Data           0  startup_gd32f450.o(HEAP)
    __initial_sp                             0x20001420   Data           0  startup_gd32f450.o(STACK)



==============================================================================

Memory Map of the image

  Image Entry point : 0x080001ad

  Load Region LR_IROM1 (Base: 0x08000000, Size: 0x000096e8, Max: 0x00100000, ABSOLUTE)

    Execution Region ER_IROM1 (Exec base: 0x08000000, Load base: 0x08000000, Size: 0x000095c0, Max: 0x00100000, ABSOLUTE)

    Exec Addr    Load Addr    Size         Type   Attr      Idx    E Section Name        Object

    0x08000000   0x08000000   0x000001ac   Data   RO         5982    RESET               startup_gd32f450.o
    0x080001ac   0x080001ac   0x00000000   Code   RO         7662  * .ARM.Collect$$$$00000000  mc_w.l(entry.o)
    0x080001ac   0x080001ac   0x00000004   Code   RO         8016    .ARM.Collect$$$$00000001  mc_w.l(entry2.o)
    0x080001b0   0x080001b0   0x00000004   Code   RO         8019    .ARM.Collect$$$$00000004  mc_w.l(entry5.o)
    0x080001b4   0x080001b4   0x00000000   Code   RO         8021    .ARM.Collect$$$$00000008  mc_w.l(entry7b.o)
    0x080001b4   0x080001b4   0x00000000   Code   RO         8023    .ARM.Collect$$$$0000000A  mc_w.l(entry8b.o)
    0x080001b4   0x080001b4   0x00000008   Code   RO         8024    .ARM.Collect$$$$0000000B  mc_w.l(entry9a.o)
    0x080001bc   0x080001bc   0x00000000   Code   RO         8026    .ARM.Collect$$$$0000000D  mc_w.l(entry10a.o)
    0x080001bc   0x080001bc   0x00000000   Code   RO         8028    .ARM.Collect$$$$0000000F  mc_w.l(entry11a.o)
    0x080001bc   0x080001bc   0x00000004   Code   RO         8017    .ARM.Collect$$$$00002712  mc_w.l(entry2.o)
    0x080001c0   0x080001c0   0x00000024   Code   RO         5983    .text               startup_gd32f450.o
    0x080001e4   0x080001e4   0x00000024   Code   RO         7665    .text               mc_w.l(memcpya.o)
    0x08000208   0x08000208   0x00000024   Code   RO         7667    .text               mc_w.l(memseta.o)
    0x0800022c   0x0800022c   0x0000000e   Code   RO         7669    .text               mc_w.l(strlen.o)
    0x0800023a   0x0800023a   0x00000012   Code   RO         7671    .text               mc_w.l(strcpy.o)
    0x0800024c   0x0800024c   0x0000001a   Code   RO         7964    .text               mc_w.l(atoi.o)
    0x08000266   0x08000266   0x0000014e   Code   RO         7966    .text               mf_w.l(dadd.o)
    0x080003b4   0x080003b4   0x000000e4   Code   RO         7968    .text               mf_w.l(dmul.o)
    0x08000498   0x08000498   0x000000de   Code   RO         7970    .text               mf_w.l(ddiv.o)
    0x08000576   0x08000576   0x0000001a   Code   RO         7974    .text               mf_w.l(dfltui.o)
    0x08000590   0x08000590   0x00000032   Code   RO         7978    .text               mf_w.l(dfixui.o)
    0x080005c2   0x080005c2   0x00000026   Code   RO         7980    .text               mf_w.l(f2d.o)
    0x080005e8   0x080005e8   0x00000030   Code   RO         7982    .text               mf_w.l(cdcmple.o)
    0x08000618   0x08000618   0x00000030   Code   RO         7984    .text               mf_w.l(cdrcmple.o)
    0x08000648   0x08000648   0x00000038   Code   RO         7986    .text               mf_w.l(d2f.o)
    0x08000680   0x08000680   0x0000002c   Code   RO         8030    .text               mc_w.l(uidiv.o)
    0x080006ac   0x080006ac   0x00000062   Code   RO         8032    .text               mc_w.l(uldiv.o)
    0x0800070e   0x0800070e   0x0000001e   Code   RO         8034    .text               mc_w.l(llshl.o)
    0x0800072c   0x0800072c   0x00000020   Code   RO         8036    .text               mc_w.l(llushr.o)
    0x0800074c   0x0800074c   0x00000024   Code   RO         8038    .text               mc_w.l(llsshr.o)
    0x08000770   0x08000770   0x00000070   Code   RO         8049    .text               mc_w.l(strtol.o)
    0x080007e0   0x080007e0   0x00000000   Code   RO         8051    .text               mc_w.l(iusefp.o)
    0x080007e0   0x080007e0   0x0000006e   Code   RO         8052    .text               mf_w.l(fepilogue.o)
    0x0800084e   0x0800084e   0x000000ba   Code   RO         8054    .text               mf_w.l(depilogue.o)
    0x08000908   0x08000908   0x00000030   Code   RO         8058    .text               mf_w.l(dfixul.o)
    0x08000938   0x08000938   0x00000024   Code   RO         8064    .text               mc_w.l(init.o)
    0x0800095c   0x0800095c   0x00000008   Code   RO         8066    .text               mc_w.l(ctype_o.o)
    0x08000964   0x08000964   0x0000009e   Code   RO         8094    .text               mc_w.l(_strtoul.o)
    0x08000a02   0x08000a02   0x0000001c   Code   RO         8096    .text               mc_w.l(_chval.o)
    0x08000a1e   0x08000a1e   0x00000002   PAD
    0x08000a20   0x08000a20   0x0000004c   Code   RO         6053    i.BEEP_Start        bsp_beep.o
    0x08000a6c   0x08000a6c   0x00000014   Code   RO         6472    i.BEGIN_CMD         hmi_driver.o
    0x08000a80   0x08000a80   0x00000004   Code   RO            3    i.BusFault_Handler  gd32f4xx_it.o
    0x08000a84   0x08000a84   0x00000038   Code   RO         7214    i.CRC_Compute       crc.o
    0x08000abc   0x08000abc   0x0000001c   Code   RO            4    i.DMA1_Channel2_IRQHandler  gd32f4xx_it.o
    0x08000ad8   0x08000ad8   0x00000020   Code   RO            5    i.DMA1_Channel7_IRQHandler  gd32f4xx_it.o
    0x08000af8   0x08000af8   0x00000060   Code   RO         6169    i.DcMotorCtrl       devctrl.o
    0x08000b58   0x08000b58   0x00000002   Code   RO            6    i.DebugMon_Handler  gd32f4xx_it.o
    0x08000b5a   0x08000b5a   0x00000002   PAD
    0x08000b5c   0x08000b5c   0x00000010   Code   RO         6479    i.END_CMD           hmi_driver.o
    0x08000b6c   0x08000b6c   0x0000001e   Code   RO            7    i.EXTI10_15_IRQHandler  gd32f4xx_it.o
    0x08000b8a   0x08000b8a   0x00000002   PAD
    0x08000b8c   0x08000b8c   0x000000a0   Code   RO         6171    i.EleSwCtrl         devctrl.o
    0x08000c2c   0x08000c2c   0x00000014   Code   RO         6114    i.FlashEease        bsp_cpu_flash.o
    0x08000c40   0x08000c40   0x00000054   Code   RO         6816    i.FlowCtrl          app.o
    0x08000c94   0x08000c94   0x00000390   Code   RO         6817    i.Flow_Init         app.o
    0x08001024   0x08001024   0x00000008   Code   RO         6353    i.GetCapture        timer.o
    0x0800102c   0x0800102c   0x00000008   Code   RO         6354    i.GetCapture_cnt    timer.o
    0x08001034   0x08001034   0x000003bc   Code   RO         6207    i.GetFlow           sensor.o
    0x080013f0   0x080013f0   0x00000008   Code   RO         7268    i.GetInOut          inout.o
    0x080013f8   0x080013f8   0x00000008   Code   RO         6208    i.GetModbusPack     sensor.o
    0x08001400   0x08001400   0x000000fc   Code   RO         6209    i.GetModbusSens     sensor.o
    0x080014fc   0x080014fc   0x000003e0   Code   RO         6210    i.GetPH_ORP         sensor.o
    0x080018dc   0x080018dc   0x00000008   Code   RO         6211    i.GetSensor         sensor.o
    0x080018e4   0x080018e4   0x00000014   Code   RO         6488    i.GetStrLen         hmi_driver.o
    0x080018f8   0x080018f8   0x0000069c   Code   RO         6212    i.GetTds_EleCurr    sensor.o
    0x08001f94   0x08001f94   0x0000000c   Code   RO         7491    i.GetTickNum        sys.o
    0x08001fa0   0x08001fa0   0x0000000c   Code   RO         7492    i.GetTickResult     sys.o
    0x08001fac   0x08001fac   0x0000000c   Code   RO         7493    i.GetTickStatus     sys.o
    0x08001fb8   0x08001fb8   0x00000028   Code   RO         6489    i.GetTouchEditValue  hmi_driver.o
    0x08001fe0   0x08001fe0   0x00000008   Code   RO         7269    i.GetTouchInOut     inout.o
    0x08001fe8   0x08001fe8   0x000000f4   Code   RO         6213    i.GetWaterLevel     sensor.o
    0x080020dc   0x080020dc   0x0000000c   Code   RO         7494    i.HAL_GetTick       sys.o
    0x080020e8   0x080020e8   0x00000008   Code   RO         6355    i.HAL_TIM_IC_CaptureCallback  timer.o
    0x080020f0   0x080020f0   0x00000004   Code   RO            8    i.HardFault_Handler  gd32f4xx_it.o
    0x080020f4   0x080020f4   0x000001e4   Code   RO          270    i.MX_GPIO_Init      main.o
    0x080022d8   0x080022d8   0x000000a4   Code   RO          271    i.MX_TIM1_Init      main.o
    0x0800237c   0x0800237c   0x00000088   Code   RO          272    i.MX_TIM3_Init      main.o
    0x08002404   0x08002404   0x00000164   Code   RO          273    i.MX_TIM4_Init      main.o
    0x08002568   0x08002568   0x00000080   Code   RO          274    i.MX_UART4_Init     main.o
    0x080025e8   0x080025e8   0x0000008c   Code   RO          275    i.MX_USART1_UART_Init  main.o
    0x08002674   0x08002674   0x00000040   Code   RO          276    i.MX_USART2_UART_Init  main.o
    0x080026b4   0x080026b4   0x000000a0   Code   RO          277    i.MX_USART3_UART_Init  main.o
    0x08002754   0x08002754   0x000000a4   Code   RO          278    i.MX_USART6_UART_Init  main.o
    0x080027f8   0x080027f8   0x00000004   Code   RO            9    i.MemManage_Handler  gd32f4xx_it.o
    0x080027fc   0x080027fc   0x0000007c   Code   RO         7341    i.Modbus_03_Solve   modbus.o
    0x08002878   0x08002878   0x00000014   Code   RO         7342    i.Modbus_06_Solve   modbus.o
    0x0800288c   0x0800288c   0x00000014   Code   RO         7343    i.Modbus_16_Solve   modbus.o
    0x080028a0   0x080028a0   0x00000190   Code   RO         7344    i.Modbus_Pack       modbus.o
    0x08002a30   0x08002a30   0x00000174   Code   RO         7345    i.Modbus_Pack_cali  modbus.o
    0x08002ba4   0x08002ba4   0x000001b8   Code   RO         6818    i.Mode_dis_proc     app.o
    0x08002d5c   0x08002d5c   0x00000002   Code   RO           10    i.NMI_Handler       gd32f4xx_it.o
    0x08002d5e   0x08002d5e   0x00000002   PAD
    0x08002d60   0x08002d60   0x00000028   Code   RO         7495    i.NVIC_SetPriority  sys.o
    0x08002d88   0x08002d88   0x000004a4   Code   RO         7431    i.PIDCalc           pid.o
    0x0800322c   0x0800322c   0x00000002   Code   RO           11    i.PendSV_Handler    gd32f4xx_it.o
    0x0800322e   0x0800322e   0x00000002   PAD
    0x08003230   0x08003230   0x0000007c   Code   RO         7347    i.RS485_RxCpltCallback  modbus.o
    0x080032ac   0x080032ac   0x00000064   Code   RO         7348    i.RS485_SendData    modbus.o
    0x08003310   0x08003310   0x000000c8   Code   RO         7349    i.RS485_Service     modbus.o
    0x080033d8   0x080033d8   0x0000001c   Code   RO         6490    i.SEND_DATA         hmi_driver.o
    0x080033f4   0x080033f4   0x00000002   Code   RO           12    i.SVC_Handler       gd32f4xx_it.o
    0x080033f6   0x080033f6   0x00000002   PAD
    0x080033f8   0x080033f8   0x00000020   Code   RO         6752    i.SendChar          hmi_user_uart.o
    0x08003418   0x08003418   0x00000016   Code   RO         6492    i.SendStrings       hmi_driver.o
    0x0800342e   0x0800342e   0x00000020   Code   RO         6493    i.SetBackLight      hmi_driver.o
    0x0800344e   0x0800344e   0x0000003e   Code   RO         6499    i.SetEditValue      hmi_driver.o
    0x0800348c   0x0800348c   0x0000003e   Code   RO         6501    i.SetLableValue     hmi_driver.o
    0x080034ca   0x080034ca   0x0000005e   Code   RO         6502    i.SetLableValueColor  hmi_driver.o
    0x08003528   0x08003528   0x00000020   Code   RO         6504    i.SetPage           hmi_driver.o
    0x08003548   0x08003548   0x00000030   Code   RO         6505    i.SetProgressbarValue  hmi_driver.o
    0x08003578   0x08003578   0x00000036   Code   RO         6506    i.SetReset          hmi_driver.o
    0x080035ae   0x080035ae   0x00000002   PAD
    0x080035b0   0x080035b0   0x00000034   Code   RO         7271    i.Soft_Reset        inout.o
    0x080035e4   0x080035e4   0x0000024c   Code   RO         6055    i.Speak_value       bsp_beep.o
    0x08003830   0x08003830   0x00000040   Code   RO           13    i.SysTick_Handler   gd32f4xx_it.o
    0x08003870   0x08003870   0x000000b8   Code   RO          458    i.SystemInit        system_gd32f4xx.o
    0x08003928   0x08003928   0x0000004a   Code   RO         6819    i.SystemParamsRead  app.o
    0x08003972   0x08003972   0x00000002   PAD
    0x08003974   0x08003974   0x0000009c   Code   RO         6820    i.SystemParamsSave  app.o
    0x08003a10   0x08003a10   0x000000e4   Code   RO         6356    i.TIM3CaptureChannel3Callback  timer.o
    0x08003af4   0x08003af4   0x00000018   Code   RO           14    i.TIMER2_IRQHandler  gd32f4xx_it.o
    0x08003b0c   0x08003b0c   0x00000040   Code   RO         7496    i.TickPro           sys.o
    0x08003b4c   0x08003b4c   0x00000088   Code   RO         6821    i.TickTimeoutAb     app.o
    0x08003bd4   0x08003bd4   0x00000092   Code   RO         6822    i.TickTimeoutNor    app.o
    0x08003c66   0x08003c66   0x00000002   PAD
    0x08003c68   0x08003c68   0x000000c0   Code   RO           15    i.USART2_IRQHandler  gd32f4xx_it.o
    0x08003d28   0x08003d28   0x00000030   Code   RO           16    i.USART5_IRQHandler  gd32f4xx_it.o
    0x08003d58   0x08003d58   0x00000004   Code   RO           17    i.UsageFault_Handler  gd32f4xx_it.o
    0x08003d5c   0x08003d5c   0x00000020   Code   RO         7908    i.__0printf         mc_w.l(printfa.o)
    0x08003d7c   0x08003d7c   0x00000028   Code   RO         7910    i.__0sprintf        mc_w.l(printfa.o)
    0x08003da4   0x08003da4   0x00000008   Code   RO         8042    i.__aeabi_errno_addr  mc_w.l(errno.o)
    0x08003dac   0x08003dac   0x00000014   Code   RO         7644    i.__hardfp_fabs     m_wm.l(fabs.o)
    0x08003dc0   0x08003dc0   0x0000000e   Code   RO         8100    i.__scatterload_copy  mc_w.l(handlers.o)
    0x08003dce   0x08003dce   0x00000002   Code   RO         8101    i.__scatterload_null  mc_w.l(handlers.o)
    0x08003dd0   0x08003dd0   0x0000000e   Code   RO         8102    i.__scatterload_zeroinit  mc_w.l(handlers.o)
    0x08003dde   0x08003dde   0x00000002   PAD
    0x08003de0   0x08003de0   0x00000184   Code   RO         7915    i._fp_digits        mc_w.l(printfa.o)
    0x08003f64   0x08003f64   0x000006dc   Code   RO         7916    i._printf_core      mc_w.l(printfa.o)
    0x08004640   0x08004640   0x00000024   Code   RO         7917    i._printf_post_padding  mc_w.l(printfa.o)
    0x08004664   0x08004664   0x0000002e   Code   RO         7918    i._printf_pre_padding  mc_w.l(printfa.o)
    0x08004692   0x08004692   0x0000000a   Code   RO         7920    i._sputc            mc_w.l(printfa.o)
    0x0800469c   0x0800469c   0x000003f8   Code   RO         6823    i.abnormalDec       app.o
    0x08004a94   0x08004a94   0x0000002a   Code   RO         1739    i.adc_calibration_enable  gd32f4xx_adc.o
    0x08004abe   0x08004abe   0x00000052   Code   RO         1741    i.adc_channel_length_config  gd32f4xx_adc.o
    0x08004b10   0x08004b10   0x0000003c   Code   RO         6216    i.adc_channel_sample  sensor.o
    0x08004b4c   0x08004b4c   0x00000024   Code   RO         1742    i.adc_clock_config  gd32f4xx_adc.o
    0x08004b70   0x08004b70   0x0000005c   Code   RO          280    i.adc_config        main.o
    0x08004bcc   0x08004bcc   0x00000016   Code   RO         1743    i.adc_data_alignment_config  gd32f4xx_adc.o
    0x08004be2   0x08004be2   0x00000014   Code   RO         1744    i.adc_deinit        gd32f4xx_adc.o
    0x08004bf6   0x08004bf6   0x00000012   Code   RO         1751    i.adc_enable        gd32f4xx_adc.o
    0x08004c08   0x08004c08   0x00000034   Code   RO         1753    i.adc_external_trigger_config  gd32f4xx_adc.o
    0x08004c3c   0x08004c3c   0x00000030   Code   RO         1754    i.adc_external_trigger_source_config  gd32f4xx_adc.o
    0x08004c6c   0x08004c6c   0x00000008   Code   RO         1755    i.adc_flag_clear    gd32f4xx_adc.o
    0x08004c74   0x08004c74   0x0000000e   Code   RO         1756    i.adc_flag_get      gd32f4xx_adc.o
    0x08004c82   0x08004c82   0x000000ac   Code   RO         1768    i.adc_regular_channel_config  gd32f4xx_adc.o
    0x08004d2e   0x08004d2e   0x00000008   Code   RO         1769    i.adc_regular_data_read  gd32f4xx_adc.o
    0x08004d36   0x08004d36   0x00000024   Code   RO         1772    i.adc_software_trigger_enable  gd32f4xx_adc.o
    0x08004d5a   0x08004d5a   0x0000005a   Code   RO         1773    i.adc_special_function_config  gd32f4xx_adc.o
    0x08004db4   0x08004db4   0x00000024   Code   RO         1778    i.adc_sync_mode_config  gd32f4xx_adc.o
    0x08004dd8   0x08004dd8   0x0000003c   Code   RO         6824    i.app               app.o
    0x08004e14   0x08004e14   0x00000040   Code   RO         6056    i.beep_pro          bsp_beep.o
    0x08004e54   0x08004e54   0x00000034   Code   RO         6117    i.bsp_ReadCpuFlash  bsp_cpu_flash.o
    0x08004e88   0x08004e88   0x00000114   Code   RO         6776    i.bsp_SetTIMOutPWM  bsp_tim_pwm.o
    0x08004f9c   0x08004f9c   0x00000034   Code   RO         6118    i.bsp_WriteCpuFlash  bsp_cpu_flash.o
    0x08004fd0   0x08004fd0   0x0000042c   Code   RO         6217    i.calibration_sensors  sensor.o
    0x080053fc   0x080053fc   0x00000018   Code   RO         7497    i.delay_ms          sys.o
    0x08005414   0x08005414   0x00000018   Code   RO         7498    i.delay_us          sys.o
    0x0800542c   0x0800542c   0x00000040   Code   RO         6827    i.dev_flow_Abnormal_ctrl  app.o
    0x0800546c   0x0800546c   0x0000001c   Code   RO         6828    i.dev_init_ctrl     app.o
    0x08005488   0x08005488   0x00000038   Code   RO         6829    i.dev_normal_ctrl   app.o
    0x080054c0   0x080054c0   0x00000084   Code   RO         6830    i.dev_wash_ctrl     app.o
    0x08005544   0x08005544   0x00000020   Code   RO         1078    i.dma_channel_enable  gd32f4xx_dma.o
    0x08005564   0x08005564   0x00000026   Code   RO         1079    i.dma_channel_subperipheral_select  gd32f4xx_dma.o
    0x0800558a   0x0800558a   0x00000020   Code   RO         1080    i.dma_circulation_disable  gd32f4xx_dma.o
    0x080055aa   0x080055aa   0x00000002   PAD
    0x080055ac   0x080055ac   0x00000120   Code   RO          281    i.dma_config        main.o
    0x080056cc   0x080056cc   0x000000a4   Code   RO         1082    i.dma_deinit        gd32f4xx_dma.o
    0x08005770   0x08005770   0x0000003e   Code   RO         1088    i.dma_interrupt_enable  gd32f4xx_dma.o
    0x080057ae   0x080057ae   0x0000003e   Code   RO         1089    i.dma_interrupt_flag_clear  gd32f4xx_dma.o
    0x080057ec   0x080057ec   0x00000204   Code   RO         1090    i.dma_interrupt_flag_get  gd32f4xx_dma.o
    0x080059f0   0x080059f0   0x00000158   Code   RO         1102    i.dma_single_data_mode_init  gd32f4xx_dma.o
    0x08005b48   0x08005b48   0x00000210   Code   RO         6831    i.ele_dev_proc      app.o
    0x08005d58   0x08005d58   0x00000320   Code   RO         6832    i.ele_process       app.o
    0x08006078   0x08006078   0x000000bc   Code   RO         1294    i.exti_init         gd32f4xx_exti.o
    0x08006134   0x08006134   0x0000000c   Code   RO         1297    i.exti_interrupt_flag_clear  gd32f4xx_exti.o
    0x08006140   0x08006140   0x00000024   Code   RO         1298    i.exti_interrupt_flag_get  gd32f4xx_exti.o
    0x08006164   0x08006164   0x00000058   Code   RO         6833    i.factory_mode      app.o
    0x080061bc   0x080061bc   0x000000d8   Code   RO         6835    i.flow_proc         app.o
    0x08006294   0x08006294   0x00000042   Code   RO         6400    i.fmc_erase_sector_by_address  fmc_operation.o
    0x080062d6   0x080062d6   0x00000002   PAD
    0x080062d8   0x080062d8   0x0000000c   Code   RO         3430    i.fmc_flag_clear    gd32f4xx_fmc.o
    0x080062e4   0x080062e4   0x00000014   Code   RO         3435    i.fmc_lock          gd32f4xx_fmc.o
    0x080062f8   0x080062f8   0x0000001a   Code   RO         6402    i.fmc_read_32bit_data  fmc_operation.o
    0x08006312   0x08006312   0x00000022   Code   RO         3437    i.fmc_ready_wait    gd32f4xx_fmc.o
    0x08006334   0x08006334   0x0000005c   Code   RO         3438    i.fmc_sector_erase  gd32f4xx_fmc.o
    0x08006390   0x08006390   0x00000184   Code   RO         6404    i.fmc_sector_info_get  fmc_operation.o
    0x08006514   0x08006514   0x00000054   Code   RO         3439    i.fmc_state_get     gd32f4xx_fmc.o
    0x08006568   0x08006568   0x00000024   Code   RO         3440    i.fmc_unlock        gd32f4xx_fmc.o
    0x0800658c   0x0800658c   0x00000054   Code   RO         3441    i.fmc_word_program  gd32f4xx_fmc.o
    0x080065e0   0x080065e0   0x00000062   Code   RO         6406    i.fmc_write_32bit_data  fmc_operation.o
    0x08006642   0x08006642   0x00000002   PAD
    0x08006644   0x08006644   0x00000028   Code   RO         7499    i.fputc             sys.o
    0x0800666c   0x0800666c   0x00000008   Code   RO         7350    i.getModbusPayload  modbus.o
    0x08006674   0x08006674   0x00000008   Code   RO         7272    i.getTouch          inout.o
    0x0800667c   0x0800667c   0x0000000c   Code   RO         6836    i.get_reset_status  app.o
    0x08006688   0x08006688   0x00000008   Code   RO         7054    i.getuiCallback     app_lcd.o
    0x08006690   0x08006690   0x0000005e   Code   RO          973    i.gpio_af_set       gd32f4xx_gpio.o
    0x080066ee   0x080066ee   0x00000004   Code   RO          974    i.gpio_bit_reset    gd32f4xx_gpio.o
    0x080066f2   0x080066f2   0x00000004   Code   RO          975    i.gpio_bit_set      gd32f4xx_gpio.o
    0x080066f6   0x080066f6   0x0000000a   Code   RO          977    i.gpio_bit_write    gd32f4xx_gpio.o
    0x08006700   0x08006700   0x00000080   Code   RO          282    i.gpio_config       main.o
    0x08006780   0x08006780   0x00000010   Code   RO          979    i.gpio_input_bit_get  gd32f4xx_gpio.o
    0x08006790   0x08006790   0x0000004e   Code   RO          981    i.gpio_mode_set     gd32f4xx_gpio.o
    0x080067de   0x080067de   0x00000042   Code   RO          983    i.gpio_output_options_set  gd32f4xx_gpio.o
    0x08006820   0x08006820   0x000001dc   Code   RO         6837    i.hsw_proc          app.o
    0x080069fc   0x080069fc   0x00000080   Code   RO         7055    i.lcd_boot          app_lcd.o
    0x08006a7c   0x08006a7c   0x00000044   Code   RO         7056    i.lcd_init          app_lcd.o
    0x08006ac0   0x08006ac0   0x000002d0   Code   RO         6838    i.lcd_proc          app.o
    0x08006d90   0x08006d90   0x00000280   Code   RO         7057    i.lcd_touch_interrupt  app_lcd.o
    0x08007010   0x08007010   0x00000074   Code   RO          283    i.main              main.o
    0x08007084   0x08007084   0x0000006c   Code   RO         7937    i.malloc            mc_w.l(malloc.o)
    0x080070f0   0x080070f0   0x00000424   Code   RO         6219    i.module_anlysis    sensor.o
    0x08007514   0x08007514   0x000000d0   Code   RO         6840    i.module_dis_proc   app.o
    0x080075e4   0x080075e4   0x000000bc   Code   RO         6841    i.module_reset      app.o
    0x080076a0   0x080076a0   0x00000090   Code   RO         6220    i.module_stop_ele   sensor.o
    0x08007730   0x08007730   0x000003b4   Code   RO         6842    i.normal_proc       app.o
    0x08007ae4   0x08007ae4   0x0000003c   Code   RO          284    i.nvic_config       main.o
    0x08007b20   0x08007b20   0x000000c4   Code   RO         4173    i.nvic_irq_enable   gd32f4xx_misc.o
    0x08007be4   0x08007be4   0x00000014   Code   RO         4174    i.nvic_priority_group_set  gd32f4xx_misc.o
    0x08007bf8   0x08007bf8   0x00000158   Code   RO         6221    i.orp_ph_process    sensor.o
    0x08007d50   0x08007d50   0x00000054   Code   RO         7434    i.pid_init          pid.o
    0x08007da4   0x08007da4   0x00000078   Code   RO         7435    i.pid_init2         pid.o
    0x08007e1c   0x08007e1c   0x00000018   Code   RO         7436    i.pid_init_flow     pid.o
    0x08007e34   0x08007e34   0x00000044   Code   RO         7437    i.pid_proc          pid.o
    0x08007e78   0x08007e78   0x00000034   Code   RO         6843    i.power_off         app.o
    0x08007eac   0x08007eac   0x000000f0   Code   RO         6844    i.pump_ctrl         app.o
    0x08007f9c   0x08007f9c   0x00000018   Code   RO         7594    i.queue_reset       cmd_queue.o
    0x08007fb4   0x08007fb4   0x00000124   Code   RO         1384    i.rcu_clock_freq_get  gd32f4xx_rcu.o
    0x080080d8   0x080080d8   0x0000003c   Code   RO          285    i.rcu_config        main.o
    0x08008114   0x08008114   0x00000024   Code   RO         1403    i.rcu_periph_clock_enable  gd32f4xx_rcu.o
    0x08008138   0x08008138   0x00000024   Code   RO         1406    i.rcu_periph_reset_disable  gd32f4xx_rcu.o
    0x0800815c   0x0800815c   0x00000024   Code   RO         1407    i.rcu_periph_reset_enable  gd32f4xx_rcu.o
    0x08008180   0x08008180   0x00000024   Code   RO         1419    i.rcu_timer_clock_prescaler_config  gd32f4xx_rcu.o
    0x080081a4   0x080081a4   0x00000016   Code   RO         7058    i.reboot_progress   app_lcd.o
    0x080081ba   0x080081ba   0x00000002   PAD
    0x080081bc   0x080081bc   0x000000ac   Code   RO         7500    i.registerTick      sys.o
    0x08008268   0x08008268   0x00000010   Code   RO         6222    i.sensor_process    sensor.o
    0x08008278   0x08008278   0x0000001c   Code   RO         6223    i.setState          sensor.o
    0x08008294   0x08008294   0x0000000c   Code   RO         7501    i.setTickResult     sys.o
    0x080082a0   0x080082a0   0x000000ac   Code   RO         4906    i.syscfg_exti_line_config  gd32f4xx_syscfg.o
    0x0800834c   0x0800834c   0x000000fc   Code   RO          459    i.system_clock_120m_irc16m  system_gd32f4xx.o
    0x08008448   0x08008448   0x00000008   Code   RO          460    i.system_clock_config  system_gd32f4xx.o
    0x08008450   0x08008450   0x00000050   Code   RO         7502    i.systick_config    sys.o
    0x080084a0   0x080084a0   0x00000060   Code   RO         6845    i.tds_proc          app.o
    0x08008500   0x08008500   0x0000000a   Code   RO         4964    i.timer_auto_reload_shadow_enable  gd32f4xx_timer.o
    0x0800850a   0x0800850a   0x0000002a   Code   RO         4972    i.timer_channel_capture_value_register_read  gd32f4xx_timer.o
    0x08008534   0x08008534   0x0000005a   Code   RO         4978    i.timer_channel_input_capture_prescaler_config  gd32f4xx_timer.o
    0x0800858e   0x0800858e   0x00000002   PAD
    0x08008590   0x08008590   0x000001ec   Code   RO         4981    i.timer_channel_output_config  gd32f4xx_timer.o
    0x0800877c   0x0800877c   0x0000005a   Code   RO         4983    i.timer_channel_output_mode_config  gd32f4xx_timer.o
    0x080087d6   0x080087d6   0x00000026   Code   RO         4985    i.timer_channel_output_pulse_value_config  gd32f4xx_timer.o
    0x080087fc   0x080087fc   0x0000005a   Code   RO         4986    i.timer_channel_output_shadow_config  gd32f4xx_timer.o
    0x08008856   0x08008856   0x00000002   PAD
    0x08008858   0x08008858   0x00000184   Code   RO         4995    i.timer_deinit      gd32f4xx_timer.o
    0x080089dc   0x080089dc   0x0000000a   Code   RO         5000    i.timer_enable      gd32f4xx_timer.o
    0x080089e6   0x080089e6   0x00000002   PAD
    0x080089e8   0x080089e8   0x00000098   Code   RO         5010    i.timer_init        gd32f4xx_timer.o
    0x08008a80   0x08008a80   0x00000146   Code   RO         5011    i.timer_input_capture_config  gd32f4xx_timer.o
    0x08008bc6   0x08008bc6   0x00000008   Code   RO         5017    i.timer_interrupt_enable  gd32f4xx_timer.o
    0x08008bce   0x08008bce   0x00000006   Code   RO         5018    i.timer_interrupt_flag_clear  gd32f4xx_timer.o
    0x08008bd4   0x08008bd4   0x00000018   Code   RO         5019    i.timer_interrupt_flag_get  gd32f4xx_timer.o
    0x08008bec   0x08008bec   0x00000018   Code   RO         5025    i.timer_primary_output_config  gd32f4xx_timer.o
    0x08008c04   0x08008c04   0x00000254   Code   RO         7275    i.touch_pro         inout.o
    0x08008e58   0x08008e58   0x000000e8   Code   RO         5583    i.usart_baudrate_set  gd32f4xx_usart.o
    0x08008f40   0x08008f40   0x0000000a   Code   RO         5587    i.usart_data_receive  gd32f4xx_usart.o
    0x08008f4a   0x08008f4a   0x00000008   Code   RO         5588    i.usart_data_transmit  gd32f4xx_usart.o
    0x08008f52   0x08008f52   0x00000002   PAD
    0x08008f54   0x08008f54   0x000000dc   Code   RO         5589    i.usart_deinit      gd32f4xx_usart.o
    0x08009030   0x08009030   0x00000010   Code   RO         5591    i.usart_dma_receive_config  gd32f4xx_usart.o
    0x08009040   0x08009040   0x00000010   Code   RO         5592    i.usart_dma_transmit_config  gd32f4xx_usart.o
    0x08009050   0x08009050   0x0000000a   Code   RO         5593    i.usart_enable      gd32f4xx_usart.o
    0x0800905a   0x0800905a   0x0000001e   Code   RO         5595    i.usart_flag_get    gd32f4xx_usart.o
    0x08009078   0x08009078   0x0000001a   Code   RO         5603    i.usart_interrupt_enable  gd32f4xx_usart.o
    0x08009092   0x08009092   0x0000001a   Code   RO         5604    i.usart_interrupt_flag_clear  gd32f4xx_usart.o
    0x080090ac   0x080090ac   0x00000038   Code   RO         5605    i.usart_interrupt_flag_get  gd32f4xx_usart.o
    0x080090e4   0x080090e4   0x00000010   Code   RO         5620    i.usart_receive_config  gd32f4xx_usart.o
    0x080090f4   0x080090f4   0x00000010   Code   RO         5635    i.usart_transmit_config  gd32f4xx_usart.o
    0x08009104   0x08009104   0x0000001e   Code   RO         6846    i.water_levelAbnormal_proc  app.o
    0x08009122   0x08009122   0x00000038   Data   RO         6058    .constdata          bsp_beep.o
    0x0800915a   0x0800915a   0x0000018c   Data   RO         6225    .constdata          sensor.o
    0x080092e6   0x080092e6   0x00000033   Data   RO         7060    .constdata          app_lcd.o
    0x08009319   0x08009319   0x00000200   Data   RO         7215    .constdata          crc.o
    0x08009519   0x08009519   0x00000081   Data   RO         8067    .constdata          mc_w.l(ctype_o.o)
    0x0800959a   0x0800959a   0x00000002   PAD
    0x0800959c   0x0800959c   0x00000004   Data   RO         8068    .constdata          mc_w.l(ctype_o.o)
    0x080095a0   0x080095a0   0x00000020   Data   RO         8098    Region$$Table       anon$$obj.o


    Execution Region RW_IRAM1 (Exec base: 0x20000000, Load base: 0x080095c0, Size: 0x00001420, Max: 0x00020000, ABSOLUTE)

    Exec Addr    Load Addr    Size         Type   Attr      Idx    E Section Name        Object

    0x20000000   0x080095c0   0x00000010   Data   RW           19    .data               gd32f4xx_it.o
    0x20000010   0x080095d0   0x00000004   Data   RW          461    .data               system_gd32f4xx.o
    0x20000014   0x080095d4   0x00000004   Data   RW         6059    .data               bsp_beep.o
    0x20000018   0x080095d8   0x00000040   Data   RW         6226    .data               sensor.o
    0x20000058   0x08009618   0x00000024   Data   RW         6358    .data               timer.o
    0x2000007c   0x0800963c   0x00000001   Data   RW         6516    .data               hmi_driver.o
    0x2000007d   0x0800963d   0x00000003   PAD
    0x20000080   0x08009640   0x0000004a   Data   RW         6847    .data               app.o
    0x200000ca   0x0800968a   0x00000002   PAD
    0x200000cc   0x0800968c   0x00000014   Data   RW         7061    .data               app_lcd.o
    0x200000e0   0x080096a0   0x0000000d   Data   RW         7354    .data               modbus.o
    0x200000ed   0x080096ad   0x00000003   PAD
    0x200000f0   0x080096b0   0x00000020   Data   RW         7439    .data               pid.o
    0x20000110   0x080096d0   0x00000008   Data   RW         7504    .data               sys.o
    0x20000118   0x080096d8   0x00000003   Data   RW         7597    .data               cmd_queue.o
    0x2000011b   0x080096db   0x00000001   PAD
    0x2000011c   0x080096dc   0x00000004   Data   RW         8040    .data               mc_w.l(mvars.o)
    0x20000120   0x080096e0   0x00000004   Data   RW         8041    .data               mc_w.l(mvars.o)
    0x20000124   0x080096e4   0x00000004   Data   RW         8045    .data               mc_w.l(errno.o)
    0x20000128        -       0x00000020   Zero   RW           18    .bss                gd32f4xx_it.o
    0x20000148        -       0x00000010   Zero   RW         6057    .bss                bsp_beep.o
    0x20000158        -       0x00000134   Zero   RW         6224    .bss                sensor.o
    0x2000028c        -       0x0000005b   Zero   RW         7276    .bss                inout.o
    0x200002e7   0x080096e8   0x00000001   PAD
    0x200002e8        -       0x0000011c   Zero   RW         7353    .bss                modbus.o
    0x20000404   0x080096e8   0x00000004   PAD
    0x20000408        -       0x00000078   Zero   RW         7438    .bss                pid.o
    0x20000480        -       0x0000011c   Zero   RW         7503    .bss                sys.o
    0x2000059c        -       0x00000084   Zero   RW         7596    .bss                cmd_queue.o
    0x20000620        -       0x00000800   Zero   RW         5981    HEAP                startup_gd32f450.o
    0x20000e20        -       0x00000600   Zero   RW         5980    STACK               startup_gd32f450.o


==============================================================================

Image component sizes


      Code (inc. data)   RO Data    RW Data    ZI Data      Debug   Object Name

      7906        624          0         74          0      20589   app.o
       866         44         51         20          0       4611   app_lcd.o
       728         58         56          4         16       3258   bsp_beep.o
       124         26          0          0          0       3596   bsp_cpu_flash.o
       276         10          0          0          0       1087   bsp_tim_pwm.o
        24         10          0          3        132        738   cmd_queue.o
        56         10        512          0          0       1296   crc.o
       256         18          0          0          0       1374   devctrl.o
       578         22          0          0          0       3589   fmc_operation.o
       684         16          0          0          0      10713   gd32f4xx_adc.o
      1250          4          0          0          0       6842   gd32f4xx_dma.o
       236         14          0          0          0       2218   gd32f4xx_exti.o
       362         38          0          0          0       4688   gd32f4xx_fmc.o
       272          0          0          0          0       5362   gd32f4xx_gpio.o
       442         64          0         16         32      13569   gd32f4xx_it.o
       216         20          0          0          0       1584   gd32f4xx_misc.o
       436         44          0          0          0       4491   gd32f4xx_rcu.o
       172          6          0          0          0        830   gd32f4xx_syscfg.o
      1790         52          0          0          0      12076   gd32f4xx_timer.o
       682         18          0          0          0       9590   gd32f4xx_usart.o
       530         14          0          1          0       8398   hmi_driver.o
        32          4          0          0          0        579   hmi_user_uart.o
       672         34          0          0         91      31718   inout.o
      2540        138          0          0          0      97078   main.o
      1368         74          0         13        284       6522   modbus.o
      1484        136          0         32        120       4244   pid.o
      6872        320        396         64        308      14358   sensor.o
        36          8        428          0       3584        924   startup_gd32f450.o
       504         60          0          8        284      35365   sys.o
       444         30          0          4          0       2951   system_gd32f4xx.o
       252         46          0         36          0       3106   timer.o

    ----------------------------------------------------------------------
     32122       1962       1475        284       4856     317344   Object Totals
         0          0         32          0          0          0   (incl. Generated)
        32          0          0          9          5          0   (incl. Padding)

    ----------------------------------------------------------------------

      Code (inc. data)   RO Data    RW Data    ZI Data      Debug   Library Member Name

        20          0          0          0          0        124   fabs.o
        28          0          0          0          0         68   _chval.o
       158          0          0          0          0         92   _strtoul.o
        26          0          0          0          0         80   atoi.o
         8          4        133          0          0         68   ctype_o.o
         0          0          0          0          0          0   entry.o
         0          0          0          0          0          0   entry10a.o
         0          0          0          0          0          0   entry11a.o
         8          4          0          0          0          0   entry2.o
         4          0          0          0          0          0   entry5.o
         0          0          0          0          0          0   entry7b.o
         0          0          0          0          0          0   entry8b.o
         8          4          0          0          0          0   entry9a.o
         8          4          0          4          0         68   errno.o
        30          0          0          0          0          0   handlers.o
        36          8          0          0          0         68   init.o
         0          0          0          0          0          0   iusefp.o
        30          0          0          0          0         68   llshl.o
        36          0          0          0          0         68   llsshr.o
        32          0          0          0          0         68   llushr.o
       108         16          0          0          0         84   malloc.o
        36          0          0          0          0         68   memcpya.o
        36          0          0          0          0        108   memseta.o
         0          0          0          8          0          0   mvars.o
      2308         96          0          0          0        604   printfa.o
        18          0          0          0          0         68   strcpy.o
        14          0          0          0          0         68   strlen.o
       112          0          0          0          0         88   strtol.o
        44          0          0          0          0         80   uidiv.o
        98          0          0          0          0         92   uldiv.o
        48          0          0          0          0         68   cdcmple.o
        48          0          0          0          0         68   cdrcmple.o
        56          0          0          0          0         88   d2f.o
       334          0          0          0          0        148   dadd.o
       222          0          0          0          0        100   ddiv.o
       186          0          0          0          0        176   depilogue.o
        50          0          0          0          0         76   dfixui.o
        48          0          0          0          0         68   dfixul.o
        26          0          0          0          0         76   dfltui.o
       228          0          0          0          0         96   dmul.o
        38          0          0          0          0         68   f2d.o
       110          0          0          0          0        168   fepilogue.o

    ----------------------------------------------------------------------
      4604        136        135         12          0       3232   Library Totals
         4          0          2          0          0          0   (incl. Padding)

    ----------------------------------------------------------------------

      Code (inc. data)   RO Data    RW Data    ZI Data      Debug   Library Name

        20          0          0          0          0        124   m_wm.l
      3186        136        133         12          0       1908   mc_w.l
      1394          0          0          0          0       1200   mf_w.l

    ----------------------------------------------------------------------
      4604        136        135         12          0       3232   Library Totals

    ----------------------------------------------------------------------

==============================================================================


      Code (inc. data)   RO Data    RW Data    ZI Data      Debug   

     36726       2098       1610        296       4856     297716   Grand Totals
     36726       2098       1610        296       4856     297716   ELF Image Totals
     36726       2098       1610        296          0          0   ROM Totals

==============================================================================

    Total RO  Size (Code + RO Data)                38336 (  37.44kB)
    Total RW  Size (RW Data + ZI Data)              5152 (   5.03kB)
    Total ROM Size (Code + RO Data + RW Data)      38632 (  37.73kB)

==============================================================================

