<html>
<body>
<pre>
<h1>礦ision Build Log</h1>
<h2>Tool Versions:</h2>
IDE-Version: μVision V5.14.0.0
Copyright (C) 2015 ARM Ltd and ARM Germany GmbH. All rights reserved.
License Information: liu SYMCU, liu, LIC=LSNJJ-URPD5-J6SQ9-4LWBY-Q36TS-NRMYQ
 
Tool Versions:
Toolchain:       MDK-ARM Standard  Version: 5.14.0.0
Toolchain Path:  C:\Keil_v5\ARM\ARMCC\Bin
C Compiler:      Armcc.exe V5.05 update 1 (build 106)
Assembler:       Armasm.exe V5.05 update 1 (build 106)
Linker/Locator:  ArmLink.exe V5.05 update 1 (build 106)
Library Manager: ArmAr.exe V5.05 update 1 (build 106)
Hex Converter:   FromElf.exe V5.05 update 1 (build 106)
CPU DLL:         SARMCM3.DLL V5.14.0.0
Dialog DLL:      DCM.DLL V1.13.1.0
Target DLL:      Segger\JL2CM3.dll V2.99.13.0
Dialog DLL:      TCM.DLL V1.14.4.0
 
<h2>Project:</h2>
E:\沈阳多宝星科技有限公司\电解水机清洗机\自研电解水机\电解水机程序\DBX-SOF-TEST - 20181222\Projet\USART1.uvprojx
Project File Date:  12/19/2018

<h2>Output:</h2>
Build target 'USART1-DEMO'
assembling startup_stm32f10x_md.s...
compiling delay.c...
compiling driveboard.c...
compiling main.c...
compiling stm32f10x_it.c...
compiling system.c...
compiling adc.c...
compiling bsp_led.c...
compiling pid.c...
compiling gt208l.c...
compiling usart3.c...
compiling fm24c32.c...
compiling stm32f10x_gpio.c...
compiling stm32f10x_rcc.c...
compiling stm32f10x_usart.c...
compiling stm32f10x_dma.c...
compiling stm32f10x_exti.c...
compiling misc.c...
compiling stm32f10x_adc.c...
compiling stm32f10x_tim.c...
compiling stm32f10x_bkp.c...
compiling stm32f10x_pwr.c...
compiling stm32f10x_iwdg.c...
compiling core_cm3.c...
compiling system_stm32f10x.c...
linking...
Program Size: Code=25656 RO-data=1764 RW-data=312 ZI-data=1464  
FromELF: creating hex file...
"..\Output\DJSJ-T1.axf" - 0 Error(s), 0 Warning(s).

<h2>Collection of Component include folders:</h2>
  E:\沈阳多宝星科技有限公司\电解水机清洗机\自研电解水机\电解水机程序\DBX-SOF-TEST - 20181222\Projet\RTE
  C:\Keil_v5\ARM\PACK\Keil\STM32F1xx_DFP\2.2.0

<h2>Collection of Component Files used:</h2>
</pre>
</body>
</html>
