<!doctype html public "-//w3c//dtd html 4.0 transitional//en">
<html><head>
<title>Static Call Graph - [.\output\Project.axf]</title></head>
<body><HR>
<H1>Static Call Graph for image .\output\Project.axf</H1><HR>
<BR><P>#&#060CALLGRAPH&#062# ARM Linker, 5060750: Last Updated: Thu Dec 02 08:29:26 2021
<BR><P>
<H3>Maximum Stack Usage =        240 bytes + Unknown(Cycles, Untraceable Function Pointers)</H3><H3>
Call chain for Maximum Stack Depth:</H3>
main &rArr; app &rArr; ele_process &rArr; ele_dev_proc &rArr; normal_proc &rArr; FlowCtrl &rArr; pid_proc &rArr; PIDCalc &rArr; __aeabi_dadd &rArr; _double_epilogue &rArr; _double_round
<P>
<H3>
Mutually Recursive functions
</H3> <LI><a href="#[1d]">ADC_IRQHandler</a>&nbsp;&nbsp;&nbsp;&rArr;&nbsp;&nbsp;&nbsp;<a href="#[1d]">ADC_IRQHandler</a><BR>
</UL>
<P>
<H3>
Function Pointers
</H3><UL>
 <LI><a href="#[1d]">ADC_IRQHandler</a> from startup_gd32f450.o(.text) referenced from startup_gd32f450.o(RESET)
 <LI><a href="#[5]">BusFault_Handler</a> from gd32f4xx_it.o(i.BusFault_Handler) referenced from startup_gd32f450.o(RESET)
 <LI><a href="#[21]">CAN0_EWMC_IRQHandler</a> from startup_gd32f450.o(.text) referenced from startup_gd32f450.o(RESET)
 <LI><a href="#[1f]">CAN0_RX0_IRQHandler</a> from startup_gd32f450.o(.text) referenced from startup_gd32f450.o(RESET)
 <LI><a href="#[20]">CAN0_RX1_IRQHandler</a> from startup_gd32f450.o(.text) referenced from startup_gd32f450.o(RESET)
 <LI><a href="#[1e]">CAN0_TX_IRQHandler</a> from startup_gd32f450.o(.text) referenced from startup_gd32f450.o(RESET)
 <LI><a href="#[4d]">CAN1_EWMC_IRQHandler</a> from startup_gd32f450.o(.text) referenced from startup_gd32f450.o(RESET)
 <LI><a href="#[4b]">CAN1_RX0_IRQHandler</a> from startup_gd32f450.o(.text) referenced from startup_gd32f450.o(RESET)
 <LI><a href="#[4c]">CAN1_RX1_IRQHandler</a> from startup_gd32f450.o(.text) referenced from startup_gd32f450.o(RESET)
 <LI><a href="#[4a]">CAN1_TX_IRQHandler</a> from startup_gd32f450.o(.text) referenced from startup_gd32f450.o(RESET)
 <LI><a href="#[59]">DCI_IRQHandler</a> from startup_gd32f450.o(.text) referenced from startup_gd32f450.o(RESET)
 <LI><a href="#[16]">DMA0_Channel0_IRQHandler</a> from startup_gd32f450.o(.text) referenced from startup_gd32f450.o(RESET)
 <LI><a href="#[17]">DMA0_Channel1_IRQHandler</a> from startup_gd32f450.o(.text) referenced from startup_gd32f450.o(RESET)
 <LI><a href="#[18]">DMA0_Channel2_IRQHandler</a> from startup_gd32f450.o(.text) referenced from startup_gd32f450.o(RESET)
 <LI><a href="#[19]">DMA0_Channel3_IRQHandler</a> from startup_gd32f450.o(.text) referenced from startup_gd32f450.o(RESET)
 <LI><a href="#[1a]">DMA0_Channel4_IRQHandler</a> from startup_gd32f450.o(.text) referenced from startup_gd32f450.o(RESET)
 <LI><a href="#[1b]">DMA0_Channel5_IRQHandler</a> from startup_gd32f450.o(.text) referenced from startup_gd32f450.o(RESET)
 <LI><a href="#[1c]">DMA0_Channel6_IRQHandler</a> from startup_gd32f450.o(.text) referenced from startup_gd32f450.o(RESET)
 <LI><a href="#[3a]">DMA0_Channel7_IRQHandler</a> from startup_gd32f450.o(.text) referenced from startup_gd32f450.o(RESET)
 <LI><a href="#[43]">DMA1_Channel0_IRQHandler</a> from startup_gd32f450.o(.text) referenced from startup_gd32f450.o(RESET)
 <LI><a href="#[44]">DMA1_Channel1_IRQHandler</a> from startup_gd32f450.o(.text) referenced from startup_gd32f450.o(RESET)
 <LI><a href="#[45]">DMA1_Channel2_IRQHandler</a> from gd32f4xx_it.o(i.DMA1_Channel2_IRQHandler) referenced from startup_gd32f450.o(RESET)
 <LI><a href="#[46]">DMA1_Channel3_IRQHandler</a> from startup_gd32f450.o(.text) referenced from startup_gd32f450.o(RESET)
 <LI><a href="#[47]">DMA1_Channel4_IRQHandler</a> from startup_gd32f450.o(.text) referenced from startup_gd32f450.o(RESET)
 <LI><a href="#[4f]">DMA1_Channel5_IRQHandler</a> from startup_gd32f450.o(.text) referenced from startup_gd32f450.o(RESET)
 <LI><a href="#[50]">DMA1_Channel6_IRQHandler</a> from startup_gd32f450.o(.text) referenced from startup_gd32f450.o(RESET)
 <LI><a href="#[51]">DMA1_Channel7_IRQHandler</a> from gd32f4xx_it.o(i.DMA1_Channel7_IRQHandler) referenced from startup_gd32f450.o(RESET)
 <LI><a href="#[8]">DebugMon_Handler</a> from gd32f4xx_it.o(i.DebugMon_Handler) referenced from startup_gd32f450.o(RESET)
 <LI><a href="#[48]">ENET_IRQHandler</a> from startup_gd32f450.o(.text) referenced from startup_gd32f450.o(RESET)
 <LI><a href="#[49]">ENET_WKUP_IRQHandler</a> from startup_gd32f450.o(.text) referenced from startup_gd32f450.o(RESET)
 <LI><a href="#[3b]">EXMC_IRQHandler</a> from startup_gd32f450.o(.text) referenced from startup_gd32f450.o(RESET)
 <LI><a href="#[11]">EXTI0_IRQHandler</a> from startup_gd32f450.o(.text) referenced from startup_gd32f450.o(RESET)
 <LI><a href="#[33]">EXTI10_15_IRQHandler</a> from gd32f4xx_it.o(i.EXTI10_15_IRQHandler) referenced from startup_gd32f450.o(RESET)
 <LI><a href="#[12]">EXTI1_IRQHandler</a> from startup_gd32f450.o(.text) referenced from startup_gd32f450.o(RESET)
 <LI><a href="#[13]">EXTI2_IRQHandler</a> from startup_gd32f450.o(.text) referenced from startup_gd32f450.o(RESET)
 <LI><a href="#[14]">EXTI3_IRQHandler</a> from startup_gd32f450.o(.text) referenced from startup_gd32f450.o(RESET)
 <LI><a href="#[15]">EXTI4_IRQHandler</a> from startup_gd32f450.o(.text) referenced from startup_gd32f450.o(RESET)
 <LI><a href="#[22]">EXTI5_9_IRQHandler</a> from startup_gd32f450.o(.text) referenced from startup_gd32f450.o(RESET)
 <LI><a href="#[f]">FMC_IRQHandler</a> from startup_gd32f450.o(.text) referenced from startup_gd32f450.o(RESET)
 <LI><a href="#[5b]">FPU_IRQHandler</a> from startup_gd32f450.o(.text) referenced from startup_gd32f450.o(RESET)
 <LI><a href="#[3]">HardFault_Handler</a> from gd32f4xx_it.o(i.HardFault_Handler) referenced from startup_gd32f450.o(RESET)
 <LI><a href="#[2b]">I2C0_ER_IRQHandler</a> from startup_gd32f450.o(.text) referenced from startup_gd32f450.o(RESET)
 <LI><a href="#[2a]">I2C0_EV_IRQHandler</a> from startup_gd32f450.o(.text) referenced from startup_gd32f450.o(RESET)
 <LI><a href="#[2d]">I2C1_ER_IRQHandler</a> from startup_gd32f450.o(.text) referenced from startup_gd32f450.o(RESET)
 <LI><a href="#[2c]">I2C1_EV_IRQHandler</a> from startup_gd32f450.o(.text) referenced from startup_gd32f450.o(RESET)
 <LI><a href="#[54]">I2C2_ER_IRQHandler</a> from startup_gd32f450.o(.text) referenced from startup_gd32f450.o(RESET)
 <LI><a href="#[53]">I2C2_EV_IRQHandler</a> from startup_gd32f450.o(.text) referenced from startup_gd32f450.o(RESET)
 <LI><a href="#[63]">IPA_IRQHandler</a> from startup_gd32f450.o(.text) referenced from startup_gd32f450.o(RESET)
 <LI><a href="#[c]">LVD_IRQHandler</a> from startup_gd32f450.o(.text) referenced from startup_gd32f450.o(RESET)
 <LI><a href="#[4]">MemManage_Handler</a> from gd32f4xx_it.o(i.MemManage_Handler) referenced from startup_gd32f450.o(RESET)
 <LI><a href="#[2]">NMI_Handler</a> from gd32f4xx_it.o(i.NMI_Handler) referenced from startup_gd32f450.o(RESET)
 <LI><a href="#[9]">PendSV_Handler</a> from gd32f4xx_it.o(i.PendSV_Handler) referenced from startup_gd32f450.o(RESET)
 <LI><a href="#[10]">RCU_CTC_IRQHandler</a> from startup_gd32f450.o(.text) referenced from startup_gd32f450.o(RESET)
 <LI><a href="#[34]">RTC_Alarm_IRQHandler</a> from startup_gd32f450.o(.text) referenced from startup_gd32f450.o(RESET)
 <LI><a href="#[e]">RTC_WKUP_IRQHandler</a> from startup_gd32f450.o(.text) referenced from startup_gd32f450.o(RESET)
 <LI><a href="#[1]">Reset_Handler</a> from startup_gd32f450.o(.text) referenced from startup_gd32f450.o(RESET)
 <LI><a href="#[3c]">SDIO_IRQHandler</a> from startup_gd32f450.o(.text) referenced from startup_gd32f450.o(RESET)
 <LI><a href="#[2e]">SPI0_IRQHandler</a> from startup_gd32f450.o(.text) referenced from startup_gd32f450.o(RESET)
 <LI><a href="#[2f]">SPI1_IRQHandler</a> from startup_gd32f450.o(.text) referenced from startup_gd32f450.o(RESET)
 <LI><a href="#[3e]">SPI2_IRQHandler</a> from startup_gd32f450.o(.text) referenced from startup_gd32f450.o(RESET)
 <LI><a href="#[5e]">SPI3_IRQHandler</a> from startup_gd32f450.o(.text) referenced from startup_gd32f450.o(RESET)
 <LI><a href="#[5f]">SPI4_IRQHandler</a> from startup_gd32f450.o(.text) referenced from startup_gd32f450.o(RESET)
 <LI><a href="#[60]">SPI5_IRQHandler</a> from startup_gd32f450.o(.text) referenced from startup_gd32f450.o(RESET)
 <LI><a href="#[7]">SVC_Handler</a> from gd32f4xx_it.o(i.SVC_Handler) referenced from startup_gd32f450.o(RESET)
 <LI><a href="#[a]">SysTick_Handler</a> from gd32f4xx_it.o(i.SysTick_Handler) referenced from startup_gd32f450.o(RESET)
 <LI><a href="#[65]">SystemInit</a> from system_gd32f4xx.o(i.SystemInit) referenced from startup_gd32f450.o(.text)
 <LI><a href="#[d]">TAMPER_STAMP_IRQHandler</a> from startup_gd32f450.o(.text) referenced from startup_gd32f450.o(RESET)
 <LI><a href="#[23]">TIMER0_BRK_TIMER8_IRQHandler</a> from startup_gd32f450.o(.text) referenced from startup_gd32f450.o(RESET)
 <LI><a href="#[26]">TIMER0_Channel_IRQHandler</a> from startup_gd32f450.o(.text) referenced from startup_gd32f450.o(RESET)
 <LI><a href="#[25]">TIMER0_TRG_CMT_TIMER10_IRQHandler</a> from startup_gd32f450.o(.text) referenced from startup_gd32f450.o(RESET)
 <LI><a href="#[24]">TIMER0_UP_TIMER9_IRQHandler</a> from startup_gd32f450.o(.text) referenced from startup_gd32f450.o(RESET)
 <LI><a href="#[27]">TIMER1_IRQHandler</a> from startup_gd32f450.o(.text) referenced from startup_gd32f450.o(RESET)
 <LI><a href="#[28]">TIMER2_IRQHandler</a> from gd32f4xx_it.o(i.TIMER2_IRQHandler) referenced from startup_gd32f450.o(RESET)
 <LI><a href="#[29]">TIMER3_IRQHandler</a> from startup_gd32f450.o(.text) referenced from startup_gd32f450.o(RESET)
 <LI><a href="#[3d]">TIMER4_IRQHandler</a> from startup_gd32f450.o(.text) referenced from startup_gd32f450.o(RESET)
 <LI><a href="#[41]">TIMER5_DAC_IRQHandler</a> from startup_gd32f450.o(.text) referenced from startup_gd32f450.o(RESET)
 <LI><a href="#[42]">TIMER6_IRQHandler</a> from startup_gd32f450.o(.text) referenced from startup_gd32f450.o(RESET)
 <LI><a href="#[36]">TIMER7_BRK_TIMER11_IRQHandler</a> from startup_gd32f450.o(.text) referenced from startup_gd32f450.o(RESET)
 <LI><a href="#[39]">TIMER7_Channel_IRQHandler</a> from startup_gd32f450.o(.text) referenced from startup_gd32f450.o(RESET)
 <LI><a href="#[38]">TIMER7_TRG_CMT_TIMER13_IRQHandler</a> from startup_gd32f450.o(.text) referenced from startup_gd32f450.o(RESET)
 <LI><a href="#[37]">TIMER7_UP_TIMER12_IRQHandler</a> from startup_gd32f450.o(.text) referenced from startup_gd32f450.o(RESET)
 <LI><a href="#[62]">TLI_ER_IRQHandler</a> from startup_gd32f450.o(.text) referenced from startup_gd32f450.o(RESET)
 <LI><a href="#[61]">TLI_IRQHandler</a> from startup_gd32f450.o(.text) referenced from startup_gd32f450.o(RESET)
 <LI><a href="#[5a]">TRNG_IRQHandler</a> from startup_gd32f450.o(.text) referenced from startup_gd32f450.o(RESET)
 <LI><a href="#[3f]">UART3_IRQHandler</a> from startup_gd32f450.o(.text) referenced from startup_gd32f450.o(RESET)
 <LI><a href="#[40]">UART4_IRQHandler</a> from startup_gd32f450.o(.text) referenced from startup_gd32f450.o(RESET)
 <LI><a href="#[5c]">UART6_IRQHandler</a> from startup_gd32f450.o(.text) referenced from startup_gd32f450.o(RESET)
 <LI><a href="#[5d]">UART7_IRQHandler</a> from startup_gd32f450.o(.text) referenced from startup_gd32f450.o(RESET)
 <LI><a href="#[30]">USART0_IRQHandler</a> from startup_gd32f450.o(.text) referenced from startup_gd32f450.o(RESET)
 <LI><a href="#[31]">USART1_IRQHandler</a> from startup_gd32f450.o(.text) referenced from startup_gd32f450.o(RESET)
 <LI><a href="#[32]">USART2_IRQHandler</a> from gd32f4xx_it.o(i.USART2_IRQHandler) referenced from startup_gd32f450.o(RESET)
 <LI><a href="#[52]">USART5_IRQHandler</a> from gd32f4xx_it.o(i.USART5_IRQHandler) referenced from startup_gd32f450.o(RESET)
 <LI><a href="#[4e]">USBFS_IRQHandler</a> from startup_gd32f450.o(.text) referenced from startup_gd32f450.o(RESET)
 <LI><a href="#[35]">USBFS_WKUP_IRQHandler</a> from startup_gd32f450.o(.text) referenced from startup_gd32f450.o(RESET)
 <LI><a href="#[56]">USBHS_EP1_In_IRQHandler</a> from startup_gd32f450.o(.text) referenced from startup_gd32f450.o(RESET)
 <LI><a href="#[55]">USBHS_EP1_Out_IRQHandler</a> from startup_gd32f450.o(.text) referenced from startup_gd32f450.o(RESET)
 <LI><a href="#[58]">USBHS_IRQHandler</a> from startup_gd32f450.o(.text) referenced from startup_gd32f450.o(RESET)
 <LI><a href="#[57]">USBHS_WKUP_IRQHandler</a> from startup_gd32f450.o(.text) referenced from startup_gd32f450.o(RESET)
 <LI><a href="#[6]">UsageFault_Handler</a> from gd32f4xx_it.o(i.UsageFault_Handler) referenced from startup_gd32f450.o(RESET)
 <LI><a href="#[b]">WWDGT_IRQHandler</a> from startup_gd32f450.o(.text) referenced from startup_gd32f450.o(RESET)
 <LI><a href="#[66]">__main</a> from entry.o(.ARM.Collect$$$$00000000) referenced from startup_gd32f450.o(.text)
 <LI><a href="#[68]">_sputc</a> from printfa.o(i._sputc) referenced from printfa.o(i.__0sprintf)
 <LI><a href="#[67]">fputc</a> from sys.o(i.fputc) referenced from printfa.o(i.__0printf)
 <LI><a href="#[64]">main</a> from main.o(i.main) referenced from entry9a.o(.ARM.Collect$$$$0000000B)
</UL>
<P>
<H3>
Global Symbols
</H3>
<P><STRONG><a name="[66]"></a>__main</STRONG> (Thumb, 0 bytes, Stack size unknown bytes, entry.o(.ARM.Collect$$$$00000000))
<BR>[Address Reference Count : 1]<UL><LI> startup_gd32f450.o(.text)
</UL>
<P><STRONG><a name="[161]"></a>_main_stk</STRONG> (Thumb, 0 bytes, Stack size unknown bytes, entry2.o(.ARM.Collect$$$$00000001))

<P><STRONG><a name="[69]"></a>_main_scatterload</STRONG> (Thumb, 0 bytes, Stack size unknown bytes, entry5.o(.ARM.Collect$$$$00000004))
<BR><BR>[Calls]<UL><LI><a href="#[6a]">&gt;&gt;</a>&nbsp;&nbsp;&nbsp;__scatterload
</UL>

<P><STRONG><a name="[83]"></a>__main_after_scatterload</STRONG> (Thumb, 0 bytes, Stack size unknown bytes, entry5.o(.ARM.Collect$$$$00000004))
<BR><BR>[Called By]<UL><LI><a href="#[6a]">&gt;&gt;</a>&nbsp;&nbsp;&nbsp;__scatterload
</UL>

<P><STRONG><a name="[162]"></a>_main_clock</STRONG> (Thumb, 0 bytes, Stack size unknown bytes, entry7b.o(.ARM.Collect$$$$00000008))

<P><STRONG><a name="[163]"></a>_main_cpp_init</STRONG> (Thumb, 0 bytes, Stack size unknown bytes, entry8b.o(.ARM.Collect$$$$0000000A))

<P><STRONG><a name="[164]"></a>_main_init</STRONG> (Thumb, 0 bytes, Stack size unknown bytes, entry9a.o(.ARM.Collect$$$$0000000B))

<P><STRONG><a name="[165]"></a>__rt_final_cpp</STRONG> (Thumb, 0 bytes, Stack size unknown bytes, entry10a.o(.ARM.Collect$$$$0000000D))

<P><STRONG><a name="[166]"></a>__rt_final_exit</STRONG> (Thumb, 0 bytes, Stack size unknown bytes, entry11a.o(.ARM.Collect$$$$0000000F))

<P><STRONG><a name="[1]"></a>Reset_Handler</STRONG> (Thumb, 8 bytes, Stack size 0 bytes, startup_gd32f450.o(.text))
<BR>[Address Reference Count : 1]<UL><LI> startup_gd32f450.o(RESET)
</UL>
<P><STRONG><a name="[1d]"></a>ADC_IRQHandler</STRONG> (Thumb, 0 bytes, Stack size 0 bytes, startup_gd32f450.o(.text))
<BR><BR>[Calls]<UL><LI><a href="#[1d]">&gt;&gt;</a>&nbsp;&nbsp;&nbsp;ADC_IRQHandler
</UL>
<BR>[Called By]<UL><LI><a href="#[1d]">&gt;&gt;</a>&nbsp;&nbsp;&nbsp;ADC_IRQHandler
</UL>
<BR>[Address Reference Count : 1]<UL><LI> startup_gd32f450.o(RESET)
</UL>
<P><STRONG><a name="[21]"></a>CAN0_EWMC_IRQHandler</STRONG> (Thumb, 0 bytes, Stack size 0 bytes, startup_gd32f450.o(.text))
<BR>[Address Reference Count : 1]<UL><LI> startup_gd32f450.o(RESET)
</UL>
<P><STRONG><a name="[1f]"></a>CAN0_RX0_IRQHandler</STRONG> (Thumb, 0 bytes, Stack size 0 bytes, startup_gd32f450.o(.text))
<BR>[Address Reference Count : 1]<UL><LI> startup_gd32f450.o(RESET)
</UL>
<P><STRONG><a name="[20]"></a>CAN0_RX1_IRQHandler</STRONG> (Thumb, 0 bytes, Stack size 0 bytes, startup_gd32f450.o(.text))
<BR>[Address Reference Count : 1]<UL><LI> startup_gd32f450.o(RESET)
</UL>
<P><STRONG><a name="[1e]"></a>CAN0_TX_IRQHandler</STRONG> (Thumb, 0 bytes, Stack size 0 bytes, startup_gd32f450.o(.text))
<BR>[Address Reference Count : 1]<UL><LI> startup_gd32f450.o(RESET)
</UL>
<P><STRONG><a name="[4d]"></a>CAN1_EWMC_IRQHandler</STRONG> (Thumb, 0 bytes, Stack size 0 bytes, startup_gd32f450.o(.text))
<BR>[Address Reference Count : 1]<UL><LI> startup_gd32f450.o(RESET)
</UL>
<P><STRONG><a name="[4b]"></a>CAN1_RX0_IRQHandler</STRONG> (Thumb, 0 bytes, Stack size 0 bytes, startup_gd32f450.o(.text))
<BR>[Address Reference Count : 1]<UL><LI> startup_gd32f450.o(RESET)
</UL>
<P><STRONG><a name="[4c]"></a>CAN1_RX1_IRQHandler</STRONG> (Thumb, 0 bytes, Stack size 0 bytes, startup_gd32f450.o(.text))
<BR>[Address Reference Count : 1]<UL><LI> startup_gd32f450.o(RESET)
</UL>
<P><STRONG><a name="[4a]"></a>CAN1_TX_IRQHandler</STRONG> (Thumb, 0 bytes, Stack size 0 bytes, startup_gd32f450.o(.text))
<BR>[Address Reference Count : 1]<UL><LI> startup_gd32f450.o(RESET)
</UL>
<P><STRONG><a name="[59]"></a>DCI_IRQHandler</STRONG> (Thumb, 0 bytes, Stack size 0 bytes, startup_gd32f450.o(.text))
<BR>[Address Reference Count : 1]<UL><LI> startup_gd32f450.o(RESET)
</UL>
<P><STRONG><a name="[16]"></a>DMA0_Channel0_IRQHandler</STRONG> (Thumb, 0 bytes, Stack size 0 bytes, startup_gd32f450.o(.text))
<BR>[Address Reference Count : 1]<UL><LI> startup_gd32f450.o(RESET)
</UL>
<P><STRONG><a name="[17]"></a>DMA0_Channel1_IRQHandler</STRONG> (Thumb, 0 bytes, Stack size 0 bytes, startup_gd32f450.o(.text))
<BR>[Address Reference Count : 1]<UL><LI> startup_gd32f450.o(RESET)
</UL>
<P><STRONG><a name="[18]"></a>DMA0_Channel2_IRQHandler</STRONG> (Thumb, 0 bytes, Stack size 0 bytes, startup_gd32f450.o(.text))
<BR>[Address Reference Count : 1]<UL><LI> startup_gd32f450.o(RESET)
</UL>
<P><STRONG><a name="[19]"></a>DMA0_Channel3_IRQHandler</STRONG> (Thumb, 0 bytes, Stack size 0 bytes, startup_gd32f450.o(.text))
<BR>[Address Reference Count : 1]<UL><LI> startup_gd32f450.o(RESET)
</UL>
<P><STRONG><a name="[1a]"></a>DMA0_Channel4_IRQHandler</STRONG> (Thumb, 0 bytes, Stack size 0 bytes, startup_gd32f450.o(.text))
<BR>[Address Reference Count : 1]<UL><LI> startup_gd32f450.o(RESET)
</UL>
<P><STRONG><a name="[1b]"></a>DMA0_Channel5_IRQHandler</STRONG> (Thumb, 0 bytes, Stack size 0 bytes, startup_gd32f450.o(.text))
<BR>[Address Reference Count : 1]<UL><LI> startup_gd32f450.o(RESET)
</UL>
<P><STRONG><a name="[1c]"></a>DMA0_Channel6_IRQHandler</STRONG> (Thumb, 0 bytes, Stack size 0 bytes, startup_gd32f450.o(.text))
<BR>[Address Reference Count : 1]<UL><LI> startup_gd32f450.o(RESET)
</UL>
<P><STRONG><a name="[3a]"></a>DMA0_Channel7_IRQHandler</STRONG> (Thumb, 0 bytes, Stack size 0 bytes, startup_gd32f450.o(.text))
<BR>[Address Reference Count : 1]<UL><LI> startup_gd32f450.o(RESET)
</UL>
<P><STRONG><a name="[43]"></a>DMA1_Channel0_IRQHandler</STRONG> (Thumb, 0 bytes, Stack size 0 bytes, startup_gd32f450.o(.text))
<BR>[Address Reference Count : 1]<UL><LI> startup_gd32f450.o(RESET)
</UL>
<P><STRONG><a name="[44]"></a>DMA1_Channel1_IRQHandler</STRONG> (Thumb, 0 bytes, Stack size 0 bytes, startup_gd32f450.o(.text))
<BR>[Address Reference Count : 1]<UL><LI> startup_gd32f450.o(RESET)
</UL>
<P><STRONG><a name="[46]"></a>DMA1_Channel3_IRQHandler</STRONG> (Thumb, 0 bytes, Stack size 0 bytes, startup_gd32f450.o(.text))
<BR>[Address Reference Count : 1]<UL><LI> startup_gd32f450.o(RESET)
</UL>
<P><STRONG><a name="[47]"></a>DMA1_Channel4_IRQHandler</STRONG> (Thumb, 0 bytes, Stack size 0 bytes, startup_gd32f450.o(.text))
<BR>[Address Reference Count : 1]<UL><LI> startup_gd32f450.o(RESET)
</UL>
<P><STRONG><a name="[4f]"></a>DMA1_Channel5_IRQHandler</STRONG> (Thumb, 0 bytes, Stack size 0 bytes, startup_gd32f450.o(.text))
<BR>[Address Reference Count : 1]<UL><LI> startup_gd32f450.o(RESET)
</UL>
<P><STRONG><a name="[50]"></a>DMA1_Channel6_IRQHandler</STRONG> (Thumb, 0 bytes, Stack size 0 bytes, startup_gd32f450.o(.text))
<BR>[Address Reference Count : 1]<UL><LI> startup_gd32f450.o(RESET)
</UL>
<P><STRONG><a name="[48]"></a>ENET_IRQHandler</STRONG> (Thumb, 0 bytes, Stack size 0 bytes, startup_gd32f450.o(.text))
<BR>[Address Reference Count : 1]<UL><LI> startup_gd32f450.o(RESET)
</UL>
<P><STRONG><a name="[49]"></a>ENET_WKUP_IRQHandler</STRONG> (Thumb, 0 bytes, Stack size 0 bytes, startup_gd32f450.o(.text))
<BR>[Address Reference Count : 1]<UL><LI> startup_gd32f450.o(RESET)
</UL>
<P><STRONG><a name="[3b]"></a>EXMC_IRQHandler</STRONG> (Thumb, 0 bytes, Stack size 0 bytes, startup_gd32f450.o(.text))
<BR>[Address Reference Count : 1]<UL><LI> startup_gd32f450.o(RESET)
</UL>
<P><STRONG><a name="[11]"></a>EXTI0_IRQHandler</STRONG> (Thumb, 0 bytes, Stack size 0 bytes, startup_gd32f450.o(.text))
<BR>[Address Reference Count : 1]<UL><LI> startup_gd32f450.o(RESET)
</UL>
<P><STRONG><a name="[12]"></a>EXTI1_IRQHandler</STRONG> (Thumb, 0 bytes, Stack size 0 bytes, startup_gd32f450.o(.text))
<BR>[Address Reference Count : 1]<UL><LI> startup_gd32f450.o(RESET)
</UL>
<P><STRONG><a name="[13]"></a>EXTI2_IRQHandler</STRONG> (Thumb, 0 bytes, Stack size 0 bytes, startup_gd32f450.o(.text))
<BR>[Address Reference Count : 1]<UL><LI> startup_gd32f450.o(RESET)
</UL>
<P><STRONG><a name="[14]"></a>EXTI3_IRQHandler</STRONG> (Thumb, 0 bytes, Stack size 0 bytes, startup_gd32f450.o(.text))
<BR>[Address Reference Count : 1]<UL><LI> startup_gd32f450.o(RESET)
</UL>
<P><STRONG><a name="[15]"></a>EXTI4_IRQHandler</STRONG> (Thumb, 0 bytes, Stack size 0 bytes, startup_gd32f450.o(.text))
<BR>[Address Reference Count : 1]<UL><LI> startup_gd32f450.o(RESET)
</UL>
<P><STRONG><a name="[22]"></a>EXTI5_9_IRQHandler</STRONG> (Thumb, 0 bytes, Stack size 0 bytes, startup_gd32f450.o(.text))
<BR>[Address Reference Count : 1]<UL><LI> startup_gd32f450.o(RESET)
</UL>
<P><STRONG><a name="[f]"></a>FMC_IRQHandler</STRONG> (Thumb, 0 bytes, Stack size 0 bytes, startup_gd32f450.o(.text))
<BR>[Address Reference Count : 1]<UL><LI> startup_gd32f450.o(RESET)
</UL>
<P><STRONG><a name="[5b]"></a>FPU_IRQHandler</STRONG> (Thumb, 0 bytes, Stack size 0 bytes, startup_gd32f450.o(.text))
<BR>[Address Reference Count : 1]<UL><LI> startup_gd32f450.o(RESET)
</UL>
<P><STRONG><a name="[2b]"></a>I2C0_ER_IRQHandler</STRONG> (Thumb, 0 bytes, Stack size 0 bytes, startup_gd32f450.o(.text))
<BR>[Address Reference Count : 1]<UL><LI> startup_gd32f450.o(RESET)
</UL>
<P><STRONG><a name="[2a]"></a>I2C0_EV_IRQHandler</STRONG> (Thumb, 0 bytes, Stack size 0 bytes, startup_gd32f450.o(.text))
<BR>[Address Reference Count : 1]<UL><LI> startup_gd32f450.o(RESET)
</UL>
<P><STRONG><a name="[2d]"></a>I2C1_ER_IRQHandler</STRONG> (Thumb, 0 bytes, Stack size 0 bytes, startup_gd32f450.o(.text))
<BR>[Address Reference Count : 1]<UL><LI> startup_gd32f450.o(RESET)
</UL>
<P><STRONG><a name="[2c]"></a>I2C1_EV_IRQHandler</STRONG> (Thumb, 0 bytes, Stack size 0 bytes, startup_gd32f450.o(.text))
<BR>[Address Reference Count : 1]<UL><LI> startup_gd32f450.o(RESET)
</UL>
<P><STRONG><a name="[54]"></a>I2C2_ER_IRQHandler</STRONG> (Thumb, 0 bytes, Stack size 0 bytes, startup_gd32f450.o(.text))
<BR>[Address Reference Count : 1]<UL><LI> startup_gd32f450.o(RESET)
</UL>
<P><STRONG><a name="[53]"></a>I2C2_EV_IRQHandler</STRONG> (Thumb, 0 bytes, Stack size 0 bytes, startup_gd32f450.o(.text))
<BR>[Address Reference Count : 1]<UL><LI> startup_gd32f450.o(RESET)
</UL>
<P><STRONG><a name="[63]"></a>IPA_IRQHandler</STRONG> (Thumb, 0 bytes, Stack size 0 bytes, startup_gd32f450.o(.text))
<BR>[Address Reference Count : 1]<UL><LI> startup_gd32f450.o(RESET)
</UL>
<P><STRONG><a name="[c]"></a>LVD_IRQHandler</STRONG> (Thumb, 0 bytes, Stack size 0 bytes, startup_gd32f450.o(.text))
<BR>[Address Reference Count : 1]<UL><LI> startup_gd32f450.o(RESET)
</UL>
<P><STRONG><a name="[10]"></a>RCU_CTC_IRQHandler</STRONG> (Thumb, 0 bytes, Stack size 0 bytes, startup_gd32f450.o(.text))
<BR>[Address Reference Count : 1]<UL><LI> startup_gd32f450.o(RESET)
</UL>
<P><STRONG><a name="[34]"></a>RTC_Alarm_IRQHandler</STRONG> (Thumb, 0 bytes, Stack size 0 bytes, startup_gd32f450.o(.text))
<BR>[Address Reference Count : 1]<UL><LI> startup_gd32f450.o(RESET)
</UL>
<P><STRONG><a name="[e]"></a>RTC_WKUP_IRQHandler</STRONG> (Thumb, 0 bytes, Stack size 0 bytes, startup_gd32f450.o(.text))
<BR>[Address Reference Count : 1]<UL><LI> startup_gd32f450.o(RESET)
</UL>
<P><STRONG><a name="[3c]"></a>SDIO_IRQHandler</STRONG> (Thumb, 0 bytes, Stack size 0 bytes, startup_gd32f450.o(.text))
<BR>[Address Reference Count : 1]<UL><LI> startup_gd32f450.o(RESET)
</UL>
<P><STRONG><a name="[2e]"></a>SPI0_IRQHandler</STRONG> (Thumb, 0 bytes, Stack size 0 bytes, startup_gd32f450.o(.text))
<BR>[Address Reference Count : 1]<UL><LI> startup_gd32f450.o(RESET)
</UL>
<P><STRONG><a name="[2f]"></a>SPI1_IRQHandler</STRONG> (Thumb, 0 bytes, Stack size 0 bytes, startup_gd32f450.o(.text))
<BR>[Address Reference Count : 1]<UL><LI> startup_gd32f450.o(RESET)
</UL>
<P><STRONG><a name="[3e]"></a>SPI2_IRQHandler</STRONG> (Thumb, 0 bytes, Stack size 0 bytes, startup_gd32f450.o(.text))
<BR>[Address Reference Count : 1]<UL><LI> startup_gd32f450.o(RESET)
</UL>
<P><STRONG><a name="[5e]"></a>SPI3_IRQHandler</STRONG> (Thumb, 0 bytes, Stack size 0 bytes, startup_gd32f450.o(.text))
<BR>[Address Reference Count : 1]<UL><LI> startup_gd32f450.o(RESET)
</UL>
<P><STRONG><a name="[5f]"></a>SPI4_IRQHandler</STRONG> (Thumb, 0 bytes, Stack size 0 bytes, startup_gd32f450.o(.text))
<BR>[Address Reference Count : 1]<UL><LI> startup_gd32f450.o(RESET)
</UL>
<P><STRONG><a name="[60]"></a>SPI5_IRQHandler</STRONG> (Thumb, 0 bytes, Stack size 0 bytes, startup_gd32f450.o(.text))
<BR>[Address Reference Count : 1]<UL><LI> startup_gd32f450.o(RESET)
</UL>
<P><STRONG><a name="[d]"></a>TAMPER_STAMP_IRQHandler</STRONG> (Thumb, 0 bytes, Stack size 0 bytes, startup_gd32f450.o(.text))
<BR>[Address Reference Count : 1]<UL><LI> startup_gd32f450.o(RESET)
</UL>
<P><STRONG><a name="[23]"></a>TIMER0_BRK_TIMER8_IRQHandler</STRONG> (Thumb, 0 bytes, Stack size 0 bytes, startup_gd32f450.o(.text))
<BR>[Address Reference Count : 1]<UL><LI> startup_gd32f450.o(RESET)
</UL>
<P><STRONG><a name="[26]"></a>TIMER0_Channel_IRQHandler</STRONG> (Thumb, 0 bytes, Stack size 0 bytes, startup_gd32f450.o(.text))
<BR>[Address Reference Count : 1]<UL><LI> startup_gd32f450.o(RESET)
</UL>
<P><STRONG><a name="[25]"></a>TIMER0_TRG_CMT_TIMER10_IRQHandler</STRONG> (Thumb, 0 bytes, Stack size 0 bytes, startup_gd32f450.o(.text))
<BR>[Address Reference Count : 1]<UL><LI> startup_gd32f450.o(RESET)
</UL>
<P><STRONG><a name="[24]"></a>TIMER0_UP_TIMER9_IRQHandler</STRONG> (Thumb, 0 bytes, Stack size 0 bytes, startup_gd32f450.o(.text))
<BR>[Address Reference Count : 1]<UL><LI> startup_gd32f450.o(RESET)
</UL>
<P><STRONG><a name="[27]"></a>TIMER1_IRQHandler</STRONG> (Thumb, 0 bytes, Stack size 0 bytes, startup_gd32f450.o(.text))
<BR>[Address Reference Count : 1]<UL><LI> startup_gd32f450.o(RESET)
</UL>
<P><STRONG><a name="[29]"></a>TIMER3_IRQHandler</STRONG> (Thumb, 0 bytes, Stack size 0 bytes, startup_gd32f450.o(.text))
<BR>[Address Reference Count : 1]<UL><LI> startup_gd32f450.o(RESET)
</UL>
<P><STRONG><a name="[3d]"></a>TIMER4_IRQHandler</STRONG> (Thumb, 0 bytes, Stack size 0 bytes, startup_gd32f450.o(.text))
<BR>[Address Reference Count : 1]<UL><LI> startup_gd32f450.o(RESET)
</UL>
<P><STRONG><a name="[41]"></a>TIMER5_DAC_IRQHandler</STRONG> (Thumb, 0 bytes, Stack size 0 bytes, startup_gd32f450.o(.text))
<BR>[Address Reference Count : 1]<UL><LI> startup_gd32f450.o(RESET)
</UL>
<P><STRONG><a name="[42]"></a>TIMER6_IRQHandler</STRONG> (Thumb, 0 bytes, Stack size 0 bytes, startup_gd32f450.o(.text))
<BR>[Address Reference Count : 1]<UL><LI> startup_gd32f450.o(RESET)
</UL>
<P><STRONG><a name="[36]"></a>TIMER7_BRK_TIMER11_IRQHandler</STRONG> (Thumb, 0 bytes, Stack size 0 bytes, startup_gd32f450.o(.text))
<BR>[Address Reference Count : 1]<UL><LI> startup_gd32f450.o(RESET)
</UL>
<P><STRONG><a name="[39]"></a>TIMER7_Channel_IRQHandler</STRONG> (Thumb, 0 bytes, Stack size 0 bytes, startup_gd32f450.o(.text))
<BR>[Address Reference Count : 1]<UL><LI> startup_gd32f450.o(RESET)
</UL>
<P><STRONG><a name="[38]"></a>TIMER7_TRG_CMT_TIMER13_IRQHandler</STRONG> (Thumb, 0 bytes, Stack size 0 bytes, startup_gd32f450.o(.text))
<BR>[Address Reference Count : 1]<UL><LI> startup_gd32f450.o(RESET)
</UL>
<P><STRONG><a name="[37]"></a>TIMER7_UP_TIMER12_IRQHandler</STRONG> (Thumb, 0 bytes, Stack size 0 bytes, startup_gd32f450.o(.text))
<BR>[Address Reference Count : 1]<UL><LI> startup_gd32f450.o(RESET)
</UL>
<P><STRONG><a name="[62]"></a>TLI_ER_IRQHandler</STRONG> (Thumb, 0 bytes, Stack size 0 bytes, startup_gd32f450.o(.text))
<BR>[Address Reference Count : 1]<UL><LI> startup_gd32f450.o(RESET)
</UL>
<P><STRONG><a name="[61]"></a>TLI_IRQHandler</STRONG> (Thumb, 0 bytes, Stack size 0 bytes, startup_gd32f450.o(.text))
<BR>[Address Reference Count : 1]<UL><LI> startup_gd32f450.o(RESET)
</UL>
<P><STRONG><a name="[5a]"></a>TRNG_IRQHandler</STRONG> (Thumb, 0 bytes, Stack size 0 bytes, startup_gd32f450.o(.text))
<BR>[Address Reference Count : 1]<UL><LI> startup_gd32f450.o(RESET)
</UL>
<P><STRONG><a name="[3f]"></a>UART3_IRQHandler</STRONG> (Thumb, 0 bytes, Stack size 0 bytes, startup_gd32f450.o(.text))
<BR>[Address Reference Count : 1]<UL><LI> startup_gd32f450.o(RESET)
</UL>
<P><STRONG><a name="[40]"></a>UART4_IRQHandler</STRONG> (Thumb, 0 bytes, Stack size 0 bytes, startup_gd32f450.o(.text))
<BR>[Address Reference Count : 1]<UL><LI> startup_gd32f450.o(RESET)
</UL>
<P><STRONG><a name="[5c]"></a>UART6_IRQHandler</STRONG> (Thumb, 0 bytes, Stack size 0 bytes, startup_gd32f450.o(.text))
<BR>[Address Reference Count : 1]<UL><LI> startup_gd32f450.o(RESET)
</UL>
<P><STRONG><a name="[5d]"></a>UART7_IRQHandler</STRONG> (Thumb, 0 bytes, Stack size 0 bytes, startup_gd32f450.o(.text))
<BR>[Address Reference Count : 1]<UL><LI> startup_gd32f450.o(RESET)
</UL>
<P><STRONG><a name="[30]"></a>USART0_IRQHandler</STRONG> (Thumb, 0 bytes, Stack size 0 bytes, startup_gd32f450.o(.text))
<BR>[Address Reference Count : 1]<UL><LI> startup_gd32f450.o(RESET)
</UL>
<P><STRONG><a name="[31]"></a>USART1_IRQHandler</STRONG> (Thumb, 0 bytes, Stack size 0 bytes, startup_gd32f450.o(.text))
<BR>[Address Reference Count : 1]<UL><LI> startup_gd32f450.o(RESET)
</UL>
<P><STRONG><a name="[4e]"></a>USBFS_IRQHandler</STRONG> (Thumb, 0 bytes, Stack size 0 bytes, startup_gd32f450.o(.text))
<BR>[Address Reference Count : 1]<UL><LI> startup_gd32f450.o(RESET)
</UL>
<P><STRONG><a name="[35]"></a>USBFS_WKUP_IRQHandler</STRONG> (Thumb, 0 bytes, Stack size 0 bytes, startup_gd32f450.o(.text))
<BR>[Address Reference Count : 1]<UL><LI> startup_gd32f450.o(RESET)
</UL>
<P><STRONG><a name="[56]"></a>USBHS_EP1_In_IRQHandler</STRONG> (Thumb, 0 bytes, Stack size 0 bytes, startup_gd32f450.o(.text))
<BR>[Address Reference Count : 1]<UL><LI> startup_gd32f450.o(RESET)
</UL>
<P><STRONG><a name="[55]"></a>USBHS_EP1_Out_IRQHandler</STRONG> (Thumb, 0 bytes, Stack size 0 bytes, startup_gd32f450.o(.text))
<BR>[Address Reference Count : 1]<UL><LI> startup_gd32f450.o(RESET)
</UL>
<P><STRONG><a name="[58]"></a>USBHS_IRQHandler</STRONG> (Thumb, 0 bytes, Stack size 0 bytes, startup_gd32f450.o(.text))
<BR>[Address Reference Count : 1]<UL><LI> startup_gd32f450.o(RESET)
</UL>
<P><STRONG><a name="[57]"></a>USBHS_WKUP_IRQHandler</STRONG> (Thumb, 0 bytes, Stack size 0 bytes, startup_gd32f450.o(.text))
<BR>[Address Reference Count : 1]<UL><LI> startup_gd32f450.o(RESET)
</UL>
<P><STRONG><a name="[b]"></a>WWDGT_IRQHandler</STRONG> (Thumb, 0 bytes, Stack size 0 bytes, startup_gd32f450.o(.text))
<BR>[Address Reference Count : 1]<UL><LI> startup_gd32f450.o(RESET)
</UL>
<P><STRONG><a name="[a4]"></a>__aeabi_memcpy</STRONG> (Thumb, 36 bytes, Stack size 0 bytes, memcpya.o(.text))
<BR><BR>[Called By]<UL><LI><a href="#[dd]">&gt;&gt;</a>&nbsp;&nbsp;&nbsp;Modbus_Pack_cali
<LI><a href="#[a6]">&gt;&gt;</a>&nbsp;&nbsp;&nbsp;Modbus_Pack
<LI><a href="#[a3]">&gt;&gt;</a>&nbsp;&nbsp;&nbsp;GetModbusSens
</UL>

<P><STRONG><a name="[a5]"></a>__aeabi_memcpy4</STRONG> (Thumb, 0 bytes, Stack size 0 bytes, memcpya.o(.text))
<BR><BR>[Called By]<UL><LI><a href="#[129]">&gt;&gt;</a>&nbsp;&nbsp;&nbsp;calibration_sensors
<LI><a href="#[a3]">&gt;&gt;</a>&nbsp;&nbsp;&nbsp;GetModbusSens
<LI><a href="#[128]">&gt;&gt;</a>&nbsp;&nbsp;&nbsp;fmc_write_32bit_data
<LI><a href="#[95]">&gt;&gt;</a>&nbsp;&nbsp;&nbsp;fmc_erase_sector_by_address
<LI><a href="#[13f]">&gt;&gt;</a>&nbsp;&nbsp;&nbsp;fmc_sector_info_get
</UL>

<P><STRONG><a name="[167]"></a>__aeabi_memcpy8</STRONG> (Thumb, 0 bytes, Stack size 0 bytes, memcpya.o(.text), UNUSED)

<P><STRONG><a name="[6c]"></a>__aeabi_memset</STRONG> (Thumb, 14 bytes, Stack size 0 bytes, memseta.o(.text))
<BR><BR>[Called By]<UL><LI><a href="#[a3]">&gt;&gt;</a>&nbsp;&nbsp;&nbsp;GetModbusSens
<LI><a href="#[6d]">&gt;&gt;</a>&nbsp;&nbsp;&nbsp;_memset$wrapper
<LI><a href="#[6b]">&gt;&gt;</a>&nbsp;&nbsp;&nbsp;__aeabi_memclr
</UL>

<P><STRONG><a name="[168]"></a>__aeabi_memset4</STRONG> (Thumb, 0 bytes, Stack size 0 bytes, memseta.o(.text), UNUSED)

<P><STRONG><a name="[169]"></a>__aeabi_memset8</STRONG> (Thumb, 0 bytes, Stack size 0 bytes, memseta.o(.text), UNUSED)

<P><STRONG><a name="[6b]"></a>__aeabi_memclr</STRONG> (Thumb, 4 bytes, Stack size 0 bytes, memseta.o(.text))
<BR><BR>[Calls]<UL><LI><a href="#[6c]">&gt;&gt;</a>&nbsp;&nbsp;&nbsp;__aeabi_memset
</UL>
<BR>[Called By]<UL><LI><a href="#[107]">&gt;&gt;</a>&nbsp;&nbsp;&nbsp;lcd_touch_interrupt
</UL>

<P><STRONG><a name="[16a]"></a>__aeabi_memclr4</STRONG> (Thumb, 0 bytes, Stack size 0 bytes, memseta.o(.text), UNUSED)

<P><STRONG><a name="[16b]"></a>__aeabi_memclr8</STRONG> (Thumb, 0 bytes, Stack size 0 bytes, memseta.o(.text), UNUSED)

<P><STRONG><a name="[6d]"></a>_memset$wrapper</STRONG> (Thumb, 18 bytes, Stack size 8 bytes, memseta.o(.text), UNUSED)
<BR><BR>[Calls]<UL><LI><a href="#[6c]">&gt;&gt;</a>&nbsp;&nbsp;&nbsp;__aeabi_memset
</UL>

<P><STRONG><a name="[12b]"></a>strlen</STRONG> (Thumb, 14 bytes, Stack size 0 bytes, strlen.o(.text))
<BR><BR>[Called By]<UL><LI><a href="#[129]">&gt;&gt;</a>&nbsp;&nbsp;&nbsp;calibration_sensors
<LI><a href="#[14f]">&gt;&gt;</a>&nbsp;&nbsp;&nbsp;module_dis_proc
</UL>

<P><STRONG><a name="[150]"></a>strcpy</STRONG> (Thumb, 18 bytes, Stack size 0 bytes, strcpy.o(.text))
<BR><BR>[Called By]<UL><LI><a href="#[107]">&gt;&gt;</a>&nbsp;&nbsp;&nbsp;lcd_touch_interrupt
</UL>

<P><STRONG><a name="[6e]"></a>atoi</STRONG> (Thumb, 26 bytes, Stack size 16 bytes, atoi.o(.text))
<BR><BR>[Stack]<UL><LI>Max Depth = 88<LI>Call Chain = atoi &rArr; strtol &rArr; _strtoul
</UL>
<BR>[Calls]<UL><LI><a href="#[70]">&gt;&gt;</a>&nbsp;&nbsp;&nbsp;strtol
<LI><a href="#[6f]">&gt;&gt;</a>&nbsp;&nbsp;&nbsp;__aeabi_errno_addr
</UL>
<BR>[Called By]<UL><LI><a href="#[129]">&gt;&gt;</a>&nbsp;&nbsp;&nbsp;calibration_sensors
</UL>

<P><STRONG><a name="[71]"></a>__aeabi_dadd</STRONG> (Thumb, 322 bytes, Stack size 48 bytes, dadd.o(.text))
<BR><BR>[Stack]<UL><LI>Max Depth = 88<LI>Call Chain = __aeabi_dadd &rArr; _double_epilogue &rArr; _double_round
</UL>
<BR>[Calls]<UL><LI><a href="#[73]">&gt;&gt;</a>&nbsp;&nbsp;&nbsp;__aeabi_lasr
<LI><a href="#[72]">&gt;&gt;</a>&nbsp;&nbsp;&nbsp;__aeabi_llsl
<LI><a href="#[75]">&gt;&gt;</a>&nbsp;&nbsp;&nbsp;_double_round
<LI><a href="#[74]">&gt;&gt;</a>&nbsp;&nbsp;&nbsp;_double_epilogue
</UL>
<BR>[Called By]<UL><LI><a href="#[9b]">&gt;&gt;</a>&nbsp;&nbsp;&nbsp;Flow_Init
<LI><a href="#[9f]">&gt;&gt;</a>&nbsp;&nbsp;&nbsp;GetFlow
<LI><a href="#[77]">&gt;&gt;</a>&nbsp;&nbsp;&nbsp;__aeabi_drsub
<LI><a href="#[aa]">&gt;&gt;</a>&nbsp;&nbsp;&nbsp;GetTds_EleCurr
<LI><a href="#[76]">&gt;&gt;</a>&nbsp;&nbsp;&nbsp;__aeabi_dsub
<LI><a href="#[e1]">&gt;&gt;</a>&nbsp;&nbsp;&nbsp;PIDCalc
<LI><a href="#[10b]">&gt;&gt;</a>&nbsp;&nbsp;&nbsp;_fp_digits
</UL>

<P><STRONG><a name="[76]"></a>__aeabi_dsub</STRONG> (Thumb, 6 bytes, Stack size 0 bytes, dadd.o(.text))
<BR><BR>[Stack]<UL><LI>Max Depth = 88<LI>Call Chain = __aeabi_dsub &rArr; __aeabi_dadd &rArr; _double_epilogue &rArr; _double_round
</UL>
<BR>[Calls]<UL><LI><a href="#[71]">&gt;&gt;</a>&nbsp;&nbsp;&nbsp;__aeabi_dadd
</UL>
<BR>[Called By]<UL><LI><a href="#[9b]">&gt;&gt;</a>&nbsp;&nbsp;&nbsp;Flow_Init
<LI><a href="#[e1]">&gt;&gt;</a>&nbsp;&nbsp;&nbsp;PIDCalc
</UL>

<P><STRONG><a name="[77]"></a>__aeabi_drsub</STRONG> (Thumb, 6 bytes, Stack size 0 bytes, dadd.o(.text))
<BR><BR>[Stack]<UL><LI>Max Depth = 88<LI>Call Chain = __aeabi_drsub &rArr; __aeabi_dadd &rArr; _double_epilogue &rArr; _double_round
</UL>
<BR>[Calls]<UL><LI><a href="#[71]">&gt;&gt;</a>&nbsp;&nbsp;&nbsp;__aeabi_dadd
</UL>
<BR>[Called By]<UL><LI><a href="#[9f]">&gt;&gt;</a>&nbsp;&nbsp;&nbsp;GetFlow
<LI><a href="#[aa]">&gt;&gt;</a>&nbsp;&nbsp;&nbsp;GetTds_EleCurr
</UL>

<P><STRONG><a name="[78]"></a>__aeabi_dmul</STRONG> (Thumb, 228 bytes, Stack size 48 bytes, dmul.o(.text))
<BR><BR>[Stack]<UL><LI>Max Depth = 88<LI>Call Chain = __aeabi_dmul &rArr; _double_epilogue &rArr; _double_round
</UL>
<BR>[Calls]<UL><LI><a href="#[74]">&gt;&gt;</a>&nbsp;&nbsp;&nbsp;_double_epilogue
</UL>
<BR>[Called By]<UL><LI><a href="#[9b]">&gt;&gt;</a>&nbsp;&nbsp;&nbsp;Flow_Init
<LI><a href="#[e1]">&gt;&gt;</a>&nbsp;&nbsp;&nbsp;PIDCalc
<LI><a href="#[10b]">&gt;&gt;</a>&nbsp;&nbsp;&nbsp;_fp_digits
</UL>

<P><STRONG><a name="[79]"></a>__aeabi_ddiv</STRONG> (Thumb, 222 bytes, Stack size 32 bytes, ddiv.o(.text))
<BR><BR>[Stack]<UL><LI>Max Depth = 40<LI>Call Chain = __aeabi_ddiv &rArr; _double_round
</UL>
<BR>[Calls]<UL><LI><a href="#[75]">&gt;&gt;</a>&nbsp;&nbsp;&nbsp;_double_round
</UL>
<BR>[Called By]<UL><LI><a href="#[9f]">&gt;&gt;</a>&nbsp;&nbsp;&nbsp;GetFlow
<LI><a href="#[156]">&gt;&gt;</a>&nbsp;&nbsp;&nbsp;module_anlysis
<LI><a href="#[aa]">&gt;&gt;</a>&nbsp;&nbsp;&nbsp;GetTds_EleCurr
<LI><a href="#[fc]">&gt;&gt;</a>&nbsp;&nbsp;&nbsp;SystemParamsSave
<LI><a href="#[10b]">&gt;&gt;</a>&nbsp;&nbsp;&nbsp;_fp_digits
</UL>

<P><STRONG><a name="[7a]"></a>__aeabi_ui2d</STRONG> (Thumb, 26 bytes, Stack size 16 bytes, dfltui.o(.text))
<BR><BR>[Stack]<UL><LI>Max Depth = 56<LI>Call Chain = __aeabi_ui2d &rArr; _double_epilogue &rArr; _double_round
</UL>
<BR>[Calls]<UL><LI><a href="#[74]">&gt;&gt;</a>&nbsp;&nbsp;&nbsp;_double_epilogue
</UL>
<BR>[Called By]<UL><LI><a href="#[9f]">&gt;&gt;</a>&nbsp;&nbsp;&nbsp;GetFlow
<LI><a href="#[156]">&gt;&gt;</a>&nbsp;&nbsp;&nbsp;module_anlysis
<LI><a href="#[fc]">&gt;&gt;</a>&nbsp;&nbsp;&nbsp;SystemParamsSave
</UL>

<P><STRONG><a name="[7b]"></a>__aeabi_d2uiz</STRONG> (Thumb, 50 bytes, Stack size 8 bytes, dfixui.o(.text))
<BR><BR>[Stack]<UL><LI>Max Depth = 8<LI>Call Chain = __aeabi_d2uiz
</UL>
<BR>[Calls]<UL><LI><a href="#[7c]">&gt;&gt;</a>&nbsp;&nbsp;&nbsp;__aeabi_llsr
</UL>
<BR>[Called By]<UL><LI><a href="#[9a]">&gt;&gt;</a>&nbsp;&nbsp;&nbsp;pid_proc
</UL>

<P><STRONG><a name="[98]"></a>__aeabi_f2d</STRONG> (Thumb, 38 bytes, Stack size 0 bytes, f2d.o(.text))
<BR><BR>[Called By]<UL><LI><a href="#[9f]">&gt;&gt;</a>&nbsp;&nbsp;&nbsp;GetFlow
<LI><a href="#[156]">&gt;&gt;</a>&nbsp;&nbsp;&nbsp;module_anlysis
<LI><a href="#[aa]">&gt;&gt;</a>&nbsp;&nbsp;&nbsp;GetTds_EleCurr
<LI><a href="#[13a]">&gt;&gt;</a>&nbsp;&nbsp;&nbsp;pid_init2
<LI><a href="#[14f]">&gt;&gt;</a>&nbsp;&nbsp;&nbsp;module_dis_proc
<LI><a href="#[125]">&gt;&gt;</a>&nbsp;&nbsp;&nbsp;lcd_proc
<LI><a href="#[96]">&gt;&gt;</a>&nbsp;&nbsp;&nbsp;FlowCtrl
<LI><a href="#[15b]">&gt;&gt;</a>&nbsp;&nbsp;&nbsp;pid_init
<LI><a href="#[e1]">&gt;&gt;</a>&nbsp;&nbsp;&nbsp;PIDCalc
</UL>

<P><STRONG><a name="[e2]"></a>__aeabi_cdcmpeq</STRONG> (Thumb, 0 bytes, Stack size 0 bytes, cdcmple.o(.text))
<BR><BR>[Called By]<UL><LI><a href="#[138]">&gt;&gt;</a>&nbsp;&nbsp;&nbsp;pump_ctrl
<LI><a href="#[136]">&gt;&gt;</a>&nbsp;&nbsp;&nbsp;normal_proc
<LI><a href="#[135]">&gt;&gt;</a>&nbsp;&nbsp;&nbsp;hsw_proc
<LI><a href="#[13e]">&gt;&gt;</a>&nbsp;&nbsp;&nbsp;flow_proc
<LI><a href="#[124]">&gt;&gt;</a>&nbsp;&nbsp;&nbsp;ele_process
<LI><a href="#[e1]">&gt;&gt;</a>&nbsp;&nbsp;&nbsp;PIDCalc
</UL>

<P><STRONG><a name="[9c]"></a>__aeabi_cdcmple</STRONG> (Thumb, 48 bytes, Stack size 0 bytes, cdcmple.o(.text))
<BR><BR>[Called By]<UL><LI><a href="#[9b]">&gt;&gt;</a>&nbsp;&nbsp;&nbsp;Flow_Init
<LI><a href="#[9f]">&gt;&gt;</a>&nbsp;&nbsp;&nbsp;GetFlow
<LI><a href="#[10f]">&gt;&gt;</a>&nbsp;&nbsp;&nbsp;abnormalDec
<LI><a href="#[13e]">&gt;&gt;</a>&nbsp;&nbsp;&nbsp;flow_proc
<LI><a href="#[132]">&gt;&gt;</a>&nbsp;&nbsp;&nbsp;ele_dev_proc
<LI><a href="#[e1]">&gt;&gt;</a>&nbsp;&nbsp;&nbsp;PIDCalc
</UL>

<P><STRONG><a name="[a8]"></a>__aeabi_cdrcmple</STRONG> (Thumb, 48 bytes, Stack size 0 bytes, cdrcmple.o(.text))
<BR><BR>[Called By]<UL><LI><a href="#[10f]">&gt;&gt;</a>&nbsp;&nbsp;&nbsp;abnormalDec
<LI><a href="#[a7]">&gt;&gt;</a>&nbsp;&nbsp;&nbsp;GetPH_ORP
<LI><a href="#[136]">&gt;&gt;</a>&nbsp;&nbsp;&nbsp;normal_proc
<LI><a href="#[124]">&gt;&gt;</a>&nbsp;&nbsp;&nbsp;ele_process
<LI><a href="#[e1]">&gt;&gt;</a>&nbsp;&nbsp;&nbsp;PIDCalc
<LI><a href="#[10b]">&gt;&gt;</a>&nbsp;&nbsp;&nbsp;_fp_digits
</UL>

<P><STRONG><a name="[7d]"></a>__aeabi_d2f</STRONG> (Thumb, 56 bytes, Stack size 8 bytes, d2f.o(.text))
<BR><BR>[Stack]<UL><LI>Max Depth = 8<LI>Call Chain = __aeabi_d2f
</UL>
<BR>[Calls]<UL><LI><a href="#[7e]">&gt;&gt;</a>&nbsp;&nbsp;&nbsp;_float_round
</UL>
<BR>[Called By]<UL><LI><a href="#[9b]">&gt;&gt;</a>&nbsp;&nbsp;&nbsp;Flow_Init
<LI><a href="#[9f]">&gt;&gt;</a>&nbsp;&nbsp;&nbsp;GetFlow
<LI><a href="#[156]">&gt;&gt;</a>&nbsp;&nbsp;&nbsp;module_anlysis
<LI><a href="#[aa]">&gt;&gt;</a>&nbsp;&nbsp;&nbsp;GetTds_EleCurr
<LI><a href="#[fc]">&gt;&gt;</a>&nbsp;&nbsp;&nbsp;SystemParamsSave
<LI><a href="#[e1]">&gt;&gt;</a>&nbsp;&nbsp;&nbsp;PIDCalc
</UL>

<P><STRONG><a name="[16c]"></a>__aeabi_uidiv</STRONG> (Thumb, 0 bytes, Stack size 12 bytes, uidiv.o(.text), UNUSED)

<P><STRONG><a name="[10e]"></a>__aeabi_uidivmod</STRONG> (Thumb, 44 bytes, Stack size 12 bytes, uidiv.o(.text), UNUSED)
<BR><BR>[Called By]<UL><LI><a href="#[109]">&gt;&gt;</a>&nbsp;&nbsp;&nbsp;_printf_core
</UL>

<P><STRONG><a name="[7f]"></a>__aeabi_uldivmod</STRONG> (Thumb, 98 bytes, Stack size 40 bytes, uldiv.o(.text), UNUSED)
<BR><BR>[Calls]<UL><LI><a href="#[7c]">&gt;&gt;</a>&nbsp;&nbsp;&nbsp;__aeabi_llsr
<LI><a href="#[72]">&gt;&gt;</a>&nbsp;&nbsp;&nbsp;__aeabi_llsl
</UL>
<BR>[Called By]<UL><LI><a href="#[109]">&gt;&gt;</a>&nbsp;&nbsp;&nbsp;_printf_core
<LI><a href="#[10b]">&gt;&gt;</a>&nbsp;&nbsp;&nbsp;_fp_digits
</UL>

<P><STRONG><a name="[72]"></a>__aeabi_llsl</STRONG> (Thumb, 30 bytes, Stack size 0 bytes, llshl.o(.text))
<BR><BR>[Called By]<UL><LI><a href="#[71]">&gt;&gt;</a>&nbsp;&nbsp;&nbsp;__aeabi_dadd
<LI><a href="#[7f]">&gt;&gt;</a>&nbsp;&nbsp;&nbsp;__aeabi_uldivmod
<LI><a href="#[74]">&gt;&gt;</a>&nbsp;&nbsp;&nbsp;_double_epilogue
<LI><a href="#[82]">&gt;&gt;</a>&nbsp;&nbsp;&nbsp;__aeabi_d2ulz
</UL>

<P><STRONG><a name="[16d]"></a>_ll_shift_l</STRONG> (Thumb, 0 bytes, Stack size 0 bytes, llshl.o(.text), UNUSED)

<P><STRONG><a name="[7c]"></a>__aeabi_llsr</STRONG> (Thumb, 32 bytes, Stack size 0 bytes, llushr.o(.text))
<BR><BR>[Called By]<UL><LI><a href="#[7b]">&gt;&gt;</a>&nbsp;&nbsp;&nbsp;__aeabi_d2uiz
<LI><a href="#[7f]">&gt;&gt;</a>&nbsp;&nbsp;&nbsp;__aeabi_uldivmod
<LI><a href="#[74]">&gt;&gt;</a>&nbsp;&nbsp;&nbsp;_double_epilogue
<LI><a href="#[82]">&gt;&gt;</a>&nbsp;&nbsp;&nbsp;__aeabi_d2ulz
</UL>

<P><STRONG><a name="[16e]"></a>_ll_ushift_r</STRONG> (Thumb, 0 bytes, Stack size 0 bytes, llushr.o(.text), UNUSED)

<P><STRONG><a name="[73]"></a>__aeabi_lasr</STRONG> (Thumb, 36 bytes, Stack size 0 bytes, llsshr.o(.text))
<BR><BR>[Called By]<UL><LI><a href="#[71]">&gt;&gt;</a>&nbsp;&nbsp;&nbsp;__aeabi_dadd
</UL>

<P><STRONG><a name="[16f]"></a>_ll_sshift_r</STRONG> (Thumb, 0 bytes, Stack size 0 bytes, llsshr.o(.text), UNUSED)

<P><STRONG><a name="[70]"></a>strtol</STRONG> (Thumb, 112 bytes, Stack size 32 bytes, strtol.o(.text))
<BR><BR>[Stack]<UL><LI>Max Depth = 72<LI>Call Chain = strtol &rArr; _strtoul
</UL>
<BR>[Calls]<UL><LI><a href="#[81]">&gt;&gt;</a>&nbsp;&nbsp;&nbsp;_strtoul
<LI><a href="#[80]">&gt;&gt;</a>&nbsp;&nbsp;&nbsp;__rt_ctype_table
<LI><a href="#[6f]">&gt;&gt;</a>&nbsp;&nbsp;&nbsp;__aeabi_errno_addr
</UL>
<BR>[Called By]<UL><LI><a href="#[6e]">&gt;&gt;</a>&nbsp;&nbsp;&nbsp;atoi
</UL>

<P><STRONG><a name="[170]"></a>__I$use$fp</STRONG> (Thumb, 0 bytes, Stack size 0 bytes, iusefp.o(.text), UNUSED)

<P><STRONG><a name="[7e]"></a>_float_round</STRONG> (Thumb, 18 bytes, Stack size 0 bytes, fepilogue.o(.text))
<BR><BR>[Called By]<UL><LI><a href="#[7d]">&gt;&gt;</a>&nbsp;&nbsp;&nbsp;__aeabi_d2f
</UL>

<P><STRONG><a name="[171]"></a>_float_epilogue</STRONG> (Thumb, 92 bytes, Stack size 4 bytes, fepilogue.o(.text), UNUSED)

<P><STRONG><a name="[75]"></a>_double_round</STRONG> (Thumb, 30 bytes, Stack size 8 bytes, depilogue.o(.text))
<BR><BR>[Stack]<UL><LI>Max Depth = 8<LI>Call Chain = _double_round
</UL>
<BR>[Called By]<UL><LI><a href="#[79]">&gt;&gt;</a>&nbsp;&nbsp;&nbsp;__aeabi_ddiv
<LI><a href="#[71]">&gt;&gt;</a>&nbsp;&nbsp;&nbsp;__aeabi_dadd
<LI><a href="#[74]">&gt;&gt;</a>&nbsp;&nbsp;&nbsp;_double_epilogue
</UL>

<P><STRONG><a name="[74]"></a>_double_epilogue</STRONG> (Thumb, 156 bytes, Stack size 32 bytes, depilogue.o(.text))
<BR><BR>[Stack]<UL><LI>Max Depth = 40<LI>Call Chain = _double_epilogue &rArr; _double_round
</UL>
<BR>[Calls]<UL><LI><a href="#[7c]">&gt;&gt;</a>&nbsp;&nbsp;&nbsp;__aeabi_llsr
<LI><a href="#[72]">&gt;&gt;</a>&nbsp;&nbsp;&nbsp;__aeabi_llsl
<LI><a href="#[75]">&gt;&gt;</a>&nbsp;&nbsp;&nbsp;_double_round
</UL>
<BR>[Called By]<UL><LI><a href="#[7a]">&gt;&gt;</a>&nbsp;&nbsp;&nbsp;__aeabi_ui2d
<LI><a href="#[71]">&gt;&gt;</a>&nbsp;&nbsp;&nbsp;__aeabi_dadd
<LI><a href="#[78]">&gt;&gt;</a>&nbsp;&nbsp;&nbsp;__aeabi_dmul
</UL>

<P><STRONG><a name="[82]"></a>__aeabi_d2ulz</STRONG> (Thumb, 48 bytes, Stack size 0 bytes, dfixul.o(.text), UNUSED)
<BR><BR>[Calls]<UL><LI><a href="#[7c]">&gt;&gt;</a>&nbsp;&nbsp;&nbsp;__aeabi_llsr
<LI><a href="#[72]">&gt;&gt;</a>&nbsp;&nbsp;&nbsp;__aeabi_llsl
</UL>
<BR>[Called By]<UL><LI><a href="#[10b]">&gt;&gt;</a>&nbsp;&nbsp;&nbsp;_fp_digits
</UL>

<P><STRONG><a name="[6a]"></a>__scatterload</STRONG> (Thumb, 28 bytes, Stack size 0 bytes, init.o(.text))
<BR><BR>[Calls]<UL><LI><a href="#[83]">&gt;&gt;</a>&nbsp;&nbsp;&nbsp;__main_after_scatterload
</UL>
<BR>[Called By]<UL><LI><a href="#[69]">&gt;&gt;</a>&nbsp;&nbsp;&nbsp;_main_scatterload
</UL>

<P><STRONG><a name="[172]"></a>__scatterload_rt2</STRONG> (Thumb, 0 bytes, Stack size 0 bytes, init.o(.text), UNUSED)

<P><STRONG><a name="[80]"></a>__rt_ctype_table</STRONG> (Thumb, 4 bytes, Stack size 0 bytes, ctype_o.o(.text))
<BR><BR>[Called By]<UL><LI><a href="#[70]">&gt;&gt;</a>&nbsp;&nbsp;&nbsp;strtol
</UL>

<P><STRONG><a name="[81]"></a>_strtoul</STRONG> (Thumb, 158 bytes, Stack size 40 bytes, _strtoul.o(.text))
<BR><BR>[Stack]<UL><LI>Max Depth = 40<LI>Call Chain = _strtoul
</UL>
<BR>[Calls]<UL><LI><a href="#[84]">&gt;&gt;</a>&nbsp;&nbsp;&nbsp;_chval
<LI><a href="#[6f]">&gt;&gt;</a>&nbsp;&nbsp;&nbsp;__aeabi_errno_addr
</UL>
<BR>[Called By]<UL><LI><a href="#[70]">&gt;&gt;</a>&nbsp;&nbsp;&nbsp;strtol
</UL>

<P><STRONG><a name="[84]"></a>_chval</STRONG> (Thumb, 28 bytes, Stack size 0 bytes, _chval.o(.text))
<BR><BR>[Called By]<UL><LI><a href="#[81]">&gt;&gt;</a>&nbsp;&nbsp;&nbsp;_strtoul
</UL>

<P><STRONG><a name="[85]"></a>BEEP_Start</STRONG> (Thumb, 70 bytes, Stack size 24 bytes, bsp_beep.o(i.BEEP_Start))
<BR><BR>[Stack]<UL><LI>Max Depth = 88<LI>Call Chain = BEEP_Start &rArr; bsp_SetTIMOutPWM &rArr; timer_deinit
</UL>
<BR>[Calls]<UL><LI><a href="#[86]">&gt;&gt;</a>&nbsp;&nbsp;&nbsp;bsp_SetTIMOutPWM
</UL>
<BR>[Called By]<UL><LI><a href="#[f7]">&gt;&gt;</a>&nbsp;&nbsp;&nbsp;Speak_value
</UL>

<P><STRONG><a name="[87]"></a>BEGIN_CMD</STRONG> (Thumb, 16 bytes, Stack size 8 bytes, hmi_driver.o(i.BEGIN_CMD))
<BR><BR>[Stack]<UL><LI>Max Depth = 32<LI>Call Chain = BEGIN_CMD &rArr; SEND_DATA &rArr; SendChar &rArr; usart_flag_get
</UL>
<BR>[Calls]<UL><LI><a href="#[88]">&gt;&gt;</a>&nbsp;&nbsp;&nbsp;SEND_DATA
</UL>
<BR>[Called By]<UL><LI><a href="#[ad]">&gt;&gt;</a>&nbsp;&nbsp;&nbsp;GetTouchEditValue
<LI><a href="#[f6]">&gt;&gt;</a>&nbsp;&nbsp;&nbsp;SetReset
<LI><a href="#[f5]">&gt;&gt;</a>&nbsp;&nbsp;&nbsp;SetProgressbarValue
<LI><a href="#[f4]">&gt;&gt;</a>&nbsp;&nbsp;&nbsp;SetPage
<LI><a href="#[e0]">&gt;&gt;</a>&nbsp;&nbsp;&nbsp;SetLableValueColor
<LI><a href="#[f3]">&gt;&gt;</a>&nbsp;&nbsp;&nbsp;SetLableValue
<LI><a href="#[f1]">&gt;&gt;</a>&nbsp;&nbsp;&nbsp;SetEditValue
<LI><a href="#[f0]">&gt;&gt;</a>&nbsp;&nbsp;&nbsp;SetBackLight
</UL>

<P><STRONG><a name="[5]"></a>BusFault_Handler</STRONG> (Thumb, 4 bytes, Stack size 0 bytes, gd32f4xx_it.o(i.BusFault_Handler))
<BR>[Address Reference Count : 1]<UL><LI> startup_gd32f450.o(RESET)
</UL>
<P><STRONG><a name="[db]"></a>CRC_Compute</STRONG> (Thumb, 46 bytes, Stack size 16 bytes, crc.o(i.CRC_Compute))
<BR><BR>[Stack]<UL><LI>Max Depth = 16<LI>Call Chain = CRC_Compute
</UL>
<BR>[Called By]<UL><LI><a href="#[ee]">&gt;&gt;</a>&nbsp;&nbsp;&nbsp;RS485_Service
<LI><a href="#[dd]">&gt;&gt;</a>&nbsp;&nbsp;&nbsp;Modbus_Pack_cali
<LI><a href="#[a6]">&gt;&gt;</a>&nbsp;&nbsp;&nbsp;Modbus_Pack
</UL>

<P><STRONG><a name="[45]"></a>DMA1_Channel2_IRQHandler</STRONG> (Thumb, 24 bytes, Stack size 8 bytes, gd32f4xx_it.o(i.DMA1_Channel2_IRQHandler))
<BR><BR>[Stack]<UL><LI>Max Depth = 28<LI>Call Chain = DMA1_Channel2_IRQHandler &rArr; dma_interrupt_flag_get
</UL>
<BR>[Calls]<UL><LI><a href="#[8a]">&gt;&gt;</a>&nbsp;&nbsp;&nbsp;dma_interrupt_flag_get
<LI><a href="#[89]">&gt;&gt;</a>&nbsp;&nbsp;&nbsp;dma_interrupt_flag_clear
</UL>
<BR>[Address Reference Count : 1]<UL><LI> startup_gd32f450.o(RESET)
</UL>
<P><STRONG><a name="[51]"></a>DMA1_Channel7_IRQHandler</STRONG> (Thumb, 26 bytes, Stack size 8 bytes, gd32f4xx_it.o(i.DMA1_Channel7_IRQHandler))
<BR><BR>[Stack]<UL><LI>Max Depth = 28<LI>Call Chain = DMA1_Channel7_IRQHandler &rArr; dma_interrupt_flag_get
</UL>
<BR>[Calls]<UL><LI><a href="#[8a]">&gt;&gt;</a>&nbsp;&nbsp;&nbsp;dma_interrupt_flag_get
<LI><a href="#[89]">&gt;&gt;</a>&nbsp;&nbsp;&nbsp;dma_interrupt_flag_clear
</UL>
<BR>[Address Reference Count : 1]<UL><LI> startup_gd32f450.o(RESET)
</UL>
<P><STRONG><a name="[8b]"></a>DcMotorCtrl</STRONG> (Thumb, 92 bytes, Stack size 16 bytes, devctrl.o(i.DcMotorCtrl))
<BR><BR>[Stack]<UL><LI>Max Depth = 16<LI>Call Chain = DcMotorCtrl
</UL>
<BR>[Calls]<UL><LI><a href="#[8c]">&gt;&gt;</a>&nbsp;&nbsp;&nbsp;timer_channel_output_pulse_value_config
</UL>
<BR>[Called By]<UL><LI><a href="#[154]">&gt;&gt;</a>&nbsp;&nbsp;&nbsp;power_off
<LI><a href="#[138]">&gt;&gt;</a>&nbsp;&nbsp;&nbsp;pump_ctrl
<LI><a href="#[136]">&gt;&gt;</a>&nbsp;&nbsp;&nbsp;normal_proc
<LI><a href="#[135]">&gt;&gt;</a>&nbsp;&nbsp;&nbsp;hsw_proc
<LI><a href="#[123]">&gt;&gt;</a>&nbsp;&nbsp;&nbsp;factory_mode
<LI><a href="#[124]">&gt;&gt;</a>&nbsp;&nbsp;&nbsp;ele_process
<LI><a href="#[132]">&gt;&gt;</a>&nbsp;&nbsp;&nbsp;ele_dev_proc
<LI><a href="#[12d]">&gt;&gt;</a>&nbsp;&nbsp;&nbsp;dev_flow_Abnormal_ctrl
<LI><a href="#[96]">&gt;&gt;</a>&nbsp;&nbsp;&nbsp;FlowCtrl
</UL>

<P><STRONG><a name="[8]"></a>DebugMon_Handler</STRONG> (Thumb, 2 bytes, Stack size 0 bytes, gd32f4xx_it.o(i.DebugMon_Handler))
<BR>[Address Reference Count : 1]<UL><LI> startup_gd32f450.o(RESET)
</UL>
<P><STRONG><a name="[8d]"></a>END_CMD</STRONG> (Thumb, 12 bytes, Stack size 8 bytes, hmi_driver.o(i.END_CMD))
<BR><BR>[Stack]<UL><LI>Max Depth = 24<LI>Call Chain = END_CMD &rArr; SendChar &rArr; usart_flag_get
</UL>
<BR>[Calls]<UL><LI><a href="#[8e]">&gt;&gt;</a>&nbsp;&nbsp;&nbsp;SendChar
</UL>
<BR>[Called By]<UL><LI><a href="#[ad]">&gt;&gt;</a>&nbsp;&nbsp;&nbsp;GetTouchEditValue
<LI><a href="#[f6]">&gt;&gt;</a>&nbsp;&nbsp;&nbsp;SetReset
<LI><a href="#[f5]">&gt;&gt;</a>&nbsp;&nbsp;&nbsp;SetProgressbarValue
<LI><a href="#[f4]">&gt;&gt;</a>&nbsp;&nbsp;&nbsp;SetPage
<LI><a href="#[e0]">&gt;&gt;</a>&nbsp;&nbsp;&nbsp;SetLableValueColor
<LI><a href="#[f3]">&gt;&gt;</a>&nbsp;&nbsp;&nbsp;SetLableValue
<LI><a href="#[f1]">&gt;&gt;</a>&nbsp;&nbsp;&nbsp;SetEditValue
<LI><a href="#[f0]">&gt;&gt;</a>&nbsp;&nbsp;&nbsp;SetBackLight
</UL>

<P><STRONG><a name="[33]"></a>EXTI10_15_IRQHandler</STRONG> (Thumb, 30 bytes, Stack size 8 bytes, gd32f4xx_it.o(i.EXTI10_15_IRQHandler))
<BR><BR>[Stack]<UL><LI>Max Depth = 8<LI>Call Chain = EXTI10_15_IRQHandler
</UL>
<BR>[Calls]<UL><LI><a href="#[91]">&gt;&gt;</a>&nbsp;&nbsp;&nbsp;getuiCallback
<LI><a href="#[8f]">&gt;&gt;</a>&nbsp;&nbsp;&nbsp;exti_interrupt_flag_get
<LI><a href="#[90]">&gt;&gt;</a>&nbsp;&nbsp;&nbsp;exti_interrupt_flag_clear
</UL>
<BR>[Address Reference Count : 1]<UL><LI> startup_gd32f450.o(RESET)
</UL>
<P><STRONG><a name="[92]"></a>EleSwCtrl</STRONG> (Thumb, 152 bytes, Stack size 16 bytes, devctrl.o(i.EleSwCtrl))
<BR><BR>[Stack]<UL><LI>Max Depth = 16<LI>Call Chain = EleSwCtrl
</UL>
<BR>[Calls]<UL><LI><a href="#[93]">&gt;&gt;</a>&nbsp;&nbsp;&nbsp;gpio_bit_write
</UL>
<BR>[Called By]<UL><LI><a href="#[154]">&gt;&gt;</a>&nbsp;&nbsp;&nbsp;power_off
<LI><a href="#[139]">&gt;&gt;</a>&nbsp;&nbsp;&nbsp;water_levelAbnormal_proc
<LI><a href="#[157]">&gt;&gt;</a>&nbsp;&nbsp;&nbsp;tds_proc
<LI><a href="#[136]">&gt;&gt;</a>&nbsp;&nbsp;&nbsp;normal_proc
<LI><a href="#[135]">&gt;&gt;</a>&nbsp;&nbsp;&nbsp;hsw_proc
<LI><a href="#[123]">&gt;&gt;</a>&nbsp;&nbsp;&nbsp;factory_mode
<LI><a href="#[124]">&gt;&gt;</a>&nbsp;&nbsp;&nbsp;ele_process
<LI><a href="#[132]">&gt;&gt;</a>&nbsp;&nbsp;&nbsp;ele_dev_proc
<LI><a href="#[130]">&gt;&gt;</a>&nbsp;&nbsp;&nbsp;dev_wash_ctrl
<LI><a href="#[12f]">&gt;&gt;</a>&nbsp;&nbsp;&nbsp;dev_normal_ctrl
<LI><a href="#[12e]">&gt;&gt;</a>&nbsp;&nbsp;&nbsp;dev_init_ctrl
<LI><a href="#[12d]">&gt;&gt;</a>&nbsp;&nbsp;&nbsp;dev_flow_Abnormal_ctrl
</UL>

<P><STRONG><a name="[94]"></a>FlashEease</STRONG> (Thumb, 14 bytes, Stack size 8 bytes, bsp_cpu_flash.o(i.FlashEease))
<BR><BR>[Stack]<UL><LI>Max Depth = 96<LI>Call Chain = FlashEease &rArr; fmc_erase_sector_by_address &rArr; fmc_sector_info_get
</UL>
<BR>[Calls]<UL><LI><a href="#[95]">&gt;&gt;</a>&nbsp;&nbsp;&nbsp;fmc_erase_sector_by_address
</UL>
<BR>[Called By]<UL><LI><a href="#[fc]">&gt;&gt;</a>&nbsp;&nbsp;&nbsp;SystemParamsSave
</UL>

<P><STRONG><a name="[96]"></a>FlowCtrl</STRONG> (Thumb, 74 bytes, Stack size 8 bytes, app.o(i.FlowCtrl))
<BR><BR>[Stack]<UL><LI>Max Depth = 184<LI>Call Chain = FlowCtrl &rArr; pid_proc &rArr; PIDCalc &rArr; __aeabi_dadd &rArr; _double_epilogue &rArr; _double_round
</UL>
<BR>[Calls]<UL><LI><a href="#[98]">&gt;&gt;</a>&nbsp;&nbsp;&nbsp;__aeabi_f2d
<LI><a href="#[97]">&gt;&gt;</a>&nbsp;&nbsp;&nbsp;GetSensor
<LI><a href="#[8b]">&gt;&gt;</a>&nbsp;&nbsp;&nbsp;DcMotorCtrl
<LI><a href="#[99]">&gt;&gt;</a>&nbsp;&nbsp;&nbsp;registerTick
<LI><a href="#[9a]">&gt;&gt;</a>&nbsp;&nbsp;&nbsp;pid_proc
</UL>
<BR>[Called By]<UL><LI><a href="#[136]">&gt;&gt;</a>&nbsp;&nbsp;&nbsp;normal_proc
<LI><a href="#[124]">&gt;&gt;</a>&nbsp;&nbsp;&nbsp;ele_process
</UL>

<P><STRONG><a name="[9b]"></a>Flow_Init</STRONG> (Thumb, 788 bytes, Stack size 48 bytes, app.o(i.Flow_Init))
<BR><BR>[Stack]<UL><LI>Max Depth = 136<LI>Call Chain = Flow_Init &rArr; __aeabi_dadd &rArr; _double_epilogue &rArr; _double_round
</UL>
<BR>[Calls]<UL><LI><a href="#[71]">&gt;&gt;</a>&nbsp;&nbsp;&nbsp;__aeabi_dadd
<LI><a href="#[7d]">&gt;&gt;</a>&nbsp;&nbsp;&nbsp;__aeabi_d2f
<LI><a href="#[9c]">&gt;&gt;</a>&nbsp;&nbsp;&nbsp;__aeabi_cdcmple
<LI><a href="#[97]">&gt;&gt;</a>&nbsp;&nbsp;&nbsp;GetSensor
<LI><a href="#[99]">&gt;&gt;</a>&nbsp;&nbsp;&nbsp;registerTick
<LI><a href="#[9d]">&gt;&gt;</a>&nbsp;&nbsp;&nbsp;GetTickResult
<LI><a href="#[9e]">&gt;&gt;</a>&nbsp;&nbsp;&nbsp;pid_init_flow
<LI><a href="#[76]">&gt;&gt;</a>&nbsp;&nbsp;&nbsp;__aeabi_dsub
<LI><a href="#[78]">&gt;&gt;</a>&nbsp;&nbsp;&nbsp;__aeabi_dmul
</UL>
<BR>[Called By]<UL><LI><a href="#[64]">&gt;&gt;</a>&nbsp;&nbsp;&nbsp;main
<LI><a href="#[124]">&gt;&gt;</a>&nbsp;&nbsp;&nbsp;ele_process
<LI><a href="#[132]">&gt;&gt;</a>&nbsp;&nbsp;&nbsp;ele_dev_proc
</UL>

<P><STRONG><a name="[a0]"></a>GetCapture</STRONG> (Thumb, 4 bytes, Stack size 0 bytes, timer.o(i.GetCapture))
<BR><BR>[Called By]<UL><LI><a href="#[9f]">&gt;&gt;</a>&nbsp;&nbsp;&nbsp;GetFlow
</UL>

<P><STRONG><a name="[a1]"></a>GetCapture_cnt</STRONG> (Thumb, 4 bytes, Stack size 0 bytes, timer.o(i.GetCapture_cnt))
<BR><BR>[Called By]<UL><LI><a href="#[9f]">&gt;&gt;</a>&nbsp;&nbsp;&nbsp;GetFlow
</UL>

<P><STRONG><a name="[9f]"></a>GetFlow</STRONG> (Thumb, 892 bytes, Stack size 40 bytes, sensor.o(i.GetFlow))
<BR><BR>[Stack]<UL><LI>Max Depth = 128<LI>Call Chain = GetFlow &rArr; __aeabi_drsub &rArr; __aeabi_dadd &rArr; _double_epilogue &rArr; _double_round
</UL>
<BR>[Calls]<UL><LI><a href="#[7a]">&gt;&gt;</a>&nbsp;&nbsp;&nbsp;__aeabi_ui2d
<LI><a href="#[98]">&gt;&gt;</a>&nbsp;&nbsp;&nbsp;__aeabi_f2d
<LI><a href="#[77]">&gt;&gt;</a>&nbsp;&nbsp;&nbsp;__aeabi_drsub
<LI><a href="#[79]">&gt;&gt;</a>&nbsp;&nbsp;&nbsp;__aeabi_ddiv
<LI><a href="#[71]">&gt;&gt;</a>&nbsp;&nbsp;&nbsp;__aeabi_dadd
<LI><a href="#[7d]">&gt;&gt;</a>&nbsp;&nbsp;&nbsp;__aeabi_d2f
<LI><a href="#[9c]">&gt;&gt;</a>&nbsp;&nbsp;&nbsp;__aeabi_cdcmple
<LI><a href="#[a2]">&gt;&gt;</a>&nbsp;&nbsp;&nbsp;HAL_GetTick
<LI><a href="#[a1]">&gt;&gt;</a>&nbsp;&nbsp;&nbsp;GetCapture_cnt
<LI><a href="#[a0]">&gt;&gt;</a>&nbsp;&nbsp;&nbsp;GetCapture
</UL>
<BR>[Called By]<UL><LI><a href="#[a]">&gt;&gt;</a>&nbsp;&nbsp;&nbsp;SysTick_Handler
</UL>

<P><STRONG><a name="[a9]"></a>GetInOut</STRONG> (Thumb, 4 bytes, Stack size 0 bytes, inout.o(i.GetInOut))
<BR><BR>[Called By]<UL><LI><a href="#[107]">&gt;&gt;</a>&nbsp;&nbsp;&nbsp;lcd_touch_interrupt
<LI><a href="#[10f]">&gt;&gt;</a>&nbsp;&nbsp;&nbsp;abnormalDec
<LI><a href="#[159]">&gt;&gt;</a>&nbsp;&nbsp;&nbsp;orp_ph_process
<LI><a href="#[156]">&gt;&gt;</a>&nbsp;&nbsp;&nbsp;module_anlysis
<LI><a href="#[129]">&gt;&gt;</a>&nbsp;&nbsp;&nbsp;calibration_sensors
<LI><a href="#[a7]">&gt;&gt;</a>&nbsp;&nbsp;&nbsp;GetPH_ORP
<LI><a href="#[135]">&gt;&gt;</a>&nbsp;&nbsp;&nbsp;hsw_proc
<LI><a href="#[124]">&gt;&gt;</a>&nbsp;&nbsp;&nbsp;ele_process
</UL>

<P><STRONG><a name="[d8]"></a>GetModbusPack</STRONG> (Thumb, 4 bytes, Stack size 0 bytes, sensor.o(i.GetModbusPack))
<BR><BR>[Called By]<UL><LI><a href="#[da]">&gt;&gt;</a>&nbsp;&nbsp;&nbsp;Modbus_16_Solve
<LI><a href="#[d9]">&gt;&gt;</a>&nbsp;&nbsp;&nbsp;Modbus_06_Solve
<LI><a href="#[d7]">&gt;&gt;</a>&nbsp;&nbsp;&nbsp;Modbus_03_Solve
</UL>

<P><STRONG><a name="[a3]"></a>GetModbusSens</STRONG> (Thumb, 246 bytes, Stack size 72 bytes, sensor.o(i.GetModbusSens))
<BR><BR>[Stack]<UL><LI>Max Depth = 136<LI>Call Chain = GetModbusSens &rArr; Modbus_Pack &rArr; RS485_SendData &rArr; usart_flag_get
</UL>
<BR>[Calls]<UL><LI><a href="#[a6]">&gt;&gt;</a>&nbsp;&nbsp;&nbsp;Modbus_Pack
<LI><a href="#[6c]">&gt;&gt;</a>&nbsp;&nbsp;&nbsp;__aeabi_memset
<LI><a href="#[a5]">&gt;&gt;</a>&nbsp;&nbsp;&nbsp;__aeabi_memcpy4
<LI><a href="#[a4]">&gt;&gt;</a>&nbsp;&nbsp;&nbsp;__aeabi_memcpy
</UL>
<BR>[Called By]<UL><LI><a href="#[155]">&gt;&gt;</a>&nbsp;&nbsp;&nbsp;module_stop_ele
<LI><a href="#[a7]">&gt;&gt;</a>&nbsp;&nbsp;&nbsp;GetPH_ORP
<LI><a href="#[133]">&gt;&gt;</a>&nbsp;&nbsp;&nbsp;module_reset
</UL>

<P><STRONG><a name="[a7]"></a>GetPH_ORP</STRONG> (Thumb, 964 bytes, Stack size 32 bytes, sensor.o(i.GetPH_ORP))
<BR><BR>[Stack]<UL><LI>Max Depth = 168<LI>Call Chain = GetPH_ORP &rArr; GetModbusSens &rArr; Modbus_Pack &rArr; RS485_SendData &rArr; usart_flag_get
</UL>
<BR>[Calls]<UL><LI><a href="#[a8]">&gt;&gt;</a>&nbsp;&nbsp;&nbsp;__aeabi_cdrcmple
<LI><a href="#[a9]">&gt;&gt;</a>&nbsp;&nbsp;&nbsp;GetInOut
<LI><a href="#[97]">&gt;&gt;</a>&nbsp;&nbsp;&nbsp;GetSensor
<LI><a href="#[a3]">&gt;&gt;</a>&nbsp;&nbsp;&nbsp;GetModbusSens
<LI><a href="#[99]">&gt;&gt;</a>&nbsp;&nbsp;&nbsp;registerTick
<LI><a href="#[9d]">&gt;&gt;</a>&nbsp;&nbsp;&nbsp;GetTickResult
</UL>
<BR>[Called By]<UL><LI><a href="#[159]">&gt;&gt;</a>&nbsp;&nbsp;&nbsp;orp_ph_process
</UL>

<P><STRONG><a name="[97]"></a>GetSensor</STRONG> (Thumb, 4 bytes, Stack size 0 bytes, sensor.o(i.GetSensor))
<BR><BR>[Called By]<UL><LI><a href="#[121]">&gt;&gt;</a>&nbsp;&nbsp;&nbsp;app
<LI><a href="#[fa]">&gt;&gt;</a>&nbsp;&nbsp;&nbsp;SystemParamsRead
<LI><a href="#[9b]">&gt;&gt;</a>&nbsp;&nbsp;&nbsp;Flow_Init
<LI><a href="#[10f]">&gt;&gt;</a>&nbsp;&nbsp;&nbsp;abnormalDec
<LI><a href="#[159]">&gt;&gt;</a>&nbsp;&nbsp;&nbsp;orp_ph_process
<LI><a href="#[156]">&gt;&gt;</a>&nbsp;&nbsp;&nbsp;module_anlysis
<LI><a href="#[ae]">&gt;&gt;</a>&nbsp;&nbsp;&nbsp;GetWaterLevel
<LI><a href="#[a7]">&gt;&gt;</a>&nbsp;&nbsp;&nbsp;GetPH_ORP
<LI><a href="#[14c]">&gt;&gt;</a>&nbsp;&nbsp;&nbsp;touch_pro
<LI><a href="#[139]">&gt;&gt;</a>&nbsp;&nbsp;&nbsp;water_levelAbnormal_proc
<LI><a href="#[157]">&gt;&gt;</a>&nbsp;&nbsp;&nbsp;tds_proc
<LI><a href="#[138]">&gt;&gt;</a>&nbsp;&nbsp;&nbsp;pump_ctrl
<LI><a href="#[136]">&gt;&gt;</a>&nbsp;&nbsp;&nbsp;normal_proc
<LI><a href="#[133]">&gt;&gt;</a>&nbsp;&nbsp;&nbsp;module_reset
<LI><a href="#[14f]">&gt;&gt;</a>&nbsp;&nbsp;&nbsp;module_dis_proc
<LI><a href="#[125]">&gt;&gt;</a>&nbsp;&nbsp;&nbsp;lcd_proc
<LI><a href="#[135]">&gt;&gt;</a>&nbsp;&nbsp;&nbsp;hsw_proc
<LI><a href="#[13e]">&gt;&gt;</a>&nbsp;&nbsp;&nbsp;flow_proc
<LI><a href="#[123]">&gt;&gt;</a>&nbsp;&nbsp;&nbsp;factory_mode
<LI><a href="#[124]">&gt;&gt;</a>&nbsp;&nbsp;&nbsp;ele_process
<LI><a href="#[132]">&gt;&gt;</a>&nbsp;&nbsp;&nbsp;ele_dev_proc
<LI><a href="#[130]">&gt;&gt;</a>&nbsp;&nbsp;&nbsp;dev_wash_ctrl
<LI><a href="#[12f]">&gt;&gt;</a>&nbsp;&nbsp;&nbsp;dev_normal_ctrl
<LI><a href="#[12d]">&gt;&gt;</a>&nbsp;&nbsp;&nbsp;dev_flow_Abnormal_ctrl
<LI><a href="#[fc]">&gt;&gt;</a>&nbsp;&nbsp;&nbsp;SystemParamsSave
<LI><a href="#[de]">&gt;&gt;</a>&nbsp;&nbsp;&nbsp;Mode_dis_proc
<LI><a href="#[96]">&gt;&gt;</a>&nbsp;&nbsp;&nbsp;FlowCtrl
</UL>

<P><STRONG><a name="[f2]"></a>GetStrLen</STRONG> (Thumb, 20 bytes, Stack size 0 bytes, hmi_driver.o(i.GetStrLen))
<BR><BR>[Called By]<UL><LI><a href="#[e0]">&gt;&gt;</a>&nbsp;&nbsp;&nbsp;SetLableValueColor
<LI><a href="#[f3]">&gt;&gt;</a>&nbsp;&nbsp;&nbsp;SetLableValue
<LI><a href="#[f1]">&gt;&gt;</a>&nbsp;&nbsp;&nbsp;SetEditValue
</UL>

<P><STRONG><a name="[aa]"></a>GetTds_EleCurr</STRONG> (Thumb, 1660 bytes, Stack size 48 bytes, sensor.o(i.GetTds_EleCurr))
<BR><BR>[Stack]<UL><LI>Max Depth = 136<LI>Call Chain = GetTds_EleCurr &rArr; __aeabi_drsub &rArr; __aeabi_dadd &rArr; _double_epilogue &rArr; _double_round
</UL>
<BR>[Calls]<UL><LI><a href="#[93]">&gt;&gt;</a>&nbsp;&nbsp;&nbsp;gpio_bit_write
<LI><a href="#[ab]">&gt;&gt;</a>&nbsp;&nbsp;&nbsp;delay_us
<LI><a href="#[98]">&gt;&gt;</a>&nbsp;&nbsp;&nbsp;__aeabi_f2d
<LI><a href="#[77]">&gt;&gt;</a>&nbsp;&nbsp;&nbsp;__aeabi_drsub
<LI><a href="#[79]">&gt;&gt;</a>&nbsp;&nbsp;&nbsp;__aeabi_ddiv
<LI><a href="#[71]">&gt;&gt;</a>&nbsp;&nbsp;&nbsp;__aeabi_dadd
<LI><a href="#[7d]">&gt;&gt;</a>&nbsp;&nbsp;&nbsp;__aeabi_d2f
<LI><a href="#[ac]">&gt;&gt;</a>&nbsp;&nbsp;&nbsp;adc_channel_sample
<LI><a href="#[99]">&gt;&gt;</a>&nbsp;&nbsp;&nbsp;registerTick
<LI><a href="#[9d]">&gt;&gt;</a>&nbsp;&nbsp;&nbsp;GetTickResult
</UL>
<BR>[Called By]<UL><LI><a href="#[122]">&gt;&gt;</a>&nbsp;&nbsp;&nbsp;sensor_process
</UL>

<P><STRONG><a name="[102]"></a>GetTickNum</STRONG> (Thumb, 8 bytes, Stack size 0 bytes, sys.o(i.GetTickNum))
<BR><BR>[Called By]<UL><LI><a href="#[103]">&gt;&gt;</a>&nbsp;&nbsp;&nbsp;TickTimeoutNor
<LI><a href="#[100]">&gt;&gt;</a>&nbsp;&nbsp;&nbsp;TickTimeoutAb
</UL>

<P><STRONG><a name="[9d]"></a>GetTickResult</STRONG> (Thumb, 8 bytes, Stack size 0 bytes, sys.o(i.GetTickResult))
<BR><BR>[Called By]<UL><LI><a href="#[155]">&gt;&gt;</a>&nbsp;&nbsp;&nbsp;module_stop_ele
<LI><a href="#[9b]">&gt;&gt;</a>&nbsp;&nbsp;&nbsp;Flow_Init
<LI><a href="#[10f]">&gt;&gt;</a>&nbsp;&nbsp;&nbsp;abnormalDec
<LI><a href="#[159]">&gt;&gt;</a>&nbsp;&nbsp;&nbsp;orp_ph_process
<LI><a href="#[129]">&gt;&gt;</a>&nbsp;&nbsp;&nbsp;calibration_sensors
<LI><a href="#[aa]">&gt;&gt;</a>&nbsp;&nbsp;&nbsp;GetTds_EleCurr
<LI><a href="#[a7]">&gt;&gt;</a>&nbsp;&nbsp;&nbsp;GetPH_ORP
<LI><a href="#[126]">&gt;&gt;</a>&nbsp;&nbsp;&nbsp;beep_pro
<LI><a href="#[138]">&gt;&gt;</a>&nbsp;&nbsp;&nbsp;pump_ctrl
<LI><a href="#[133]">&gt;&gt;</a>&nbsp;&nbsp;&nbsp;module_reset
<LI><a href="#[125]">&gt;&gt;</a>&nbsp;&nbsp;&nbsp;lcd_proc
<LI><a href="#[135]">&gt;&gt;</a>&nbsp;&nbsp;&nbsp;hsw_proc
<LI><a href="#[124]">&gt;&gt;</a>&nbsp;&nbsp;&nbsp;ele_process
<LI><a href="#[103]">&gt;&gt;</a>&nbsp;&nbsp;&nbsp;TickTimeoutNor
<LI><a href="#[100]">&gt;&gt;</a>&nbsp;&nbsp;&nbsp;TickTimeoutAb
</UL>

<P><STRONG><a name="[101]"></a>GetTickStatus</STRONG> (Thumb, 8 bytes, Stack size 0 bytes, sys.o(i.GetTickStatus))
<BR><BR>[Called By]<UL><LI><a href="#[103]">&gt;&gt;</a>&nbsp;&nbsp;&nbsp;TickTimeoutNor
<LI><a href="#[100]">&gt;&gt;</a>&nbsp;&nbsp;&nbsp;TickTimeoutAb
</UL>

<P><STRONG><a name="[ad]"></a>GetTouchEditValue</STRONG> (Thumb, 40 bytes, Stack size 16 bytes, hmi_driver.o(i.GetTouchEditValue))
<BR><BR>[Stack]<UL><LI>Max Depth = 48<LI>Call Chain = GetTouchEditValue &rArr; BEGIN_CMD &rArr; SEND_DATA &rArr; SendChar &rArr; usart_flag_get
</UL>
<BR>[Calls]<UL><LI><a href="#[88]">&gt;&gt;</a>&nbsp;&nbsp;&nbsp;SEND_DATA
<LI><a href="#[8d]">&gt;&gt;</a>&nbsp;&nbsp;&nbsp;END_CMD
<LI><a href="#[87]">&gt;&gt;</a>&nbsp;&nbsp;&nbsp;BEGIN_CMD
</UL>
<BR>[Called By]<UL><LI><a href="#[107]">&gt;&gt;</a>&nbsp;&nbsp;&nbsp;lcd_touch_interrupt
<LI><a href="#[129]">&gt;&gt;</a>&nbsp;&nbsp;&nbsp;calibration_sensors
</UL>

<P><STRONG><a name="[13d]"></a>GetTouchInOut</STRONG> (Thumb, 4 bytes, Stack size 0 bytes, inout.o(i.GetTouchInOut))
<BR><BR>[Called By]<UL><LI><a href="#[123]">&gt;&gt;</a>&nbsp;&nbsp;&nbsp;factory_mode
</UL>

<P><STRONG><a name="[ae]"></a>GetWaterLevel</STRONG> (Thumb, 224 bytes, Stack size 8 bytes, sensor.o(i.GetWaterLevel))
<BR><BR>[Stack]<UL><LI>Max Depth = 8<LI>Call Chain = GetWaterLevel
</UL>
<BR>[Calls]<UL><LI><a href="#[af]">&gt;&gt;</a>&nbsp;&nbsp;&nbsp;gpio_input_bit_get
<LI><a href="#[97]">&gt;&gt;</a>&nbsp;&nbsp;&nbsp;GetSensor
</UL>
<BR>[Called By]<UL><LI><a href="#[122]">&gt;&gt;</a>&nbsp;&nbsp;&nbsp;sensor_process
</UL>

<P><STRONG><a name="[a2]"></a>HAL_GetTick</STRONG> (Thumb, 6 bytes, Stack size 0 bytes, sys.o(i.HAL_GetTick))
<BR><BR>[Called By]<UL><LI><a href="#[f8]">&gt;&gt;</a>&nbsp;&nbsp;&nbsp;TickPro
<LI><a href="#[9f]">&gt;&gt;</a>&nbsp;&nbsp;&nbsp;GetFlow
<LI><a href="#[10f]">&gt;&gt;</a>&nbsp;&nbsp;&nbsp;abnormalDec
<LI><a href="#[99]">&gt;&gt;</a>&nbsp;&nbsp;&nbsp;registerTick
<LI><a href="#[124]">&gt;&gt;</a>&nbsp;&nbsp;&nbsp;ele_process
</UL>

<P><STRONG><a name="[b0]"></a>HAL_TIM_IC_CaptureCallback</STRONG> (Thumb, 8 bytes, Stack size 8 bytes, timer.o(i.HAL_TIM_IC_CaptureCallback))
<BR><BR>[Stack]<UL><LI>Max Depth = 16<LI>Call Chain = HAL_TIM_IC_CaptureCallback &rArr; TIM3CaptureChannel3Callback
</UL>
<BR>[Calls]<UL><LI><a href="#[b1]">&gt;&gt;</a>&nbsp;&nbsp;&nbsp;TIM3CaptureChannel3Callback
</UL>
<BR>[Called By]<UL><LI><a href="#[28]">&gt;&gt;</a>&nbsp;&nbsp;&nbsp;TIMER2_IRQHandler
</UL>

<P><STRONG><a name="[3]"></a>HardFault_Handler</STRONG> (Thumb, 4 bytes, Stack size 0 bytes, gd32f4xx_it.o(i.HardFault_Handler))
<BR>[Address Reference Count : 1]<UL><LI> startup_gd32f450.o(RESET)
</UL>
<P><STRONG><a name="[4]"></a>MemManage_Handler</STRONG> (Thumb, 4 bytes, Stack size 0 bytes, gd32f4xx_it.o(i.MemManage_Handler))
<BR>[Address Reference Count : 1]<UL><LI> startup_gd32f450.o(RESET)
</UL>
<P><STRONG><a name="[d7]"></a>Modbus_03_Solve</STRONG> (Thumb, 118 bytes, Stack size 8 bytes, modbus.o(i.Modbus_03_Solve))
<BR><BR>[Stack]<UL><LI>Max Depth = 8<LI>Call Chain = Modbus_03_Solve
</UL>
<BR>[Calls]<UL><LI><a href="#[d8]">&gt;&gt;</a>&nbsp;&nbsp;&nbsp;GetModbusPack
</UL>
<BR>[Called By]<UL><LI><a href="#[ee]">&gt;&gt;</a>&nbsp;&nbsp;&nbsp;RS485_Service
</UL>

<P><STRONG><a name="[d9]"></a>Modbus_06_Solve</STRONG> (Thumb, 16 bytes, Stack size 8 bytes, modbus.o(i.Modbus_06_Solve))
<BR><BR>[Stack]<UL><LI>Max Depth = 8<LI>Call Chain = Modbus_06_Solve
</UL>
<BR>[Calls]<UL><LI><a href="#[d8]">&gt;&gt;</a>&nbsp;&nbsp;&nbsp;GetModbusPack
</UL>
<BR>[Called By]<UL><LI><a href="#[ee]">&gt;&gt;</a>&nbsp;&nbsp;&nbsp;RS485_Service
</UL>

<P><STRONG><a name="[da]"></a>Modbus_16_Solve</STRONG> (Thumb, 16 bytes, Stack size 8 bytes, modbus.o(i.Modbus_16_Solve))
<BR><BR>[Stack]<UL><LI>Max Depth = 8<LI>Call Chain = Modbus_16_Solve
</UL>
<BR>[Calls]<UL><LI><a href="#[d8]">&gt;&gt;</a>&nbsp;&nbsp;&nbsp;GetModbusPack
</UL>
<BR>[Called By]<UL><LI><a href="#[ee]">&gt;&gt;</a>&nbsp;&nbsp;&nbsp;RS485_Service
</UL>

<P><STRONG><a name="[a6]"></a>Modbus_Pack</STRONG> (Thumb, 392 bytes, Stack size 32 bytes, modbus.o(i.Modbus_Pack))
<BR><BR>[Stack]<UL><LI>Max Depth = 64<LI>Call Chain = Modbus_Pack &rArr; RS485_SendData &rArr; usart_flag_get
</UL>
<BR>[Calls]<UL><LI><a href="#[db]">&gt;&gt;</a>&nbsp;&nbsp;&nbsp;CRC_Compute
<LI><a href="#[a4]">&gt;&gt;</a>&nbsp;&nbsp;&nbsp;__aeabi_memcpy
<LI><a href="#[dc]">&gt;&gt;</a>&nbsp;&nbsp;&nbsp;RS485_SendData
</UL>
<BR>[Called By]<UL><LI><a href="#[129]">&gt;&gt;</a>&nbsp;&nbsp;&nbsp;calibration_sensors
<LI><a href="#[a3]">&gt;&gt;</a>&nbsp;&nbsp;&nbsp;GetModbusSens
</UL>

<P><STRONG><a name="[dd]"></a>Modbus_Pack_cali</STRONG> (Thumb, 362 bytes, Stack size 32 bytes, modbus.o(i.Modbus_Pack_cali))
<BR><BR>[Stack]<UL><LI>Max Depth = 64<LI>Call Chain = Modbus_Pack_cali &rArr; RS485_SendData &rArr; usart_flag_get
</UL>
<BR>[Calls]<UL><LI><a href="#[db]">&gt;&gt;</a>&nbsp;&nbsp;&nbsp;CRC_Compute
<LI><a href="#[a4]">&gt;&gt;</a>&nbsp;&nbsp;&nbsp;__aeabi_memcpy
<LI><a href="#[dc]">&gt;&gt;</a>&nbsp;&nbsp;&nbsp;RS485_SendData
</UL>
<BR>[Called By]<UL><LI><a href="#[129]">&gt;&gt;</a>&nbsp;&nbsp;&nbsp;calibration_sensors
</UL>

<P><STRONG><a name="[de]"></a>Mode_dis_proc</STRONG> (Thumb, 342 bytes, Stack size 16 bytes, app.o(i.Mode_dis_proc))
<BR><BR>[Stack]<UL><LI>Max Depth = 80<LI>Call Chain = Mode_dis_proc &rArr; SetLableValueColor &rArr; SendStrings &rArr; SEND_DATA &rArr; SendChar &rArr; usart_flag_get
</UL>
<BR>[Calls]<UL><LI><a href="#[97]">&gt;&gt;</a>&nbsp;&nbsp;&nbsp;GetSensor
<LI><a href="#[e0]">&gt;&gt;</a>&nbsp;&nbsp;&nbsp;SetLableValueColor
<LI><a href="#[df]">&gt;&gt;</a>&nbsp;&nbsp;&nbsp;malloc
</UL>
<BR>[Called By]<UL><LI><a href="#[125]">&gt;&gt;</a>&nbsp;&nbsp;&nbsp;lcd_proc
</UL>

<P><STRONG><a name="[2]"></a>NMI_Handler</STRONG> (Thumb, 2 bytes, Stack size 0 bytes, gd32f4xx_it.o(i.NMI_Handler))
<BR>[Address Reference Count : 1]<UL><LI> startup_gd32f450.o(RESET)
</UL>
<P><STRONG><a name="[e1]"></a>PIDCalc</STRONG> (Thumb, 1188 bytes, Stack size 72 bytes, pid.o(i.PIDCalc))
<BR><BR>[Stack]<UL><LI>Max Depth = 160<LI>Call Chain = PIDCalc &rArr; __aeabi_dadd &rArr; _double_epilogue &rArr; _double_round
</UL>
<BR>[Calls]<UL><LI><a href="#[98]">&gt;&gt;</a>&nbsp;&nbsp;&nbsp;__aeabi_f2d
<LI><a href="#[71]">&gt;&gt;</a>&nbsp;&nbsp;&nbsp;__aeabi_dadd
<LI><a href="#[7d]">&gt;&gt;</a>&nbsp;&nbsp;&nbsp;__aeabi_d2f
<LI><a href="#[a8]">&gt;&gt;</a>&nbsp;&nbsp;&nbsp;__aeabi_cdrcmple
<LI><a href="#[9c]">&gt;&gt;</a>&nbsp;&nbsp;&nbsp;__aeabi_cdcmple
<LI><a href="#[76]">&gt;&gt;</a>&nbsp;&nbsp;&nbsp;__aeabi_dsub
<LI><a href="#[78]">&gt;&gt;</a>&nbsp;&nbsp;&nbsp;__aeabi_dmul
<LI><a href="#[e2]">&gt;&gt;</a>&nbsp;&nbsp;&nbsp;__aeabi_cdcmpeq
<LI><a href="#[e3]">&gt;&gt;</a>&nbsp;&nbsp;&nbsp;__hardfp_fabs
</UL>
<BR>[Called By]<UL><LI><a href="#[9a]">&gt;&gt;</a>&nbsp;&nbsp;&nbsp;pid_proc
</UL>

<P><STRONG><a name="[9]"></a>PendSV_Handler</STRONG> (Thumb, 2 bytes, Stack size 0 bytes, gd32f4xx_it.o(i.PendSV_Handler))
<BR>[Address Reference Count : 1]<UL><LI> startup_gd32f450.o(RESET)
</UL>
<P><STRONG><a name="[e4]"></a>RS485_RxCpltCallback</STRONG> (Thumb, 110 bytes, Stack size 40 bytes, modbus.o(i.RS485_RxCpltCallback))
<BR><BR>[Stack]<UL><LI>Max Depth = 56<LI>Call Chain = RS485_RxCpltCallback &rArr; dma_single_data_mode_init
</UL>
<BR>[Calls]<UL><LI><a href="#[e6]">&gt;&gt;</a>&nbsp;&nbsp;&nbsp;dma_single_data_mode_init
<LI><a href="#[e9]">&gt;&gt;</a>&nbsp;&nbsp;&nbsp;dma_interrupt_enable
<LI><a href="#[e5]">&gt;&gt;</a>&nbsp;&nbsp;&nbsp;dma_deinit
<LI><a href="#[e7]">&gt;&gt;</a>&nbsp;&nbsp;&nbsp;dma_circulation_disable
<LI><a href="#[e8]">&gt;&gt;</a>&nbsp;&nbsp;&nbsp;dma_channel_subperipheral_select
<LI><a href="#[ea]">&gt;&gt;</a>&nbsp;&nbsp;&nbsp;dma_channel_enable
</UL>
<BR>[Called By]<UL><LI><a href="#[52]">&gt;&gt;</a>&nbsp;&nbsp;&nbsp;USART5_IRQHandler
</UL>

<P><STRONG><a name="[dc]"></a>RS485_SendData</STRONG> (Thumb, 88 bytes, Stack size 24 bytes, modbus.o(i.RS485_SendData))
<BR><BR>[Stack]<UL><LI>Max Depth = 32<LI>Call Chain = RS485_SendData &rArr; usart_flag_get
</UL>
<BR>[Calls]<UL><LI><a href="#[b4]">&gt;&gt;</a>&nbsp;&nbsp;&nbsp;gpio_bit_reset
<LI><a href="#[eb]">&gt;&gt;</a>&nbsp;&nbsp;&nbsp;gpio_bit_set
<LI><a href="#[ab]">&gt;&gt;</a>&nbsp;&nbsp;&nbsp;delay_us
<LI><a href="#[ed]">&gt;&gt;</a>&nbsp;&nbsp;&nbsp;usart_flag_get
<LI><a href="#[ec]">&gt;&gt;</a>&nbsp;&nbsp;&nbsp;usart_data_transmit
</UL>
<BR>[Called By]<UL><LI><a href="#[dd]">&gt;&gt;</a>&nbsp;&nbsp;&nbsp;Modbus_Pack_cali
<LI><a href="#[a6]">&gt;&gt;</a>&nbsp;&nbsp;&nbsp;Modbus_Pack
</UL>

<P><STRONG><a name="[ee]"></a>RS485_Service</STRONG> (Thumb, 188 bytes, Stack size 16 bytes, modbus.o(i.RS485_Service))
<BR><BR>[Stack]<UL><LI>Max Depth = 32<LI>Call Chain = RS485_Service &rArr; CRC_Compute
</UL>
<BR>[Calls]<UL><LI><a href="#[93]">&gt;&gt;</a>&nbsp;&nbsp;&nbsp;gpio_bit_write
<LI><a href="#[db]">&gt;&gt;</a>&nbsp;&nbsp;&nbsp;CRC_Compute
<LI><a href="#[da]">&gt;&gt;</a>&nbsp;&nbsp;&nbsp;Modbus_16_Solve
<LI><a href="#[d9]">&gt;&gt;</a>&nbsp;&nbsp;&nbsp;Modbus_06_Solve
<LI><a href="#[d7]">&gt;&gt;</a>&nbsp;&nbsp;&nbsp;Modbus_03_Solve
</UL>
<BR>[Called By]<UL><LI><a href="#[159]">&gt;&gt;</a>&nbsp;&nbsp;&nbsp;orp_ph_process
</UL>

<P><STRONG><a name="[88]"></a>SEND_DATA</STRONG> (Thumb, 22 bytes, Stack size 8 bytes, hmi_driver.o(i.SEND_DATA))
<BR><BR>[Stack]<UL><LI>Max Depth = 24<LI>Call Chain = SEND_DATA &rArr; SendChar &rArr; usart_flag_get
</UL>
<BR>[Calls]<UL><LI><a href="#[8e]">&gt;&gt;</a>&nbsp;&nbsp;&nbsp;SendChar
</UL>
<BR>[Called By]<UL><LI><a href="#[ad]">&gt;&gt;</a>&nbsp;&nbsp;&nbsp;GetTouchEditValue
<LI><a href="#[f6]">&gt;&gt;</a>&nbsp;&nbsp;&nbsp;SetReset
<LI><a href="#[f5]">&gt;&gt;</a>&nbsp;&nbsp;&nbsp;SetProgressbarValue
<LI><a href="#[f4]">&gt;&gt;</a>&nbsp;&nbsp;&nbsp;SetPage
<LI><a href="#[e0]">&gt;&gt;</a>&nbsp;&nbsp;&nbsp;SetLableValueColor
<LI><a href="#[f3]">&gt;&gt;</a>&nbsp;&nbsp;&nbsp;SetLableValue
<LI><a href="#[f1]">&gt;&gt;</a>&nbsp;&nbsp;&nbsp;SetEditValue
<LI><a href="#[f0]">&gt;&gt;</a>&nbsp;&nbsp;&nbsp;SetBackLight
<LI><a href="#[ef]">&gt;&gt;</a>&nbsp;&nbsp;&nbsp;SendStrings
<LI><a href="#[87]">&gt;&gt;</a>&nbsp;&nbsp;&nbsp;BEGIN_CMD
</UL>

<P><STRONG><a name="[7]"></a>SVC_Handler</STRONG> (Thumb, 2 bytes, Stack size 0 bytes, gd32f4xx_it.o(i.SVC_Handler))
<BR>[Address Reference Count : 1]<UL><LI> startup_gd32f450.o(RESET)
</UL>
<P><STRONG><a name="[8e]"></a>SendChar</STRONG> (Thumb, 28 bytes, Stack size 8 bytes, hmi_user_uart.o(i.SendChar))
<BR><BR>[Stack]<UL><LI>Max Depth = 16<LI>Call Chain = SendChar &rArr; usart_flag_get
</UL>
<BR>[Calls]<UL><LI><a href="#[ed]">&gt;&gt;</a>&nbsp;&nbsp;&nbsp;usart_flag_get
<LI><a href="#[ec]">&gt;&gt;</a>&nbsp;&nbsp;&nbsp;usart_data_transmit
</UL>
<BR>[Called By]<UL><LI><a href="#[88]">&gt;&gt;</a>&nbsp;&nbsp;&nbsp;SEND_DATA
<LI><a href="#[8d]">&gt;&gt;</a>&nbsp;&nbsp;&nbsp;END_CMD
</UL>

<P><STRONG><a name="[ef]"></a>SendStrings</STRONG> (Thumb, 22 bytes, Stack size 8 bytes, hmi_driver.o(i.SendStrings))
<BR><BR>[Stack]<UL><LI>Max Depth = 32<LI>Call Chain = SendStrings &rArr; SEND_DATA &rArr; SendChar &rArr; usart_flag_get
</UL>
<BR>[Calls]<UL><LI><a href="#[88]">&gt;&gt;</a>&nbsp;&nbsp;&nbsp;SEND_DATA
</UL>
<BR>[Called By]<UL><LI><a href="#[e0]">&gt;&gt;</a>&nbsp;&nbsp;&nbsp;SetLableValueColor
<LI><a href="#[f3]">&gt;&gt;</a>&nbsp;&nbsp;&nbsp;SetLableValue
<LI><a href="#[f1]">&gt;&gt;</a>&nbsp;&nbsp;&nbsp;SetEditValue
</UL>

<P><STRONG><a name="[f0]"></a>SetBackLight</STRONG> (Thumb, 32 bytes, Stack size 8 bytes, hmi_driver.o(i.SetBackLight))
<BR><BR>[Stack]<UL><LI>Max Depth = 40<LI>Call Chain = SetBackLight &rArr; BEGIN_CMD &rArr; SEND_DATA &rArr; SendChar &rArr; usart_flag_get
</UL>
<BR>[Calls]<UL><LI><a href="#[88]">&gt;&gt;</a>&nbsp;&nbsp;&nbsp;SEND_DATA
<LI><a href="#[8d]">&gt;&gt;</a>&nbsp;&nbsp;&nbsp;END_CMD
<LI><a href="#[87]">&gt;&gt;</a>&nbsp;&nbsp;&nbsp;BEGIN_CMD
</UL>
<BR>[Called By]<UL><LI><a href="#[14b]">&gt;&gt;</a>&nbsp;&nbsp;&nbsp;lcd_init
</UL>

<P><STRONG><a name="[f1]"></a>SetEditValue</STRONG> (Thumb, 62 bytes, Stack size 24 bytes, hmi_driver.o(i.SetEditValue))
<BR><BR>[Stack]<UL><LI>Max Depth = 56<LI>Call Chain = SetEditValue &rArr; SendStrings &rArr; SEND_DATA &rArr; SendChar &rArr; usart_flag_get
</UL>
<BR>[Calls]<UL><LI><a href="#[ef]">&gt;&gt;</a>&nbsp;&nbsp;&nbsp;SendStrings
<LI><a href="#[88]">&gt;&gt;</a>&nbsp;&nbsp;&nbsp;SEND_DATA
<LI><a href="#[f2]">&gt;&gt;</a>&nbsp;&nbsp;&nbsp;GetStrLen
<LI><a href="#[8d]">&gt;&gt;</a>&nbsp;&nbsp;&nbsp;END_CMD
<LI><a href="#[87]">&gt;&gt;</a>&nbsp;&nbsp;&nbsp;BEGIN_CMD
</UL>
<BR>[Called By]<UL><LI><a href="#[125]">&gt;&gt;</a>&nbsp;&nbsp;&nbsp;lcd_proc
</UL>

<P><STRONG><a name="[f3]"></a>SetLableValue</STRONG> (Thumb, 62 bytes, Stack size 24 bytes, hmi_driver.o(i.SetLableValue))
<BR><BR>[Stack]<UL><LI>Max Depth = 56<LI>Call Chain = SetLableValue &rArr; SendStrings &rArr; SEND_DATA &rArr; SendChar &rArr; usart_flag_get
</UL>
<BR>[Calls]<UL><LI><a href="#[ef]">&gt;&gt;</a>&nbsp;&nbsp;&nbsp;SendStrings
<LI><a href="#[88]">&gt;&gt;</a>&nbsp;&nbsp;&nbsp;SEND_DATA
<LI><a href="#[f2]">&gt;&gt;</a>&nbsp;&nbsp;&nbsp;GetStrLen
<LI><a href="#[8d]">&gt;&gt;</a>&nbsp;&nbsp;&nbsp;END_CMD
<LI><a href="#[87]">&gt;&gt;</a>&nbsp;&nbsp;&nbsp;BEGIN_CMD
</UL>
<BR>[Called By]<UL><LI><a href="#[148]">&gt;&gt;</a>&nbsp;&nbsp;&nbsp;lcd_boot
</UL>

<P><STRONG><a name="[e0]"></a>SetLableValueColor</STRONG> (Thumb, 94 bytes, Stack size 32 bytes, hmi_driver.o(i.SetLableValueColor))
<BR><BR>[Stack]<UL><LI>Max Depth = 64<LI>Call Chain = SetLableValueColor &rArr; SendStrings &rArr; SEND_DATA &rArr; SendChar &rArr; usart_flag_get
</UL>
<BR>[Calls]<UL><LI><a href="#[ef]">&gt;&gt;</a>&nbsp;&nbsp;&nbsp;SendStrings
<LI><a href="#[88]">&gt;&gt;</a>&nbsp;&nbsp;&nbsp;SEND_DATA
<LI><a href="#[f2]">&gt;&gt;</a>&nbsp;&nbsp;&nbsp;GetStrLen
<LI><a href="#[8d]">&gt;&gt;</a>&nbsp;&nbsp;&nbsp;END_CMD
<LI><a href="#[87]">&gt;&gt;</a>&nbsp;&nbsp;&nbsp;BEGIN_CMD
</UL>
<BR>[Called By]<UL><LI><a href="#[14f]">&gt;&gt;</a>&nbsp;&nbsp;&nbsp;module_dis_proc
<LI><a href="#[125]">&gt;&gt;</a>&nbsp;&nbsp;&nbsp;lcd_proc
<LI><a href="#[de]">&gt;&gt;</a>&nbsp;&nbsp;&nbsp;Mode_dis_proc
</UL>

<P><STRONG><a name="[f4]"></a>SetPage</STRONG> (Thumb, 32 bytes, Stack size 8 bytes, hmi_driver.o(i.SetPage))
<BR><BR>[Stack]<UL><LI>Max Depth = 40<LI>Call Chain = SetPage &rArr; BEGIN_CMD &rArr; SEND_DATA &rArr; SendChar &rArr; usart_flag_get
</UL>
<BR>[Calls]<UL><LI><a href="#[88]">&gt;&gt;</a>&nbsp;&nbsp;&nbsp;SEND_DATA
<LI><a href="#[8d]">&gt;&gt;</a>&nbsp;&nbsp;&nbsp;END_CMD
<LI><a href="#[87]">&gt;&gt;</a>&nbsp;&nbsp;&nbsp;BEGIN_CMD
</UL>
<BR>[Called By]<UL><LI><a href="#[14b]">&gt;&gt;</a>&nbsp;&nbsp;&nbsp;lcd_init
<LI><a href="#[148]">&gt;&gt;</a>&nbsp;&nbsp;&nbsp;lcd_boot
<LI><a href="#[125]">&gt;&gt;</a>&nbsp;&nbsp;&nbsp;lcd_proc
</UL>

<P><STRONG><a name="[f5]"></a>SetProgressbarValue</STRONG> (Thumb, 48 bytes, Stack size 16 bytes, hmi_driver.o(i.SetProgressbarValue))
<BR><BR>[Stack]<UL><LI>Max Depth = 48<LI>Call Chain = SetProgressbarValue &rArr; BEGIN_CMD &rArr; SEND_DATA &rArr; SendChar &rArr; usart_flag_get
</UL>
<BR>[Calls]<UL><LI><a href="#[88]">&gt;&gt;</a>&nbsp;&nbsp;&nbsp;SEND_DATA
<LI><a href="#[8d]">&gt;&gt;</a>&nbsp;&nbsp;&nbsp;END_CMD
<LI><a href="#[87]">&gt;&gt;</a>&nbsp;&nbsp;&nbsp;BEGIN_CMD
</UL>
<BR>[Called By]<UL><LI><a href="#[14b]">&gt;&gt;</a>&nbsp;&nbsp;&nbsp;lcd_init
<LI><a href="#[149]">&gt;&gt;</a>&nbsp;&nbsp;&nbsp;reboot_progress
</UL>

<P><STRONG><a name="[f6]"></a>SetReset</STRONG> (Thumb, 54 bytes, Stack size 8 bytes, hmi_driver.o(i.SetReset))
<BR><BR>[Stack]<UL><LI>Max Depth = 40<LI>Call Chain = SetReset &rArr; BEGIN_CMD &rArr; SEND_DATA &rArr; SendChar &rArr; usart_flag_get
</UL>
<BR>[Calls]<UL><LI><a href="#[88]">&gt;&gt;</a>&nbsp;&nbsp;&nbsp;SEND_DATA
[...]
<LI><a href="#[b1]">&gt;&gt;</a>&nbsp;&nbsp;&nbsp;TIM3CaptureChannel3Callback
</UL>

<P><STRONG><a name="[fe]"></a>timer_interrupt_flag_get</STRONG> (Thumb, 24 bytes, Stack size 0 bytes, gd32f4xx_timer.o(i.timer_interrupt_flag_get))
<BR><BR>[Called By]<UL><LI><a href="#[b1]">&gt;&gt;</a>&nbsp;&nbsp;&nbsp;TIM3CaptureChannel3Callback
</UL>

<P><STRONG><a name="[c1]"></a>timer_primary_output_config</STRONG> (Thumb, 24 bytes, Stack size 0 bytes, gd32f4xx_timer.o(i.timer_primary_output_config))
<BR><BR>[Called By]<UL><LI><a href="#[ba]">&gt;&gt;</a>&nbsp;&nbsp;&nbsp;MX_TIM1_Init
<LI><a href="#[86]">&gt;&gt;</a>&nbsp;&nbsp;&nbsp;bsp_SetTIMOutPWM
</UL>

<P><STRONG><a name="[14c]"></a>touch_pro</STRONG> (Thumb, 584 bytes, Stack size 8 bytes, inout.o(i.touch_pro))
<BR><BR>[Stack]<UL><LI>Max Depth = 8<LI>Call Chain = touch_pro
</UL>
<BR>[Calls]<UL><LI><a href="#[12a]">&gt;&gt;</a>&nbsp;&nbsp;&nbsp;getTouch
<LI><a href="#[97]">&gt;&gt;</a>&nbsp;&nbsp;&nbsp;GetSensor
</UL>
<BR>[Called By]<UL><LI><a href="#[125]">&gt;&gt;</a>&nbsp;&nbsp;&nbsp;lcd_proc
</UL>

<P><STRONG><a name="[cc]"></a>usart_baudrate_set</STRONG> (Thumb, 224 bytes, Stack size 32 bytes, gd32f4xx_usart.o(i.usart_baudrate_set))
<BR><BR>[Stack]<UL><LI>Max Depth = 116<LI>Call Chain = usart_baudrate_set &rArr; rcu_clock_freq_get
</UL>
<BR>[Calls]<UL><LI><a href="#[160]">&gt;&gt;</a>&nbsp;&nbsp;&nbsp;rcu_clock_freq_get
</UL>
<BR>[Called By]<UL><LI><a href="#[d4]">&gt;&gt;</a>&nbsp;&nbsp;&nbsp;MX_USART6_UART_Init
<LI><a href="#[d3]">&gt;&gt;</a>&nbsp;&nbsp;&nbsp;MX_USART3_UART_Init
<LI><a href="#[d1]">&gt;&gt;</a>&nbsp;&nbsp;&nbsp;MX_USART2_UART_Init
<LI><a href="#[d0]">&gt;&gt;</a>&nbsp;&nbsp;&nbsp;MX_USART1_UART_Init
<LI><a href="#[ca]">&gt;&gt;</a>&nbsp;&nbsp;&nbsp;MX_UART4_Init
</UL>

<P><STRONG><a name="[106]"></a>usart_data_receive</STRONG> (Thumb, 10 bytes, Stack size 0 bytes, gd32f4xx_usart.o(i.usart_data_receive))
<BR><BR>[Called By]<UL><LI><a href="#[52]">&gt;&gt;</a>&nbsp;&nbsp;&nbsp;USART5_IRQHandler
<LI><a href="#[32]">&gt;&gt;</a>&nbsp;&nbsp;&nbsp;USART2_IRQHandler
</UL>

<P><STRONG><a name="[ec]"></a>usart_data_transmit</STRONG> (Thumb, 8 bytes, Stack size 0 bytes, gd32f4xx_usart.o(i.usart_data_transmit))
<BR><BR>[Called By]<UL><LI><a href="#[8e]">&gt;&gt;</a>&nbsp;&nbsp;&nbsp;SendChar
<LI><a href="#[67]">&gt;&gt;</a>&nbsp;&nbsp;&nbsp;fputc
<LI><a href="#[dc]">&gt;&gt;</a>&nbsp;&nbsp;&nbsp;RS485_SendData
</UL>

<P><STRONG><a name="[cb]"></a>usart_deinit</STRONG> (Thumb, 210 bytes, Stack size 8 bytes, gd32f4xx_usart.o(i.usart_deinit))
<BR><BR>[Stack]<UL><LI>Max Depth = 8<LI>Call Chain = usart_deinit
</UL>
<BR>[Calls]<UL><LI><a href="#[11f]">&gt;&gt;</a>&nbsp;&nbsp;&nbsp;rcu_periph_reset_enable
<LI><a href="#[120]">&gt;&gt;</a>&nbsp;&nbsp;&nbsp;rcu_periph_reset_disable
</UL>
<BR>[Called By]<UL><LI><a href="#[d4]">&gt;&gt;</a>&nbsp;&nbsp;&nbsp;MX_USART6_UART_Init
<LI><a href="#[d3]">&gt;&gt;</a>&nbsp;&nbsp;&nbsp;MX_USART3_UART_Init
<LI><a href="#[d1]">&gt;&gt;</a>&nbsp;&nbsp;&nbsp;MX_USART2_UART_Init
<LI><a href="#[d0]">&gt;&gt;</a>&nbsp;&nbsp;&nbsp;MX_USART1_UART_Init
<LI><a href="#[ca]">&gt;&gt;</a>&nbsp;&nbsp;&nbsp;MX_UART4_Init
</UL>

<P><STRONG><a name="[d5]"></a>usart_dma_receive_config</STRONG> (Thumb, 16 bytes, Stack size 0 bytes, gd32f4xx_usart.o(i.usart_dma_receive_config))
<BR><BR>[Called By]<UL><LI><a href="#[d4]">&gt;&gt;</a>&nbsp;&nbsp;&nbsp;MX_USART6_UART_Init
</UL>

<P><STRONG><a name="[d6]"></a>usart_dma_transmit_config</STRONG> (Thumb, 16 bytes, Stack size 0 bytes, gd32f4xx_usart.o(i.usart_dma_transmit_config))
<BR><BR>[Called By]<UL><LI><a href="#[d4]">&gt;&gt;</a>&nbsp;&nbsp;&nbsp;MX_USART6_UART_Init
</UL>

<P><STRONG><a name="[cf]"></a>usart_enable</STRONG> (Thumb, 10 bytes, Stack size 0 bytes, gd32f4xx_usart.o(i.usart_enable))
<BR><BR>[Called By]<UL><LI><a href="#[d4]">&gt;&gt;</a>&nbsp;&nbsp;&nbsp;MX_USART6_UART_Init
<LI><a href="#[d3]">&gt;&gt;</a>&nbsp;&nbsp;&nbsp;MX_USART3_UART_Init
<LI><a href="#[d1]">&gt;&gt;</a>&nbsp;&nbsp;&nbsp;MX_USART2_UART_Init
<LI><a href="#[d0]">&gt;&gt;</a>&nbsp;&nbsp;&nbsp;MX_USART1_UART_Init
<LI><a href="#[ca]">&gt;&gt;</a>&nbsp;&nbsp;&nbsp;MX_UART4_Init
</UL>

<P><STRONG><a name="[ed]"></a>usart_flag_get</STRONG> (Thumb, 30 bytes, Stack size 8 bytes, gd32f4xx_usart.o(i.usart_flag_get))
<BR><BR>[Stack]<UL><LI>Max Depth = 8<LI>Call Chain = usart_flag_get
</UL>
<BR>[Called By]<UL><LI><a href="#[8e]">&gt;&gt;</a>&nbsp;&nbsp;&nbsp;SendChar
<LI><a href="#[67]">&gt;&gt;</a>&nbsp;&nbsp;&nbsp;fputc
<LI><a href="#[dc]">&gt;&gt;</a>&nbsp;&nbsp;&nbsp;RS485_SendData
</UL>

<P><STRONG><a name="[d2]"></a>usart_interrupt_enable</STRONG> (Thumb, 26 bytes, Stack size 8 bytes, gd32f4xx_usart.o(i.usart_interrupt_enable))
<BR><BR>[Stack]<UL><LI>Max Depth = 8<LI>Call Chain = usart_interrupt_enable
</UL>
<BR>[Called By]<UL><LI><a href="#[d4]">&gt;&gt;</a>&nbsp;&nbsp;&nbsp;MX_USART6_UART_Init
<LI><a href="#[d3]">&gt;&gt;</a>&nbsp;&nbsp;&nbsp;MX_USART3_UART_Init
<LI><a href="#[d1]">&gt;&gt;</a>&nbsp;&nbsp;&nbsp;MX_USART2_UART_Init
</UL>

<P><STRONG><a name="[105]"></a>usart_interrupt_flag_clear</STRONG> (Thumb, 26 bytes, Stack size 8 bytes, gd32f4xx_usart.o(i.usart_interrupt_flag_clear))
<BR><BR>[Stack]<UL><LI>Max Depth = 8<LI>Call Chain = usart_interrupt_flag_clear
</UL>
<BR>[Called By]<UL><LI><a href="#[52]">&gt;&gt;</a>&nbsp;&nbsp;&nbsp;USART5_IRQHandler
<LI><a href="#[32]">&gt;&gt;</a>&nbsp;&nbsp;&nbsp;USART2_IRQHandler
</UL>

<P><STRONG><a name="[104]"></a>usart_interrupt_flag_get</STRONG> (Thumb, 56 bytes, Stack size 16 bytes, gd32f4xx_usart.o(i.usart_interrupt_flag_get))
<BR><BR>[Stack]<UL><LI>Max Depth = 16<LI>Call Chain = usart_interrupt_flag_get
</UL>
<BR>[Called By]<UL><LI><a href="#[52]">&gt;&gt;</a>&nbsp;&nbsp;&nbsp;USART5_IRQHandler
<LI><a href="#[32]">&gt;&gt;</a>&nbsp;&nbsp;&nbsp;USART2_IRQHandler
</UL>

<P><STRONG><a name="[cd]"></a>usart_receive_config</STRONG> (Thumb, 16 bytes, Stack size 0 bytes, gd32f4xx_usart.o(i.usart_receive_config))
<BR><BR>[Called By]<UL><LI><a href="#[d4]">&gt;&gt;</a>&nbsp;&nbsp;&nbsp;MX_USART6_UART_Init
<LI><a href="#[d3]">&gt;&gt;</a>&nbsp;&nbsp;&nbsp;MX_USART3_UART_Init
<LI><a href="#[d1]">&gt;&gt;</a>&nbsp;&nbsp;&nbsp;MX_USART2_UART_Init
<LI><a href="#[d0]">&gt;&gt;</a>&nbsp;&nbsp;&nbsp;MX_USART1_UART_Init
<LI><a href="#[ca]">&gt;&gt;</a>&nbsp;&nbsp;&nbsp;MX_UART4_Init
</UL>

<P><STRONG><a name="[ce]"></a>usart_transmit_config</STRONG> (Thumb, 16 bytes, Stack size 0 bytes, gd32f4xx_usart.o(i.usart_transmit_config))
<BR><BR>[Called By]<UL><LI><a href="#[d4]">&gt;&gt;</a>&nbsp;&nbsp;&nbsp;MX_USART6_UART_Init
<LI><a href="#[d3]">&gt;&gt;</a>&nbsp;&nbsp;&nbsp;MX_USART3_UART_Init
<LI><a href="#[d1]">&gt;&gt;</a>&nbsp;&nbsp;&nbsp;MX_USART2_UART_Init
<LI><a href="#[d0]">&gt;&gt;</a>&nbsp;&nbsp;&nbsp;MX_USART1_UART_Init
<LI><a href="#[ca]">&gt;&gt;</a>&nbsp;&nbsp;&nbsp;MX_UART4_Init
</UL>

<P><STRONG><a name="[139]"></a>water_levelAbnormal_proc</STRONG> (Thumb, 30 bytes, Stack size 8 bytes, app.o(i.water_levelAbnormal_proc))
<BR><BR>[Stack]<UL><LI>Max Depth = 24<LI>Call Chain = water_levelAbnormal_proc &rArr; EleSwCtrl
</UL>
<BR>[Calls]<UL><LI><a href="#[97]">&gt;&gt;</a>&nbsp;&nbsp;&nbsp;GetSensor
<LI><a href="#[92]">&gt;&gt;</a>&nbsp;&nbsp;&nbsp;EleSwCtrl
</UL>
<BR>[Called By]<UL><LI><a href="#[136]">&gt;&gt;</a>&nbsp;&nbsp;&nbsp;normal_proc
<LI><a href="#[135]">&gt;&gt;</a>&nbsp;&nbsp;&nbsp;hsw_proc
<LI><a href="#[124]">&gt;&gt;</a>&nbsp;&nbsp;&nbsp;ele_process
</UL>
<P>
<H3>
Local Symbols
</H3>
<P><STRONG><a name="[b2]"></a>MX_GPIO_Init</STRONG> (Thumb, 462 bytes, Stack size 8 bytes, main.o(i.MX_GPIO_Init))
<BR><BR>[Stack]<UL><LI>Max Depth = 32<LI>Call Chain = MX_GPIO_Init &rArr; nvic_irq_enable
</UL>
<BR>[Calls]<UL><LI><a href="#[b8]">&gt;&gt;</a>&nbsp;&nbsp;&nbsp;syscfg_exti_line_config
<LI><a href="#[b3]">&gt;&gt;</a>&nbsp;&nbsp;&nbsp;rcu_periph_clock_enable
<LI><a href="#[b7]">&gt;&gt;</a>&nbsp;&nbsp;&nbsp;nvic_irq_enable
<LI><a href="#[b6]">&gt;&gt;</a>&nbsp;&nbsp;&nbsp;gpio_output_options_set
<LI><a href="#[b5]">&gt;&gt;</a>&nbsp;&nbsp;&nbsp;gpio_mode_set
<LI><a href="#[93]">&gt;&gt;</a>&nbsp;&nbsp;&nbsp;gpio_bit_write
<LI><a href="#[b4]">&gt;&gt;</a>&nbsp;&nbsp;&nbsp;gpio_bit_reset
<LI><a href="#[b9]">&gt;&gt;</a>&nbsp;&nbsp;&nbsp;exti_init
<LI><a href="#[90]">&gt;&gt;</a>&nbsp;&nbsp;&nbsp;exti_interrupt_flag_clear
</UL>
<BR>[Called By]<UL><LI><a href="#[64]">&gt;&gt;</a>&nbsp;&nbsp;&nbsp;main
</UL>

<P><STRONG><a name="[ba]"></a>MX_TIM1_Init</STRONG> (Thumb, 160 bytes, Stack size 32 bytes, main.o(i.MX_TIM1_Init))
<BR><BR>[Stack]<UL><LI>Max Depth = 40<LI>Call Chain = MX_TIM1_Init &rArr; timer_deinit
</UL>
<BR>[Calls]<UL><LI><a href="#[c1]">&gt;&gt;</a>&nbsp;&nbsp;&nbsp;timer_primary_output_config
<LI><a href="#[bd]">&gt;&gt;</a>&nbsp;&nbsp;&nbsp;timer_init
<LI><a href="#[c3]">&gt;&gt;</a>&nbsp;&nbsp;&nbsp;timer_enable
<LI><a href="#[bc]">&gt;&gt;</a>&nbsp;&nbsp;&nbsp;timer_deinit
<LI><a href="#[c0]">&gt;&gt;</a>&nbsp;&nbsp;&nbsp;timer_channel_output_shadow_config
<LI><a href="#[8c]">&gt;&gt;</a>&nbsp;&nbsp;&nbsp;timer_channel_output_pulse_value_config
<LI><a href="#[bf]">&gt;&gt;</a>&nbsp;&nbsp;&nbsp;timer_channel_output_mode_config
<LI><a href="#[be]">&gt;&gt;</a>&nbsp;&nbsp;&nbsp;timer_channel_output_config
<LI><a href="#[c2]">&gt;&gt;</a>&nbsp;&nbsp;&nbsp;timer_auto_reload_shadow_enable
<LI><a href="#[bb]">&gt;&gt;</a>&nbsp;&nbsp;&nbsp;rcu_timer_clock_prescaler_config
<LI><a href="#[b3]">&gt;&gt;</a>&nbsp;&nbsp;&nbsp;rcu_periph_clock_enable
</UL>
<BR>[Called By]<UL><LI><a href="#[64]">&gt;&gt;</a>&nbsp;&nbsp;&nbsp;main
</UL>

<P><STRONG><a name="[c4]"></a>MX_TIM3_Init</STRONG> (Thumb, 132 bytes, Stack size 32 bytes, main.o(i.MX_TIM3_Init))
<BR><BR>[Stack]<UL><LI>Max Depth = 48<LI>Call Chain = MX_TIM3_Init &rArr; timer_input_capture_config
</UL>
<BR>[Calls]<UL><LI><a href="#[c6]">&gt;&gt;</a>&nbsp;&nbsp;&nbsp;timer_interrupt_flag_clear
<LI><a href="#[c7]">&gt;&gt;</a>&nbsp;&nbsp;&nbsp;timer_interrupt_enable
<LI><a href="#[c5]">&gt;&gt;</a>&nbsp;&nbsp;&nbsp;timer_input_capture_config
<LI><a href="#[bd]">&gt;&gt;</a>&nbsp;&nbsp;&nbsp;timer_init
<LI><a href="#[c3]">&gt;&gt;</a>&nbsp;&nbsp;&nbsp;timer_enable
<LI><a href="#[bc]">&gt;&gt;</a>&nbsp;&nbsp;&nbsp;timer_deinit
<LI><a href="#[c2]">&gt;&gt;</a>&nbsp;&nbsp;&nbsp;timer_auto_reload_shadow_enable
<LI><a href="#[bb]">&gt;&gt;</a>&nbsp;&nbsp;&nbsp;rcu_timer_clock_prescaler_config
<LI><a href="#[b3]">&gt;&gt;</a>&nbsp;&nbsp;&nbsp;rcu_periph_clock_enable
</UL>
<BR>[Called By]<UL><LI><a href="#[64]">&gt;&gt;</a>&nbsp;&nbsp;&nbsp;main
</UL>

<P><STRONG><a name="[c8]"></a>MX_TIM4_Init</STRONG> (Thumb, 346 bytes, Stack size 32 bytes, main.o(i.MX_TIM4_Init))
<BR><BR>[Stack]<UL><LI>Max Depth = 52<LI>Call Chain = MX_TIM4_Init &rArr; gpio_output_options_set
</UL>
<BR>[Calls]<UL><LI><a href="#[bd]">&gt;&gt;</a>&nbsp;&nbsp;&nbsp;timer_init
<LI><a href="#[c3]">&gt;&gt;</a>&nbsp;&nbsp;&nbsp;timer_enable
<LI><a href="#[bc]">&gt;&gt;</a>&nbsp;&nbsp;&nbsp;timer_deinit
<LI><a href="#[c0]">&gt;&gt;</a>&nbsp;&nbsp;&nbsp;timer_channel_output_shadow_config
<LI><a href="#[8c]">&gt;&gt;</a>&nbsp;&nbsp;&nbsp;timer_channel_output_pulse_value_config
<LI><a href="#[bf]">&gt;&gt;</a>&nbsp;&nbsp;&nbsp;timer_channel_output_mode_config
<LI><a href="#[be]">&gt;&gt;</a>&nbsp;&nbsp;&nbsp;timer_channel_output_config
<LI><a href="#[c2]">&gt;&gt;</a>&nbsp;&nbsp;&nbsp;timer_auto_reload_shadow_enable
<LI><a href="#[bb]">&gt;&gt;</a>&nbsp;&nbsp;&nbsp;rcu_timer_clock_prescaler_config
<LI><a href="#[b3]">&gt;&gt;</a>&nbsp;&nbsp;&nbsp;rcu_periph_clock_enable
<LI><a href="#[b6]">&gt;&gt;</a>&nbsp;&nbsp;&nbsp;gpio_output_options_set
<LI><a href="#[b5]">&gt;&gt;</a>&nbsp;&nbsp;&nbsp;gpio_mode_set
<LI><a href="#[c9]">&gt;&gt;</a>&nbsp;&nbsp;&nbsp;gpio_af_set
</UL>
<BR>[Called By]<UL><LI><a href="#[64]">&gt;&gt;</a>&nbsp;&nbsp;&nbsp;main
</UL>

<P><STRONG><a name="[ca]"></a>MX_UART4_Init</STRONG> (Thumb, 118 bytes, Stack size 8 bytes, main.o(i.MX_UART4_Init))
<BR><BR>[Stack]<UL><LI>Max Depth = 124<LI>Call Chain = MX_UART4_Init &rArr; usart_baudrate_set &rArr; rcu_clock_freq_get
</UL>
<BR>[Calls]<UL><LI><a href="#[ce]">&gt;&gt;</a>&nbsp;&nbsp;&nbsp;usart_transmit_config
<LI><a href="#[cd]">&gt;&gt;</a>&nbsp;&nbsp;&nbsp;usart_receive_config
<LI><a href="#[cf]">&gt;&gt;</a>&nbsp;&nbsp;&nbsp;usart_enable
<LI><a href="#[cb]">&gt;&gt;</a>&nbsp;&nbsp;&nbsp;usart_deinit
<LI><a href="#[cc]">&gt;&gt;</a>&nbsp;&nbsp;&nbsp;usart_baudrate_set
<LI><a href="#[b3]">&gt;&gt;</a>&nbsp;&nbsp;&nbsp;rcu_periph_clock_enable
<LI><a href="#[b6]">&gt;&gt;</a>&nbsp;&nbsp;&nbsp;gpio_output_options_set
<LI><a href="#[b5]">&gt;&gt;</a>&nbsp;&nbsp;&nbsp;gpio_mode_set
<LI><a href="#[c9]">&gt;&gt;</a>&nbsp;&nbsp;&nbsp;gpio_af_set
</UL>
<BR>[Called By]<UL><LI><a href="#[64]">&gt;&gt;</a>&nbsp;&nbsp;&nbsp;main
</UL>

<P><STRONG><a name="[d0]"></a>MX_USART1_UART_Init</STRONG> (Thumb, 130 bytes, Stack size 8 bytes, main.o(i.MX_USART1_UART_Init))
<BR><BR>[Stack]<UL><LI>Max Depth = 124<LI>Call Chain = MX_USART1_UART_Init &rArr; usart_baudrate_set &rArr; rcu_clock_freq_get
</UL>
<BR>[Calls]<UL><LI><a href="#[ce]">&gt;&gt;</a>&nbsp;&nbsp;&nbsp;usart_transmit_config
<LI><a href="#[cd]">&gt;&gt;</a>&nbsp;&nbsp;&nbsp;usart_receive_config
<LI><a href="#[cf]">&gt;&gt;</a>&nbsp;&nbsp;&nbsp;usart_enable
<LI><a href="#[cb]">&gt;&gt;</a>&nbsp;&nbsp;&nbsp;usart_deinit
<LI><a href="#[cc]">&gt;&gt;</a>&nbsp;&nbsp;&nbsp;usart_baudrate_set
<LI><a href="#[b3]">&gt;&gt;</a>&nbsp;&nbsp;&nbsp;rcu_periph_clock_enable
<LI><a href="#[b6]">&gt;&gt;</a>&nbsp;&nbsp;&nbsp;gpio_output_options_set
<LI><a href="#[b5]">&gt;&gt;</a>&nbsp;&nbsp;&nbsp;gpio_mode_set
<LI><a href="#[c9]">&gt;&gt;</a>&nbsp;&nbsp;&nbsp;gpio_af_set
</UL>
<BR>[Called By]<UL><LI><a href="#[64]">&gt;&gt;</a>&nbsp;&nbsp;&nbsp;main
</UL>

<P><STRONG><a name="[d1]"></a>MX_USART2_UART_Init</STRONG> (Thumb, 60 bytes, Stack size 8 bytes, main.o(i.MX_USART2_UART_Init))
<BR><BR>[Stack]<UL><LI>Max Depth = 124<LI>Call Chain = MX_USART2_UART_Init &rArr; usart_baudrate_set &rArr; rcu_clock_freq_get
</UL>
<BR>[Calls]<UL><LI><a href="#[ce]">&gt;&gt;</a>&nbsp;&nbsp;&nbsp;usart_transmit_config
<LI><a href="#[cd]">&gt;&gt;</a>&nbsp;&nbsp;&nbsp;usart_receive_config
<LI><a href="#[d2]">&gt;&gt;</a>&nbsp;&nbsp;&nbsp;usart_interrupt_enable
<LI><a href="#[cf]">&gt;&gt;</a>&nbsp;&nbsp;&nbsp;usart_enable
<LI><a href="#[cb]">&gt;&gt;</a>&nbsp;&nbsp;&nbsp;usart_deinit
<LI><a href="#[cc]">&gt;&gt;</a>&nbsp;&nbsp;&nbsp;usart_baudrate_set
<LI><a href="#[b3]">&gt;&gt;</a>&nbsp;&nbsp;&nbsp;rcu_periph_clock_enable
</UL>
<BR>[Called By]<UL><LI><a href="#[64]">&gt;&gt;</a>&nbsp;&nbsp;&nbsp;main
</UL>

<P><STRONG><a name="[d3]"></a>MX_USART3_UART_Init</STRONG> (Thumb, 150 bytes, Stack size 8 bytes, main.o(i.MX_USART3_UART_Init))
<BR><BR>[Stack]<UL><LI>Max Depth = 124<LI>Call Chain = MX_USART3_UART_Init &rArr; usart_baudrate_set &rArr; rcu_clock_freq_get
</UL>
<BR>[Calls]<UL><LI><a href="#[ce]">&gt;&gt;</a>&nbsp;&nbsp;&nbsp;usart_transmit_config
<LI><a href="#[cd]">&gt;&gt;</a>&nbsp;&nbsp;&nbsp;usart_receive_config
<LI><a href="#[d2]">&gt;&gt;</a>&nbsp;&nbsp;&nbsp;usart_interrupt_enable
<LI><a href="#[cf]">&gt;&gt;</a>&nbsp;&nbsp;&nbsp;usart_enable
<LI><a href="#[cb]">&gt;&gt;</a>&nbsp;&nbsp;&nbsp;usart_deinit
<LI><a href="#[cc]">&gt;&gt;</a>&nbsp;&nbsp;&nbsp;usart_baudrate_set
<LI><a href="#[b3]">&gt;&gt;</a>&nbsp;&nbsp;&nbsp;rcu_periph_clock_enable
<LI><a href="#[b7]">&gt;&gt;</a>&nbsp;&nbsp;&nbsp;nvic_irq_enable
<LI><a href="#[b6]">&gt;&gt;</a>&nbsp;&nbsp;&nbsp;gpio_output_options_set
<LI><a href="#[b5]">&gt;&gt;</a>&nbsp;&nbsp;&nbsp;gpio_mode_set
<LI><a href="#[c9]">&gt;&gt;</a>&nbsp;&nbsp;&nbsp;gpio_af_set
</UL>
<BR>[Called By]<UL><LI><a href="#[64]">&gt;&gt;</a>&nbsp;&nbsp;&nbsp;main
</UL>

<P><STRONG><a name="[d4]"></a>MX_USART6_UART_Init</STRONG> (Thumb, 154 bytes, Stack size 8 bytes, main.o(i.MX_USART6_UART_Init))
<BR><BR>[Stack]<UL><LI>Max Depth = 124<LI>Call Chain = MX_USART6_UART_Init &rArr; usart_baudrate_set &rArr; rcu_clock_freq_get
</UL>
<BR>[Calls]<UL><LI><a href="#[ce]">&gt;&gt;</a>&nbsp;&nbsp;&nbsp;usart_transmit_config
<LI><a href="#[cd]">&gt;&gt;</a>&nbsp;&nbsp;&nbsp;usart_receive_config
<LI><a href="#[d2]">&gt;&gt;</a>&nbsp;&nbsp;&nbsp;usart_interrupt_enable
<LI><a href="#[cf]">&gt;&gt;</a>&nbsp;&nbsp;&nbsp;usart_enable
<LI><a href="#[d6]">&gt;&gt;</a>&nbsp;&nbsp;&nbsp;usart_dma_transmit_config
<LI><a href="#[d5]">&gt;&gt;</a>&nbsp;&nbsp;&nbsp;usart_dma_receive_config
<LI><a href="#[cb]">&gt;&gt;</a>&nbsp;&nbsp;&nbsp;usart_deinit
<LI><a href="#[cc]">&gt;&gt;</a>&nbsp;&nbsp;&nbsp;usart_baudrate_set
<LI><a href="#[b3]">&gt;&gt;</a>&nbsp;&nbsp;&nbsp;rcu_periph_clock_enable
<LI><a href="#[b7]">&gt;&gt;</a>&nbsp;&nbsp;&nbsp;nvic_irq_enable
<LI><a href="#[b6]">&gt;&gt;</a>&nbsp;&nbsp;&nbsp;gpio_output_options_set
<LI><a href="#[b5]">&gt;&gt;</a>&nbsp;&nbsp;&nbsp;gpio_mode_set
<LI><a href="#[c9]">&gt;&gt;</a>&nbsp;&nbsp;&nbsp;gpio_af_set
</UL>
<BR>[Called By]<UL><LI><a href="#[64]">&gt;&gt;</a>&nbsp;&nbsp;&nbsp;main
</UL>

<P><STRONG><a name="[15d]"></a>system_clock_120m_irc16m</STRONG> (Thumb, 238 bytes, Stack size 0 bytes, system_gd32f4xx.o(i.system_clock_120m_irc16m))
<BR><BR>[Called By]<UL><LI><a href="#[f9]">&gt;&gt;</a>&nbsp;&nbsp;&nbsp;system_clock_config
</UL>

<P><STRONG><a name="[f9]"></a>system_clock_config</STRONG> (Thumb, 8 bytes, Stack size 8 bytes, system_gd32f4xx.o(i.system_clock_config))
<BR><BR>[Stack]<UL><LI>Max Depth = 8<LI>Call Chain = system_clock_config
</UL>
<BR>[Calls]<UL><LI><a href="#[15d]">&gt;&gt;</a>&nbsp;&nbsp;&nbsp;system_clock_120m_irc16m
</UL>
<BR>[Called By]<UL><LI><a href="#[65]">&gt;&gt;</a>&nbsp;&nbsp;&nbsp;SystemInit
</UL>

<P><STRONG><a name="[15e]"></a>NVIC_SetPriority</STRONG> (Thumb, 32 bytes, Stack size 8 bytes, sys.o(i.NVIC_SetPriority))
<BR><BR>[Stack]<UL><LI>Max Depth = 8<LI>Call Chain = NVIC_SetPriority
</UL>
<BR>[Called By]<UL><LI><a href="#[152]">&gt;&gt;</a>&nbsp;&nbsp;&nbsp;systick_config
</UL>

<P><STRONG><a name="[10b]"></a>_fp_digits</STRONG> (Thumb, 366 bytes, Stack size 64 bytes, printfa.o(i._fp_digits), UNUSED)
<BR><BR>[Calls]<UL><LI><a href="#[79]">&gt;&gt;</a>&nbsp;&nbsp;&nbsp;__aeabi_ddiv
<LI><a href="#[71]">&gt;&gt;</a>&nbsp;&nbsp;&nbsp;__aeabi_dadd
<LI><a href="#[a8]">&gt;&gt;</a>&nbsp;&nbsp;&nbsp;__aeabi_cdrcmple
<LI><a href="#[78]">&gt;&gt;</a>&nbsp;&nbsp;&nbsp;__aeabi_dmul
<LI><a href="#[7f]">&gt;&gt;</a>&nbsp;&nbsp;&nbsp;__aeabi_uldivmod
<LI><a href="#[82]">&gt;&gt;</a>&nbsp;&nbsp;&nbsp;__aeabi_d2ulz
</UL>
<BR>[Called By]<UL><LI><a href="#[109]">&gt;&gt;</a>&nbsp;&nbsp;&nbsp;_printf_core
</UL>

<P><STRONG><a name="[109]"></a>_printf_core</STRONG> (Thumb, 1744 bytes, Stack size 136 bytes, printfa.o(i._printf_core), UNUSED)
<BR><BR>[Calls]<UL><LI><a href="#[7f]">&gt;&gt;</a>&nbsp;&nbsp;&nbsp;__aeabi_uldivmod
<LI><a href="#[10e]">&gt;&gt;</a>&nbsp;&nbsp;&nbsp;__aeabi_uidivmod
<LI><a href="#[10c]">&gt;&gt;</a>&nbsp;&nbsp;&nbsp;_printf_pre_padding
<LI><a href="#[10d]">&gt;&gt;</a>&nbsp;&nbsp;&nbsp;_printf_post_padding
<LI><a href="#[10b]">&gt;&gt;</a>&nbsp;&nbsp;&nbsp;_fp_digits
</UL>
<BR>[Called By]<UL><LI><a href="#[10a]">&gt;&gt;</a>&nbsp;&nbsp;&nbsp;__0sprintf
<LI><a href="#[108]">&gt;&gt;</a>&nbsp;&nbsp;&nbsp;__0printf
</UL>

<P><STRONG><a name="[10d]"></a>_printf_post_padding</STRONG> (Thumb, 36 bytes, Stack size 24 bytes, printfa.o(i._printf_post_padding), UNUSED)
<BR><BR>[Called By]<UL><LI><a href="#[109]">&gt;&gt;</a>&nbsp;&nbsp;&nbsp;_printf_core
</UL>

<P><STRONG><a name="[10c]"></a>_printf_pre_padding</STRONG> (Thumb, 46 bytes, Stack size 24 bytes, printfa.o(i._printf_pre_padding), UNUSED)
<BR><BR>[Called By]<UL><LI><a href="#[109]">&gt;&gt;</a>&nbsp;&nbsp;&nbsp;_printf_core
</UL>

<P><STRONG><a name="[68]"></a>_sputc</STRONG> (Thumb, 10 bytes, Stack size 0 bytes, printfa.o(i._sputc))
<BR><BR>[Called By]<UL><LI><a href="#[10a]">&gt;&gt;</a>&nbsp;&nbsp;&nbsp;__0sprintf
</UL>
<BR>[Address Reference Count : 1]<UL><LI> printfa.o(i.__0sprintf)
</UL><P>
<H3>
Undefined Global Symbols
</H3><HR></body></html>
