Component: ARM Compiler 5.06 update 6 (build 750) Tool: armlink [4d35ed]

==============================================================================

Section Cross References

    startup_stm32f103xb.o(STACK) refers (Special) to heapauxi.o(.text) for __use_two_region_memory
    startup_stm32f103xb.o(HEAP) refers (Special) to heapauxi.o(.text) for __use_two_region_memory
    startup_stm32f103xb.o(RESET) refers (Special) to heapauxi.o(.text) for __use_two_region_memory
    startup_stm32f103xb.o(RESET) refers to startup_stm32f103xb.o(STACK) for __initial_sp
    startup_stm32f103xb.o(RESET) refers to startup_stm32f103xb.o(.text) for Reset_Handler
    startup_stm32f103xb.o(RESET) refers to stm32f1xx_it.o(i.NMI_Handler) for NMI_Handler
    startup_stm32f103xb.o(RESET) refers to stm32f1xx_it.o(i.HardFault_Handler) for HardFault_Handler
    startup_stm32f103xb.o(RESET) refers to stm32f1xx_it.o(i.MemManage_Handler) for MemManage_Handler
    startup_stm32f103xb.o(RESET) refers to stm32f1xx_it.o(i.BusFault_Handler) for BusFault_Handler
    startup_stm32f103xb.o(RESET) refers to stm32f1xx_it.o(i.UsageFault_Handler) for UsageFault_Handler
    startup_stm32f103xb.o(RESET) refers to stm32f1xx_it.o(i.SVC_Handler) for SVC_Handler
    startup_stm32f103xb.o(RESET) refers to stm32f1xx_it.o(i.DebugMon_Handler) for DebugMon_Handler
    startup_stm32f103xb.o(RESET) refers to stm32f1xx_it.o(i.PendSV_Handler) for PendSV_Handler
    startup_stm32f103xb.o(RESET) refers to stm32f1xx_it.o(i.SysTick_Handler) for SysTick_Handler
    startup_stm32f103xb.o(RESET) refers to stm32f1xx_it.o(i.DMA1_Channel1_IRQHandler) for DMA1_Channel1_IRQHandler
    startup_stm32f103xb.o(RESET) refers to stm32f1xx_it.o(i.DMA1_Channel2_IRQHandler) for DMA1_Channel2_IRQHandler
    startup_stm32f103xb.o(RESET) refers to stm32f1xx_it.o(i.DMA1_Channel3_IRQHandler) for DMA1_Channel3_IRQHandler
    startup_stm32f103xb.o(RESET) refers to stm32f1xx_it.o(i.DMA1_Channel4_IRQHandler) for DMA1_Channel4_IRQHandler
    startup_stm32f103xb.o(RESET) refers to stm32f1xx_it.o(i.DMA1_Channel5_IRQHandler) for DMA1_Channel5_IRQHandler
    startup_stm32f103xb.o(RESET) refers to stm32f1xx_it.o(i.ADC1_2_IRQHandler) for ADC1_2_IRQHandler
    startup_stm32f103xb.o(RESET) refers to stm32f1xx_it.o(i.TIM4_IRQHandler) for TIM4_IRQHandler
    startup_stm32f103xb.o(RESET) refers to stm32f1xx_it.o(i.USART1_IRQHandler) for USART1_IRQHandler
    startup_stm32f103xb.o(RESET) refers to stm32f1xx_it.o(i.USART3_IRQHandler) for USART3_IRQHandler
    startup_stm32f103xb.o(.text) refers (Special) to heapauxi.o(.text) for __use_two_region_memory
    startup_stm32f103xb.o(.text) refers to system_stm32f1xx.o(i.SystemInit) for SystemInit
    startup_stm32f103xb.o(.text) refers to __main.o(!!!main) for __main
    startup_stm32f103xb.o(.text) refers to startup_stm32f103xb.o(HEAP) for Heap_Mem
    startup_stm32f103xb.o(.text) refers to startup_stm32f103xb.o(STACK) for Stack_Mem
    bsp_led.o(i.Refresh_LED_Display) refers to bsp_led.o(i.TM1640_Refresh_Start) for TM1640_Refresh_Start
    bsp_led.o(i.Refresh_LED_Display) refers to bsp_led.o(i.TM1640_Write_Cmd) for TM1640_Write_Cmd
    bsp_led.o(i.Refresh_LED_Display) refers to bsp_led.o(i.TM1640_Refresh_Stop) for TM1640_Refresh_Stop
    bsp_led.o(i.Refresh_LED_Display) refers to bsp_led.o(i.TM1640_Write_Data) for TM1640_Write_Data
    bsp_led.o(i.Refresh_LED_Display) refers to bsp_led.o(.data) for Standby_Time_Delay
    bsp_led.o(i.Refresh_LED_Display) refers to system.o(.data) for ELE_Strength
    bsp_led.o(i.Refresh_LED_Display) refers to filter.o(.data) for Probe_PP
    bsp_led.o(i.TM1640_Refresh_Start) refers to stm32f1xx_hal_gpio.o(i.HAL_GPIO_WritePin) for HAL_GPIO_WritePin
    bsp_led.o(i.TM1640_Refresh_Start) refers to system.o(i.delay_us) for delay_us
    bsp_led.o(i.TM1640_Refresh_Stop) refers to stm32f1xx_hal_gpio.o(i.HAL_GPIO_WritePin) for HAL_GPIO_WritePin
    bsp_led.o(i.TM1640_Refresh_Stop) refers to system.o(i.delay_us) for delay_us
    bsp_led.o(i.TM1640_Write_Cmd) refers to stm32f1xx_hal_gpio.o(i.HAL_GPIO_WritePin) for HAL_GPIO_WritePin
    bsp_led.o(i.TM1640_Write_Cmd) refers to system.o(i.delay_us) for delay_us
    bsp_led.o(i.TM1640_Write_Data) refers to stm32f1xx_hal_gpio.o(i.HAL_GPIO_WritePin) for HAL_GPIO_WritePin
    bsp_led.o(i.TM1640_Write_Data) refers to system.o(i.delay_us) for delay_us
    system.o(i.ADC_Read_System_Value) refers to dflt_clz.o(x$fpl$dfltu) for __aeabi_ui2d
    system.o(i.ADC_Read_System_Value) refers to daddsub_clz.o(x$fpl$dadd) for __aeabi_dadd
    system.o(i.ADC_Read_System_Value) refers to ddiv.o(x$fpl$ddiv) for __aeabi_ddiv
    system.o(i.ADC_Read_System_Value) refers to f2d.o(x$fpl$f2d) for __aeabi_f2d
    system.o(i.ADC_Read_System_Value) refers to d2f.o(x$fpl$d2f) for __aeabi_d2f
    system.o(i.ADC_Read_System_Value) refers to fdiv.o(x$fpl$fdiv) for __aeabi_fdiv
    system.o(i.ADC_Read_System_Value) refers to dmul.o(x$fpl$dmul) for __aeabi_dmul
[...]
    Error_Handler                            0x08003561   Thumb Code     2  main.o(i.Error_Handler)
    FLASH_PageErase                          0x08003589   Thumb Code    28  stm32f1xx_hal_flash_ex.o(i.FLASH_PageErase)
    FLASH_WaitForLastOperation               0x0800362d   Thumb Code    98  stm32f1xx_hal_flash.o(i.FLASH_WaitForLastOperation)
    HAL_ADCEx_InjectedConvCpltCallback       0x08003695   Thumb Code     2  stm32f1xx_hal_adc_ex.o(i.HAL_ADCEx_InjectedConvCpltCallback)
    HAL_ADC_ConfigChannel                    0x08003699   Thumb Code   288  stm32f1xx_hal_adc.o(i.HAL_ADC_ConfigChannel)
    HAL_ADC_ConvCpltCallback                 0x080037c1   Thumb Code     2  stm32f1xx_hal_adc.o(i.HAL_ADC_ConvCpltCallback)
    HAL_ADC_ConvHalfCpltCallback             0x080037c3   Thumb Code     2  stm32f1xx_hal_adc.o(i.HAL_ADC_ConvHalfCpltCallback)
    HAL_ADC_ErrorCallback                    0x080037c5   Thumb Code     2  stm32f1xx_hal_adc.o(i.HAL_ADC_ErrorCallback)
    HAL_ADC_GetValue                         0x080037c7   Thumb Code     6  stm32f1xx_hal_adc.o(i.HAL_ADC_GetValue)
    HAL_ADC_IRQHandler                       0x080037cd   Thumb Code   254  stm32f1xx_hal_adc.o(i.HAL_ADC_IRQHandler)
    HAL_ADC_Init                             0x080038cd   Thumb Code   280  stm32f1xx_hal_adc.o(i.HAL_ADC_Init)
    HAL_ADC_LevelOutOfWindowCallback         0x080039ed   Thumb Code     2  stm32f1xx_hal_adc.o(i.HAL_ADC_LevelOutOfWindowCallback)
    HAL_ADC_MspInit                          0x080039f1   Thumb Code   266  adc.o(i.HAL_ADC_MspInit)
    HAL_ADC_PollForConversion                0x08003b15   Thumb Code   364  stm32f1xx_hal_adc.o(i.HAL_ADC_PollForConversion)
    HAL_ADC_Start                            0x08003c8d   Thumb Code   218  stm32f1xx_hal_adc.o(i.HAL_ADC_Start)
    HAL_ADC_Start_DMA                        0x08003d71   Thumb Code   282  stm32f1xx_hal_adc.o(i.HAL_ADC_Start_DMA)
    HAL_DMA_Abort                            0x08003ea1   Thumb Code    72  stm32f1xx_hal_dma.o(i.HAL_DMA_Abort)
    HAL_DMA_Abort_IT                         0x08003ee9   Thumb Code   136  stm32f1xx_hal_dma.o(i.HAL_DMA_Abort_IT)
    HAL_DMA_DeInit                           0x08003f8d   Thumb Code    90  stm32f1xx_hal_dma.o(i.HAL_DMA_DeInit)
    HAL_DMA_GetError                         0x08003ff5   Thumb Code     4  stm32f1xx_hal_dma.o(i.HAL_DMA_GetError)
    HAL_DMA_IRQHandler                       0x08003ff9   Thumb Code   338  stm32f1xx_hal_dma.o(i.HAL_DMA_IRQHandler)
    HAL_DMA_Init                             0x08004169   Thumb Code   118  stm32f1xx_hal_dma.o(i.HAL_DMA_Init)
    HAL_DMA_Start_IT                         0x080041ed   Thumb Code   124  stm32f1xx_hal_dma.o(i.HAL_DMA_Start_IT)
    HAL_Delay                                0x08004269   Thumb Code    34  stm32f1xx_hal.o(i.HAL_Delay)
    HAL_FLASHEx_Erase                        0x08004291   Thumb Code   172  stm32f1xx_hal_flash_ex.o(i.HAL_FLASHEx_Erase)
    HAL_FLASH_Lock                           0x08004345   Thumb Code    14  stm32f1xx_hal_flash.o(i.HAL_FLASH_Lock)
    HAL_FLASH_Program                        0x08004359   Thumb Code   138  stm32f1xx_hal_flash.o(i.HAL_FLASH_Program)
    HAL_FLASH_Unlock                         0x080043ed   Thumb Code    32  stm32f1xx_hal_flash.o(i.HAL_FLASH_Unlock)
    HAL_GPIO_DeInit                          0x08004419   Thumb Code   286  stm32f1xx_hal_gpio.o(i.HAL_GPIO_DeInit)
    HAL_GPIO_Init                            0x08004545   Thumb Code   496  stm32f1xx_hal_gpio.o(i.HAL_GPIO_Init)
    HAL_GPIO_ReadPin                         0x08004741   Thumb Code    14  stm32f1xx_hal_gpio.o(i.HAL_GPIO_ReadPin)
    HAL_GPIO_TogglePin                       0x0800474f   Thumb Code    16  stm32f1xx_hal_gpio.o(i.HAL_GPIO_TogglePin)
    HAL_GPIO_WritePin                        0x0800475f   Thumb Code    14  stm32f1xx_hal_gpio.o(i.HAL_GPIO_WritePin)
    HAL_GetTick                              0x0800476d   Thumb Code     6  stm32f1xx_hal.o(i.HAL_GetTick)
    HAL_IWDG_Init                            0x08004779   Thumb Code   102  stm32f1xx_hal_iwdg.o(i.HAL_IWDG_Init)
    HAL_IWDG_Refresh                         0x080047df   Thumb Code    12  stm32f1xx_hal_iwdg.o(i.HAL_IWDG_Refresh)
    HAL_IncTick                              0x080047ed   Thumb Code    12  stm32f1xx_hal.o(i.HAL_IncTick)
    HAL_Init                                 0x080047fd   Thumb Code    32  stm32f1xx_hal.o(i.HAL_Init)
    HAL_InitTick                             0x08004821   Thumb Code    58  stm32f1xx_hal.o(i.HAL_InitTick)
    HAL_MspInit                              0x08004865   Thumb Code    76  stm32f1xx_hal_msp.o(i.HAL_MspInit)
    HAL_NVIC_DisableIRQ                      0x080048b9   Thumb Code    36  stm32f1xx_hal_cortex.o(i.HAL_NVIC_DisableIRQ)
    HAL_NVIC_EnableIRQ                       0x080048dd   Thumb Code    28  stm32f1xx_hal_cortex.o(i.HAL_NVIC_EnableIRQ)
    HAL_NVIC_SetPriority                     0x080048f9   Thumb Code    98  stm32f1xx_hal_cortex.o(i.HAL_NVIC_SetPriority)
    HAL_NVIC_SetPriorityGrouping             0x08004961   Thumb Code    30  stm32f1xx_hal_cortex.o(i.HAL_NVIC_SetPriorityGrouping)
    HAL_RCCEx_GetPeriphCLKFreq               0x08004985   Thumb Code   216  stm32f1xx_hal_rcc_ex.o(i.HAL_RCCEx_GetPeriphCLKFreq)
    HAL_RCCEx_PeriphCLKConfig                0x08004a81   Thumb Code   290  stm32f1xx_hal_rcc_ex.o(i.HAL_RCCEx_PeriphCLKConfig)
    HAL_RCC_ClockConfig                      0x08004bb1   Thumb Code   364  stm32f1xx_hal_rcc.o(i.HAL_RCC_ClockConfig)
    HAL_RCC_EnableCSS                        0x08004d31   Thumb Code     8  stm32f1xx_hal_rcc.o(i.HAL_RCC_EnableCSS)
    HAL_RCC_GetHCLKFreq                      0x08004d3d   Thumb Code     6  stm32f1xx_hal_rcc.o(i.HAL_RCC_GetHCLKFreq)
    HAL_RCC_GetPCLK1Freq                     0x08004d49   Thumb Code    22  stm32f1xx_hal_rcc.o(i.HAL_RCC_GetPCLK1Freq)
    HAL_RCC_GetPCLK2Freq                     0x08004d69   Thumb Code    22  stm32f1xx_hal_rcc.o(i.HAL_RCC_GetPCLK2Freq)
    HAL_RCC_GetSysClockFreq                  0x08004d89   Thumb Code    88  stm32f1xx_hal_rcc.o(i.HAL_RCC_GetSysClockFreq)
    HAL_RCC_OscConfig                        0x08004e01   Thumb Code  1068  stm32f1xx_hal_rcc.o(i.HAL_RCC_OscConfig)
    HAL_SPI_Init                             0x0800522d   Thumb Code   180  stm32f1xx_hal_spi.o(i.HAL_SPI_Init)
    HAL_SPI_MspInit                          0x080052e1   Thumb Code   104  spi.o(i.HAL_SPI_MspInit)
    HAL_SPI_Transmit                         0x08005355   Thumb Code   412  stm32f1xx_hal_spi.o(i.HAL_SPI_Transmit)
    HAL_SYSTICK_Config                       0x080054f1   Thumb Code    36  stm32f1xx_hal_cortex.o(i.HAL_SYSTICK_Config)
    HAL_TIMEx_BreakCallback                  0x08005519   Thumb Code     2  stm32f1xx_hal_tim_ex.o(i.HAL_TIMEx_BreakCallback)
    HAL_TIMEx_CommutCallback                 0x0800551b   Thumb Code     2  stm32f1xx_hal_tim_ex.o(i.HAL_TIMEx_CommutCallback)
    HAL_TIMEx_ConfigBreakDeadTime            0x0800551d   Thumb Code   102  stm32f1xx_hal_tim_ex.o(i.HAL_TIMEx_ConfigBreakDeadTime)
    HAL_TIMEx_MasterConfigSynchronization    0x08005583   Thumb Code   114  stm32f1xx_hal_tim_ex.o(i.HAL_TIMEx_MasterConfigSynchronization)
    HAL_TIM_IC_CaptureCallback               0x080055f5   Thumb Code   142  tim.o(i.HAL_TIM_IC_CaptureCallback)
    HAL_TIM_IC_ConfigChannel                 0x080056a1   Thumb Code   180  stm32f1xx_hal_tim.o(i.HAL_TIM_IC_ConfigChannel)
    HAL_TIM_IC_Init                          0x08005755   Thumb Code    92  stm32f1xx_hal_tim.o(i.HAL_TIM_IC_Init)
    HAL_TIM_IC_MspInit                       0x080057b1   Thumb Code   118  tim.o(i.HAL_TIM_IC_MspInit)
    HAL_TIM_IC_Start_IT                      0x08005835   Thumb Code   290  stm32f1xx_hal_tim.o(i.HAL_TIM_IC_Start_IT)
    HAL_TIM_IRQHandler                       0x08005957   Thumb Code   372  stm32f1xx_hal_tim.o(i.HAL_TIM_IRQHandler)
    HAL_TIM_MspPostInit                      0x08005acd   Thumb Code   128  tim.o(i.HAL_TIM_MspPostInit)
    HAL_TIM_OC_DelayElapsedCallback          0x08005b61   Thumb Code     2  stm32f1xx_hal_tim.o(i.HAL_TIM_OC_DelayElapsedCallback)
    HAL_TIM_PWM_ConfigChannel                0x08005b63   Thumb Code   210  stm32f1xx_hal_tim.o(i.HAL_TIM_PWM_ConfigChannel)
    HAL_TIM_PWM_Init                         0x08005c35   Thumb Code    92  stm32f1xx_hal_tim.o(i.HAL_TIM_PWM_Init)
    HAL_TIM_PWM_MspInit                      0x08005c91   Thumb Code    76  tim.o(i.HAL_TIM_PWM_MspInit)
    HAL_TIM_PWM_PulseFinishedCallback        0x08005ce9   Thumb Code     2  stm32f1xx_hal_tim.o(i.HAL_TIM_PWM_PulseFinishedCallback)
    HAL_TIM_PWM_Start                        0x08005ced   Thumb Code   170  stm32f1xx_hal_tim.o(i.HAL_TIM_PWM_Start)
    HAL_TIM_PWM_Stop                         0x08005d9d   Thumb Code   114  stm32f1xx_hal_tim.o(i.HAL_TIM_PWM_Stop)
    HAL_TIM_PeriodElapsedCallback            0x08005e0f   Thumb Code     2  stm32f1xx_hal_tim.o(i.HAL_TIM_PeriodElapsedCallback)
    HAL_TIM_ReadCapturedValue                0x08005e11   Thumb Code    44  stm32f1xx_hal_tim.o(i.HAL_TIM_ReadCapturedValue)
    HAL_TIM_TriggerCallback                  0x08005e3d   Thumb Code     2  stm32f1xx_hal_tim.o(i.HAL_TIM_TriggerCallback)
    HAL_UARTEx_RxEventCallback               0x08005e3f   Thumb Code     2  stm32f1xx_hal_uart.o(i.HAL_UARTEx_RxEventCallback)
    HAL_UART_Abort                           0x08005e41   Thumb Code   166  stm32f1xx_hal_uart.o(i.HAL_UART_Abort)
    HAL_UART_DeInit                          0x08005ee7   Thumb Code    54  stm32f1xx_hal_uart.o(i.HAL_UART_DeInit)
    HAL_UART_ErrorCallback                   0x08005f1d   Thumb Code     2  stm32f1xx_hal_uart.o(i.HAL_UART_ErrorCallback)
    HAL_UART_IRQHandler                      0x08005f21   Thumb Code   506  stm32f1xx_hal_uart.o(i.HAL_UART_IRQHandler)
    HAL_UART_Init                            0x08006121   Thumb Code   100  stm32f1xx_hal_uart.o(i.HAL_UART_Init)
    HAL_UART_MspDeInit                       0x08006185   Thumb Code   104  usart.o(i.HAL_UART_MspDeInit)
    HAL_UART_MspInit                         0x08006201   Thumb Code   514  usart.o(i.HAL_UART_MspInit)
    HAL_UART_Receive_DMA                     0x0800643d   Thumb Code    46  stm32f1xx_hal_uart.o(i.HAL_UART_Receive_DMA)
    HAL_UART_RxCpltCallback                  0x0800646b   Thumb Code     2  stm32f1xx_hal_uart.o(i.HAL_UART_RxCpltCallback)
    HAL_UART_RxHalfCpltCallback              0x0800646d   Thumb Code     2  stm32f1xx_hal_uart.o(i.HAL_UART_RxHalfCpltCallback)
    HAL_UART_Transmit_DMA                    0x08006471   Thumb Code   138  stm32f1xx_hal_uart.o(i.HAL_UART_Transmit_DMA)
    HAL_UART_TxCpltCallback                  0x08006509   Thumb Code    50  usart.o(i.HAL_UART_TxCpltCallback)
    HAL_UART_TxHalfCpltCallback              0x0800654d   Thumb Code     2  stm32f1xx_hal_uart.o(i.HAL_UART_TxHalfCpltCallback)
    HardFault_Handler                        0x0800654f   Thumb Code     4  stm32f1xx_it.o(i.HardFault_Handler)
    Init_EEProm_ADDR                         0x08006555   Thumb Code    20  feeprom.o(i.Init_EEProm_ADDR)
    MX_ADC1_Init                             0x0800656d   Thumb Code   126  adc.o(i.MX_ADC1_Init)
    MX_ADC2_Init                             0x080065f5   Thumb Code    80  adc.o(i.MX_ADC2_Init)
    MX_DMA_Init                              0x0800664d   Thumb Code   112  dma.o(i.MX_DMA_Init)
    MX_GPIO_Init                             0x080066c1   Thumb Code   372  gpio.o(i.MX_GPIO_Init)
    MX_IWDG_Init                             0x08006845   Thumb Code    32  iwdg.o(i.MX_IWDG_Init)
    MX_SPI2_Init                             0x0800686d   Thumb Code    60  spi.o(i.MX_SPI2_Init)
    MX_TIM1_Init                             0x080068b1   Thumb Code   172  tim.o(i.MX_TIM1_Init)
    MX_TIM3_Init                             0x08006965   Thumb Code   118  tim.o(i.MX_TIM3_Init)
    MX_TIM4_Init                             0x080069e5   Thumb Code   114  tim.o(i.MX_TIM4_Init)
    MX_USART1_UART_Init                      0x08006a61   Thumb Code    46  usart.o(i.MX_USART1_UART_Init)
    MX_USART3_UART_Init                      0x08006a99   Thumb Code    46  usart.o(i.MX_USART3_UART_Init)
    MemManage_Handler                        0x08006ad1   Thumb Code     4  stm32f1xx_it.o(i.MemManage_Handler)
    NMI_Handler                              0x08006ad5   Thumb Code     2  stm32f1xx_it.o(i.NMI_Handler)
    PendSV_Handler                           0x08006ad7   Thumb Code     2  stm32f1xx_it.o(i.PendSV_Handler)
    RFID_Read_Info                           0x08006afd   Thumb Code   614  filter.o(i.RFID_Read_Info)
    Read_System_Info                         0x08006d99   Thumb Code   162  system.o(i.Read_System_Info)
    Refresh_LED_Display                      0x08006e4d   Thumb Code   796  bsp_led.o(i.Refresh_LED_Display)
    Run_Work_Mode                            0x080071e1   Thumb Code   364  system.o(i.Run_Work_Mode)
    SVC_Handler                              0x08007489   Thumb Code     2  stm32f1xx_it.o(i.SVC_Handler)
    Send_System_Info                         0x0800748d   Thumb Code   242  usart.o(i.Send_System_Info)
    Set_ELE_Value                            0x080075e5   Thumb Code    60  spi.o(i.Set_ELE_Value)
    Speak_Work_Mode                          0x08007629   Thumb Code   590  tim.o(i.Speak_Work_Mode)
    Start_Cur_PID                            0x080078a5   Thumb Code   436  pid.o(i.Start_Cur_PID)
    Stop_Cur_PID                             0x08007a9d   Thumb Code    42  pid.o(i.Stop_Cur_PID)
    SysTick_Handler                          0x08007add   Thumb Code   352  stm32f1xx_it.o(i.SysTick_Handler)
    SystemClock_Config                       0x08007c9d   Thumb Code   140  main.o(i.SystemClock_Config)
    SystemInit                               0x08007d29   Thumb Code    70  system_stm32f1xx.o(i.SystemInit)
    System_Read_Fax                          0x08007d81   Thumb Code   466  filter.o(i.System_Read_Fax)
    System_Read_Filter                       0x08007fad   Thumb Code   382  filter.o(i.System_Read_Filter)
    TIM4_IRQHandler                          0x08008181   Thumb Code    10  stm32f1xx_it.o(i.TIM4_IRQHandler)
    TIM_Base_SetConfig                       0x08008191   Thumb Code   106  stm32f1xx_hal_tim.o(i.TIM_Base_SetConfig)
    TIM_CCxChannelCmd                        0x08008209   Thumb Code    30  stm32f1xx_hal_tim.o(i.TIM_CCxChannelCmd)
    TIM_OC2_SetConfig                        0x08008291   Thumb Code   100  stm32f1xx_hal_tim.o(i.TIM_OC2_SetConfig)
    TIM_TI1_SetConfig                        0x080083af   Thumb Code   102  stm32f1xx_hal_tim.o(i.TIM_TI1_SetConfig)
    Test_TDS_Value                           0x08008645   Thumb Code   318  adc.o(i.Test_TDS_Value)
    Test_Water_Flow                          0x080087bd   Thumb Code   264  system.o(i.Test_Water_Flow)
    UART_IDLE_Callback                       0x08008a61   Thumb Code   122  usart.o(i.UART_IDLE_Callback)
    UART_Start_Receive_DMA                   0x08008c81   Thumb Code   102  stm32f1xx_hal_uart.o(i.UART_Start_Receive_DMA)
    USART1_IRQHandler                        0x08008d55   Thumb Code    16  stm32f1xx_it.o(i.USART1_IRQHandler)
    USART3_IRQHandler                        0x08008d69   Thumb Code    10  stm32f1xx_it.o(i.USART3_IRQHandler)
    Uart1_SendData                           0x08008d79   Thumb Code    62  usart.o(i.Uart1_SendData)
    Uart3_SendData                           0x08008dc9   Thumb Code    66  usart.o(i.Uart3_SendData)
    UsageFault_Handler                       0x08008e1d   Thumb Code     4  stm32f1xx_it.o(i.UsageFault_Handler)
    User_Pwm_Setvalue                        0x08008e21   Thumb Code   130  tim.o(i.User_Pwm_Setvalue)
    User_Work_Set                            0x08008ead   Thumb Code   230  system.o(i.User_Work_Set)
    __ARM_fpclassify                         0x08008fd1   Thumb Code    40  fpclassify.o(i.__ARM_fpclassify)
    __kernel_poly                            0x08008ff9   Thumb Code   170  poly.o(i.__kernel_poly)
    __mathlib_dbl_infnan                     0x080090a3   Thumb Code     6  dunder.o(i.__mathlib_dbl_infnan)
    __mathlib_dbl_overflow                   0x080090a9   Thumb Code    14  dunder.o(i.__mathlib_dbl_overflow)
    __mathlib_dbl_underflow                  0x080090b9   Thumb Code    10  dunder.o(i.__mathlib_dbl_underflow)
    _is_digit                                0x080090c9   Thumb Code    14  __printf_wp.o(i._is_digit)
    delay_ms                                 0x080090d7   Thumb Code    24  system.o(i.delay_ms)
    delay_us                                 0x080090ef   Thumb Code    24  system.o(i.delay_us)
    exp                                      0x08009109   Thumb Code   554  exp.o(i.exp)
    main                                     0x0800938d   Thumb Code   190  main.o(i.main)
    print                                    0x08009469   Thumb Code    60  usart.o(i.print)
    _get_lc_numeric                          0x080094ad   Thumb Code    44  lc_numeric_c.o(locale$$code)
    _get_lc_ctype                            0x080094d9   Thumb Code    44  lc_ctype_c.o(locale$$code)
    __aeabi_d2f                              0x08009505   Thumb Code     0  d2f.o(x$fpl$d2f)
    _d2f                                     0x08009505   Thumb Code    98  d2f.o(x$fpl$d2f)
    __aeabi_dadd                             0x08009569   Thumb Code     0  daddsub_clz.o(x$fpl$dadd)
    _dadd                                    0x08009569   Thumb Code   332  daddsub_clz.o(x$fpl$dadd)
    __fpl_dcheck_NaN1                        0x080096b9   Thumb Code    10  dcheck1.o(x$fpl$dcheck1)
    __fpl_dcmp_Inf                           0x080096c9   Thumb Code    24  dcmpi.o(x$fpl$dcmpinf)
    __aeabi_ddiv                             0x080096e1   Thumb Code     0  ddiv.o(x$fpl$ddiv)
    _ddiv                                    0x080096e1   Thumb Code   552  ddiv.o(x$fpl$ddiv)
    __aeabi_d2iz                             0x08009991   Thumb Code     0  dfix.o(x$fpl$dfix)
    _dfix                                    0x08009991   Thumb Code    94  dfix.o(x$fpl$dfix)
    __aeabi_d2uiz                            0x080099f1   Thumb Code     0  dfixu.o(x$fpl$dfixu)
    _dfixu                                   0x080099f1   Thumb Code    90  dfixu.o(x$fpl$dfixu)
    __aeabi_i2d                              0x08009a4b   Thumb Code     0  dflt_clz.o(x$fpl$dflt)
    _dflt                                    0x08009a4b   Thumb Code    46  dflt_clz.o(x$fpl$dflt)
    __aeabi_ui2d                             0x08009a79   Thumb Code     0  dflt_clz.o(x$fpl$dfltu)
    _dfltu                                   0x08009a79   Thumb Code    38  dflt_clz.o(x$fpl$dfltu)
    __aeabi_cdcmple                          0x08009aa1   Thumb Code     0  dleqf.o(x$fpl$dleqf)
    _dcmple                                  0x08009aa1   Thumb Code   120  dleqf.o(x$fpl$dleqf)
    __fpl_dcmple_InfNaN                      0x08009b03   Thumb Code     0  dleqf.o(x$fpl$dleqf)
    __aeabi_dmul                             0x08009b19   Thumb Code     0  dmul.o(x$fpl$dmul)
    _dmul                                    0x08009b19   Thumb Code   332  dmul.o(x$fpl$dmul)
    __fpl_dnaninf                            0x08009c6d   Thumb Code   156  dnaninf.o(x$fpl$dnaninf)
    __fpl_dretinf                            0x08009d09   Thumb Code    12  dretinf.o(x$fpl$dretinf)
    __aeabi_cdrcmple                         0x08009d15   Thumb Code     0  drleqf.o(x$fpl$drleqf)
    _drcmple                                 0x08009d15   Thumb Code   108  drleqf.o(x$fpl$drleqf)
    __aeabi_drsub                            0x08009d81   Thumb Code     0  daddsub_clz.o(x$fpl$drsb)
    _drsb                                    0x08009d81   Thumb Code    22  daddsub_clz.o(x$fpl$drsb)
    __aeabi_dsub                             0x08009d99   Thumb Code     0  daddsub_clz.o(x$fpl$dsub)
    _dsub                                    0x08009d99   Thumb Code   464  daddsub_clz.o(x$fpl$dsub)
    __aeabi_f2d                              0x08009f6d   Thumb Code     0  f2d.o(x$fpl$f2d)
    _f2d                                     0x08009f6d   Thumb Code    86  f2d.o(x$fpl$f2d)
    __aeabi_fadd                             0x08009fc5   Thumb Code     0  faddsub_clz.o(x$fpl$fadd)
    _fadd                                    0x08009fc5   Thumb Code   196  faddsub_clz.o(x$fpl$fadd)
    __fpl_fcmp_Inf                           0x0800a089   Thumb Code    24  fcmpi.o(x$fpl$fcmpinf)
    __aeabi_fdiv                             0x0800a0a1   Thumb Code     0  fdiv.o(x$fpl$fdiv)
    _fdiv                                    0x0800a0a1   Thumb Code   384  fdiv.o(x$fpl$fdiv)
    __aeabi_f2uiz                            0x0800a225   Thumb Code     0  ffixu.o(x$fpl$ffixu)
    _ffixu                                   0x0800a225   Thumb Code    62  ffixu.o(x$fpl$ffixu)
    __aeabi_ui2f                             0x0800a265   Thumb Code     0  fflt_clz.o(x$fpl$ffltu)
    _ffltu                                   0x0800a265   Thumb Code    38  fflt_clz.o(x$fpl$ffltu)
    __aeabi_cfcmple                          0x0800a28d   Thumb Code     0  fleqf.o(x$fpl$fleqf)
    _fcmple                                  0x0800a28d   Thumb Code   104  fleqf.o(x$fpl$fleqf)
    __fpl_fcmple_InfNaN                      0x0800a2df   Thumb Code     0  fleqf.o(x$fpl$fleqf)
    __aeabi_fmul                             0x0800a2f5   Thumb Code     0  fmul.o(x$fpl$fmul)
    _fmul                                    0x0800a2f5   Thumb Code   258  fmul.o(x$fpl$fmul)
    __fpl_fnaninf                            0x0800a3f7   Thumb Code   140  fnaninf.o(x$fpl$fnaninf)
    __fpl_fretinf                            0x0800a483   Thumb Code    10  fretinf.o(x$fpl$fretinf)
    __aeabi_cfrcmple                         0x0800a48d   Thumb Code     0  frleqf.o(x$fpl$frleqf)
    _frcmple                                 0x0800a48d   Thumb Code    98  frleqf.o(x$fpl$frleqf)
    __aeabi_frsub                            0x0800a4ef   Thumb Code     0  faddsub_clz.o(x$fpl$frsb)
    _frsb                                    0x0800a4ef   Thumb Code    20  faddsub_clz.o(x$fpl$frsb)
    __aeabi_fsub                             0x0800a505   Thumb Code     0  faddsub_clz.o(x$fpl$fsub)
    _fsub                                    0x0800a505   Thumb Code   234  faddsub_clz.o(x$fpl$fsub)
    _printf_fp_dec                           0x0800a5ef   Thumb Code     4  printf1.o(x$fpl$printf1)
    _printf_fp_hex                           0x0800a5f3   Thumb Code     4  printf2.o(x$fpl$printf2)
    __fpl_return_NaN                         0x0800a5f7   Thumb Code   100  retnan.o(x$fpl$retnan)
    __ARM_scalbn                             0x0800a65b   Thumb Code    92  scalbn.o(x$fpl$scalbn)
    __fpl_cmpreturn                          0x0800a6b7   Thumb Code    48  trapv.o(x$fpl$trapveneer)
    __I$use$fp                               0x0800a6e6   Number         0  usenofp.o(x$fpl$usenofp)
    Set_Current_Table                        0x0800a6e8   Data         160  pid.o(.constdata)
    Set_Init_Value                           0x0800a788   Data          40  pid.o(.constdata)
    Music_Code_1                             0x0800a7b0   Data           6  tim.o(.constdata)
    Music_Code_2                             0x0800a7b6   Data           4  tim.o(.constdata)
    Music_Code_3                             0x0800a7ba   Data           6  tim.o(.constdata)
    Music_Code_4                             0x0800a7c0   Data           6  tim.o(.constdata)
    Music_Code_5                             0x0800a7c6   Data           6  tim.o(.constdata)
    Music_Code_6                             0x0800a7cc   Data           6  tim.o(.constdata)
    AHBPrescTable                            0x0800a7d2   Data          16  system_stm32f1xx.o(.constdata)
    APBPrescTable                            0x0800a7e2   Data           8  system_stm32f1xx.o(.constdata)
    Region$$Table$$Base                      0x0800aa80   Number         0  anon$$obj.o(Region$$Table)
    Region$$Table$$Limit                     0x0800aaa0   Number         0  anon$$obj.o(Region$$Table)
    __ctype                                  0x0800aac9   Data           0  lc_ctype_c.o(locale$$data)
    LED_ZS                                   0x20000000   Data           1  bsp_led.o(.data)
    LED_DJ                                   0x20000001   Data           1  bsp_led.o(.data)
    LED_CX                                   0x20000002   Data           1  bsp_led.o(.data)
    LED_QS                                   0x20000003   Data           1  bsp_led.o(.data)
    LED_Brightness                           0x20000004   Data           1  bsp_led.o(.data)
    Refresh_LED                              0x20000005   Data           1  bsp_led.o(.data)
    Standby_Time_Delay                       0x20000006   Data           1  bsp_led.o(.data)
    Key_Now_Mode                             0x20000018   Data           3  system.o(.data)
    Key_Last_Mode                            0x2000001b   Data           3  system.o(.data)
    Power_Mode                               0x2000001e   Data           1  system.o(.data)
    MSecond                                  0x20000020   Data           2  system.o(.data)
    Second                                   0x20000022   Data           1  system.o(.data)
    Minute                                   0x20000023   Data           1  system.o(.data)
    Hour                                     0x20000024   Data           2  system.o(.data)
    MS_Flage                                 0x20000026   Data           1  system.o(.data)
    Hour_Flage                               0x20000027   Data           1  system.o(.data)
    Second_flage                             0x20000028   Data           1  system.o(.data)
    Speak_Mode                               0x20000029   Data           1  system.o(.data)
    JS_VA_Time                               0x2000002a   Data           1  system.o(.data)
    ElE_Work_Mode                            0x2000002b   Data           1  system.o(.data)
    ELE_Strength                             0x2000002c   Data           1  system.o(.data)
    SET_Ele_Value                            0x2000002d   Data           1  system.o(.data)
    TLP0501_Value                            0x2000002e   Data           1  system.o(.data)
    Flow_Now_Value                           0x20000030   Data           4  system.o(.data)
    Flow_Now_Fre                             0x20000034   Data           4  system.o(.data)
    Last_Float_Flow                          0x20000038   Data           4  system.o(.data)
    Fanxi_Float_Flow                         0x20000040   Data           8  system.o(.data)
    Toatl_Float_Flow                         0x20000048   Data           8  system.o(.data)
    LLJ_Rest_Time                            0x20000050   Data           1  system.o(.data)
    LLJ_Start_Flage                          0x20000051   Data           1  system.o(.data)
    LLJ_End_Flage                            0x20000052   Data           1  system.o(.data)
    LLJ_Now_Value                            0x20000054   Data           2  system.o(.data)
    Fanxi_Flage                              0x20000056   Data           1  system.o(.data)
    Auto_Fanxi_Flage                         0x20000057   Data           1  system.o(.data)
    Fanxi_Mode                               0x20000058   Data           1  system.o(.data)
    Fanxi_Delay_Time                         0x2000005a   Data           2  system.o(.data)
    Fanxi_Continue_Time                      0x2000005c   Data           2  system.o(.data)
    Chongxi_Continue_Time                    0x2000005e   Data           2  system.o(.data)
    Fanxi_Step                               0x20000060   Data           1  system.o(.data)
    Queshi_Flage                             0x20000061   Data           1  system.o(.data)
    Queshui_Delay_Time                       0x20000062   Data           2  system.o(.data)
    Fanxi_Num                                0x20000064   Data           2  system.o(.data)
    Fanxi_Value_Table                        0x20000066   Data          10  system.o(.data)
    Auto_Fanxi_Value                         0x20000070   Data           2  system.o(.data)
    PP_Filter_Life                           0x20000098   Data           2  filter.o(.data)
    C1_Filter_Life                           0x2000009a   Data           2  filter.o(.data)
    UDF_Filter_Life                          0x2000009c   Data           2  filter.o(.data)
    C2_Filter_Life                           0x2000009e   Data           2  filter.o(.data)
    PP_Write_Flage                           0x200000b8   Data           1  filter.o(.data)
    C1_Write_Flage                           0x200000b9   Data           1  filter.o(.data)
    UDF_Write_Flage                          0x200000ba   Data           1  filter.o(.data)
    C2_Write_Flage                           0x200000bb   Data           1  filter.o(.data)
    Filter_Polling_Order                     0x200000bc   Data           1  filter.o(.data)
    Probe_PP                                 0x200000bd   Data           1  filter.o(.data)
    Probe_C1                                 0x200000be   Data           1  filter.o(.data)
    Probe_UDF                                0x200000bf   Data           1  filter.o(.data)
    Probe_C2                                 0x200000c0   Data           1  filter.o(.data)
    LED_PP                                   0x200000c1   Data           1  filter.o(.data)
    LED_C1                                   0x200000c2   Data           1  filter.o(.data)
    LED_UDF                                  0x200000c3   Data           1  filter.o(.data)
    LED_C2                                   0x200000c4   Data           1  filter.o(.data)
    Read_Filter_Flage                        0x200000c5   Data           1  filter.o(.data)
    VarValue                                 0x20000108   Data           2  feeprom.o(.data)
    DataVar                                  0x2000010a   Data           2  feeprom.o(.data)
    Tds_Test_Flage                           0x20000110   Data           1  adc.o(.data)
    ELE_Current                              0x20000114   Data           4  adc.o(.data)
    ELE_Value                                0x20000118   Data           4  adc.o(.data)
    SYS_Value                                0x2000011c   Data           4  adc.o(.data)
    TDS_Value                                0x20000120   Data           4  adc.o(.data)
    Speak_Flage                              0x20000132   Data           1  tim.o(.data)
    Usart1_Ready_Flage                       0x2000013e   Data           1  usart.o(.data)
    Usart3_Ready_Flage                       0x2000013f   Data           1  usart.o(.data)
    Usart1_Send_Flage                        0x20000140   Data           1  usart.o(.data)
    Usart3_Send_Flage                        0x20000141   Data           1  usart.o(.data)
    Usart1_Rx_Size                           0x20000142   Data           2  usart.o(.data)
    Usart3_Rx_Size                           0x20000144   Data           2  usart.o(.data)
    SystemCoreClock                          0x20000148   Data           4  system_stm32f1xx.o(.data)
    uwTickFreq                               0x2000014c   Data           1  stm32f1xx_hal.o(.data)
    uwTickPrio                               0x20000150   Data           4  stm32f1xx_hal.o(.data)
    uwTick                                   0x20000154   Data           4  stm32f1xx_hal.o(.data)
    VirtAddVarTab                            0x20000164   Data          30  feeprom.o(.bss)
    TDS_ADC_Value                            0x20000184   Data          60  adc.o(.bss)
    ADC_Value                                0x200001c0   Data         180  adc.o(.bss)
    hadc1                                    0x20000274   Data          48  adc.o(.bss)
    hadc2                                    0x200002a4   Data          48  adc.o(.bss)
    hdma_adc1                                0x200002d4   Data          68  adc.o(.bss)
    hiwdg                                    0x20000318   Data          12  iwdg.o(.bss)
    hspi2                                    0x20000324   Data          88  spi.o(.bss)
    htim1                                    0x2000037c   Data          72  tim.o(.bss)
    htim3                                    0x200003c4   Data          72  tim.o(.bss)
    htim4                                    0x2000040c   Data          72  tim.o(.bss)
    Usart1_NewFax                            0x20000454   Data         255  usart.o(.bss)
    Usart1_SendFax                           0x20000553   Data         255  usart.o(.bss)
    Usart3_NewFax                            0x20000652   Data         511  usart.o(.bss)
    Usart3_SendFax                           0x20000851   Data         511  usart.o(.bss)
    huart1                                   0x20000b50   Data          68  usart.o(.bss)
    huart3                                   0x20000b94   Data          68  usart.o(.bss)
    hdma_usart1_rx                           0x20000bd8   Data          68  usart.o(.bss)
    hdma_usart1_tx                           0x20000c1c   Data          68  usart.o(.bss)
    hdma_usart3_rx                           0x20000c60   Data          68  usart.o(.bss)
    hdma_usart3_tx                           0x20000ca4   Data          68  usart.o(.bss)
    pFlash                                   0x20000ce8   Data          32  stm32f1xx_hal_flash.o(.bss)
    __libspace_start                         0x20000d08   Data          96  libspace.o(.bss)
    __temporary_stack_top$libspace           0x20000d68   Data           0  libspace.o(.bss)



==============================================================================

Memory Map of the image

  Image Entry point : 0x080000ed

  Load Region LR_IROM1 (Base: 0x08000000, Size: 0x0000ad24, Max: 0x00010000, ABSOLUTE, COMPRESSED[0x0000abfc])

    Execution Region ER_IROM1 (Exec base: 0x08000000, Load base: 0x08000000, Size: 0x0000abcc, Max: 0x00010000, ABSOLUTE)

    Exec Addr    Load Addr    Size         Type   Attr      Idx    E Section Name        Object

    0x08000000   0x08000000   0x000000ec   Data   RO            3    RESET               startup_stm32f103xb.o
    0x080000ec   0x080000ec   0x00000008   Code   RO         4089  * !!!main             c_w.l(__main.o)
    0x080000f4   0x080000f4   0x00000034   Code   RO         4528    !!!scatter          c_w.l(__scatter.o)
    0x08000128   0x08000128   0x0000003a   Code   RO         4526    !!dczerorl          c_w.l(__dczerorl.o)
    0x08000162   0x08000162   0x00000002   PAD
    0x08000164   0x08000164   0x0000001c   Code   RO         4530    !!handler_zi        c_w.l(__scatter_zi.o)
    0x08000180   0x08000180   0x00000000   Code   RO         4243    .ARM.Collect$$_printf_percent$$00000000  c_w.l(_printf_percent.o)
    0x08000180   0x08000180   0x00000006   Code   RO         4232    .ARM.Collect$$_printf_percent$$00000001  c_w.l(_printf_n.o)
    0x08000186   0x08000186   0x00000006   Code   RO         4234    .ARM.Collect$$_printf_percent$$00000002  c_w.l(_printf_p.o)
    0x0800018c   0x0800018c   0x00000006   Code   RO         4239    .ARM.Collect$$_printf_percent$$00000003  c_w.l(_printf_f.o)
    0x08000192   0x08000192   0x00000006   Code   RO         4240    .ARM.Collect$$_printf_percent$$00000004  c_w.l(_printf_e.o)
    0x08000198   0x08000198   0x00000006   Code   RO         4241    .ARM.Collect$$_printf_percent$$00000005  c_w.l(_printf_g.o)
    0x0800019e   0x0800019e   0x00000006   Code   RO         4242    .ARM.Collect$$_printf_percent$$00000006  c_w.l(_printf_a.o)
    0x080001a4   0x080001a4   0x0000000a   Code   RO         4247    .ARM.Collect$$_printf_percent$$00000007  c_w.l(_printf_ll.o)
    0x080001ae   0x080001ae   0x00000006   Code   RO         4236    .ARM.Collect$$_printf_percent$$00000008  c_w.l(_printf_i.o)
    0x080001b4   0x080001b4   0x00000006   Code   RO         4237    .ARM.Collect$$_printf_percent$$00000009  c_w.l(_printf_d.o)
    0x080001ba   0x080001ba   0x00000006   Code   RO         4238    .ARM.Collect$$_printf_percent$$0000000A  c_w.l(_printf_u.o)
    0x080001c0   0x080001c0   0x00000006   Code   RO         4235    .ARM.Collect$$_printf_percent$$0000000B  c_w.l(_printf_o.o)
    0x080001c6   0x080001c6   0x00000006   Code   RO         4233    .ARM.Collect$$_printf_percent$$0000000C  c_w.l(_printf_x.o)
    0x080001cc   0x080001cc   0x00000006   Code   RO         4244    .ARM.Collect$$_printf_percent$$0000000D  c_w.l(_printf_lli.o)
    0x080001d2   0x080001d2   0x00000006   Code   RO         4245    .ARM.Collect$$_printf_percent$$0000000E  c_w.l(_printf_lld.o)
    0x080001d8   0x080001d8   0x00000006   Code   RO         4246    .ARM.Collect$$_printf_percent$$0000000F  c_w.l(_printf_llu.o)
    0x080001de   0x080001de   0x00000006   Code   RO         4251    .ARM.Collect$$_printf_percent$$00000010  c_w.l(_printf_llo.o)
    0x080001e4   0x080001e4   0x00000006   Code   RO         4252    .ARM.Collect$$_printf_percent$$00000011  c_w.l(_printf_llx.o)
    0x080001ea   0x080001ea   0x0000000a   Code   RO         4248    .ARM.Collect$$_printf_percent$$00000012  c_w.l(_printf_l.o)
    0x080001f4   0x080001f4   0x00000006   Code   RO         4230    .ARM.Collect$$_printf_percent$$00000013  c_w.l(_printf_c.o)
    0x080001fa   0x080001fa   0x00000006   Code   RO         4231    .ARM.Collect$$_printf_percent$$00000014  c_w.l(_printf_s.o)
    0x08000200   0x08000200   0x00000006   Code   RO         4249    .ARM.Collect$$_printf_percent$$00000015  c_w.l(_printf_lc.o)
    0x08000206   0x08000206   0x00000006   Code   RO         4250    .ARM.Collect$$_printf_percent$$00000016  c_w.l(_printf_ls.o)
    0x0800020c   0x0800020c   0x00000004   Code   RO         4334    .ARM.Collect$$_printf_percent$$00000017  c_w.l(_printf_percent_end.o)
    0x08000210   0x08000210   0x00000002   Code   RO         4388    .ARM.Collect$$libinit$$00000000  c_w.l(libinit.o)
    0x08000212   0x08000212   0x00000000   Code   RO         4401    .ARM.Collect$$libinit$$00000002  c_w.l(libinit2.o)
    0x08000212   0x08000212   0x00000000   Code   RO         4403    .ARM.Collect$$libinit$$00000004  c_w.l(libinit2.o)
    0x08000212   0x08000212   0x00000000   Code   RO         4406    .ARM.Collect$$libinit$$0000000A  c_w.l(libinit2.o)
    0x08000212   0x08000212   0x00000000   Code   RO         4408    .ARM.Collect$$libinit$$0000000C  c_w.l(libinit2.o)
    0x08000212   0x08000212   0x00000000   Code   RO         4410    .ARM.Collect$$libinit$$0000000E  c_w.l(libinit2.o)
    0x08000212   0x08000212   0x00000006   Code   RO         4411    .ARM.Collect$$libinit$$0000000F  c_w.l(libinit2.o)
    0x08000218   0x08000218   0x00000000   Code   RO         4413    .ARM.Collect$$libinit$$00000011  c_w.l(libinit2.o)
    0x08000218   0x08000218   0x0000000c   Code   RO         4414    .ARM.Collect$$libinit$$00000012  c_w.l(libinit2.o)
    0x08000224   0x08000224   0x00000000   Code   RO         4415    .ARM.Collect$$libinit$$00000013  c_w.l(libinit2.o)
    0x08000224   0x08000224   0x00000000   Code   RO         4417    .ARM.Collect$$libinit$$00000015  c_w.l(libinit2.o)
    0x08000224   0x08000224   0x0000000a   Code   RO         4418    .ARM.Collect$$libinit$$00000016  c_w.l(libinit2.o)
    0x0800022e   0x0800022e   0x00000000   Code   RO         4419    .ARM.Collect$$libinit$$00000017  c_w.l(libinit2.o)
    0x0800022e   0x0800022e   0x00000000   Code   RO         4421    .ARM.Collect$$libinit$$00000019  c_w.l(libinit2.o)
    0x0800022e   0x0800022e   0x00000000   Code   RO         4423    .ARM.Collect$$libinit$$0000001B  c_w.l(libinit2.o)
    0x0800022e   0x0800022e   0x00000000   Code   RO         4425    .ARM.Collect$$libinit$$0000001D  c_w.l(libinit2.o)
    0x0800022e   0x0800022e   0x00000000   Code   RO         4427    .ARM.Collect$$libinit$$0000001F  c_w.l(libinit2.o)
    0x0800022e   0x0800022e   0x00000000   Code   RO         4429    .ARM.Collect$$libinit$$00000021  c_w.l(libinit2.o)
    0x0800022e   0x0800022e   0x00000000   Code   RO         4431    .ARM.Collect$$libinit$$00000023  c_w.l(libinit2.o)
    0x0800022e   0x0800022e   0x00000000   Code   RO         4433    .ARM.Collect$$libinit$$00000025  c_w.l(libinit2.o)
    0x0800022e   0x0800022e   0x00000000   Code   RO         4437    .ARM.Collect$$libinit$$0000002C  c_w.l(libinit2.o)
    0x0800022e   0x0800022e   0x00000000   Code   RO         4439    .ARM.Collect$$libinit$$0000002E  c_w.l(libinit2.o)
    0x0800022e   0x0800022e   0x00000000   Code   RO         4441    .ARM.Collect$$libinit$$00000030  c_w.l(libinit2.o)
    0x0800022e   0x0800022e   0x00000000   Code   RO         4443    .ARM.Collect$$libinit$$00000032  c_w.l(libinit2.o)
    0x0800022e   0x0800022e   0x00000002   Code   RO         4444    .ARM.Collect$$libinit$$00000033  c_w.l(libinit2.o)
    0x08000230   0x08000230   0x00000002   Code   RO         4466    .ARM.Collect$$libshutdown$$00000000  c_w.l(libshutdown.o)
    0x08000232   0x08000232   0x00000000   Code   RO         4479    .ARM.Collect$$libshutdown$$00000002  c_w.l(libshutdown2.o)
    0x08000232   0x08000232   0x00000000   Code   RO         4481    .ARM.Collect$$libshutdown$$00000004  c_w.l(libshutdown2.o)
    0x08000232   0x08000232   0x00000000   Code   RO         4484    .ARM.Collect$$libshutdown$$00000007  c_w.l(libshutdown2.o)
    0x08000232   0x08000232   0x00000000   Code   RO         4487    .ARM.Collect$$libshutdown$$0000000A  c_w.l(libshutdown2.o)
    0x08000232   0x08000232   0x00000000   Code   RO         4489    .ARM.Collect$$libshutdown$$0000000C  c_w.l(libshutdown2.o)
    0x08000232   0x08000232   0x00000000   Code   RO         4492    .ARM.Collect$$libshutdown$$0000000F  c_w.l(libshutdown2.o)
    0x08000232   0x08000232   0x00000002   Code   RO         4493    .ARM.Collect$$libshutdown$$00000010  c_w.l(libshutdown2.o)
    0x08000234   0x08000234   0x00000000   Code   RO         4157    .ARM.Collect$$rtentry$$00000000  c_w.l(__rtentry.o)
    0x08000234   0x08000234   0x00000000   Code   RO         4300    .ARM.Collect$$rtentry$$00000002  c_w.l(__rtentry2.o)
    0x08000234   0x08000234   0x00000006   Code   RO         4312    .ARM.Collect$$rtentry$$00000004  c_w.l(__rtentry4.o)
    0x0800023a   0x0800023a   0x00000000   Code   RO         4302    .ARM.Collect$$rtentry$$00000009  c_w.l(__rtentry2.o)
    0x0800023a   0x0800023a   0x00000004   Code   RO         4303    .ARM.Collect$$rtentry$$0000000A  c_w.l(__rtentry2.o)
    0x0800023e   0x0800023e   0x00000000   Code   RO         4305    .ARM.Collect$$rtentry$$0000000C  c_w.l(__rtentry2.o)
    0x0800023e   0x0800023e   0x00000008   Code   RO         4306    .ARM.Collect$$rtentry$$0000000D  c_w.l(__rtentry2.o)
    0x08000246   0x08000246   0x00000002   Code   RO         4393    .ARM.Collect$$rtexit$$00000000  c_w.l(rtexit.o)
    0x08000248   0x08000248   0x00000000   Code   RO         4448    .ARM.Collect$$rtexit$$00000002  c_w.l(rtexit2.o)
    0x08000248   0x08000248   0x00000004   Code   RO         4449    .ARM.Collect$$rtexit$$00000003  c_w.l(rtexit2.o)
    0x0800024c   0x0800024c   0x00000006   Code   RO         4450    .ARM.Collect$$rtexit$$00000004  c_w.l(rtexit2.o)
    0x08000252   0x08000252   0x00000002   PAD
    0x08000254   0x08000254   0x00000040   Code   RO            4    .text               startup_stm32f103xb.o
    0x08000294   0x08000294   0x00000026   Code   RO         4077    .text               c_w.l(llushr.o)
    0x080002ba   0x080002ba   0x00000002   PAD
    0x080002bc   0x080002bc   0x00000034   Code   RO         4079    .text               c_w.l(vsnprintf.o)
    0x080002f0   0x080002f0   0x0000008a   Code   RO         4081    .text               c_w.l(rt_memcpy_v6.o)
    0x0800037a   0x0800037a   0x00000064   Code   RO         4083    .text               c_w.l(rt_memcpy_w.o)
    0x080003de   0x080003de   0x0000004e   Code   RO         4085    .text               c_w.l(rt_memclr_w.o)
    0x0800042c   0x0800042c   0x00000006   Code   RO         4087    .text               c_w.l(heapauxi.o)
    0x08000432   0x08000432   0x00000016   Code   RO         4158    .text               c_w.l(_rserrno.o)
    0x08000448   0x08000448   0x0000004e   Code   RO         4162    .text               c_w.l(_printf_pad.o)
    0x08000496   0x08000496   0x00000024   Code   RO         4164    .text               c_w.l(_printf_truncate.o)
    0x080004ba   0x080004ba   0x00000052   Code   RO         4166    .text               c_w.l(_printf_str.o)
    0x0800050c   0x0800050c   0x00000078   Code   RO         4168    .text               c_w.l(_printf_dec.o)
    0x08000584   0x08000584   0x00000028   Code   RO         4170    .text               c_w.l(_printf_charcount.o)
    0x080005ac   0x080005ac   0x00000030   Code   RO         4172    .text               c_w.l(_printf_char_common.o)
    0x080005dc   0x080005dc   0x0000000a   Code   RO         4174    .text               c_w.l(_sputc.o)
    0x080005e6   0x080005e6   0x00000010   Code   RO         4176    .text               c_w.l(_snputc.o)
    0x080005f6   0x080005f6   0x00000002   PAD
    0x080005f8   0x080005f8   0x000000bc   Code   RO         4178    .text               c_w.l(_printf_wctomb.o)
    0x080006b4   0x080006b4   0x0000007c   Code   RO         4181    .text               c_w.l(_printf_longlong_dec.o)
    0x08000730   0x08000730   0x00000070   Code   RO         4187    .text               c_w.l(_printf_oct_int_ll.o)
    0x080007a0   0x080007a0   0x00000094   Code   RO         4207    .text               c_w.l(_printf_hex_int_ll_ptr.o)
    0x08000834   0x08000834   0x00000188   Code   RO         4227    .text               c_w.l(__printf_flags_ss_wp.o)
    0x080009bc   0x080009bc   0x00000008   Code   RO         4317    .text               c_w.l(rt_errno_addr_intlibspace.o)
    0x080009c4   0x080009c4   0x0000008a   Code   RO         4319    .text               c_w.l(lludiv10.o)
    0x08000a4e   0x08000a4e   0x000000b2   Code   RO         4321    .text               c_w.l(_printf_intcommon.o)
    0x08000b00   0x08000b00   0x0000041e   Code   RO         4323    .text               c_w.l(_printf_fp_dec.o)
    0x08000f1e   0x08000f1e   0x00000002   PAD
    0x08000f20   0x08000f20   0x000002fc   Code   RO         4325    .text               c_w.l(_printf_fp_hex.o)
    0x0800121c   0x0800121c   0x0000002c   Code   RO         4330    .text               c_w.l(_printf_char.o)
    0x08001248   0x08001248   0x0000002c   Code   RO         4332    .text               c_w.l(_printf_wchar.o)
    0x08001274   0x08001274   0x00000040   Code   RO         4335    .text               c_w.l(_wcrtomb.o)
    0x080012b4   0x080012b4   0x00000008   Code   RO         4339    .text               c_w.l(libspace.o)
    0x080012bc   0x080012bc   0x0000004a   Code   RO         4342    .text               c_w.l(sys_stackheap_outer.o)
    0x08001306   0x08001306   0x00000002   PAD
    0x08001308   0x08001308   0x00000010   Code   RO         4344    .text               c_w.l(rt_ctype_table.o)
    0x08001318   0x08001318   0x00000008   Code   RO         4349    .text               c_w.l(rt_locale_intlibspace.o)
    0x08001320   0x08001320   0x00000080   Code   RO         4351    .text               c_w.l(_printf_fp_infnan.o)
    0x080013a0   0x080013a0   0x000000e4   Code   RO         4353    .text               c_w.l(bigflt0.o)
    0x08001484   0x08001484   0x00000012   Code   RO         4381    .text               c_w.l(exit.o)
    0x08001496   0x08001496   0x00000002   PAD
    0x08001498   0x08001498   0x00000080   Code   RO         4398    .text               c_w.l(strcmpv7m.o)
    0x08001518   0x08001518   0x0000000c   Code   RO         4458    .text               c_w.l(sys_exit.o)
    0x08001524   0x08001524   0x00000002   Code   RO         4469    .text               c_w.l(use_no_semi.o)
    0x08001526   0x08001526   0x00000000   Code   RO         4471    .text               c_w.l(indicate_semi.o)
    0x08001526   0x08001526   0x0000003e   Code   RO         4356    CL$$btod_d2e        c_w.l(btod.o)
    0x08001564   0x08001564   0x00000046   Code   RO         4358    CL$$btod_d2e_denorm_low  c_w.l(btod.o)
    0x080015aa   0x080015aa   0x00000060   Code   RO         4357    CL$$btod_d2e_norm_op1  c_w.l(btod.o)
    0x0800160a   0x0800160a   0x00000338   Code   RO         4366    CL$$btod_div_common  c_w.l(btod.o)
    0x08001942   0x08001942   0x000000dc   Code   RO         4363    CL$$btod_e2e        c_w.l(btod.o)
    0x08001a1e   0x08001a1e   0x0000002a   Code   RO         4360    CL$$btod_ediv       c_w.l(btod.o)
    0x08001a48   0x08001a48   0x0000002a   Code   RO         4359    CL$$btod_emul       c_w.l(btod.o)
    0x08001a72   0x08001a72   0x00000244   Code   RO         4365    CL$$btod_mult_common  c_w.l(btod.o)
    0x08001cb6   0x08001cb6   0x00000002   PAD
    0x08001cb8   0x08001cb8   0x00000018   Code   RO          875    i.ADC1_2_IRQHandler  stm32f1xx_it.o
    0x08001cd0   0x08001cd0   0x0000005c   Code   RO         1103    i.ADC_ConversionStop_Disable  stm32f1xx_hal_adc.o
    0x08001d2c   0x08001d2c   0x00000052   Code   RO         1104    i.ADC_DMAConvCplt   stm32f1xx_hal_adc.o
    0x08001d7e   0x08001d7e   0x0000001a   Code   RO         1105    i.ADC_DMAError      stm32f1xx_hal_adc.o
    0x08001d98   0x08001d98   0x0000000a   Code   RO         1106    i.ADC_DMAHalfConvCplt  stm32f1xx_hal_adc.o
    0x08001da2   0x08001da2   0x00000002   PAD
    0x08001da4   0x08001da4   0x00000088   Code   RO         1107    i.ADC_Enable        stm32f1xx_hal_adc.o
    0x08001e2c   0x08001e2c   0x000003d0   Code   RO          171    i.ADC_Read_System_Value  system.o
    0x080021fc   0x080021fc   0x00000328   Code   RO          172    i.Back_Wash_Oper    system.o
    0x08002524   0x08002524   0x00000004   Code   RO          876    i.BusFault_Handler  stm32f1xx_it.o
    0x08002528   0x08002528   0x000001b4   Code   RO          173    i.Button_Value_Read  system.o
    0x080026dc   0x080026dc   0x00000178   Code   RO          343    i.Cur_PID_Run       pid.o
    0x08002854   0x08002854   0x00000010   Code   RO          877    i.DMA1_Channel1_IRQHandler  stm32f1xx_it.o
    0x08002864   0x08002864   0x00000010   Code   RO          878    i.DMA1_Channel2_IRQHandler  stm32f1xx_it.o
    0x08002874   0x08002874   0x00000010   Code   RO          879    i.DMA1_Channel3_IRQHandler  stm32f1xx_it.o
    0x08002884   0x08002884   0x00000010   Code   RO          880    i.DMA1_Channel4_IRQHandler  stm32f1xx_it.o
    0x08002894   0x08002894   0x00000010   Code   RO          881    i.DMA1_Channel5_IRQHandler  stm32f1xx_it.o
    0x080028a4   0x080028a4   0x00000038   Code   RO         1762    i.DMA_SetConfig     stm32f1xx_hal_dma.o
    0x080028dc   0x080028dc   0x00000002   Code   RO          882    i.DebugMon_Handler  stm32f1xx_it.o
    0x080028de   0x080028de   0x00000002   PAD
    0x080028e0   0x080028e0   0x00000058   Code   RO          389    i.EE_FindValidPage  feeprom.o
    0x08002938   0x08002938   0x0000006c   Code   RO          390    i.EE_Format         feeprom.o
    0x080029a4   0x080029a4   0x00000284   Code   RO          391    i.EE_Init           feeprom.o
    0x08002c28   0x08002c28   0x00000100   Code   RO          392    i.EE_PageTransfer   feeprom.o
    0x08002d28   0x08002d28   0x00000068   Code   RO          393    i.EE_ReadVariable   feeprom.o
    0x08002d90   0x08002d90   0x00000080   Code   RO          394    i.EE_VerifyPageFullWriteVariable  feeprom.o
    0x08002e10   0x08002e10   0x00000024   Code   RO          395    i.EE_WriteVariable  feeprom.o
    0x08002e34   0x08002e34   0x00000638   Code   RO          282    i.EM4305_Get_NewFAX  filter.o
    0x0800346c   0x0800346c   0x00000068   Code   RO          283    i.EM4305_Read_Data  filter.o
    0x080034d4   0x080034d4   0x0000008c   Code   RO          284    i.EM4305_Write_Data  filter.o
    0x08003560   0x08003560   0x00000002   Code   RO          458    i.Error_Handler     main.o
    0x08003562   0x08003562   0x00000002   PAD
    0x08003564   0x08003564   0x00000024   Code   RO         2197    i.FLASH_MassErase   stm32f1xx_hal_flash_ex.o
    0x08003588   0x08003588   0x00000024   Code   RO         2206    i.FLASH_PageErase   stm32f1xx_hal_flash_ex.o
    0x080035ac   0x080035ac   0x0000001c   Code   RO         2094    i.FLASH_Program_HalfWord  stm32f1xx_hal_flash.o
    0x080035c8   0x080035c8   0x00000064   Code   RO         2095    i.FLASH_SetErrorCode  stm32f1xx_hal_flash.o
    0x0800362c   0x0800362c   0x00000068   Code   RO         2096    i.FLASH_WaitForLastOperation  stm32f1xx_hal_flash.o
    0x08003694   0x08003694   0x00000002   Code   RO         1285    i.HAL_ADCEx_InjectedConvCpltCallback  stm32f1xx_hal_adc_ex.o
    0x08003696   0x08003696   0x00000002   PAD
    0x08003698   0x08003698   0x00000128   Code   RO         1109    i.HAL_ADC_ConfigChannel  stm32f1xx_hal_adc.o
    0x080037c0   0x080037c0   0x00000002   Code   RO         1110    i.HAL_ADC_ConvCpltCallback  stm32f1xx_hal_adc.o
    0x080037c2   0x080037c2   0x00000002   Code   RO         1111    i.HAL_ADC_ConvHalfCpltCallback  stm32f1xx_hal_adc.o
    0x080037c4   0x080037c4   0x00000002   Code   RO         1113    i.HAL_ADC_ErrorCallback  stm32f1xx_hal_adc.o
    0x080037c6   0x080037c6   0x00000006   Code   RO         1116    i.HAL_ADC_GetValue  stm32f1xx_hal_adc.o
    0x080037cc   0x080037cc   0x000000fe   Code   RO         1117    i.HAL_ADC_IRQHandler  stm32f1xx_hal_adc.o
    0x080038ca   0x080038ca   0x00000002   PAD
    0x080038cc   0x080038cc   0x00000120   Code   RO         1118    i.HAL_ADC_Init      stm32f1xx_hal_adc.o
    0x080039ec   0x080039ec   0x00000002   Code   RO         1119    i.HAL_ADC_LevelOutOfWindowCallback  stm32f1xx_hal_adc.o
    0x080039ee   0x080039ee   0x00000002   PAD
    0x080039f0   0x080039f0   0x00000124   Code   RO          527    i.HAL_ADC_MspInit   adc.o
    0x08003b14   0x08003b14   0x00000178   Code   RO         1122    i.HAL_ADC_PollForConversion  stm32f1xx_hal_adc.o
    0x08003c8c   0x08003c8c   0x000000e4   Code   RO         1124    i.HAL_ADC_Start     stm32f1xx_hal_adc.o
    0x08003d70   0x08003d70   0x00000130   Code   RO         1125    i.HAL_ADC_Start_DMA  stm32f1xx_hal_adc.o
    0x08003ea0   0x08003ea0   0x00000048   Code   RO         1763    i.HAL_DMA_Abort     stm32f1xx_hal_dma.o
    0x08003ee8   0x08003ee8   0x000000a4   Code   RO         1764    i.HAL_DMA_Abort_IT  stm32f1xx_hal_dma.o
    0x08003f8c   0x08003f8c   0x00000068   Code   RO         1765    i.HAL_DMA_DeInit    stm32f1xx_hal_dma.o
    0x08003ff4   0x08003ff4   0x00000004   Code   RO         1766    i.HAL_DMA_GetError  stm32f1xx_hal_dma.o
    0x08003ff8   0x08003ff8   0x00000170   Code   RO         1768    i.HAL_DMA_IRQHandler  stm32f1xx_hal_dma.o
    0x08004168   0x08004168   0x00000084   Code   RO         1769    i.HAL_DMA_Init      stm32f1xx_hal_dma.o
    0x080041ec   0x080041ec   0x0000007c   Code   RO         1773    i.HAL_DMA_Start_IT  stm32f1xx_hal_dma.o
    0x08004268   0x08004268   0x00000028   Code   RO         1386    i.HAL_Delay         stm32f1xx_hal.o
    0x08004290   0x08004290   0x000000b4   Code   RO         2207    i.HAL_FLASHEx_Erase  stm32f1xx_hal_flash_ex.o
    0x08004344   0x08004344   0x00000014   Code   RO         2100    i.HAL_FLASH_Lock    stm32f1xx_hal_flash.o
    0x08004358   0x08004358   0x00000094   Code   RO         2105    i.HAL_FLASH_Program  stm32f1xx_hal_flash.o
    0x080043ec   0x080043ec   0x0000002c   Code   RO         2107    i.HAL_FLASH_Unlock  stm32f1xx_hal_flash.o
    0x08004418   0x08004418   0x0000012c   Code   RO         1696    i.HAL_GPIO_DeInit   stm32f1xx_hal_gpio.o
    0x08004544   0x08004544   0x000001fc   Code   RO         1699    i.HAL_GPIO_Init     stm32f1xx_hal_gpio.o
    0x08004740   0x08004740   0x0000000e   Code   RO         1701    i.HAL_GPIO_ReadPin  stm32f1xx_hal_gpio.o
    0x0800474e   0x0800474e   0x00000010   Code   RO         1702    i.HAL_GPIO_TogglePin  stm32f1xx_hal_gpio.o
    0x0800475e   0x0800475e   0x0000000e   Code   RO         1703    i.HAL_GPIO_WritePin  stm32f1xx_hal_gpio.o
    0x0800476c   0x0800476c   0x0000000c   Code   RO         1390    i.HAL_GetTick       stm32f1xx_hal.o
    0x08004778   0x08004778   0x00000066   Code   RO         2375    i.HAL_IWDG_Init     stm32f1xx_hal_iwdg.o
    0x080047de   0x080047de   0x0000000c   Code   RO         2376    i.HAL_IWDG_Refresh  stm32f1xx_hal_iwdg.o
    0x080047ea   0x080047ea   0x00000002   PAD
    0x080047ec   0x080047ec   0x00000010   Code   RO         1396    i.HAL_IncTick       stm32f1xx_hal.o
    0x080047fc   0x080047fc   0x00000024   Code   RO         1397    i.HAL_Init          stm32f1xx_hal.o
    0x08004820   0x08004820   0x00000044   Code   RO         1398    i.HAL_InitTick      stm32f1xx_hal.o
    0x08004864   0x08004864   0x00000054   Code   RO         1006    i.HAL_MspInit       stm32f1xx_hal_msp.o
    0x080048b8   0x080048b8   0x00000024   Code   RO         1858    i.HAL_NVIC_DisableIRQ  stm32f1xx_hal_cortex.o
    0x080048dc   0x080048dc   0x0000001c   Code   RO         1859    i.HAL_NVIC_EnableIRQ  stm32f1xx_hal_cortex.o
    0x080048f8   0x080048f8   0x00000068   Code   RO         1865    i.HAL_NVIC_SetPriority  stm32f1xx_hal_cortex.o
    0x08004960   0x08004960   0x00000024   Code   RO         1866    i.HAL_NVIC_SetPriorityGrouping  stm32f1xx_hal_cortex.o
    0x08004984   0x08004984   0x000000fc   Code   RO         1661    i.HAL_RCCEx_GetPeriphCLKFreq  stm32f1xx_hal_rcc_ex.o
    0x08004a80   0x08004a80   0x00000130   Code   RO         1662    i.HAL_RCCEx_PeriphCLKConfig  stm32f1xx_hal_rcc_ex.o
    0x08004bb0   0x08004bb0   0x00000180   Code   RO         1554    i.HAL_RCC_ClockConfig  stm32f1xx_hal_rcc.o
    0x08004d30   0x08004d30   0x0000000c   Code   RO         1557    i.HAL_RCC_EnableCSS  stm32f1xx_hal_rcc.o
    0x08004d3c   0x08004d3c   0x0000000c   Code   RO         1559    i.HAL_RCC_GetHCLKFreq  stm32f1xx_hal_rcc.o
    0x08004d48   0x08004d48   0x00000020   Code   RO         1561    i.HAL_RCC_GetPCLK1Freq  stm32f1xx_hal_rcc.o
    0x08004d68   0x08004d68   0x00000020   Code   RO         1562    i.HAL_RCC_GetPCLK2Freq  stm32f1xx_hal_rcc.o
    0x08004d88   0x08004d88   0x00000078   Code   RO         1563    i.HAL_RCC_GetSysClockFreq  stm32f1xx_hal_rcc.o
    0x08004e00   0x08004e00   0x0000042c   Code   RO         1566    i.HAL_RCC_OscConfig  stm32f1xx_hal_rcc.o
    0x0800522c   0x0800522c   0x000000b4   Code   RO         2416    i.HAL_SPI_Init      stm32f1xx_hal_spi.o
    0x080052e0   0x080052e0   0x00000074   Code   RO          640    i.HAL_SPI_MspInit   spi.o
    0x08005354   0x08005354   0x0000019c   Code   RO         2424    i.HAL_SPI_Transmit  stm32f1xx_hal_spi.o
    0x080054f0   0x080054f0   0x00000028   Code   RO         1870    i.HAL_SYSTICK_Config  stm32f1xx_hal_cortex.o
    0x08005518   0x08005518   0x00000002   Code   RO         3444    i.HAL_TIMEx_BreakCallback  stm32f1xx_hal_tim_ex.o
    0x0800551a   0x0800551a   0x00000002   Code   RO         3445    i.HAL_TIMEx_CommutCallback  stm32f1xx_hal_tim_ex.o
    0x0800551c   0x0800551c   0x00000066   Code   RO         3447    i.HAL_TIMEx_ConfigBreakDeadTime  stm32f1xx_hal_tim_ex.o
    0x08005582   0x08005582   0x00000072   Code   RO         3463    i.HAL_TIMEx_MasterConfigSynchronization  stm32f1xx_hal_tim_ex.o
    0x080055f4   0x080055f4   0x000000ac   Code   RO          687    i.HAL_TIM_IC_CaptureCallback  tim.o
    0x080056a0   0x080056a0   0x000000b4   Code   RO         2765    i.HAL_TIM_IC_ConfigChannel  stm32f1xx_hal_tim.o
    0x08005754   0x08005754   0x0000005c   Code   RO         2768    i.HAL_TIM_IC_Init   stm32f1xx_hal_tim.o
    0x080057b0   0x080057b0   0x00000084   Code   RO          689    i.HAL_TIM_IC_MspInit  tim.o
    0x08005834   0x08005834   0x00000122   Code   RO         2773    i.HAL_TIM_IC_Start_IT  stm32f1xx_hal_tim.o
    0x08005956   0x08005956   0x00000174   Code   RO         2777    i.HAL_TIM_IRQHandler  stm32f1xx_hal_tim.o
    0x08005aca   0x08005aca   0x00000002   PAD
    0x08005acc   0x08005acc   0x00000094   Code   RO          690    i.HAL_TIM_MspPostInit  tim.o
    0x08005b60   0x08005b60   0x00000002   Code   RO         2780    i.HAL_TIM_OC_DelayElapsedCallback  stm32f1xx_hal_tim.o
    0x08005b62   0x08005b62   0x000000d2   Code   RO         2801    i.HAL_TIM_PWM_ConfigChannel  stm32f1xx_hal_tim.o
    0x08005c34   0x08005c34   0x0000005c   Code   RO         2804    i.HAL_TIM_PWM_Init  stm32f1xx_hal_tim.o
    0x08005c90   0x08005c90   0x00000058   Code   RO          692    i.HAL_TIM_PWM_MspInit  tim.o
    0x08005ce8   0x08005ce8   0x00000002   Code   RO         2807    i.HAL_TIM_PWM_PulseFinishedCallback  stm32f1xx_hal_tim.o
    0x08005cea   0x08005cea   0x00000002   PAD
    0x08005cec   0x08005cec   0x000000b0   Code   RO         2809    i.HAL_TIM_PWM_Start  stm32f1xx_hal_tim.o
    0x08005d9c   0x08005d9c   0x00000072   Code   RO         2812    i.HAL_TIM_PWM_Stop  stm32f1xx_hal_tim.o
    0x08005e0e   0x08005e0e   0x00000002   Code   RO         2815    i.HAL_TIM_PeriodElapsedCallback  stm32f1xx_hal_tim.o
    0x08005e10   0x08005e10   0x0000002c   Code   RO         2817    i.HAL_TIM_ReadCapturedValue  stm32f1xx_hal_tim.o
    0x08005e3c   0x08005e3c   0x00000002   Code   RO         2820    i.HAL_TIM_TriggerCallback  stm32f1xx_hal_tim.o
    0x08005e3e   0x08005e3e   0x00000002   Code   RO         3722    i.HAL_UARTEx_RxEventCallback  stm32f1xx_hal_uart.o
    0x08005e40   0x08005e40   0x000000a6   Code   RO         3723    i.HAL_UART_Abort    stm32f1xx_hal_uart.o
    0x08005ee6   0x08005ee6   0x00000036   Code   RO         3735    i.HAL_UART_DeInit   stm32f1xx_hal_uart.o
    0x08005f1c   0x08005f1c   0x00000002   Code   RO         3736    i.HAL_UART_ErrorCallback  stm32f1xx_hal_uart.o
    0x08005f1e   0x08005f1e   0x00000002   PAD
    0x08005f20   0x08005f20   0x00000200   Code   RO         3739    i.HAL_UART_IRQHandler  stm32f1xx_hal_uart.o
    0x08006120   0x08006120   0x00000064   Code   RO         3740    i.HAL_UART_Init     stm32f1xx_hal_uart.o
    0x08006184   0x08006184   0x0000007c   Code   RO          779    i.HAL_UART_MspDeInit  usart.o
    0x08006200   0x08006200   0x0000023c   Code   RO          780    i.HAL_UART_MspInit  usart.o
    0x0800643c   0x0800643c   0x0000002e   Code   RO         3744    i.HAL_UART_Receive_DMA  stm32f1xx_hal_uart.o
    0x0800646a   0x0800646a   0x00000002   Code   RO         3746    i.HAL_UART_RxCpltCallback  stm32f1xx_hal_uart.o
    0x0800646c   0x0800646c   0x00000002   Code   RO         3747    i.HAL_UART_RxHalfCpltCallback  stm32f1xx_hal_uart.o
    0x0800646e   0x0800646e   0x00000002   PAD
    0x08006470   0x08006470   0x00000098   Code   RO         3749    i.HAL_UART_Transmit_DMA  stm32f1xx_hal_uart.o
    0x08006508   0x08006508   0x00000044   Code   RO          781    i.HAL_UART_TxCpltCallback  usart.o
    0x0800654c   0x0800654c   0x00000002   Code   RO         3752    i.HAL_UART_TxHalfCpltCallback  stm32f1xx_hal_uart.o
    0x0800654e   0x0800654e   0x00000004   Code   RO          883    i.HardFault_Handler  stm32f1xx_it.o
    0x08006552   0x08006552   0x00000002   PAD
    0x08006554   0x08006554   0x00000018   Code   RO          396    i.Init_EEProm_ADDR  feeprom.o
    0x0800656c   0x0800656c   0x00000088   Code   RO          528    i.MX_ADC1_Init      adc.o
    0x080065f4   0x080065f4   0x00000058   Code   RO          529    i.MX_ADC2_Init      adc.o
    0x0800664c   0x0800664c   0x00000074   Code   RO          585    i.MX_DMA_Init       dma.o
    0x080066c0   0x080066c0   0x00000184   Code   RO          502    i.MX_GPIO_Init      gpio.o
    0x08006844   0x08006844   0x00000028   Code   RO          609    i.MX_IWDG_Init      iwdg.o
    0x0800686c   0x0800686c   0x00000044   Code   RO          641    i.MX_SPI2_Init      spi.o
    0x080068b0   0x080068b0   0x000000b4   Code   RO          693    i.MX_TIM1_Init      tim.o
    0x08006964   0x08006964   0x00000080   Code   RO          694    i.MX_TIM3_Init      tim.o
    0x080069e4   0x080069e4   0x0000007c   Code   RO          695    i.MX_TIM4_Init      tim.o
    0x08006a60   0x08006a60   0x00000038   Code   RO          782    i.MX_USART1_UART_Init  usart.o
    0x08006a98   0x08006a98   0x00000038   Code   RO          783    i.MX_USART3_UART_Init  usart.o
    0x08006ad0   0x08006ad0   0x00000004   Code   RO          884    i.MemManage_Handler  stm32f1xx_it.o
    0x08006ad4   0x08006ad4   0x00000002   Code   RO          885    i.NMI_Handler       stm32f1xx_it.o
    0x08006ad6   0x08006ad6   0x00000002   Code   RO          886    i.PendSV_Handler    stm32f1xx_it.o
    0x08006ad8   0x08006ad8   0x00000024   Code   RO         1567    i.RCC_Delay         stm32f1xx_hal_rcc.o
    0x08006afc   0x08006afc   0x0000029c   Code   RO          285    i.RFID_Read_Info    filter.o
    0x08006d98   0x08006d98   0x000000b4   Code   RO          174    i.Read_System_Info  system.o
    0x08006e4c   0x08006e4c   0x00000394   Code   RO           13    i.Refresh_LED_Display  bsp_led.o
    0x080071e0   0x080071e0   0x000001ac   Code   RO          175    i.Run_Work_Mode     system.o
    0x0800738c   0x0800738c   0x00000024   Code   RO         2454    i.SPI_EndRxTxTransaction  stm32f1xx_hal_spi.o
    0x080073b0   0x080073b0   0x000000d8   Code   RO         2459    i.SPI_WaitFlagStateUntilTimeout  stm32f1xx_hal_spi.o
    0x08007488   0x08007488   0x00000002   Code   RO          887    i.SVC_Handler       stm32f1xx_it.o
    0x0800748a   0x0800748a   0x00000002   PAD
    0x0800748c   0x0800748c   0x00000158   Code   RO          784    i.Send_System_Info  usart.o
    0x080075e4   0x080075e4   0x00000044   Code   RO          642    i.Set_ELE_Value     spi.o
    0x08007628   0x08007628   0x0000027c   Code   RO          696    i.Speak_Work_Mode   tim.o
    0x080078a4   0x080078a4   0x000001f8   Code   RO          344    i.Start_Cur_PID     pid.o
    0x08007a9c   0x08007a9c   0x00000040   Code   RO          345    i.Stop_Cur_PID      pid.o
    0x08007adc   0x08007adc   0x000001c0   Code   RO          888    i.SysTick_Handler   stm32f1xx_it.o
    0x08007c9c   0x08007c9c   0x0000008c   Code   RO          459    i.SystemClock_Config  main.o
    0x08007d28   0x08007d28   0x00000058   Code   RO         1031    i.SystemInit        system_stm32f1xx.o
    0x08007d80   0x08007d80   0x0000022c   Code   RO          286    i.System_Read_Fax   filter.o
    0x08007fac   0x08007fac   0x000001d4   Code   RO          287    i.System_Read_Filter  filter.o
    0x08008180   0x08008180   0x00000010   Code   RO          889    i.TIM4_IRQHandler   stm32f1xx_it.o
    0x08008190   0x08008190   0x00000078   Code   RO         2822    i.TIM_Base_SetConfig  stm32f1xx_hal_tim.o
    0x08008208   0x08008208   0x0000001e   Code   RO         2823    i.TIM_CCxChannelCmd  stm32f1xx_hal_tim.o
    0x08008226   0x08008226   0x00000002   PAD
    0x08008228   0x08008228   0x00000068   Code   RO         2835    i.TIM_OC1_SetConfig  stm32f1xx_hal_tim.o
    0x08008290   0x08008290   0x00000068   Code   RO         2836    i.TIM_OC2_SetConfig  stm32f1xx_hal_tim.o
    0x080082f8   0x080082f8   0x00000068   Code   RO         2837    i.TIM_OC3_SetConfig  stm32f1xx_hal_tim.o
    0x08008360   0x08008360   0x0000004e   Code   RO         2838    i.TIM_OC4_SetConfig  stm32f1xx_hal_tim.o
    0x080083ae   0x080083ae   0x00000066   Code   RO         2841    i.TIM_TI1_SetConfig  stm32f1xx_hal_tim.o
    0x08008414   0x08008414   0x00000040   Code   RO         2843    i.TIM_TI2_SetConfig  stm32f1xx_hal_tim.o
    0x08008454   0x08008454   0x0000003c   Code   RO         2844    i.TIM_TI3_SetConfig  stm32f1xx_hal_tim.o
    0x08008490   0x08008490   0x00000040   Code   RO         2845    i.TIM_TI4_SetConfig  stm32f1xx_hal_tim.o
    0x080084d0   0x080084d0   0x00000054   Code   RO           14    i.TM1640_Refresh_Start  bsp_led.o
    0x08008524   0x08008524   0x00000054   Code   RO           15    i.TM1640_Refresh_Stop  bsp_led.o
    0x08008578   0x08008578   0x00000068   Code   RO           16    i.TM1640_Write_Cmd  bsp_led.o
    0x080085e0   0x080085e0   0x00000064   Code   RO           17    i.TM1640_Write_Data  bsp_led.o
    0x08008644   0x08008644   0x00000178   Code   RO          530    i.Test_TDS_Value    adc.o
    0x080087bc   0x080087bc   0x0000013c   Code   RO          176    i.Test_Water_Flow   system.o
    0x080088f8   0x080088f8   0x00000010   Code   RO         3753    i.UART_DMAAbortOnError  stm32f1xx_hal_uart.o
    0x08008908   0x08008908   0x0000004a   Code   RO         3754    i.UART_DMAError     stm32f1xx_hal_uart.o
    0x08008952   0x08008952   0x0000005c   Code   RO         3755    i.UART_DMAReceiveCplt  stm32f1xx_hal_uart.o
    0x080089ae   0x080089ae   0x0000001a   Code   RO         3757    i.UART_DMARxHalfCplt  stm32f1xx_hal_uart.o
    0x080089c8   0x080089c8   0x00000030   Code   RO         3759    i.UART_DMATransmitCplt  stm32f1xx_hal_uart.o
    0x080089f8   0x080089f8   0x0000000a   Code   RO         3761    i.UART_DMATxHalfCplt  stm32f1xx_hal_uart.o
    0x08008a02   0x08008a02   0x00000030   Code   RO         3763    i.UART_EndRxTransfer  stm32f1xx_hal_uart.o
    0x08008a32   0x08008a32   0x0000001a   Code   RO         3764    i.UART_EndTransmit_IT  stm32f1xx_hal_uart.o
    0x08008a4c   0x08008a4c   0x00000012   Code   RO         3765    i.UART_EndTxTransfer  stm32f1xx_hal_uart.o
    0x08008a5e   0x08008a5e   0x00000002   PAD
    0x08008a60   0x08008a60   0x00000098   Code   RO          785    i.UART_IDLE_Callback  usart.o
    0x08008af8   0x08008af8   0x000000be   Code   RO         3766    i.UART_Receive_IT   stm32f1xx_hal_uart.o
    0x08008bb6   0x08008bb6   0x00000002   PAD
    0x08008bb8   0x08008bb8   0x000000c8   Code   RO         3767    i.UART_SetConfig    stm32f1xx_hal_uart.o
    0x08008c80   0x08008c80   0x00000074   Code   RO         3768    i.UART_Start_Receive_DMA  stm32f1xx_hal_uart.o
    0x08008cf4   0x08008cf4   0x0000005e   Code   RO         3770    i.UART_Transmit_IT  stm32f1xx_hal_uart.o
    0x08008d52   0x08008d52   0x00000002   PAD
    0x08008d54   0x08008d54   0x00000014   Code   RO          890    i.USART1_IRQHandler  stm32f1xx_it.o
    0x08008d68   0x08008d68   0x00000010   Code   RO          891    i.USART3_IRQHandler  stm32f1xx_it.o
    0x08008d78   0x08008d78   0x00000050   Code   RO          786    i.Uart1_SendData    usart.o
    0x08008dc8   0x08008dc8   0x00000054   Code   RO          787    i.Uart3_SendData    usart.o
    0x08008e1c   0x08008e1c   0x00000004   Code   RO          892    i.UsageFault_Handler  stm32f1xx_it.o
    0x08008e20   0x08008e20   0x0000008c   Code   RO          697    i.User_Pwm_Setvalue  tim.o
    0x08008eac   0x08008eac   0x00000124   Code   RO          177    i.User_Work_Set     system.o
    0x08008fd0   0x08008fd0   0x00000028   Code   RO         4294    i.__ARM_fpclassify  m_ws.l(fpclassify.o)
    0x08008ff8   0x08008ff8   0x000000aa   Code   RO         4296    i.__kernel_poly     m_ws.l(poly.o)
    0x080090a2   0x080090a2   0x00000006   Code   RO         4281    i.__mathlib_dbl_infnan  m_ws.l(dunder.o)
    0x080090a8   0x080090a8   0x0000000e   Code   RO         4284    i.__mathlib_dbl_overflow  m_ws.l(dunder.o)
    0x080090b6   0x080090b6   0x00000002   PAD
    0x080090b8   0x080090b8   0x00000010   Code   RO         4286    i.__mathlib_dbl_underflow  m_ws.l(dunder.o)
    0x080090c8   0x080090c8   0x0000000e   Code   RO         4220    i._is_digit         c_w.l(__printf_wp.o)
    0x080090d6   0x080090d6   0x00000018   Code   RO          178    i.delay_ms          system.o
    0x080090ee   0x080090ee   0x00000018   Code   RO          179    i.delay_us          system.o
    0x08009106   0x08009106   0x00000002   PAD
    0x08009108   0x08009108   0x00000284   Code   RO         4148    i.exp               m_ws.l(exp.o)
    0x0800938c   0x0800938c   0x000000dc   Code   RO          460    i.main              main.o
    0x08009468   0x08009468   0x00000044   Code   RO          788    i.print             usart.o
    0x080094ac   0x080094ac   0x0000002c   Code   RO         4379    locale$$code        c_w.l(lc_numeric_c.o)
    0x080094d8   0x080094d8   0x0000002c   Code   RO         4396    locale$$code        c_w.l(lc_ctype_c.o)
    0x08009504   0x08009504   0x00000062   Code   RO         4091    x$fpl$d2f           fz_ws.l(d2f.o)
    0x08009566   0x08009566   0x00000002   PAD
    0x08009568   0x08009568   0x00000150   Code   RO         4093    x$fpl$dadd          fz_ws.l(daddsub_clz.o)
    0x080096b8   0x080096b8   0x00000010   Code   RO         4337    x$fpl$dcheck1       fz_ws.l(dcheck1.o)
    0x080096c8   0x080096c8   0x00000018   Code   RO         4253    x$fpl$dcmpinf       fz_ws.l(dcmpi.o)
    0x080096e0   0x080096e0   0x000002b0   Code   RO         4100    x$fpl$ddiv          fz_ws.l(ddiv.o)
    0x08009990   0x08009990   0x0000005e   Code   RO         4255    x$fpl$dfix          fz_ws.l(dfix.o)
    0x080099ee   0x080099ee   0x00000002   PAD
    0x080099f0   0x080099f0   0x0000005a   Code   RO         4103    x$fpl$dfixu         fz_ws.l(dfixu.o)
    0x08009a4a   0x08009a4a   0x0000002e   Code   RO         4108    x$fpl$dflt          fz_ws.l(dflt_clz.o)
    0x08009a78   0x08009a78   0x00000026   Code   RO         4107    x$fpl$dfltu         fz_ws.l(dflt_clz.o)
    0x08009a9e   0x08009a9e   0x00000002   PAD
    0x08009aa0   0x08009aa0   0x00000078   Code   RO         4113    x$fpl$dleqf         fz_ws.l(dleqf.o)
    0x08009b18   0x08009b18   0x00000154   Code   RO         4115    x$fpl$dmul          fz_ws.l(dmul.o)
    0x08009c6c   0x08009c6c   0x0000009c   Code   RO         4259    x$fpl$dnaninf       fz_ws.l(dnaninf.o)
    0x08009d08   0x08009d08   0x0000000c   Code   RO         4261    x$fpl$dretinf       fz_ws.l(dretinf.o)
    0x08009d14   0x08009d14   0x0000006c   Code   RO         4117    x$fpl$drleqf        fz_ws.l(drleqf.o)
    0x08009d80   0x08009d80   0x00000016   Code   RO         4094    x$fpl$drsb          fz_ws.l(daddsub_clz.o)
    0x08009d96   0x08009d96   0x00000002   PAD
    0x08009d98   0x08009d98   0x000001d4   Code   RO         4095    x$fpl$dsub          fz_ws.l(daddsub_clz.o)
    0x08009f6c   0x08009f6c   0x00000056   Code   RO         4119    x$fpl$f2d           fz_ws.l(f2d.o)
    0x08009fc2   0x08009fc2   0x00000002   PAD
    0x08009fc4   0x08009fc4   0x000000c4   Code   RO         4121    x$fpl$fadd          fz_ws.l(faddsub_clz.o)
    0x0800a088   0x0800a088   0x00000018   Code   RO         4263    x$fpl$fcmpinf       fz_ws.l(fcmpi.o)
    0x0800a0a0   0x0800a0a0   0x00000184   Code   RO         4128    x$fpl$fdiv          fz_ws.l(fdiv.o)
    0x0800a224   0x0800a224   0x0000003e   Code   RO         4131    x$fpl$ffixu         fz_ws.l(ffixu.o)
    0x0800a262   0x0800a262   0x00000002   PAD
    0x0800a264   0x0800a264   0x00000026   Code   RO         4135    x$fpl$ffltu         fz_ws.l(fflt_clz.o)
    0x0800a28a   0x0800a28a   0x00000002   PAD
    0x0800a28c   0x0800a28c   0x00000068   Code   RO         4141    x$fpl$fleqf         fz_ws.l(fleqf.o)
    0x0800a2f4   0x0800a2f4   0x00000102   Code   RO         4143    x$fpl$fmul          fz_ws.l(fmul.o)
    0x0800a3f6   0x0800a3f6   0x0000008c   Code   RO         4265    x$fpl$fnaninf       fz_ws.l(fnaninf.o)
    0x0800a482   0x0800a482   0x0000000a   Code   RO         4267    x$fpl$fretinf       fz_ws.l(fretinf.o)
    0x0800a48c   0x0800a48c   0x00000062   Code   RO         4145    x$fpl$frleqf        fz_ws.l(frleqf.o)
    0x0800a4ee   0x0800a4ee   0x00000014   Code   RO         4122    x$fpl$frsb          fz_ws.l(faddsub_clz.o)
    0x0800a502   0x0800a502   0x00000002   PAD
    0x0800a504   0x0800a504   0x000000ea   Code   RO         4123    x$fpl$fsub          fz_ws.l(faddsub_clz.o)
    0x0800a5ee   0x0800a5ee   0x00000004   Code   RO         4269    x$fpl$printf1       fz_ws.l(printf1.o)
    0x0800a5f2   0x0800a5f2   0x00000004   Code   RO         4271    x$fpl$printf2       fz_ws.l(printf2.o)
    0x0800a5f6   0x0800a5f6   0x00000064   Code   RO         4391    x$fpl$retnan        fz_ws.l(retnan.o)
    0x0800a65a   0x0800a65a   0x0000005c   Code   RO         4277    x$fpl$scalbn        fz_ws.l(scalbn.o)
    0x0800a6b6   0x0800a6b6   0x00000030   Code   RO         4445    x$fpl$trapveneer    fz_ws.l(trapv.o)
    0x0800a6e6   0x0800a6e6   0x00000000   Code   RO         4279    x$fpl$usenofp       fz_ws.l(usenofp.o)
    0x0800a6e6   0x0800a6e6   0x00000002   PAD
    0x0800a6e8   0x0800a6e8   0x000000c8   Data   RO          347    .constdata          pid.o
    0x0800a7b0   0x0800a7b0   0x00000022   Data   RO          699    .constdata          tim.o
    0x0800a7d2   0x0800a7d2   0x00000018   Data   RO         1032    .constdata          system_stm32f1xx.o
    0x0800a7ea   0x0800a7ea   0x00000006   PAD
    0x0800a7f0   0x0800a7f0   0x00000058   Data   RO         4149    .constdata          m_ws.l(exp.o)
    0x0800a848   0x0800a848   0x00000008   Data   RO         4179    .constdata          c_w.l(_printf_wctomb.o)
    0x0800a850   0x0800a850   0x00000028   Data   RO         4208    .constdata          c_w.l(_printf_hex_int_ll_ptr.o)
    0x0800a878   0x0800a878   0x00000011   Data   RO         4228    .constdata          c_w.l(__printf_flags_ss_wp.o)
    0x0800a889   0x0800a889   0x00000026   Data   RO         4326    .constdata          c_w.l(_printf_fp_hex.o)
    0x0800a8af   0x0800a8af   0x00000001   PAD
    0x0800a8b0   0x0800a8b0   0x00000094   Data   RO         4354    .constdata          c_w.l(bigflt0.o)
    0x0800a944   0x0800a944   0x00000139   Data   RO          790    .conststring        usart.o
    0x0800aa7d   0x0800aa7d   0x00000003   PAD
    0x0800aa80   0x0800aa80   0x00000020   Data   RO         4524    Region$$Table       anon$$obj.o
    0x0800aaa0   0x0800aaa0   0x0000001c   Data   RO         4378    locale$$data        c_w.l(lc_numeric_c.o)
    0x0800aabc   0x0800aabc   0x00000110   Data   RO         4395    locale$$data        c_w.l(lc_ctype_c.o)


    Execution Region RW_IRAM1 (Exec base: 0x20000000, Load base: 0x0800abcc, Size: 0x00001368, Max: 0x00005000, ABSOLUTE, COMPRESSED[0x00000030])

    Exec Addr    Load Addr    Size         Type   Attr      Idx    E Section Name        Object

    0x20000000   COMPRESSED   0x00000015   Data   RW           18    .data               bsp_led.o
    0x20000015   COMPRESSED   0x00000003   PAD
    0x20000018   COMPRESSED   0x00000079   Data   RW          180    .data               system.o
    0x20000091   COMPRESSED   0x00000007   PAD
    0x20000098   COMPRESSED   0x00000055   Data   RW          288    .data               filter.o
    0x200000ed   COMPRESSED   0x00000003   PAD
    0x200000f0   COMPRESSED   0x00000018   Data   RW          348    .data               pid.o
    0x20000108   COMPRESSED   0x00000004   Data   RW          398    .data               feeprom.o
    0x2000010c   COMPRESSED   0x00000004   PAD
    0x20000110   COMPRESSED   0x00000022   Data   RW          532    .data               adc.o
    0x20000132   COMPRESSED   0x0000000c   Data   RW          700    .data               tim.o
    0x2000013e   COMPRESSED   0x00000008   Data   RW          791    .data               usart.o
    0x20000146   COMPRESSED   0x00000002   Data   RW          893    .data               stm32f1xx_it.o
    0x20000148   COMPRESSED   0x00000004   Data   RW         1033    .data               system_stm32f1xx.o
    0x2000014c   COMPRESSED   0x0000000c   Data   RW         1404    .data               stm32f1xx_hal.o
    0x20000158        -       0x0000000c   Zero   RW          346    .bss                pid.o
    0x20000164        -       0x0000001e   Zero   RW          397    .bss                feeprom.o
    0x20000182   COMPRESSED   0x00000002   PAD
    0x20000184        -       0x00000194   Zero   RW          531    .bss                adc.o
    0x20000318        -       0x0000000c   Zero   RW          610    .bss                iwdg.o
    0x20000324        -       0x00000058   Zero   RW          643    .bss                spi.o
    0x2000037c        -       0x000000d8   Zero   RW          698    .bss                tim.o
    0x20000454        -       0x00000894   Zero   RW          789    .bss                usart.o
    0x20000ce8        -       0x00000020   Zero   RW         2108    .bss                stm32f1xx_hal_flash.o
    0x20000d08        -       0x00000060   Zero   RW         4340    .bss                c_w.l(libspace.o)
    0x20000d68        -       0x00000200   Zero   RW            2    HEAP                startup_stm32f103xb.o
    0x20000f68        -       0x00000400   Zero   RW            1    STACK               startup_stm32f103xb.o


==============================================================================

Image component sizes


      Code (inc. data)   RO Data    RW Data    ZI Data      Debug   Object Name

       892        102          0         34        404       3522   adc.o
      1288        142          0         21          0     466142   bsp_led.o
       116          4          0          0          0        786   dma.o
      1388         86          0          4         30       7243   feeprom.o
      3528        450          0         85          0       7692   filter.o
       388         16          0          0          0       1099   gpio.o
        40          8          0          0         12        691   iwdg.o
       362         30          0          0          0       1720   main.o
       944        142        200         24         12       2576   pid.o
       252         28          0          0         88       2145   spi.o
        64         26        236          0       1536        824   startup_stm32f103xb.o
       172         30          0         12          0       6045   stm32f1xx_hal.o
      2106         68          0          0          0      12809   stm32f1xx_hal_adc.o
         2          0          0          0          0       1117   stm32f1xx_hal_adc_ex.o
       244         16          0          0          0      29465   stm32f1xx_hal_cortex.o
      1024         86          0          0          0       6486   stm32f1xx_hal_dma.o
       444         52          0          0         32       4438   stm32f1xx_hal_flash.o
       252         26          0          0          0       2671   stm32f1xx_hal_flash_ex.o
       852         26          0          0          0       5258   stm32f1xx_hal_gpio.o
       114          0          0          0          0       1903   stm32f1xx_hal_iwdg.o
        84          8          0          0          0        902   stm32f1xx_hal_msp.o
      1696        102          0          0          0       7536   stm32f1xx_hal_rcc.o
       556         50          0          0          0       2861   stm32f1xx_hal_rcc_ex.o
       844          6          0          0          0       4410   stm32f1xx_hal_spi.o
      2408         34          0          0          0      18163   stm32f1xx_hal_tim.o
       220          0          0          0          0       3397   stm32f1xx_hal_tim_ex.o
      1998         40          0          0          0      17193   stm32f1xx_hal_uart.o
       628        150          0          2          0       8563   stm32f1xx_it.o
      3484        432          0        121          0      11936   system.o
        88         18         24          4          0       1211   system_stm32f1xx.o
      1748        168         34         12        216       6903   tim.o
      1604        292        313          8       2196       8342   usart.o

    ----------------------------------------------------------------------
     29866       2638        848        344       4528     656049   Object Totals
         0          0         32          0          0          0   (incl. Generated)
        36          0          9         17          2          0   (incl. Padding)

    ----------------------------------------------------------------------

      Code (inc. data)   RO Data    RW Data    ZI Data      Debug   Library Member Name

        58          0          0          0          0          0   __dczerorl.o
         8          0          0          0          0         68   __main.o
       392          4         17          0          0         92   __printf_flags_ss_wp.o
        14          0          0          0          0         68   __printf_wp.o
         0          0          0          0          0          0   __rtentry.o
        12          0          0          0          0          0   __rtentry2.o
         6          0          0          0          0          0   __rtentry4.o
        52          8          0          0          0          0   __scatter.o
        28          0          0          0          0          0   __scatter_zi.o
         6          0          0          0          0          0   _printf_a.o
         6          0          0          0          0          0   _printf_c.o
        44          0          0          0          0        108   _printf_char.o
        48          6          0          0          0         96   _printf_char_common.o
        40          0          0          0          0         68   _printf_charcount.o
         6          0          0          0          0          0   _printf_d.o
       120         16          0          0          0         92   _printf_dec.o
         6          0          0          0          0          0   _printf_e.o
         6          0          0          0          0          0   _printf_f.o
      1054          0          0          0          0        216   _printf_fp_dec.o
       764          8         38          0          0        100   _printf_fp_hex.o
       128         16          0          0          0         84   _printf_fp_infnan.o
         6          0          0          0          0          0   _printf_g.o
       148          4         40          0          0        160   _printf_hex_int_ll_ptr.o
         6          0          0          0          0          0   _printf_i.o
       178          0          0          0          0         88   _printf_intcommon.o
        10          0          0          0          0          0   _printf_l.o
         6          0          0          0          0          0   _printf_lc.o
        10          0          0          0          0          0   _printf_ll.o
         6          0          0          0          0          0   _printf_lld.o
         6          0          0          0          0          0   _printf_lli.o
         6          0          0          0          0          0   _printf_llo.o
         6          0          0          0          0          0   _printf_llu.o
         6          0          0          0          0          0   _printf_llx.o
       124         16          0          0          0         92   _printf_longlong_dec.o
         6          0          0          0          0          0   _printf_ls.o
         6          0          0          0          0          0   _printf_n.o
         6          0          0          0          0          0   _printf_o.o
       112         10          0          0          0        124   _printf_oct_int_ll.o
         6          0          0          0          0          0   _printf_p.o
        78          0          0          0          0        108   _printf_pad.o
         0          0          0          0          0          0   _printf_percent.o
         4          0          0          0          0          0   _printf_percent_end.o
         6          0          0          0          0          0   _printf_s.o
        82          0          0          0          0         80   _printf_str.o
        36          0          0          0          0         84   _printf_truncate.o
         6          0          0          0          0          0   _printf_u.o
        44          0          0          0          0        108   _printf_wchar.o
       188          6          8          0          0         92   _printf_wctomb.o
         6          0          0          0          0          0   _printf_x.o
        22          0          0          0          0        100   _rserrno.o
        16          0          0          0          0         68   _snputc.o
        10          0          0          0          0         68   _sputc.o
        64          0          0          0          0         92   _wcrtomb.o
       228          4        148          0          0         96   bigflt0.o
      1936        128          0          0          0        672   btod.o
        18          0          0          0          0         80   exit.o
         6          0          0          0          0        152   heapauxi.o
         0          0          0          0          0          0   indicate_semi.o
        44         10        272          0          0         76   lc_ctype_c.o
        44         10         28          0          0         76   lc_numeric_c.o
         2          0          0          0          0          0   libinit.o
        30          0          0          0          0          0   libinit2.o
         2          0          0          0          0          0   libshutdown.o
         2          0          0          0          0          0   libshutdown2.o
         8          4          0          0         96         68   libspace.o
       138          0          0          0          0         80   lludiv10.o
        38          0          0          0          0         68   llushr.o
        16          4          0          0          0         76   rt_ctype_table.o
         8          4          0          0          0         68   rt_errno_addr_intlibspace.o
         8          4          0          0          0         68   rt_locale_intlibspace.o
        78          0          0          0          0         80   rt_memclr_w.o
       138          0          0          0          0         68   rt_memcpy_v6.o
       100          0          0          0          0         80   rt_memcpy_w.o
         2          0          0          0          0          0   rtexit.o
        10          0          0          0          0          0   rtexit2.o
       128          0          0          0          0         68   strcmpv7m.o
        12          4          0          0          0         68   sys_exit.o
        74          0          0          0          0         80   sys_stackheap_outer.o
         2          0          0          0          0         68   use_no_semi.o
        52          4          0          0          0         80   vsnprintf.o
        98          4          0          0          0         92   d2f.o
       826         16          0          0          0        348   daddsub_clz.o
        16          4          0          0          0         68   dcheck1.o
        24          0          0          0          0         68   dcmpi.o
       688        140          0          0          0        208   ddiv.o
        94          4          0          0          0         92   dfix.o
        90          4          0          0          0         92   dfixu.o
        84          0          0          0          0        136   dflt_clz.o
       120          4          0          0          0         92   dleqf.o
       340         12          0          0          0        104   dmul.o
       156          4          0          0          0         92   dnaninf.o
        12          0          0          0          0         68   dretinf.o
       108          0          0          0          0         80   drleqf.o
        86          4          0          0          0         84   f2d.o
       450          8          0          0          0        236   faddsub_clz.o
        24          0          0          0          0         68   fcmpi.o
       388         76          0          0          0         96   fdiv.o
        62          4          0          0          0         84   ffixu.o
        38          0          0          0          0         68   fflt_clz.o
       104          4          0          0          0         84   fleqf.o
       258          4          0          0          0         84   fmul.o
       140          4          0          0          0         84   fnaninf.o
        10          0          0          0          0         68   fretinf.o
        98          0          0          0          0         68   frleqf.o
         4          0          0          0          0         68   printf1.o
         4          0          0          0          0         68   printf2.o
       100          0          0          0          0         68   retnan.o
        92          0          0          0          0         68   scalbn.o
        48          0          0          0          0         68   trapv.o
         0          0          0          0          0          0   usenofp.o
        36          6          0          0          0        204   dunder.o
       644         90         88          0          0        204   exp.o
        40          0          0          0          0         68   fpclassify.o
       170          0          0          0          0         96   poly.o

    ----------------------------------------------------------------------
     12626        662        640          0         96       7904   Library Totals
        36          0          1          0          0          0   (incl. Padding)

    ----------------------------------------------------------------------

      Code (inc. data)   RO Data    RW Data    ZI Data      Debug   Library Name

      7138        270        551          0         96       4428   c_w.l
      4562        296          0          0          0       2904   fz_ws.l
       890         96         88          0          0        572   m_ws.l

    ----------------------------------------------------------------------
     12626        662        640          0         96       7904   Library Totals

    ----------------------------------------------------------------------

==============================================================================


      Code (inc. data)   RO Data    RW Data    ZI Data      Debug   

     42492       3300       1488        344       4624     649389   Grand Totals
     42492       3300       1488         48       4624     649389   ELF Image Totals (compressed)
     42492       3300       1488         48          0          0   ROM Totals

==============================================================================

    Total RO  Size (Code + RO Data)                43980 (  42.95kB)
    Total RW  Size (RW Data + ZI Data)              4968 (   4.85kB)
    Total ROM Size (Code + RO Data + RW Data)      44028 (  43.00kB)

==============================================================================

