Component: ARM Compiler 5.05 update 1 (build 106) Tool: armlink [4d0efa]

==============================================================================

Section Cross References

    startup_stm32f10x_md.o(RESET) refers to startup_stm32f10x_md.o(STACK) for __initial_sp
    startup_stm32f10x_md.o(RESET) refers to startup_stm32f10x_md.o(.text) for Reset_Handler
    startup_stm32f10x_md.o(RESET) refers to stm32f10x_it.o(.text) for NMI_Handler
    startup_stm32f10x_md.o(RESET) refers to usart3.o(.text) for USART3_IRQHandler
    startup_stm32f10x_md.o(.text) refers to entry.o(.ARM.Collect$$$$00000000) for __main
    delay.o(.text) refers to stm32f10x_tim.o(.text) for TIM_TimeBaseInit
    delay.o(.text) refers to stm32f10x_rcc.o(.text) for RCC_APB2PeriphClockCmd
    delay.o(.text) refers to stm32f10x_gpio.o(.text) for GPIO_Init
    delay.o(.text) refers to delay.o(.data) for MSecond
    delay.o(.text) refers to system.o(.data) for Work_Step
    delay.o(.text) refers to ffixui.o(.text) for __aeabi_f2uiz
    delay.o(.text) refers to delay.o(.bss) for Temp_File
    driveboard.o(.text) refers to stm32f10x_rcc.o(.text) for RCC_APB2PeriphClockCmd
    driveboard.o(.text) refers to stm32f10x_pwr.o(.text) for PWR_BackupAccessCmd
    driveboard.o(.text) refers to stm32f10x_bkp.o(.text) for BKP_TamperPinCmd
    driveboard.o(.text) refers to stm32f10x_gpio.o(.text) for GPIO_Init
    driveboard.o(.text) refers to misc.o(.text) for NVIC_PriorityGroupConfig
    driveboard.o(.text) refers to stm32f10x_iwdg.o(.text) for IWDG_WriteAccessCmd
    driveboard.o(.text) refers to gt208l.o(.text) for Init_GT208L
    driveboard.o(.text) refers to bsp_led.o(.text) for bsp_led_init
    driveboard.o(.text) refers to delay.o(.text) for SysTick_Init
    driveboard.o(.text) refers to adc.o(.text) for ADC1_Mode_Config
    driveboard.o(.text) refers to usart3.o(.text) for USART3_Config
    driveboard.o(.text) refers to fm24c32.o(.text) for EEP_Read_Dates
    driveboard.o(.text) refers to system.o(.data) for RF_ID_Code
    driveboard.o(.text) refers to bsp_led.o(.data) for LED_LX
    main.o(.text) refers to system_stm32f10x.o(.text) for SystemInit
    main.o(.text) refers to driveboard.o(.text) for Init_Board
    main.o(.text) refers to bsp_led.o(.text) for Refresh_LED_Display
    main.o(.text) refers to cfrcmple.o(.text) for __aeabi_cfrcmple
    main.o(.text) refers to stm32f10x_gpio.o(.text) for GPIO_ResetBits
    main.o(.text) refers to adc.o(.text) for Get_Now_Value
    main.o(.text) refers to system.o(.text) for Senser_Value_Read
    main.o(.text) refers to gt208l.o(.text) for Button_Read
    main.o(.text) refers to stm32f10x_iwdg.o(.text) for IWDG_ReloadCounter
    main.o(.text) refers to system.o(.data) for Hmwater_Temp
    main.o(.text) refers to delay.o(.data) for Msecond_Flage
    main.o(.text) refers to main.o(.data) for RFID_Setp
    main.o(.text) refers to usart3.o(.data) for Usart3_Receive_Flage
    stm32f10x_it.o(.text) refers to delay.o(.text) for SysTick_ISR
    stm32f10x_it.o(.text) refers to stm32f10x_dma.o(.text) for DMA_ClearFlag
    stm32f10x_it.o(.text) refers to stm32f10x_tim.o(.text) for TIM_ClearITPendingBit
    stm32f10x_it.o(.text) refers to delay.o(.data) for Speak_Flage
    stm32f10x_it.o(.text) refers to stm32f10x_it.o(.data) for codenum
    stm32f10x_it.o(.text) refers to delay.o(.constdata) for Music_Code_1
    system.o(.text) refers to stm32f10x_tim.o(.text) for TIM_Cmd
    system.o(.text) refers to stm32f10x_gpio.o(.text) for GPIO_ReadInputDataBit
    system.o(.text) refers to usart3.o(.text) for EM4305_Read_Data
    system.o(.text) refers to fm24c32.o(.text) for EEP_Write_Date
    system.o(.text) refers to delay.o(.data) for Speak_Flage
    system.o(.text) refers to system.o(.data) for Senser_Mode
    system.o(.text) refers to bsp_led.o(.data) for LED_LX
    system.o(.text) refers to usart3.o(.bss) for Usart3_NewFax
    system.o(.text) refers to gt208l.o(.data) for Key_Now_Mode
    system.o(.text) refers to pid.o(.text) for Cur_PID_Reset
    system.o(.text) refers to cfrcmple.o(.text) for __aeabi_cfrcmple
    system.o(.text) refers to delay.o(.text) for delay_ms
    system.o(.text) refers to dfltui.o(.text) for __aeabi_ui2d
    system.o(.text) refers to ddiv.o(.text) for __aeabi_ddiv
    system.o(.text) refers to dmul.o(.text) for __aeabi_dmul
    system.o(.text) refers to d2f.o(.text) for __aeabi_d2f
    system.o(.text) refers to ffltui.o(.text) for __aeabi_ui2f
    system.o(.text) refers to fadd.o(.text) for __aeabi_fadd
    system.o(.text) refers to ffixui.o(.text) for __aeabi_f2uiz
    adc.o(.text) refers to stm32f10x_rcc.o(.text) for RCC_APB2PeriphClockCmd
    adc.o(.text) refers to stm32f10x_adc.o(.text) for ADC_DeInit
    adc.o(.text) refers to stm32f10x_gpio.o(.text) for GPIO_Init
    adc.o(.text) refers to stm32f10x_dma.o(.text) for DMA_DeInit
    adc.o(.text) refers to ffltui.o(.text) for __aeabi_ui2f
    adc.o(.text) refers to fadd.o(.text) for __aeabi_fadd
    adc.o(.text) refers to fdiv.o(.text) for __aeabi_fdiv
    adc.o(.text) refers to f2d.o(.text) for __aeabi_f2d
    adc.o(.text) refers to ddiv.o(.text) for __aeabi_ddiv
    adc.o(.text) refers to dadd.o(.text) for __aeabi_drsub
    adc.o(.text) refers to dmul.o(.text) for __aeabi_dmul
    adc.o(.text) refers to cdrcmple.o(.text) for __aeabi_cdrcmple
    adc.o(.text) refers to adc.o(.bss) for ADC_ConvertedValue
    adc.o(.text) refers to adc.o(.data) for loopnum
    adc.o(.text) refers to d2f.o(.text) for __aeabi_d2f
    adc.o(.text) refers to cfrcmple.o(.text) for __aeabi_cfrcmple
    adc.o(.text) refers to ffixui.o(.text) for __aeabi_f2uiz
    adc.o(.text) refers to fflti.o(.text) for __aeabi_i2f
    adc.o(.text) refers to fmul.o(.text) for __aeabi_fmul
    adc.o(.text) refers to dfltui.o(.text) for __aeabi_ui2d
    adc.o(.text) refers to dfixui.o(.text) for __aeabi_d2uiz
    adc.o(.text) refers to cfcmple.o(.text) for __aeabi_cfcmple
    adc.o(.text) refers to delay.o(.data) for Init_Falge
    adc.o(.text) refers to system.o(.data) for Now_Elecr_Current
    adc.o(.text) refers to pid.o(.constdata) for Set_Current_Table
    adc.o(.text) refers to bsp_led.o(.data) for Display_Ramb
    adc.o(.text) refers to adc.o(.constdata) for NTC_Temp_Table10K
    adc.o(.text) refers to delay.o(.text) for delay_us
    adc.o(.text) refers to pid.o(.text) for Cur_PID_Run
    bsp_led.o(.text) refers to stm32f10x_rcc.o(.text) for RCC_APB2PeriphClockCmd
    bsp_led.o(.text) refers to stm32f10x_gpio.o(.text) for GPIO_Init
    bsp_led.o(.text) refers to delay.o(.text) for delay_us
    bsp_led.o(.text) refers to delay.o(.data) for Init_Falge
    bsp_led.o(.text) refers to system.o(.data) for Set_Temp_Table
    bsp_led.o(.text) refers to bsp_led.o(.data) for Display_Ramc
    bsp_led.o(.text) refers to bsp_led.o(.constdata) for Segcode
    pid.o(.text) refers to fflti.o(.text) for __aeabi_i2f
    pid.o(.text) refers to cfcmple.o(.text) for __aeabi_cfcmple
    pid.o(.text) refers to cfrcmple.o(.text) for __aeabi_cfrcmple
    pid.o(.text) refers to fadd.o(.text) for __aeabi_fsub
    pid.o(.text) refers to fmul.o(.text) for __aeabi_fmul
    pid.o(.text) refers to ffixi.o(.text) for __aeabi_f2iz
    pid.o(.text) refers to ffltui.o(.text) for __aeabi_ui2f
    pid.o(.text) refers to pid.o(.data) for Cur_Pid_Enable
    pid.o(.text) refers to pid.o(.bss) for Cur_Pid_diff
    pid.o(.text) refers to pid.o(.constdata) for Set_Current_Table
    pid.o(.text) refers to system.o(.data) for Set_PH_Num
    gt208l.o(.text) refers to stm32f10x_gpio.o(.text) for GPIO_ResetBits
    gt208l.o(.text) refers to delay.o(.text) for delay_us
    gt208l.o(.text) refers to stm32f10x_rcc.o(.text) for RCC_APB2PeriphClockCmd
    gt208l.o(.text) refers to gt208l.o(.data) for Key_Code_Value
    gt208l.o(.text) refers to delay.o(.data) for Standby_Time
    usart3.o(.text) refers to stm32f10x_rcc.o(.text) for RCC_APB2PeriphClockCmd
    usart3.o(.text) refers to stm32f10x_gpio.o(.text) for GPIO_Init
    usart3.o(.text) refers to stm32f10x_usart.o(.text) for USART_Init
    usart3.o(.text) refers to stm32f10x_dma.o(.text) for DMA_DeInit
    usart3.o(.text) refers to memcpya.o(.text) for __aeabi_memcpy
    usart3.o(.text) refers to usart3.o(.bss) for DMA_InitStructureTx
    usart3.o(.text) refers to usart3.o(.data) for Usart3_TX_State
    fm24c32.o(.text) refers to stm32f10x_gpio.o(.text) for GPIO_ResetBits
    fm24c32.o(.text) refers to delay.o(.text) for delay_us
    fm24c32.o(.text) refers to gt208l.o(.text) for I2C_Start
    stm32f10x_gpio.o(.text) refers to stm32f10x_rcc.o(.text) for RCC_APB2PeriphResetCmd
    stm32f10x_rcc.o(.text) refers to stm32f10x_rcc.o(.data) for APBAHBPrescTable
    stm32f10x_usart.o(.text) refers to stm32f10x_rcc.o(.text) for RCC_APB2PeriphResetCmd
    stm32f10x_adc.o(.text) refers to stm32f10x_rcc.o(.text) for RCC_APB2PeriphResetCmd
    stm32f10x_tim.o(.text) refers to stm32f10x_rcc.o(.text) for RCC_APB2PeriphResetCmd
    stm32f10x_bkp.o(.text) refers to stm32f10x_rcc.o(.text) for RCC_BackupResetCmd
    stm32f10x_pwr.o(.text) refers to stm32f10x_rcc.o(.text) for RCC_APB1PeriphResetCmd
    entry.o(.ARM.Collect$$$$00000000) refers (Special) to entry10a.o(.ARM.Collect$$$$0000000D) for __rt_final_cpp
    entry.o(.ARM.Collect$$$$00000000) refers (Special) to entry11a.o(.ARM.Collect$$$$0000000F) for __rt_final_exit
    entry.o(.ARM.Collect$$$$00000000) refers (Special) to entry7b.o(.ARM.Collect$$$$00000008) for _main_clock
    entry.o(.ARM.Collect$$$$00000000) refers (Special) to entry8b.o(.ARM.Collect$$$$0000000A) for _main_cpp_init
    entry.o(.ARM.Collect$$$$00000000) refers (Special) to entry9a.o(.ARM.Collect$$$$0000000B) for _main_init
    entry.o(.ARM.Collect$$$$00000000) refers (Special) to entry5.o(.ARM.Collect$$$$00000004) for _main_scatterload
    entry.o(.ARM.Collect$$$$00000000) refers (Special) to entry2.o(.ARM.Collect$$$$00000001) for _main_stk
    fadd.o(.text) refers (Special) to iusefp.o(.text) for __I$use$fp
    fadd.o(.text) refers to fepilogue.o(.text) for _float_epilogue
    fmul.o(.text) refers (Special) to iusefp.o(.text) for __I$use$fp
    fdiv.o(.text) refers (Special) to iusefp.o(.text) for __I$use$fp
    fdiv.o(.text) refers to fepilogue.o(.text) for _float_round
    dadd.o(.text) refers (Special) to iusefp.o(.text) for __I$use$fp
    dadd.o(.text) refers to llshl.o(.text) for __aeabi_llsl
    dadd.o(.text) refers to llsshr.o(.text) for __aeabi_lasr
    dadd.o(.text) refers to depilogue.o(.text) for _double_epilogue
    dmul.o(.text) refers (Special) to iusefp.o(.text) for __I$use$fp
    dmul.o(.text) refers to depilogue.o(.text) for _double_epilogue
    ddiv.o(.text) refers (Special) to iusefp.o(.text) for __I$use$fp
    ddiv.o(.text) refers to depilogue.o(.text) for _double_round
    fflti.o(.text) refers (Special) to iusefp.o(.text) for __I$use$fp
    fflti.o(.text) refers to fepilogue.o(.text) for _float_epilogue
    ffltui.o(.text) refers (Special) to iusefp.o(.text) for __I$use$fp
    ffltui.o(.text) refers to fepilogue.o(.text) for _float_epilogue
    dfltui.o(.text) refers (Special) to iusefp.o(.text) for __I$use$fp
    dfltui.o(.text) refers to depilogue.o(.text) for _double_epilogue
    ffixi.o(.text) refers (Special) to iusefp.o(.text) for __I$use$fp
    ffixui.o(.text) refers (Special) to iusefp.o(.text) for __I$use$fp
    dfixui.o(.text) refers (Special) to iusefp.o(.text) for __I$use$fp
    dfixui.o(.text) refers to llushr.o(.text) for __aeabi_llsr
    f2d.o(.text) refers (Special) to iusefp.o(.text) for __I$use$fp
    cdrcmple.o(.text) refers (Special) to iusefp.o(.text) for __I$use$fp
    d2f.o(.text) refers (Special) to iusefp.o(.text) for __I$use$fp
    d2f.o(.text) refers to fepilogue.o(.text) for _float_round
    cfcmple.o(.text) refers (Special) to iusefp.o(.text) for __I$use$fp
    cfrcmple.o(.text) refers (Special) to iusefp.o(.text) for __I$use$fp
    entry2.o(.ARM.Collect$$$$00000001) refers to entry2.o(.ARM.Collect$$$$00002712) for __lit__00000000
    entry2.o(.ARM.Collect$$$$00002712) refers to startup_stm32f10x_md.o(STACK) for __initial_sp
    entry2.o(__vectab_stack_and_reset_area) refers to startup_stm32f10x_md.o(STACK) for __initial_sp
    entry2.o(__vectab_stack_and_reset_area) refers to entry.o(.ARM.Collect$$$$00000000) for __main
    entry5.o(.ARM.Collect$$$$00000004) refers to init.o(.text) for __scatterload
    entry9a.o(.ARM.Collect$$$$0000000B) refers to main.o(.text) for main
    entry9b.o(.ARM.Collect$$$$0000000C) refers to main.o(.text) for main
    depilogue.o(.text) refers to llshl.o(.text) for __aeabi_llsl
    depilogue.o(.text) refers to llushr.o(.text) for __aeabi_llsr
    init.o(.text) refers to entry5.o(.ARM.Collect$$$$00000004) for __main_after_scatterload


==============================================================================

Removing Unused input sections from the image.

    Removing startup_stm32f10x_md.o(HEAP), (0 bytes).
    Removing stm32f10x_exti.o(.text), (320 bytes).
    Removing core_cm3.o(.emb_text), (32 bytes).
    Removing system_stm32f10x.o(.constdata), (20 bytes).

4 unused section(s) (total 372 bytes) removed from the image.

==============================================================================

Image Symbol Table

    Local Symbols

    Symbol Name                              Value     Ov Type        Size  Object(Section)

    ../clib/../cmprslib/zerorunl2.c          0x00000000   Number         0  __dczerorl2.o ABSOLUTE
    ../clib/microlib/init/entry.s            0x00000000   Number         0  entry9a.o ABSOLUTE
    ../clib/microlib/init/entry.s            0x00000000   Number         0  entry9b.o ABSOLUTE
    ../clib/microlib/init/entry.s            0x00000000   Number         0  entry10a.o ABSOLUTE
    ../clib/microlib/init/entry.s            0x00000000   Number         0  entry8b.o ABSOLUTE
    ../clib/microlib/init/entry.s            0x00000000   Number         0  entry10b.o ABSOLUTE
    ../clib/microlib/init/entry.s            0x00000000   Number         0  entry11a.o ABSOLUTE
    ../clib/microlib/init/entry.s            0x00000000   Number         0  entry11b.o ABSOLUTE
    ../clib/microlib/init/entry.s            0x00000000   Number         0  entry7a.o ABSOLUTE
    ../clib/microlib/init/entry.s            0x00000000   Number         0  entry8a.o ABSOLUTE
    ../clib/microlib/init/entry.s            0x00000000   Number         0  entry7b.o ABSOLUTE
    ../clib/microlib/init/entry.s            0x00000000   Number         0  entry2.o ABSOLUTE
    ../clib/microlib/init/entry.s            0x00000000   Number         0  entry5.o ABSOLUTE
    ../clib/microlib/init/entry.s            0x00000000   Number         0  entry.o ABSOLUTE
    ../clib/microlib/longlong.c              0x00000000   Number         0  llshl.o ABSOLUTE
    ../clib/microlib/longlong.c              0x00000000   Number         0  llushr.o ABSOLUTE
    ../clib/microlib/longlong.c              0x00000000   Number         0  llsshr.o ABSOLUTE
    ../clib/microlib/string/memcpy.c         0x00000000   Number         0  memcpya.o ABSOLUTE
    ../clib/microlib/string/memcpy.c         0x00000000   Number         0  memcpyb.o ABSOLUTE
    ../clib/microlib/stubs.s                 0x00000000   Number         0  iusefp.o ABSOLUTE
    ../fplib/microlib/d2f.c                  0x00000000   Number         0  d2f.o ABSOLUTE
    ../fplib/microlib/f2d.c                  0x00000000   Number         0  f2d.o ABSOLUTE
    ../fplib/microlib/fpadd.c                0x00000000   Number         0  fadd.o ABSOLUTE
    ../fplib/microlib/fpadd.c                0x00000000   Number         0  dadd.o ABSOLUTE
    ../fplib/microlib/fpdiv.c                0x00000000   Number         0  ddiv.o ABSOLUTE
    ../fplib/microlib/fpdiv.c                0x00000000   Number         0  fdiv.o ABSOLUTE
    ../fplib/microlib/fpepilogue.c           0x00000000   Number         0  depilogue.o ABSOLUTE
    ../fplib/microlib/fpepilogue.c           0x00000000   Number         0  fepilogue.o ABSOLUTE
    ../fplib/microlib/fpfix.c                0x00000000   Number         0  ffixi.o ABSOLUTE
    ../fplib/microlib/fpfix.c                0x00000000   Number         0  ffixui.o ABSOLUTE
    ../fplib/microlib/fpfix.c                0x00000000   Number         0  dfixui.o ABSOLUTE
    ../fplib/microlib/fpflt.c                0x00000000   Number         0  fflti.o ABSOLUTE
    ../fplib/microlib/fpflt.c                0x00000000   Number         0  dfltui.o ABSOLUTE
    ../fplib/microlib/fpflt.c                0x00000000   Number         0  ffltui.o ABSOLUTE
    ../fplib/microlib/fpmul.c                0x00000000   Number         0  dmul.o ABSOLUTE
    ../fplib/microlib/fpmul.c                0x00000000   Number         0  fmul.o ABSOLUTE
    ..\CMSIS\core_cm3.c                      0x00000000   Number         0  core_cm3.o ABSOLUTE
    ..\CMSIS\startup\startup_stm32f10x_md.s  0x00000000   Number         0  startup_stm32f10x_md.o ABSOLUTE
    ..\CMSIS\system_stm32f10x.c              0x00000000   Number         0  system_stm32f10x.o ABSOLUTE
    ..\FWlib\src\misc.c                      0x00000000   Number         0  misc.o ABSOLUTE
    ..\FWlib\src\stm32f10x_adc.c             0x00000000   Number         0  stm32f10x_adc.o ABSOLUTE
    ..\FWlib\src\stm32f10x_bkp.c             0x00000000   Number         0  stm32f10x_bkp.o ABSOLUTE
    ..\FWlib\src\stm32f10x_dma.c             0x00000000   Number         0  stm32f10x_dma.o ABSOLUTE
    ..\FWlib\src\stm32f10x_exti.c            0x00000000   Number         0  stm32f10x_exti.o ABSOLUTE
    ..\FWlib\src\stm32f10x_gpio.c            0x00000000   Number         0  stm32f10x_gpio.o ABSOLUTE
    ..\FWlib\src\stm32f10x_iwdg.c            0x00000000   Number         0  stm32f10x_iwdg.o ABSOLUTE
    ..\FWlib\src\stm32f10x_pwr.c             0x00000000   Number         0  stm32f10x_pwr.o ABSOLUTE
    ..\FWlib\src\stm32f10x_rcc.c             0x00000000   Number         0  stm32f10x_rcc.o ABSOLUTE
    ..\FWlib\src\stm32f10x_tim.c             0x00000000   Number         0  stm32f10x_tim.o ABSOLUTE
    ..\FWlib\src\stm32f10x_usart.c           0x00000000   Number         0  stm32f10x_usart.o ABSOLUTE
    ..\USER\adc.c                            0x00000000   Number         0  adc.o ABSOLUTE
    ..\USER\bsp_led.c                        0x00000000   Number         0  bsp_led.o ABSOLUTE
    ..\USER\delay.c                          0x00000000   Number         0  delay.o ABSOLUTE
    ..\USER\driveboard.c                     0x00000000   Number         0  driveboard.o ABSOLUTE
    ..\USER\fm24c32.c                        0x00000000   Number         0  fm24c32.o ABSOLUTE
    ..\USER\gt208l.c                         0x00000000   Number         0  gt208l.o ABSOLUTE
    ..\USER\main.c                           0x00000000   Number         0  main.o ABSOLUTE
    ..\USER\pid.c                            0x00000000   Number         0  pid.o ABSOLUTE
    ..\USER\stm32f10x_it.c                   0x00000000   Number         0  stm32f10x_it.o ABSOLUTE
    ..\USER\system.c                         0x00000000   Number         0  system.o ABSOLUTE
    ..\USER\usart3.c                         0x00000000   Number         0  usart3.o ABSOLUTE
    ..\\CMSIS\\core_cm3.c                    0x00000000   Number         0  core_cm3.o ABSOLUTE
    cdrcmple.s                               0x00000000   Number         0  cdrcmple.o ABSOLUTE
    cfcmple.s                                0x00000000   Number         0  cfcmple.o ABSOLUTE
    cfrcmple.s                               0x00000000   Number         0  cfrcmple.o ABSOLUTE
    dc.s                                     0x00000000   Number         0  dc.o ABSOLUTE
    handlers.s                               0x00000000   Number         0  handlers.o ABSOLUTE
    init.s                                   0x00000000   Number         0  init.o ABSOLUTE
    RESET                                    0x08000000   Section      236  startup_stm32f10x_md.o(RESET)
    .ARM.Collect$$$$00000000                 0x080000ec   Section        0  entry.o(.ARM.Collect$$$$00000000)
    .ARM.Collect$$$$00000001                 0x080000ec   Section        4  entry2.o(.ARM.Collect$$$$00000001)
    .ARM.Collect$$$$00000004                 0x080000f0   Section        4  entry5.o(.ARM.Collect$$$$00000004)
    .ARM.Collect$$$$00000008                 0x080000f4   Section        0  entry7b.o(.ARM.Collect$$$$00000008)
    .ARM.Collect$$$$0000000A                 0x080000f4   Section        0  entry8b.o(.ARM.Collect$$$$0000000A)
    .ARM.Collect$$$$0000000B                 0x080000f4   Section        8  entry9a.o(.ARM.Collect$$$$0000000B)
    .ARM.Collect$$$$0000000D                 0x080000fc   Section        0  entry10a.o(.ARM.Collect$$$$0000000D)
    .ARM.Collect$$$$0000000F                 0x080000fc   Section        0  entry11a.o(.ARM.Collect$$$$0000000F)
    .ARM.Collect$$$$00002712                 0x080000fc   Section        4  entry2.o(.ARM.Collect$$$$00002712)
    __lit__00000000                          0x080000fc   Data           4  entry2.o(.ARM.Collect$$$$00002712)
    .text                                    0x08000100   Section       28  startup_stm32f10x_md.o(.text)
    .text                                    0x0800011c   Section        0  delay.o(.text)
    .text                                    0x080005d8   Section        0  driveboard.o(.text)
    .text                                    0x080008d4   Section        0  main.o(.text)
    .text                                    0x080009c4   Section        0  stm32f10x_it.o(.text)
    .text                                    0x08000bb8   Section        0  system.o(.text)
    Set_Speak_Value                          0x08000bb9   Thumb Code    18  system.o(.text)
    .text                                    0x08001b38   Section        0  adc.o(.text)
    .text                                    0x08002754   Section        0  bsp_led.o(.text)
    TM1640_Refresh_Start                     0x0800277d   Thumb Code    78  bsp_led.o(.text)
    TM1640_Refresh_Stop                      0x080027cb   Thumb Code    78  bsp_led.o(.text)
    TM1640_Write_Cmd                         0x08002819   Thumb Code   100  bsp_led.o(.text)
    TM1640_Write_Data                        0x0800287d   Thumb Code    94  bsp_led.o(.text)
    .text                                    0x08002c98   Section        0  pid.o(.text)
    .text                                    0x080030a0   Section        0  gt208l.o(.text)
    .text                                    0x08003634   Section        0  usart3.o(.text)
    itoa                                     0x080037af   Thumb Code    98  usart3.o(.text)
    .text                                    0x08003b40   Section        0  fm24c32.o(.text)
    .text                                    0x08003eb8   Section        0  stm32f10x_gpio.o(.text)
    .text                                    0x080041e8   Section        0  stm32f10x_rcc.o(.text)
    .text                                    0x08004588   Section        0  stm32f10x_usart.o(.text)
    .text                                    0x080048f8   Section        0  stm32f10x_dma.o(.text)
    .text                                    0x08004b38   Section        0  misc.o(.text)
    .text                                    0x08004c14   Section        0  stm32f10x_adc.o(.text)
    .text                                    0x08005044   Section        0  stm32f10x_tim.o(.text)
    TI4_Config                               0x08005363   Thumb Code    82  stm32f10x_tim.o(.text)
    TI3_Config                               0x080053c7   Thumb Code    72  stm32f10x_tim.o(.text)
    TI2_Config                               0x08005439   Thumb Code    80  stm32f10x_tim.o(.text)
    TI1_Config                               0x0800549b   Thumb Code    56  stm32f10x_tim.o(.text)
    .text                                    0x08005c0c   Section        0  stm32f10x_bkp.o(.text)
    .text                                    0x08005cb8   Section        0  stm32f10x_pwr.o(.text)
    .text                                    0x08005d78   Section        0  stm32f10x_iwdg.o(.text)
    .text                                    0x08005db8   Section        0  system_stm32f10x.o(.text)
    SetSysClockTo72                          0x08005db9   Thumb Code   220  system_stm32f10x.o(.text)
    SetSysClock                              0x08005e95   Thumb Code     8  system_stm32f10x.o(.text)
    .text                                    0x08005ef0   Section        0  memcpya.o(.text)
    .text                                    0x08005f14   Section        0  fadd.o(.text)
    .text                                    0x08005fc4   Section        0  fmul.o(.text)
    .text                                    0x08006028   Section        0  fdiv.o(.text)
    .text                                    0x080060a4   Section        0  dadd.o(.text)
    .text                                    0x080061f2   Section        0  dmul.o(.text)
    .text                                    0x080062d6   Section        0  ddiv.o(.text)
    .text                                    0x080063b4   Section        0  fflti.o(.text)
    .text                                    0x080063c6   Section        0  ffltui.o(.text)
    .text                                    0x080063d0   Section        0  dfltui.o(.text)
    .text                                    0x080063ea   Section        0  ffixi.o(.text)
    .text                                    0x0800641c   Section        0  ffixui.o(.text)
    .text                                    0x08006444   Section        0  dfixui.o(.text)
    .text                                    0x08006476   Section        0  f2d.o(.text)
    .text                                    0x0800649c   Section       48  cdrcmple.o(.text)
    .text                                    0x080064cc   Section        0  d2f.o(.text)
    .text                                    0x08006504   Section       20  cfcmple.o(.text)
    .text                                    0x08006518   Section       20  cfrcmple.o(.text)
    .text                                    0x0800652c   Section        0  llshl.o(.text)
    .text                                    0x0800654a   Section        0  llushr.o(.text)
    .text                                    0x0800656a   Section        0  llsshr.o(.text)
    .text                                    0x0800658e   Section        0  iusefp.o(.text)
    .text                                    0x0800658e   Section        0  fepilogue.o(.text)
    .text                                    0x080065fc   Section        0  depilogue.o(.text)
    .text                                    0x080066b8   Section       36  init.o(.text)
    .text                                    0x080066dc   Section        0  __dczerorl2.o(.text)
    i.__scatterload_copy                     0x08006732   Section       14  handlers.o(i.__scatterload_copy)
    i.__scatterload_null                     0x08006740   Section        2  handlers.o(i.__scatterload_null)
    i.__scatterload_zeroinit                 0x08006742   Section       14  handlers.o(i.__scatterload_zeroinit)
    .constdata                               0x08006750   Section       34  delay.o(.constdata)
    .constdata                               0x08006774   Section     1404  adc.o(.constdata)
    .constdata                               0x08006cf0   Section       22  bsp_led.o(.constdata)
    .constdata                               0x08006d06   Section       24  pid.o(.constdata)
    .data                                    0x20000000   Section       18  delay.o(.data)
    ledstate                                 0x2000000e   Data           1  delay.o(.data)
    i                                        0x20000010   Data           2  delay.o(.data)
    .data                                    0x20000012   Section        3  main.o(.data)
    RFID_Setp                                0x20000012   Data           1  main.o(.data)
    Read_Num                                 0x20000013   Data           1  main.o(.data)
    Last_Setp                                0x20000014   Data           1  main.o(.data)
    .data                                    0x20000016   Section        4  stm32f10x_it.o(.data)
    codenum                                  0x20000016   Data           1  stm32f10x_it.o(.data)
    music                                    0x20000018   Data           2  stm32f10x_it.o(.data)
    .data                                    0x2000001c   Section      102  system.o(.data)
    Senser_Mode                              0x2000004b   Data           3  system.o(.data)
    Write_RFID_Bit                           0x2000004e   Data           1  system.o(.data)
    Clear_Count                              0x20000050   Data           2  system.o(.data)
    Total_Flow                               0x20000052   Data           2  system.o(.data)
    Erro_Flage                               0x20000054   Data           1  system.o(.data)
    RF_Read_Num                              0x20000055   Data           1  system.o(.data)
    Filter_Ready_Flage                       0x20000056   Data           1  system.o(.data)
    Now_Current_Speed                        0x20000058   Data           4  system.o(.data)
    Senser_Time_SXG                          0x2000005c   Data           4  system.o(.data)
    Senser_Time_YSXU                         0x20000060   Data           4  system.o(.data)
    Senser_Time_SSXU                         0x20000064   Data           4  system.o(.data)
    Senser_Time_YSXD                         0x20000068   Data           4  system.o(.data)
    Senser_Time_SSXD                         0x2000006c   Data           4  system.o(.data)
    id_buf                                   0x20000070   Data           4  system.o(.data)
    first_read                               0x20000074   Data           1  system.o(.data)
    read_num                                 0x20000075   Data           1  system.o(.data)
    read_life                                0x20000076   Data           2  system.o(.data)
    new_filter                               0x20000078   Data           1  system.o(.data)
    write_filter_flage                       0x20000079   Data           1  system.o(.data)
    test_flage                               0x2000007a   Data           1  system.o(.data)
    keymode                                  0x2000007b   Data           3  system.o(.data)
    set_temp                                 0x2000007e   Data           1  system.o(.data)
    waite_time                               0x20000080   Data           2  system.o(.data)
    .data                                    0x20000088   Section       88  adc.o(.data)
    averys                                   0x20000098   Data           8  adc.o(.data)
    avercs                                   0x200000a0   Data           8  adc.o(.data)
    averhm                                   0x200000a8   Data           8  adc.o(.data)
    avercur                                  0x200000b0   Data           8  adc.o(.data)
    avertem                                  0x200000b8   Data           8  adc.o(.data)
    averpow                                  0x200000c0   Data           8  adc.o(.data)
    avertds                                  0x200000c8   Data           8  adc.o(.data)
    curflage                                 0x200000d0   Data           1  adc.o(.data)
    loopnum                                  0x200000d2   Data           2  adc.o(.data)
    orpvalue                                 0x200000d4   Data           2  adc.o(.data)
    curzero                                  0x200000d8   Data           4  adc.o(.data)
    tempvalue                                0x200000dc   Data           4  adc.o(.data)
    .data                                    0x200000e0   Section       16  bsp_led.o(.data)
    shift                                    0x200000ef   Data           1  bsp_led.o(.data)
    .data                                    0x200000f0   Section       48  pid.o(.data)
    Cur_Pid_Enable                           0x200000f0   Data           1  pid.o(.data)
    Motor_Pid_Enable                         0x200000f1   Data           1  pid.o(.data)
    Set_Current                              0x200000f2   Data           2  pid.o(.data)
    Set_Tempvalue                            0x200000f4   Data           2  pid.o(.data)
    Cur_Pid_Kp                               0x200000f8   Data           4  pid.o(.data)
    Cur_Pid_Ki                               0x200000fc   Data           4  pid.o(.data)
    Cur_Pid_Kd                               0x20000100   Data           4  pid.o(.data)
    Tem_Pid_Kp                               0x20000104   Data           4  pid.o(.data)
    Tem_Pid_Ki                               0x20000108   Data           4  pid.o(.data)
    Tem_Pid_Kd                               0x2000010c   Data           4  pid.o(.data)
    motor_pid                                0x20000110   Data           4  pid.o(.data)
    Cur_Pidvalue                             0x20000114   Data           2  pid.o(.data)
    Motor_Pidvalue2L                         0x20000116   Data           2  pid.o(.data)
    Set_HOTPwm_Value                         0x20000118   Data           8  pid.o(.data)
    .data                                    0x20000120   Section       16  gt208l.o(.data)
    Key_Time_PH                              0x20000124   Data           4  gt208l.o(.data)
    Key_Time_TEM                             0x20000128   Data           4  gt208l.o(.data)
    Key_Time_START                           0x2000012c   Data           4  gt208l.o(.data)
    .data                                    0x20000130   Section        6  usart3.o(.data)
    .data                                    0x20000136   Section       20  stm32f10x_rcc.o(.data)
    APBAHBPrescTable                         0x20000136   Data          16  stm32f10x_rcc.o(.data)
    ADCPrescTable                            0x20000146   Data           4  stm32f10x_rcc.o(.data)
    .bss                                     0x2000014c   Section      500  delay.o(.bss)
    .bss                                     0x20000340   Section       70  adc.o(.bss)
    .bss                                     0x20000388   Section       24  pid.o(.bss)
    Cur_Pid_diff                             0x20000388   Data          12  pid.o(.bss)
    Motor_Pid_diff                           0x20000394   Data          12  pid.o(.bss)
    .bss                                     0x200003a0   Section      856  usart3.o(.bss)
    DMA_InitStructureTx                      0x200006a0   Data          44  usart3.o(.bss)
    DMA_InitStructureRx                      0x200006cc   Data          44  usart3.o(.bss)
    STACK                                    0x200006f8   Section      512  startup_stm32f10x_md.o(STACK)

    Global Symbols

    Symbol Name                              Value     Ov Type        Size  Object(Section)

    BuildAttributes$$THM_ISAv4$P$D$K$B$S$PE$A:L22UL41UL21$X:L11$S22US41US21$IEEE1$IW$USESV6$~STKCKD$USESV7$~SHL$OTIME$ROPI$EBA8$MICROLIB$REQ8$PRES8$EABIv2 0x00000000   Number         0  anon$$obj.o ABSOLUTE
    __ARM_use_no_argv                        0x00000000   Number         0  main.o ABSOLUTE
    __cpp_initialize__aeabi_                  - Undefined Weak Reference
    __cxa_finalize                            - Undefined Weak Reference
    _clock_init                               - Undefined Weak Reference
    _microlib_exit                            - Undefined Weak Reference
    __Vectors_Size                           0x000000ec   Number         0  startup_stm32f10x_md.o ABSOLUTE
    __Vectors                                0x08000000   Data           4  startup_stm32f10x_md.o(RESET)
    __Vectors_End                            0x080000ec   Data           0  startup_stm32f10x_md.o(RESET)
    __main                                   0x080000ed   Thumb Code     0  entry.o(.ARM.Collect$$$$00000000)
    _main_stk                                0x080000ed   Thumb Code     0  entry2.o(.ARM.Collect$$$$00000001)
    _main_scatterload                        0x080000f1   Thumb Code     0  entry5.o(.ARM.Collect$$$$00000004)
    __main_after_scatterload                 0x080000f5   Thumb Code     0  entry5.o(.ARM.Collect$$$$00000004)
    _main_clock                              0x080000f5   Thumb Code     0  entry7b.o(.ARM.Collect$$$$00000008)
    _main_cpp_init                           0x080000f5   Thumb Code     0  entry8b.o(.ARM.Collect$$$$0000000A)
    _main_init                               0x080000f5   Thumb Code     0  entry9a.o(.ARM.Collect$$$$0000000B)
    __rt_final_cpp                           0x080000fd   Thumb Code     0  entry10a.o(.ARM.Collect$$$$0000000D)
    __rt_final_exit                          0x080000fd   Thumb Code     0  entry11a.o(.ARM.Collect$$$$0000000F)
    Reset_Handler                            0x08000101   Thumb Code     4  startup_stm32f10x_md.o(.text)
    ADC1_2_IRQHandler                        0x08000117   Thumb Code     0  startup_stm32f10x_md.o(.text)
    CAN1_RX1_IRQHandler                      0x08000117   Thumb Code     0  startup_stm32f10x_md.o(.text)
    CAN1_SCE_IRQHandler                      0x08000117   Thumb Code     0  startup_stm32f10x_md.o(.text)
    DMA1_Channel1_IRQHandler                 0x08000117   Thumb Code     0  startup_stm32f10x_md.o(.text)
    DMA1_Channel4_IRQHandler                 0x08000117   Thumb Code     0  startup_stm32f10x_md.o(.text)
    DMA1_Channel5_IRQHandler                 0x08000117   Thumb Code     0  startup_stm32f10x_md.o(.text)
    DMA1_Channel6_IRQHandler                 0x08000117   Thumb Code     0  startup_stm32f10x_md.o(.text)
    DMA1_Channel7_IRQHandler                 0x08000117   Thumb Code     0  startup_stm32f10x_md.o(.text)
    EXTI0_IRQHandler                         0x08000117   Thumb Code     0  startup_stm32f10x_md.o(.text)
    EXTI15_10_IRQHandler                     0x08000117   Thumb Code     0  startup_stm32f10x_md.o(.text)
    EXTI1_IRQHandler                         0x08000117   Thumb Code     0  startup_stm32f10x_md.o(.text)
    EXTI2_IRQHandler                         0x08000117   Thumb Code     0  startup_stm32f10x_md.o(.text)
    EXTI3_IRQHandler                         0x08000117   Thumb Code     0  startup_stm32f10x_md.o(.text)
    EXTI4_IRQHandler                         0x08000117   Thumb Code     0  startup_stm32f10x_md.o(.text)
    EXTI9_5_IRQHandler                       0x08000117   Thumb Code     0  startup_stm32f10x_md.o(.text)
    FLASH_IRQHandler                         0x08000117   Thumb Code     0  startup_stm32f10x_md.o(.text)
    I2C1_ER_IRQHandler                       0x08000117   Thumb Code     0  startup_stm32f10x_md.o(.text)
    I2C1_EV_IRQHandler                       0x08000117   Thumb Code     0  startup_stm32f10x_md.o(.text)
    I2C2_ER_IRQHandler                       0x08000117   Thumb Code     0  startup_stm32f10x_md.o(.text)
    I2C2_EV_IRQHandler                       0x08000117   Thumb Code     0  startup_stm32f10x_md.o(.text)
    PVD_IRQHandler                           0x08000117   Thumb Code     0  startup_stm32f10x_md.o(.text)
    RCC_IRQHandler                           0x08000117   Thumb Code     0  startup_stm32f10x_md.o(.text)
    RTCAlarm_IRQHandler                      0x08000117   Thumb Code     0  startup_stm32f10x_md.o(.text)
    RTC_IRQHandler                           0x08000117   Thumb Code     0  startup_stm32f10x_md.o(.text)
    SPI1_IRQHandler                          0x08000117   Thumb Code     0  startup_stm32f10x_md.o(.text)
    SPI2_IRQHandler                          0x08000117   Thumb Code     0  startup_stm32f10x_md.o(.text)
    TAMPER_IRQHandler                        0x08000117   Thumb Code     0  startup_stm32f10x_md.o(.text)
    TIM1_BRK_IRQHandler                      0x08000117   Thumb Code     0  startup_stm32f10x_md.o(.text)
    TIM1_CC_IRQHandler                       0x08000117   Thumb Code     0  startup_stm32f10x_md.o(.text)
    TIM1_TRG_COM_IRQHandler                  0x08000117   Thumb Code     0  startup_stm32f10x_md.o(.text)
    TIM3_IRQHandler                          0x08000117   Thumb Code     0  startup_stm32f10x_md.o(.text)
    TIM4_IRQHandler                          0x08000117   Thumb Code     0  startup_stm32f10x_md.o(.text)
    USART1_IRQHandler                        0x08000117   Thumb Code     0  startup_stm32f10x_md.o(.text)
    USART2_IRQHandler                        0x08000117   Thumb Code     0  startup_stm32f10x_md.o(.text)
    USBWakeUp_IRQHandler                     0x08000117   Thumb Code     0  startup_stm32f10x_md.o(.text)
    USB_HP_CAN1_TX_IRQHandler                0x08000117   Thumb Code     0  startup_stm32f10x_md.o(.text)
    USB_LP_CAN1_RX0_IRQHandler               0x08000117   Thumb Code     0  startup_stm32f10x_md.o(.text)
    WWDG_IRQHandler                          0x08000117   Thumb Code     0  startup_stm32f10x_md.o(.text)
    delay_us                                 0x0800011d   Thumb Code    28  delay.o(.text)
    delay_ms                                 0x08000139   Thumb Code    24  delay.o(.text)
    Set_Music_Value                          0x08000151   Thumb Code    62  delay.o(.text)
    TIM1_Configuration                       0x0800018f   Thumb Code   220  delay.o(.text)
    TIM2_Configuration                       0x0800026b   Thumb Code    82  delay.o(.text)
    TIM3_Configuration                       0x080002bd   Thumb Code   158  delay.o(.text)
    TIM4_Configuration                       0x0800035b   Thumb Code   200  delay.o(.text)
    SysTick_Init                             0x08000423   Thumb Code    82  delay.o(.text)
    SysTick_ISR                              0x08000475   Thumb Code   338  delay.o(.text)
    Board_GPIO_Config                        0x080005d9   Thumb Code   304  driveboard.o(.text)
    NVIC_Configuration                       0x08000709   Thumb Code   128  driveboard.o(.text)
    IWDG_Config                              0x08000789   Thumb Code    32  driveboard.o(.text)
    Init_Board                               0x080007a9   Thumb Code   262  driveboard.o(.text)
    main                                     0x080008d5   Thumb Code   196  main.o(.text)
    NMI_Handler                              0x080009c5   Thumb Code     2  stm32f10x_it.o(.text)
    HardFault_Handler                        0x080009c7   Thumb Code     4  stm32f10x_it.o(.text)
    MemManage_Handler                        0x080009cb   Thumb Code     4  stm32f10x_it.o(.text)
    BusFault_Handler                         0x080009cf   Thumb Code     4  stm32f10x_it.o(.text)
    UsageFault_Handler                       0x080009d3   Thumb Code     4  stm32f10x_it.o(.text)
    SVC_Handler                              0x080009d7   Thumb Code     2  stm32f10x_it.o(.text)
    DebugMon_Handler                         0x080009d9   Thumb Code     2  stm32f10x_it.o(.text)
    PendSV_Handler                           0x080009db   Thumb Code     2  stm32f10x_it.o(.text)
    SysTick_Handler                          0x080009dd   Thumb Code     8  stm32f10x_it.o(.text)
    DMA1_Channel2_IRQHandler                 0x080009e5   Thumb Code    18  stm32f10x_it.o(.text)
    DMA1_Channel3_IRQHandler                 0x080009f7   Thumb Code    22  stm32f10x_it.o(.text)
    TIM1_UP_IRQHandler                       0x08000a0d   Thumb Code    12  stm32f10x_it.o(.text)
    TIM2_IRQHandler                          0x08000a19   Thumb Code   376  stm32f10x_it.o(.text)
    Senser_Value_Read                        0x08000bcb   Thumb Code   290  system.o(.text)
    RF_Read_Info                             0x08000ced   Thumb Code   340  system.o(.text)
    EM4305_Get_NewFAX                        0x08000e41   Thumb Code   900  system.o(.text)
    Work_In_Set                              0x080011c5   Thumb Code  2360  system.o(.text)
    ADC1_Mode_Config                         0x08001b39   Thumb Code   328  adc.o(.text)
    ADC2_Mode_Config                         0x08001c81   Thumb Code   174  adc.o(.text)
    ReadADCAverageValue                      0x08001d2f   Thumb Code    60  adc.o(.text)
    Get_Now_Value                            0x08001d6b   Thumb Code  2460  adc.o(.text)
    bsp_led_init                             0x08002755   Thumb Code    40  bsp_led.o(.text)
    Refresh_LED_Display                      0x080028db   Thumb Code   934  bsp_led.o(.text)
    Stop_Cur_PID                             0x08002c99   Thumb Code    16  pid.o(.text)
    Start_Cur_PID                            0x08002ca9   Thumb Code    40  pid.o(.text)
    Start_Motor_PID                          0x08002cd1   Thumb Code   150  pid.o(.text)
    Cur_PID_Reset                            0x08002d67   Thumb Code    28  pid.o(.text)
    Motor_PID_Reset                          0x08002d83   Thumb Code    30  pid.o(.text)
    Reset_Motor_Value                        0x08002da1   Thumb Code    10  pid.o(.text)
    Cur_PID_Run                              0x08002dab   Thumb Code   292  pid.o(.text)
    Motor_PID_Run                            0x08002ecf   Thumb Code   358  pid.o(.text)
    I2C_Stop                                 0x080030a1   Thumb Code    72  gt208l.o(.text)
    I2C_GPIO_Config                          0x080030e9   Thumb Code    92  gt208l.o(.text)
    I2C_Start                                0x08003145   Thumb Code   114  gt208l.o(.text)
    I2C_Ack                                  0x080031b7   Thumb Code    72  gt208l.o(.text)
    I2C_NoAck                                0x080031ff   Thumb Code    72  gt208l.o(.text)
    I2C_WaitAck                              0x08003247   Thumb Code    86  gt208l.o(.text)
    I2C_SendByte                             0x0800329d   Thumb Code   122  gt208l.o(.text)
    I2C_ReceiveByte                          0x08003317   Thumb Code    94  gt208l.o(.text)
    I2C_Write                                0x08003375   Thumb Code   102  gt208l.o(.text)
    I2C_Read                                 0x080033db   Thumb Code   136  gt208l.o(.text)
    Init_GT208L                              0x08003463   Thumb Code   114  gt208l.o(.text)
    GT208L_Read_Key                          0x080034d5   Thumb Code    28  gt208l.o(.text)
    Button_Read                              0x080034f1   Thumb Code   298  gt208l.o(.text)
    USART3_Config                            0x08003635   Thumb Code   378  usart3.o(.text)
    USART3_SendBuffer                        0x08003811   Thumb Code    60  usart3.o(.text)
    Usart3_Print                             0x0800384d   Thumb Code   314  usart3.o(.text)
    USART3_SendDatas                         0x08003987   Thumb Code    48  usart3.o(.text)
    USART3_IRQHandler                        0x080039b7   Thumb Code   198  usart3.o(.text)
    EM4305_Read_Data                         0x08003a7d   Thumb Code    82  usart3.o(.text)
    EM4305_Write_Data                        0x08003acf   Thumb Code   114  usart3.o(.text)
    EEP_Write_Date                           0x08003b41   Thumb Code   172  fm24c32.o(.text)
    EEP_Write_Dates                          0x08003bed   Thumb Code   190  fm24c32.o(.text)
    EEP_Write_NULL                           0x08003cab   Thumb Code   182  fm24c32.o(.text)
    EEP_Read_Date                            0x08003d61   Thumb Code   154  fm24c32.o(.text)
    EEP_Read_Dates                           0x08003dfb   Thumb Code   184  fm24c32.o(.text)
    GPIO_DeInit                              0x08003eb9   Thumb Code   188  stm32f10x_gpio.o(.text)
    GPIO_AFIODeInit                          0x08003f75   Thumb Code    20  stm32f10x_gpio.o(.text)
    GPIO_Init                                0x08003f89   Thumb Code   278  stm32f10x_gpio.o(.text)
    GPIO_StructInit                          0x0800409f   Thumb Code    16  stm32f10x_gpio.o(.text)
    GPIO_ReadInputDataBit                    0x080040af   Thumb Code    18  stm32f10x_gpio.o(.text)
    GPIO_ReadInputData                       0x080040c1   Thumb Code     8  stm32f10x_gpio.o(.text)
    GPIO_ReadOutputDataBit                   0x080040c9   Thumb Code    18  stm32f10x_gpio.o(.text)
    GPIO_ReadOutputData                      0x080040db   Thumb Code     8  stm32f10x_gpio.o(.text)
    GPIO_SetBits                             0x080040e3   Thumb Code     4  stm32f10x_gpio.o(.text)
    GPIO_ResetBits                           0x080040e7   Thumb Code     4  stm32f10x_gpio.o(.text)
    GPIO_WriteBit                            0x080040eb   Thumb Code    10  stm32f10x_gpio.o(.text)
    GPIO_Write                               0x080040f5   Thumb Code     4  stm32f10x_gpio.o(.text)
    GPIO_PinLockConfig                       0x080040f9   Thumb Code    18  stm32f10x_gpio.o(.text)
    GPIO_EventOutputConfig                   0x0800410b   Thumb Code    26  stm32f10x_gpio.o(.text)
    GPIO_EventOutputCmd                      0x08004125   Thumb Code     6  stm32f10x_gpio.o(.text)
    GPIO_PinRemapConfig                      0x0800412b   Thumb Code   106  stm32f10x_gpio.o(.text)
    GPIO_EXTILineConfig                      0x08004195   Thumb Code    66  stm32f10x_gpio.o(.text)
    RCC_DeInit                               0x080041e9   Thumb Code    62  stm32f10x_rcc.o(.text)
    RCC_HSEConfig                            0x08004227   Thumb Code    70  stm32f10x_rcc.o(.text)
    RCC_GetFlagStatus                        0x0800426d   Thumb Code    56  stm32f10x_rcc.o(.text)
    RCC_WaitForHSEStartUp                    0x080042a5   Thumb Code    54  stm32f10x_rcc.o(.text)
    RCC_AdjustHSICalibrationValue            0x080042db   Thumb Code    20  stm32f10x_rcc.o(.text)
    RCC_HSICmd                               0x080042ef   Thumb Code     6  stm32f10x_rcc.o(.text)
    RCC_PLLConfig                            0x080042f5   Thumb Code    24  stm32f10x_rcc.o(.text)
    RCC_PLLCmd                               0x0800430d   Thumb Code     6  stm32f10x_rcc.o(.text)
    RCC_SYSCLKConfig                         0x08004313   Thumb Code    18  stm32f10x_rcc.o(.text)
    RCC_GetSYSCLKSource                      0x08004325   Thumb Code    10  stm32f10x_rcc.o(.text)
    RCC_HCLKConfig                           0x0800432f   Thumb Code    18  stm32f10x_rcc.o(.text)
    RCC_PCLK1Config                          0x08004341   Thumb Code    18  stm32f10x_rcc.o(.text)
    RCC_PCLK2Config                          0x08004353   Thumb Code    20  stm32f10x_rcc.o(.text)
    RCC_ITConfig                             0x08004367   Thumb Code    26  stm32f10x_rcc.o(.text)
    RCC_USBCLKConfig                         0x08004381   Thumb Code     8  stm32f10x_rcc.o(.text)
    RCC_ADCCLKConfig                         0x08004389   Thumb Code    18  stm32f10x_rcc.o(.text)
    RCC_LSEConfig                            0x0800439b   Thumb Code    50  stm32f10x_rcc.o(.text)
    RCC_LSICmd                               0x080043cd   Thumb Code     6  stm32f10x_rcc.o(.text)
    RCC_RTCCLKConfig                         0x080043d3   Thumb Code    12  stm32f10x_rcc.o(.text)
    RCC_RTCCLKCmd                            0x080043df   Thumb Code     8  stm32f10x_rcc.o(.text)
    RCC_GetClocksFreq                        0x080043e7   Thumb Code   192  stm32f10x_rcc.o(.text)
    RCC_AHBPeriphClockCmd                    0x080044a7   Thumb Code    26  stm32f10x_rcc.o(.text)
    RCC_APB2PeriphClockCmd                   0x080044c1   Thumb Code    26  stm32f10x_rcc.o(.text)
    RCC_APB1PeriphClockCmd                   0x080044db   Thumb Code    26  stm32f10x_rcc.o(.text)
    RCC_APB2PeriphResetCmd                   0x080044f5   Thumb Code    26  stm32f10x_rcc.o(.text)
    RCC_APB1PeriphResetCmd                   0x0800450f   Thumb Code    26  stm32f10x_rcc.o(.text)
    RCC_BackupResetCmd                       0x08004529   Thumb Code     8  stm32f10x_rcc.o(.text)
    RCC_ClockSecuritySystemCmd               0x08004531   Thumb Code     6  stm32f10x_rcc.o(.text)
    RCC_MCOConfig                            0x08004537   Thumb Code     6  stm32f10x_rcc.o(.text)
    RCC_ClearFlag                            0x0800453d   Thumb Code    14  stm32f10x_rcc.o(.text)
    RCC_GetITStatus                          0x0800454b   Thumb Code    20  stm32f10x_rcc.o(.text)
    RCC_ClearITPendingBit                    0x0800455f   Thumb Code     6  stm32f10x_rcc.o(.text)
    USART_DeInit                             0x08004589   Thumb Code   146  stm32f10x_usart.o(.text)
    USART_Init                               0x0800461b   Thumb Code   150  stm32f10x_usart.o(.text)
    USART_StructInit                         0x080046b1   Thumb Code    24  stm32f10x_usart.o(.text)
    USART_ClockInit                          0x080046c9   Thumb Code    34  stm32f10x_usart.o(.text)
    USART_ClockStructInit                    0x080046eb   Thumb Code    12  stm32f10x_usart.o(.text)
    USART_Cmd                                0x080046f7   Thumb Code    24  stm32f10x_usart.o(.text)
    USART_ITConfig                           0x0800470f   Thumb Code    64  stm32f10x_usart.o(.text)
    USART_DMACmd                             0x0800474f   Thumb Code    18  stm32f10x_usart.o(.text)
    USART_SetAddress                         0x08004761   Thumb Code    18  stm32f10x_usart.o(.text)
    USART_WakeUpConfig                       0x08004773   Thumb Code    18  stm32f10x_usart.o(.text)
    USART_ReceiverWakeUpCmd                  0x08004785   Thumb Code    24  stm32f10x_usart.o(.text)
    USART_LINBreakDetectLengthConfig         0x0800479d   Thumb Code    18  stm32f10x_usart.o(.text)
    USART_LINCmd                             0x080047af   Thumb Code    24  stm32f10x_usart.o(.text)
    USART_SendData                           0x080047c7   Thumb Code     8  stm32f10x_usart.o(.text)
    USART_ReceiveData                        0x080047cf   Thumb Code    10  stm32f10x_usart.o(.text)
    USART_SendBreak                          0x080047d9   Thumb Code    10  stm32f10x_usart.o(.text)
    USART_SetGuardTime                       0x080047e3   Thumb Code    16  stm32f10x_usart.o(.text)
    USART_SetPrescaler                       0x080047f3   Thumb Code    16  stm32f10x_usart.o(.text)
    USART_SmartCardCmd                       0x08004803   Thumb Code    24  stm32f10x_usart.o(.text)
    USART_SmartCardNACKCmd                   0x0800481b   Thumb Code    24  stm32f10x_usart.o(.text)
    USART_HalfDuplexCmd                      0x08004833   Thumb Code    24  stm32f10x_usart.o(.text)
    USART_IrDAConfig                         0x0800484b   Thumb Code    18  stm32f10x_usart.o(.text)
    USART_IrDACmd                            0x0800485d   Thumb Code    24  stm32f10x_usart.o(.text)
    USART_GetFlagStatus                      0x08004875   Thumb Code    18  stm32f10x_usart.o(.text)
    USART_ClearFlag                          0x08004887   Thumb Code     6  stm32f10x_usart.o(.text)
    USART_GetITStatus                        0x0800488d   Thumb Code    76  stm32f10x_usart.o(.text)
    USART_ClearITPendingBit                  0x080048d9   Thumb Code    20  stm32f10x_usart.o(.text)
    DMA_DeInit                               0x080048f9   Thumb Code   306  stm32f10x_dma.o(.text)
    DMA_Init                                 0x08004a2b   Thumb Code    60  stm32f10x_dma.o(.text)
    DMA_StructInit                           0x08004a67   Thumb Code    26  stm32f10x_dma.o(.text)
    DMA_Cmd                                  0x08004a81   Thumb Code    22  stm32f10x_dma.o(.text)
    DMA_ITConfig                             0x08004a97   Thumb Code    18  stm32f10x_dma.o(.text)
    DMA_GetCurrDataCounter                   0x08004aa9   Thumb Code     8  stm32f10x_dma.o(.text)
    DMA_GetFlagStatus                        0x08004ab1   Thumb Code    40  stm32f10x_dma.o(.text)
    DMA_ClearFlag                            0x08004ad9   Thumb Code    20  stm32f10x_dma.o(.text)
    DMA_GetITStatus                          0x08004aed   Thumb Code    40  stm32f10x_dma.o(.text)
    DMA_ClearITPendingBit                    0x08004b15   Thumb Code    20  stm32f10x_dma.o(.text)
    NVIC_PriorityGroupConfig                 0x08004b39   Thumb Code    10  misc.o(.text)
    NVIC_Init                                0x08004b43   Thumb Code   100  misc.o(.text)
    NVIC_SetVectorTable                      0x08004ba7   Thumb Code    14  misc.o(.text)
    NVIC_SystemLPConfig                      0x08004bb5   Thumb Code    34  misc.o(.text)
    SysTick_CLKSourceConfig                  0x08004bd7   Thumb Code    40  misc.o(.text)
    ADC_DeInit                               0x08004c15   Thumb Code    90  stm32f10x_adc.o(.text)
    ADC_Init                                 0x08004c6f   Thumb Code    70  stm32f10x_adc.o(.text)
    ADC_StructInit                           0x08004cb5   Thumb Code    18  stm32f10x_adc.o(.text)
    ADC_Cmd                                  0x08004cc7   Thumb Code    22  stm32f10x_adc.o(.text)
    ADC_DMACmd                               0x08004cdd   Thumb Code    22  stm32f10x_adc.o(.text)
    ADC_ITConfig                             0x08004cf3   Thumb Code    24  stm32f10x_adc.o(.text)
    ADC_ResetCalibration                     0x08004d0b   Thumb Code    10  stm32f10x_adc.o(.text)
    ADC_GetResetCalibrationStatus            0x08004d15   Thumb Code    20  stm32f10x_adc.o(.text)
    ADC_StartCalibration                     0x08004d29   Thumb Code    10  stm32f10x_adc.o(.text)
    ADC_GetCalibrationStatus                 0x08004d33   Thumb Code    20  stm32f10x_adc.o(.text)
    ADC_SoftwareStartConvCmd                 0x08004d47   Thumb Code    22  stm32f10x_adc.o(.text)
    ADC_GetSoftwareStartConvStatus           0x08004d5d   Thumb Code    20  stm32f10x_adc.o(.text)
    ADC_DiscModeChannelCountConfig           0x08004d71   Thumb Code    24  stm32f10x_adc.o(.text)
    ADC_DiscModeCmd                          0x08004d89   Thumb Code    22  stm32f10x_adc.o(.text)
    ADC_RegularChannelConfig                 0x08004d9f   Thumb Code   184  stm32f10x_adc.o(.text)
    ADC_ExternalTrigConvCmd                  0x08004e57   Thumb Code    22  stm32f10x_adc.o(.text)
    ADC_GetConversionValue                   0x08004e6d   Thumb Code     8  stm32f10x_adc.o(.text)
    ADC_GetDualModeConversionValue           0x08004e75   Thumb Code     6  stm32f10x_adc.o(.text)
    ADC_AutoInjectedConvCmd                  0x08004e7b   Thumb Code    22  stm32f10x_adc.o(.text)
    ADC_InjectedDiscModeCmd                  0x08004e91   Thumb Code    22  stm32f10x_adc.o(.text)
    ADC_ExternalTrigInjectedConvConfig       0x08004ea7   Thumb Code    16  stm32f10x_adc.o(.text)
    ADC_ExternalTrigInjectedConvCmd          0x08004eb7   Thumb Code    22  stm32f10x_adc.o(.text)
    ADC_SoftwareStartInjectedConvCmd         0x08004ecd   Thumb Code    22  stm32f10x_adc.o(.text)
    ADC_GetSoftwareStartInjectedConvCmdStatus 0x08004ee3   Thumb Code    20  stm32f10x_adc.o(.text)
    ADC_InjectedChannelConfig                0x08004ef7   Thumb Code   130  stm32f10x_adc.o(.text)
    ADC_InjectedSequencerLengthConfig        0x08004f79   Thumb Code    24  stm32f10x_adc.o(.text)
    ADC_SetInjectedOffset                    0x08004f91   Thumb Code     4  stm32f10x_adc.o(.text)
    ADC_GetInjectedConversionValue           0x08004f95   Thumb Code    10  stm32f10x_adc.o(.text)
    ADC_AnalogWatchdogCmd                    0x08004f9f   Thumb Code    16  stm32f10x_adc.o(.text)
    ADC_AnalogWatchdogThresholdsConfig       0x08004faf   Thumb Code     6  stm32f10x_adc.o(.text)
    ADC_AnalogWatchdogSingleChannelConfig    0x08004fb5   Thumb Code    16  stm32f10x_adc.o(.text)
    ADC_TempSensorVrefintCmd                 0x08004fc5   Thumb Code    38  stm32f10x_adc.o(.text)
    ADC_GetFlagStatus                        0x08004feb   Thumb Code    38  stm32f10x_adc.o(.text)
    ADC_ClearFlag                            0x08005011   Thumb Code     6  stm32f10x_adc.o(.text)
    ADC_GetITStatus                          0x08005017   Thumb Code    36  stm32f10x_adc.o(.text)
    ADC_ClearITPendingBit                    0x0800503b   Thumb Code    10  stm32f10x_adc.o(.text)
    TIM_DeInit                               0x08005045   Thumb Code   214  stm32f10x_tim.o(.text)
    TIM_TimeBaseInit                         0x0800511b   Thumb Code    50  stm32f10x_tim.o(.text)
    TIM_OC1Init                              0x0800514d   Thumb Code   110  stm32f10x_tim.o(.text)
    TIM_OC2Init                              0x080051bb   Thumb Code   148  stm32f10x_tim.o(.text)
    TIM_OC3Init                              0x0800524f   Thumb Code   144  stm32f10x_tim.o(.text)
    TIM_OC4Init                              0x080052df   Thumb Code   106  stm32f10x_tim.o(.text)
    TIM_SetIC4Prescaler                      0x08005349   Thumb Code    26  stm32f10x_tim.o(.text)
    TIM_SetIC3Prescaler                      0x080053b5   Thumb Code    18  stm32f10x_tim.o(.text)
    TIM_SetIC2Prescaler                      0x0800540f   Thumb Code    42  stm32f10x_tim.o(.text)
    TIM_SetIC1Prescaler                      0x08005489   Thumb Code    18  stm32f10x_tim.o(.text)
    TIM_ICInit                               0x080054d3   Thumb Code   110  stm32f10x_tim.o(.text)
    TIM_PWMIConfig                           0x08005541   Thumb Code   124  stm32f10x_tim.o(.text)
    TIM_BDTRConfig                           0x080055bd   Thumb Code    32  stm32f10x_tim.o(.text)
    TIM_TimeBaseStructInit                   0x080055dd   Thumb Code    18  stm32f10x_tim.o(.text)
    TIM_OCStructInit                         0x080055ef   Thumb Code    20  stm32f10x_tim.o(.text)
    TIM_ICStructInit                         0x08005603   Thumb Code    18  stm32f10x_tim.o(.text)
    TIM_BDTRStructInit                       0x08005615   Thumb Code    18  stm32f10x_tim.o(.text)
    TIM_Cmd                                  0x08005627   Thumb Code    24  stm32f10x_tim.o(.text)
    TIM_CtrlPWMOutputs                       0x0800563f   Thumb Code    30  stm32f10x_tim.o(.text)
    TIM_ITConfig                             0x0800565d   Thumb Code    18  stm32f10x_tim.o(.text)
    TIM_GenerateEvent                        0x0800566f   Thumb Code     4  stm32f10x_tim.o(.text)
    TIM_DMAConfig                            0x08005673   Thumb Code    10  stm32f10x_tim.o(.text)
    TIM_DMACmd                               0x0800567d   Thumb Code    18  stm32f10x_tim.o(.text)
    TIM_InternalClockConfig                  0x0800568f   Thumb Code    12  stm32f10x_tim.o(.text)
    TIM_SelectInputTrigger                   0x0800569b   Thumb Code    18  stm32f10x_tim.o(.text)
    TIM_ITRxExternalClockConfig              0x080056ad   Thumb Code    24  stm32f10x_tim.o(.text)
    TIM_TIxExternalClockConfig               0x080056c5   Thumb Code    62  stm32f10x_tim.o(.text)
    TIM_ETRConfig                            0x08005703   Thumb Code    30  stm32f10x_tim.o(.text)
    TIM_ETRClockMode1Config                  0x08005721   Thumb Code    54  stm32f10x_tim.o(.text)
    TIM_ETRClockMode2Config                  0x08005757   Thumb Code    32  stm32f10x_tim.o(.text)
    TIM_PrescalerConfig                      0x08005777   Thumb Code     6  stm32f10x_tim.o(.text)
    TIM_CounterModeConfig                    0x0800577d   Thumb Code    18  stm32f10x_tim.o(.text)
    TIM_EncoderInterfaceConfig               0x0800578f   Thumb Code    66  stm32f10x_tim.o(.text)
    TIM_ForcedOC1Config                      0x080057d1   Thumb Code    18  stm32f10x_tim.o(.text)
    TIM_ForcedOC2Config                      0x080057e3   Thumb Code    26  stm32f10x_tim.o(.text)
    TIM_ForcedOC3Config                      0x080057fd   Thumb Code    18  stm32f10x_tim.o(.text)
    TIM_ForcedOC4Config                      0x0800580f   Thumb Code    26  stm32f10x_tim.o(.text)
    TIM_ARRPreloadConfig                     0x08005829   Thumb Code    24  stm32f10x_tim.o(.text)
    TIM_SelectCOM                            0x08005841   Thumb Code    24  stm32f10x_tim.o(.text)
    TIM_SelectCCDMA                          0x08005859   Thumb Code    24  stm32f10x_tim.o(.text)
    TIM_CCPreloadControl                     0x08005871   Thumb Code    24  stm32f10x_tim.o(.text)
    TIM_OC1PreloadConfig                     0x08005889   Thumb Code    18  stm32f10x_tim.o(.text)
    TIM_OC2PreloadConfig                     0x0800589b   Thumb Code    26  stm32f10x_tim.o(.text)
    TIM_OC3PreloadConfig                     0x080058b5   Thumb Code    18  stm32f10x_tim.o(.text)
    TIM_OC4PreloadConfig                     0x080058c7   Thumb Code    26  stm32f10x_tim.o(.text)
    TIM_OC1FastConfig                        0x080058e1   Thumb Code    18  stm32f10x_tim.o(.text)
    TIM_OC2FastConfig                        0x080058f3   Thumb Code    26  stm32f10x_tim.o(.text)
    TIM_OC3FastConfig                        0x0800590d   Thumb Code    18  stm32f10x_tim.o(.text)
    TIM_OC4FastConfig                        0x0800591f   Thumb Code    26  stm32f10x_tim.o(.text)
    TIM_ClearOC1Ref                          0x08005939   Thumb Code    18  stm32f10x_tim.o(.text)
    TIM_ClearOC2Ref                          0x0800594b   Thumb Code    24  stm32f10x_tim.o(.text)
    TIM_ClearOC3Ref                          0x08005963   Thumb Code    18  stm32f10x_tim.o(.text)
    TIM_ClearOC4Ref                          0x08005975   Thumb Code    24  stm32f10x_tim.o(.text)
    TIM_OC1PolarityConfig                    0x0800598d   Thumb Code    18  stm32f10x_tim.o(.text)
    TIM_OC1NPolarityConfig                   0x0800599f   Thumb Code    18  stm32f10x_tim.o(.text)
    TIM_OC2PolarityConfig                    0x080059b1   Thumb Code    26  stm32f10x_tim.o(.text)
    TIM_OC2NPolarityConfig                   0x080059cb   Thumb Code    26  stm32f10x_tim.o(.text)
    TIM_OC3PolarityConfig                    0x080059e5   Thumb Code    26  stm32f10x_tim.o(.text)
    TIM_OC3NPolarityConfig                   0x080059ff   Thumb Code    26  stm32f10x_tim.o(.text)
    TIM_OC4PolarityConfig                    0x08005a19   Thumb Code    26  stm32f10x_tim.o(.text)
    TIM_CCxCmd                               0x08005a33   Thumb Code    26  stm32f10x_tim.o(.text)
    TIM_CCxNCmd                              0x08005a4d   Thumb Code    26  stm32f10x_tim.o(.text)
    TIM_SelectOCxM                           0x08005a67   Thumb Code   134  stm32f10x_tim.o(.text)
    TIM_UpdateDisableConfig                  0x08005aed   Thumb Code    24  stm32f10x_tim.o(.text)
    TIM_UpdateRequestConfig                  0x08005b05   Thumb Code    24  stm32f10x_tim.o(.text)
    TIM_SelectHallSensor                     0x08005b1d   Thumb Code    24  stm32f10x_tim.o(.text)
    TIM_SelectOnePulseMode                   0x08005b35   Thumb Code    18  stm32f10x_tim.o(.text)
    TIM_SelectOutputTrigger                  0x08005b47   Thumb Code    18  stm32f10x_tim.o(.text)
    TIM_SelectSlaveMode                      0x08005b59   Thumb Code    18  stm32f10x_tim.o(.text)
    TIM_SelectMasterSlaveMode                0x08005b6b   Thumb Code    18  stm32f10x_tim.o(.text)
    TIM_SetCounter                           0x08005b7d   Thumb Code     4  stm32f10x_tim.o(.text)
    TIM_SetAutoreload                        0x08005b81   Thumb Code     4  stm32f10x_tim.o(.text)
    TIM_SetCompare1                          0x08005b85   Thumb Code     4  stm32f10x_tim.o(.text)
    TIM_SetCompare2                          0x08005b89   Thumb Code     4  stm32f10x_tim.o(.text)
    TIM_SetCompare3                          0x08005b8d   Thumb Code     4  stm32f10x_tim.o(.text)
    TIM_SetCompare4                          0x08005b91   Thumb Code     6  stm32f10x_tim.o(.text)
    TIM_SetClockDivision                     0x08005b97   Thumb Code    14  stm32f10x_tim.o(.text)
    TIM_GetCapture1                          0x08005ba5   Thumb Code     6  stm32f10x_tim.o(.text)
    TIM_GetCapture2                          0x08005bab   Thumb Code     6  stm32f10x_tim.o(.text)
    TIM_GetCapture3                          0x08005bb1   Thumb Code     6  stm32f10x_tim.o(.text)
    TIM_GetCapture4                          0x08005bb7   Thumb Code     8  stm32f10x_tim.o(.text)
    TIM_GetCounter                           0x08005bbf   Thumb Code     6  stm32f10x_tim.o(.text)
    TIM_GetPrescaler                         0x08005bc5   Thumb Code     6  stm32f10x_tim.o(.text)
    TIM_GetFlagStatus                        0x08005bcb   Thumb Code    18  stm32f10x_tim.o(.text)
    TIM_ClearFlag                            0x08005bdd   Thumb Code     6  stm32f10x_tim.o(.text)
    TIM_GetITStatus                          0x08005be3   Thumb Code    34  stm32f10x_tim.o(.text)
    TIM_ClearITPendingBit                    0x08005c05   Thumb Code     6  stm32f10x_tim.o(.text)
    BKP_DeInit                               0x08005c0d   Thumb Code    16  stm32f10x_bkp.o(.text)
    BKP_TamperPinLevelConfig                 0x08005c1d   Thumb Code     6  stm32f10x_bkp.o(.text)
    BKP_TamperPinCmd                         0x08005c23   Thumb Code     8  stm32f10x_bkp.o(.text)
    BKP_ITConfig                             0x08005c2b   Thumb Code     8  stm32f10x_bkp.o(.text)
    BKP_RTCOutputConfig                      0x08005c33   Thumb Code    22  stm32f10x_bkp.o(.text)
    BKP_SetRTCCalibrationValue               0x08005c49   Thumb Code    22  stm32f10x_bkp.o(.text)
    BKP_WriteBackupRegister                  0x08005c5f   Thumb Code    10  stm32f10x_bkp.o(.text)
    BKP_ReadBackupRegister                   0x08005c69   Thumb Code    12  stm32f10x_bkp.o(.text)
    BKP_GetFlagStatus                        0x08005c75   Thumb Code    10  stm32f10x_bkp.o(.text)
    BKP_ClearFlag                            0x08005c7f   Thumb Code    18  stm32f10x_bkp.o(.text)
    BKP_GetITStatus                          0x08005c91   Thumb Code    10  stm32f10x_bkp.o(.text)
    BKP_ClearITPendingBit                    0x08005c9b   Thumb Code    18  stm32f10x_bkp.o(.text)
    PWR_DeInit                               0x08005cb9   Thumb Code    22  stm32f10x_pwr.o(.text)
    PWR_BackupAccessCmd                      0x08005ccf   Thumb Code     6  stm32f10x_pwr.o(.text)
    PWR_PVDCmd                               0x08005cd5   Thumb Code     6  stm32f10x_pwr.o(.text)
    PWR_PVDLevelConfig                       0x08005cdb   Thumb Code    18  stm32f10x_pwr.o(.text)
    PWR_WakeUpPinCmd                         0x08005ced   Thumb Code     8  stm32f10x_pwr.o(.text)
    PWR_EnterSTOPMode                        0x08005cf5   Thumb Code    42  stm32f10x_pwr.o(.text)
    PWR_EnterSTANDBYMode                     0x08005d1f   Thumb Code    42  stm32f10x_pwr.o(.text)
    PWR_GetFlagStatus                        0x08005d49   Thumb Code    20  stm32f10x_pwr.o(.text)
    PWR_ClearFlag                            0x08005d5d   Thumb Code    14  stm32f10x_pwr.o(.text)
    IWDG_WriteAccessCmd                      0x08005d79   Thumb Code     6  stm32f10x_iwdg.o(.text)
    IWDG_SetPrescaler                        0x08005d7f   Thumb Code     6  stm32f10x_iwdg.o(.text)
    IWDG_SetReload                           0x08005d85   Thumb Code     6  stm32f10x_iwdg.o(.text)
    IWDG_ReloadCounter                       0x08005d8b   Thumb Code    10  stm32f10x_iwdg.o(.text)
    IWDG_Enable                              0x08005d95   Thumb Code    10  stm32f10x_iwdg.o(.text)
    IWDG_GetFlagStatus                       0x08005d9f   Thumb Code    20  stm32f10x_iwdg.o(.text)
    SystemInit                               0x08005e9d   Thumb Code    68  system_stm32f10x.o(.text)
    __aeabi_memcpy                           0x08005ef1   Thumb Code    36  memcpya.o(.text)
    __aeabi_memcpy4                          0x08005ef1   Thumb Code     0  memcpya.o(.text)
    __aeabi_memcpy8                          0x08005ef1   Thumb Code     0  memcpya.o(.text)
    __aeabi_fadd                             0x08005f15   Thumb Code   164  fadd.o(.text)
    __aeabi_fsub                             0x08005fb9   Thumb Code     6  fadd.o(.text)
    __aeabi_frsub                            0x08005fbf   Thumb Code     6  fadd.o(.text)
    __aeabi_fmul                             0x08005fc5   Thumb Code   100  fmul.o(.text)
    __aeabi_fdiv                             0x08006029   Thumb Code   124  fdiv.o(.text)
    __aeabi_dadd                             0x080060a5   Thumb Code   322  dadd.o(.text)
    __aeabi_dsub                             0x080061e7   Thumb Code     6  dadd.o(.text)
    __aeabi_drsub                            0x080061ed   Thumb Code     6  dadd.o(.text)
    __aeabi_dmul                             0x080061f3   Thumb Code   228  dmul.o(.text)
    __aeabi_ddiv                             0x080062d7   Thumb Code   222  ddiv.o(.text)
    __aeabi_i2f                              0x080063b5   Thumb Code    18  fflti.o(.text)
    __aeabi_ui2f                             0x080063c7   Thumb Code    10  ffltui.o(.text)
    __aeabi_ui2d                             0x080063d1   Thumb Code    26  dfltui.o(.text)
    __aeabi_f2iz                             0x080063eb   Thumb Code    50  ffixi.o(.text)
    __aeabi_f2uiz                            0x0800641d   Thumb Code    40  ffixui.o(.text)
    __aeabi_d2uiz                            0x08006445   Thumb Code    50  dfixui.o(.text)
    __aeabi_f2d                              0x08006477   Thumb Code    38  f2d.o(.text)
    __aeabi_cdrcmple                         0x0800649d   Thumb Code    48  cdrcmple.o(.text)
    __aeabi_d2f                              0x080064cd   Thumb Code    56  d2f.o(.text)
    __aeabi_cfcmpeq                          0x08006505   Thumb Code     0  cfcmple.o(.text)
    __aeabi_cfcmple                          0x08006505   Thumb Code    20  cfcmple.o(.text)
    __aeabi_cfrcmple                         0x08006519   Thumb Code    20  cfrcmple.o(.text)
    __aeabi_llsl                             0x0800652d   Thumb Code    30  llshl.o(.text)
    _ll_shift_l                              0x0800652d   Thumb Code     0  llshl.o(.text)
    __aeabi_llsr                             0x0800654b   Thumb Code    32  llushr.o(.text)
    _ll_ushift_r                             0x0800654b   Thumb Code     0  llushr.o(.text)
    __aeabi_lasr                             0x0800656b   Thumb Code    36  llsshr.o(.text)
    _ll_sshift_r                             0x0800656b   Thumb Code     0  llsshr.o(.text)
    __I$use$fp                               0x0800658f   Thumb Code     0  iusefp.o(.text)
    _float_round                             0x0800658f   Thumb Code    18  fepilogue.o(.text)
    _float_epilogue                          0x080065a1   Thumb Code    92  fepilogue.o(.text)
    _double_round                            0x080065fd   Thumb Code    30  depilogue.o(.text)
    _double_epilogue                         0x0800661b   Thumb Code   156  depilogue.o(.text)
    __scatterload                            0x080066b9   Thumb Code    28  init.o(.text)
    __scatterload_rt2                        0x080066b9   Thumb Code     0  init.o(.text)
    __decompress                             0x080066dd   Thumb Code     0  __dczerorl2.o(.text)
    __decompress1                            0x080066dd   Thumb Code    86  __dczerorl2.o(.text)
    __scatterload_copy                       0x08006733   Thumb Code    14  handlers.o(i.__scatterload_copy)
    __scatterload_null                       0x08006741   Thumb Code     2  handlers.o(i.__scatterload_null)
    __scatterload_zeroinit                   0x08006743   Thumb Code    14  handlers.o(i.__scatterload_zeroinit)
    Music_Code_1                             0x08006750   Data          10  delay.o(.constdata)
    Music_Code_2                             0x0800675a   Data           4  delay.o(.constdata)
    Music_Code_3                             0x0800675e   Data          10  delay.o(.constdata)
    Music_Code_4                             0x08006768   Data          10  delay.o(.constdata)
    NTC_Temp_Table10K                        0x08006774   Data         504  adc.o(.constdata)
    TDS_Test_Vaule                           0x0800696c   Data         450  adc.o(.constdata)
    TDS_Vaule                                0x08006b2e   Data         450  adc.o(.constdata)
    Segcode                                  0x08006cf0   Data          22  bsp_led.o(.constdata)
    Set_PHpwm_Value                          0x08006d06   Data           8  pid.o(.constdata)
    Set_Current_Table                        0x08006d0e   Data           8  pid.o(.constdata)
    Set_HMtemp_Value                         0x08006d16   Data           8  pid.o(.constdata)
    Region$$Table$$Base                      0x08006d20   Number         0  anon$$obj.o(Region$$Table)
    Region$$Table$$Limit                     0x08006d40   Number         0  anon$$obj.o(Region$$Table)
    Second_Flage                             0x20000000   Data           1  delay.o(.data)
    Msecond_Flage                            0x20000001   Data           1  delay.o(.data)
    Curent_Flage                             0x20000002   Data           1  delay.o(.data)
    MSecond                                  0x20000004   Data           2  delay.o(.data)
    HS_Flage                                 0x20000006   Data           1  delay.o(.data)
    MS_Flage                                 0x20000007   Data           1  delay.o(.data)
    Second                                   0x20000008   Data           1  delay.o(.data)
    Minute                                   0x20000009   Data           1  delay.o(.data)
    Hour                                     0x2000000a   Data           1  delay.o(.data)
    Speak_Flage                              0x2000000b   Data           1  delay.o(.data)
    Standby_Time                             0x2000000c   Data           1  delay.o(.data)
    Init_Falge                               0x2000000d   Data           1  delay.o(.data)
    Cswater_Temp                             0x2000001c   Data           1  system.o(.data)
    Hmwater_Temp                             0x20000020   Data           4  system.o(.data)
    Yswater_Temp                             0x20000024   Data           1  system.o(.data)
    Now_Elecr_Current                        0x20000026   Data           2  system.o(.data)
    Yswater_Tds                              0x20000028   Data           2  system.o(.data)
    Filter_Life                              0x2000002a   Data           2  system.o(.data)
    Filter_Count                             0x2000002c   Data           2  system.o(.data)
    Standby_Mode                             0x2000002e   Data           1  system.o(.data)
    Work_Step                                0x2000002f   Data           1  system.o(.data)
    High_Temp_Flage                          0x20000030   Data           1  system.o(.data)
    Show_TDS_Value                           0x20000031   Data           1  system.o(.data)
    Test_Filter_Flage                        0x20000032   Data           1  system.o(.data)
    Tds_Test_Flage                           0x20000033   Data           1  system.o(.data)
    Set_Temp_Num                             0x20000034   Data           1  system.o(.data)
    Set_PH_Num                               0x20000035   Data           1  system.o(.data)
    Set_Temp_Table                           0x20000036   Data           4  system.o(.data)
    Set_PH_Table                             0x2000003a   Data           4  system.o(.data)
    Set_ORP_Table                            0x2000003e   Data           8  system.o(.data)
    RF_ID_Code                               0x20000046   Data           4  system.o(.data)
    New_Filter_Flage                         0x2000004a   Data           1  system.o(.data)
    IC_Temp                                  0x20000088   Data           4  adc.o(.data)
    IC_Vdd                                   0x2000008c   Data           4  adc.o(.data)
    POW_Value                                0x20000090   Data           4  adc.o(.data)
    LED_QS                                   0x200000e0   Data           1  bsp_led.o(.data)
    LED_MS                                   0x200000e1   Data           1  bsp_led.o(.data)
    LED_TDS                                  0x200000e2   Data           1  bsp_led.o(.data)
    LED_LX                                   0x200000e3   Data           1  bsp_led.o(.data)
    LED_GW                                   0x200000e4   Data           1  bsp_led.o(.data)
    LED_QX                                   0x200000e5   Data           1  bsp_led.o(.data)
    LED_Brightness                           0x200000e6   Data           1  bsp_led.o(.data)
    Display_Rama                             0x200000e7   Data           3  bsp_led.o(.data)
    Display_Ramb                             0x200000ea   Data           3  bsp_led.o(.data)
    Display_Ramc                             0x200000ed   Data           2  bsp_led.o(.data)
    Key_Now_Mode                             0x20000120   Data           3  gt208l.o(.data)
    Key_Code_Value                           0x20000123   Data           1  gt208l.o(.data)
    In_Usart3_RxBuf                          0x20000130   Data           1  usart3.o(.data)
    Out_Usart3_RxBuf                         0x20000131   Data           1  usart3.o(.data)
    Usart3_Receive_Flage                     0x20000132   Data           1  usart3.o(.data)
    Usart3_RX_Overtime                       0x20000133   Data           1  usart3.o(.data)
    Usart3_RX_State                          0x20000134   Data           1  usart3.o(.data)
    Usart3_TX_State                          0x20000135   Data           1  usart3.o(.data)
    Temp_File                                0x2000014c   Data         500  delay.o(.bss)
    ADC_ConvertedValue                       0x20000340   Data          70  adc.o(.bss)
    Usart3_Tx_Buffer                         0x200003a0   Data         255  usart3.o(.bss)
    Usart3_Rx_Buffer                         0x2000049f   Data         255  usart3.o(.bss)
    Usart3_NewFax                            0x2000059e   Data         255  usart3.o(.bss)
    __initial_sp                             0x200008f8   Data           0  startup_stm32f10x_md.o(STACK)



==============================================================================

Memory Map of the image

  Image Entry point : 0x08000101

  Load Region LR_1 (Base: 0x08000000, Size: 0x00006e8c, Max: 0xffffffff, ABSOLUTE, COMPRESSED[0x00006dac])

    Execution Region ER_RO (Exec base: 0x08000000, Load base: 0x08000000, Size: 0x00006d40, Max: 0xffffffff, ABSOLUTE)

    Exec Addr    Load Addr    Size         Type   Attr      Idx    E Section Name        Object

    0x08000000   0x08000000   0x000000ec   Data   RO            3    RESET               startup_stm32f10x_md.o
    0x080000ec   0x080000ec   0x00000000   Code   RO          470  * .ARM.Collect$$$$00000000  mc_w.l(entry.o)
    0x080000ec   0x080000ec   0x00000004   Code   RO          511    .ARM.Collect$$$$00000001  mc_w.l(entry2.o)
    0x080000f0   0x080000f0   0x00000004   Code   RO          514    .ARM.Collect$$$$00000004  mc_w.l(entry5.o)
    0x080000f4   0x080000f4   0x00000000   Code   RO          516    .ARM.Collect$$$$00000008  mc_w.l(entry7b.o)
    0x080000f4   0x080000f4   0x00000000   Code   RO          518    .ARM.Collect$$$$0000000A  mc_w.l(entry8b.o)
    0x080000f4   0x080000f4   0x00000008   Code   RO          519    .ARM.Collect$$$$0000000B  mc_w.l(entry9a.o)
    0x080000fc   0x080000fc   0x00000000   Code   RO          521    .ARM.Collect$$$$0000000D  mc_w.l(entry10a.o)
    0x080000fc   0x080000fc   0x00000000   Code   RO          523    .ARM.Collect$$$$0000000F  mc_w.l(entry11a.o)
    0x080000fc   0x080000fc   0x00000004   Code   RO          512    .ARM.Collect$$$$00002712  mc_w.l(entry2.o)
    0x08000100   0x08000100   0x0000001c   Code   RO            4  * .text               startup_stm32f10x_md.o
    0x0800011c   0x0800011c   0x000004bc   Code   RO           10    .text               delay.o
    0x080005d8   0x080005d8   0x000002fc   Code   RO          109    .text               driveboard.o
    0x080008d4   0x080008d4   0x000000f0   Code   RO          140    .text               main.o
    0x080009c4   0x080009c4   0x000001f4   Code   RO          154    .text               stm32f10x_it.o
    0x08000bb8   0x08000bb8   0x00000f80   Code   RO          170    .text               system.o
    0x08001b38   0x08001b38   0x00000c1c   Code   RO          193    .text               adc.o
    0x08002754   0x08002754   0x00000544   Code   RO          213    .text               bsp_led.o
    0x08002c98   0x08002c98   0x00000408   Code   RO          232    .text               pid.o
    0x080030a0   0x080030a0   0x00000594   Code   RO          252    .text               gt208l.o
    0x08003634   0x08003634   0x0000050c   Code   RO          270    .text               usart3.o
    0x08003b40   0x08003b40   0x00000378   Code   RO          296    .text               fm24c32.o
    0x08003eb8   0x08003eb8   0x00000330   Code   RO          308    .text               stm32f10x_gpio.o
    0x080041e8   0x080041e8   0x000003a0   Code   RO          320    .text               stm32f10x_rcc.o
    0x08004588   0x08004588   0x00000370   Code   RO          334    .text               stm32f10x_usart.o
    0x080048f8   0x080048f8   0x00000240   Code   RO          346    .text               stm32f10x_dma.o
    0x08004b38   0x08004b38   0x000000dc   Code   RO          370    .text               misc.o
    0x08004c14   0x08004c14   0x00000430   Code   RO          382    .text               stm32f10x_adc.o
    0x08005044   0x08005044   0x00000bc6   Code   RO          394    .text               stm32f10x_tim.o
    0x08005c0a   0x08005c0a   0x00000002   PAD
    0x08005c0c   0x08005c0c   0x000000ac   Code   RO          406    .text               stm32f10x_bkp.o
    0x08005cb8   0x08005cb8   0x000000c0   Code   RO          418    .text               stm32f10x_pwr.o
    0x08005d78   0x08005d78   0x00000040   Code   RO          430    .text               stm32f10x_iwdg.o
    0x08005db8   0x08005db8   0x00000138   Code   RO          452    .text               system_stm32f10x.o
    0x08005ef0   0x08005ef0   0x00000024   Code   RO          473    .text               mc_w.l(memcpya.o)
    0x08005f14   0x08005f14   0x000000b0   Code   RO          477    .text               mf_w.l(fadd.o)
    0x08005fc4   0x08005fc4   0x00000064   Code   RO          479    .text               mf_w.l(fmul.o)
    0x08006028   0x08006028   0x0000007c   Code   RO          481    .text               mf_w.l(fdiv.o)
    0x080060a4   0x080060a4   0x0000014e   Code   RO          483    .text               mf_w.l(dadd.o)
    0x080061f2   0x080061f2   0x000000e4   Code   RO          485    .text               mf_w.l(dmul.o)
    0x080062d6   0x080062d6   0x000000de   Code   RO          487    .text               mf_w.l(ddiv.o)
    0x080063b4   0x080063b4   0x00000012   Code   RO          489    .text               mf_w.l(fflti.o)
    0x080063c6   0x080063c6   0x0000000a   Code   RO          491    .text               mf_w.l(ffltui.o)
    0x080063d0   0x080063d0   0x0000001a   Code   RO          493    .text               mf_w.l(dfltui.o)
    0x080063ea   0x080063ea   0x00000032   Code   RO          495    .text               mf_w.l(ffixi.o)
    0x0800641c   0x0800641c   0x00000028   Code   RO          497    .text               mf_w.l(ffixui.o)
    0x08006444   0x08006444   0x00000032   Code   RO          499    .text               mf_w.l(dfixui.o)
    0x08006476   0x08006476   0x00000026   Code   RO          501    .text               mf_w.l(f2d.o)
    0x0800649c   0x0800649c   0x00000030   Code   RO          503    .text               mf_w.l(cdrcmple.o)
    0x080064cc   0x080064cc   0x00000038   Code   RO          505    .text               mf_w.l(d2f.o)
    0x08006504   0x08006504   0x00000014   Code   RO          507    .text               mf_w.l(cfcmple.o)
    0x08006518   0x08006518   0x00000014   Code   RO          509    .text               mf_w.l(cfrcmple.o)
    0x0800652c   0x0800652c   0x0000001e   Code   RO          525    .text               mc_w.l(llshl.o)
    0x0800654a   0x0800654a   0x00000020   Code   RO          527    .text               mc_w.l(llushr.o)
    0x0800656a   0x0800656a   0x00000024   Code   RO          529    .text               mc_w.l(llsshr.o)
    0x0800658e   0x0800658e   0x00000000   Code   RO          531    .text               mc_w.l(iusefp.o)
    0x0800658e   0x0800658e   0x0000006e   Code   RO          532    .text               mf_w.l(fepilogue.o)
    0x080065fc   0x080065fc   0x000000ba   Code   RO          534    .text               mf_w.l(depilogue.o)
    0x080066b6   0x080066b6   0x00000002   PAD
    0x080066b8   0x080066b8   0x00000024   Code   RO          536    .text               mc_w.l(init.o)
    0x080066dc   0x080066dc   0x00000056   Code   RO          546    .text               mc_w.l(__dczerorl2.o)
    0x08006732   0x08006732   0x0000000e   Code   RO          540    i.__scatterload_copy  mc_w.l(handlers.o)
    0x08006740   0x08006740   0x00000002   Code   RO          541    i.__scatterload_null  mc_w.l(handlers.o)
    0x08006742   0x08006742   0x0000000e   Code   RO          542    i.__scatterload_zeroinit  mc_w.l(handlers.o)
    0x08006750   0x08006750   0x00000022   Data   RO           12    .constdata          delay.o
    0x08006772   0x08006772   0x00000002   PAD
    0x08006774   0x08006774   0x0000057c   Data   RO          195    .constdata          adc.o
    0x08006cf0   0x08006cf0   0x00000016   Data   RO          214    .constdata          bsp_led.o
    0x08006d06   0x08006d06   0x00000018   Data   RO          234    .constdata          pid.o
    0x08006d1e   0x08006d1e   0x00000002   PAD
    0x08006d20   0x08006d20   0x00000020   Data   RO          538    Region$$Table       anon$$obj.o


    Execution Region ER_RW (Exec base: 0x20000000, Load base: 0x08006d40, Size: 0x0000014c, Max: 0xffffffff, ABSOLUTE, COMPRESSED[0x0000006c])

    Exec Addr    Load Addr    Size         Type   Attr      Idx    E Section Name        Object

    0x20000000   COMPRESSED   0x00000012   Data   RW           13    .data               delay.o
    0x20000012   COMPRESSED   0x00000003   Data   RW          141    .data               main.o
    0x20000015   COMPRESSED   0x00000001   PAD
    0x20000016   COMPRESSED   0x00000004   Data   RW          155    .data               stm32f10x_it.o
    0x2000001a   COMPRESSED   0x00000002   PAD
    0x2000001c   COMPRESSED   0x00000066   Data   RW          171    .data               system.o
    0x20000082   COMPRESSED   0x00000006   PAD
    0x20000088   COMPRESSED   0x00000058   Data   RW          196    .data               adc.o
    0x200000e0   COMPRESSED   0x00000010   Data   RW          215    .data               bsp_led.o
    0x200000f0   COMPRESSED   0x00000030   Data   RW          235    .data               pid.o
    0x20000120   COMPRESSED   0x00000010   Data   RW          253    .data               gt208l.o
    0x20000130   COMPRESSED   0x00000006   Data   RW          272    .data               usart3.o
    0x20000136   COMPRESSED   0x00000014   Data   RW          321    .data               stm32f10x_rcc.o


    Execution Region ER_ZI (Exec base: 0x2000014c, Load base: 0x08006dac, Size: 0x000007ac, Max: 0xffffffff, ABSOLUTE)

    Exec Addr    Load Addr    Size         Type   Attr      Idx    E Section Name        Object

    0x2000014c        -       0x000001f4   Zero   RW           11    .bss                delay.o
    0x20000340        -       0x00000046   Zero   RW          194    .bss                adc.o
    0x20000386   0x08006dac   0x00000002   PAD
    0x20000388        -       0x00000018   Zero   RW          233    .bss                pid.o
    0x200003a0        -       0x00000358   Zero   RW          271    .bss                usart3.o
    0x200006f8        -       0x00000200   Zero   RW            1    STACK               startup_stm32f10x_md.o


==============================================================================

Image component sizes


      Code (inc. data)   RO Data    RW Data    ZI Data      Debug   Object Name

      3100        292       1404         88         70       3747   adc.o
      1348        112         22         16          0       3150   bsp_led.o
      1212         98         34         18        500     278154   delay.o
       764         38          0          0          0       3132   driveboard.o
       888          6          0          0          0       2833   fm24c32.o
      1428         46          0         16          0       6145   gt208l.o
       240         44          0          3          0        991   main.o
       220         22          0          0          0       1949   misc.o
      1032        108         24         48         24       3152   pid.o
        28          4        236          0        512        912   startup_stm32f10x_md.o
      1072         20          0          0          0      10885   stm32f10x_adc.o
       172         12          0          0          0       2404   stm32f10x_bkp.o
       576         16          0          0          0       3667   stm32f10x_dma.o
       816         18          0          0          0       5319   stm32f10x_gpio.o
       500         46          0          4          0       2143   stm32f10x_it.o
        64          6          0          0          0       1349   stm32f10x_iwdg.o
       192         14          0          0          0       2015   stm32f10x_pwr.o
       928         36          0         20          0       9056   stm32f10x_rcc.o
      3014         16          0          0          0      24024   stm32f10x_tim.o
       880         12          0          0          0       7935   stm32f10x_usart.o
      3968        458          0        102          0       7060   system.o
       312         16          0          0          0       1381   system_stm32f10x.o
      1292         46          0          6        856       5200   usart3.o

    ----------------------------------------------------------------------
     24048       1486       1756        332       1964     386603   Object Totals
         0          0         32          0          0          0   (incl. Generated)
         2          0          4         11          2          0   (incl. Padding)

    ----------------------------------------------------------------------

      Code (inc. data)   RO Data    RW Data    ZI Data      Debug   Library Member Name

        86          0          0          0          0          0   __dczerorl2.o
         0          0          0          0          0          0   entry.o
         0          0          0          0          0          0   entry10a.o
         0          0          0          0          0          0   entry11a.o
         8          4          0          0          0          0   entry2.o
         4          0          0          0          0          0   entry5.o
         0          0          0          0          0          0   entry7b.o
         0          0          0          0          0          0   entry8b.o
         8          4          0          0          0          0   entry9a.o
        30          0          0          0          0          0   handlers.o
        36          8          0          0          0         68   init.o
         0          0          0          0          0          0   iusefp.o
        30          0          0          0          0         68   llshl.o
        36          0          0          0          0         68   llsshr.o
        32          0          0          0          0         68   llushr.o
        36          0          0          0          0         68   memcpya.o
        48          0          0          0          0         68   cdrcmple.o
        20          0          0          0          0         68   cfcmple.o
        20          0          0          0          0         68   cfrcmple.o
        56          0          0          0          0         88   d2f.o
       334          0          0          0          0        148   dadd.o
       222          0          0          0          0        100   ddiv.o
       186          0          0          0          0        176   depilogue.o
        50          0          0          0          0         76   dfixui.o
        26          0          0          0          0         76   dfltui.o
       228          0          0          0          0         96   dmul.o
        38          0          0          0          0         68   f2d.o
       176          0          0          0          0        140   fadd.o
       124          0          0          0          0         88   fdiv.o
       110          0          0          0          0        168   fepilogue.o
        50          0          0          0          0         68   ffixi.o
        40          0          0          0          0         68   ffixui.o
        18          0          0          0          0         68   fflti.o
        10          0          0          0          0         68   ffltui.o
       100          0          0          0          0         76   fmul.o

    ----------------------------------------------------------------------
      2164         16          0          0          0       2116   Library Totals
         2          0          0          0          0          0   (incl. Padding)

    ----------------------------------------------------------------------

      Code (inc. data)   RO Data    RW Data    ZI Data      Debug   Library Name

       306         16          0          0          0        340   mc_w.l
      1856          0          0          0          0       1776   mf_w.l

    ----------------------------------------------------------------------
      2164         16          0          0          0       2116   Library Totals

    ----------------------------------------------------------------------

==============================================================================


      Code (inc. data)   RO Data    RW Data    ZI Data      Debug   

     26212       1502       1756        332       1964     385675   Grand Totals
     26212       1502       1756        108       1964     385675   ELF Image Totals (compressed)
     26212       1502       1756        108          0          0   ROM Totals

==============================================================================

    Total RO  Size (Code + RO Data)                27968 (  27.31kB)
    Total RW  Size (RW Data + ZI Data)              2296 (   2.24kB)
    Total ROM Size (Code + RO Data + RW Data)      28076 (  27.42kB)

==============================================================================

